Initialized native services in: /home/colton/.gradle/native
Initialized jansi services in: /home/colton/.gradle/native
Received JVM installation metadata from '/usr/lib/jvm/java-21-openjdk-amd64': {JAVA_HOME=/usr/lib/jvm/java-21-openjdk-amd64, JAVA_VERSION=21.0.10, JAVA_VENDOR=Ubuntu, RUNTIME_NAME=OpenJDK Runtime Environment, RUNTIME_VERSION=21.0.10+7-Ubuntu-125.10, VM_NAME=OpenJDK 64-Bit Server VM, VM_VERSION=21.0.10+7-Ubuntu-125.10, VM_VENDOR=Ubuntu, OS_ARCH=amd64}
Found daemon DaemonInfo{pid=123326, address=[211e543f-28fd-49c6-94c4-6b64c5ab274d port:40201, addresses:[/127.0.0.1]], state=Idle, lastBusy=1773971295693, context=DefaultDaemonContext[uid=d6cbddc9-ecd5-436c-a0a6-97412f8f16a8,javaHome=/home/colton/.vscode/extensions/redhat.java-1.53.0-linux-x64/jre/21.0.10-linux-x86_64,javaVersion=21,daemonRegistryDir=/home/colton/.gradle/daemon,pid=123326,idleTimeout=10800000,priority=NORMAL,applyInstrumentationAgent=true,nativeServicesMode=ENABLED,daemonOpts=--add-exports=jdk.compiler/com.sun.tools.javac.api=ALL-UNNAMED,--add-exports=jdk.compiler/com.sun.tools.javac.file=ALL-UNNAMED,--add-exports=jdk.compiler/com.sun.tools.javac.main=ALL-UNNAMED,--add-exports=jdk.compiler/com.sun.tools.javac.model=ALL-UNNAMED,--add-exports=jdk.compiler/com.sun.tools.javac.parser=ALL-UNNAMED,--add-exports=jdk.compiler/com.sun.tools.javac.processing=ALL-UNNAMED,--add-exports=jdk.compiler/com.sun.tools.javac.tree=ALL-UNNAMED,--add-exports=jdk.compiler/com.sun.tools.javac.util=ALL-UNNAMED,--add-opens=jdk.compiler/com.sun.tools.javac.code=ALL-UNNAMED,--add-opens=jdk.compiler/com.sun.tools.javac.comp=ALL-UNNAMED,--add-opens=java.base/java.util=ALL-UNNAMED,--add-opens=java.base/java.lang=ALL-UNNAMED,--add-opens=java.base/java.lang.invoke=ALL-UNNAMED,--add-opens=java.prefs/java.util.prefs=ALL-UNNAMED,--add-exports=jdk.compiler/com.sun.tools.javac.api=ALL-UNNAMED,--add-exports=jdk.compiler/com.sun.tools.javac.util=ALL-UNNAMED,--add-opens=java.base/java.nio.charset=ALL-UNNAMED,--add-opens=java.base/java.net=ALL-UNNAMED,--add-opens=java.base/java.util.concurrent.atomic=ALL-UNNAMED,-Xmx2048m,-Dfile.encoding=UTF-8,-Duser.country=US,-Duser.language=en,-Duser.variant]} however its context does not match the desired criteria.
JVM is incompatible.
Wanted: DaemonRequestContext{jvmCriteria=/usr/lib/jvm/java-21-openjdk-amd64 (no JDK specified, using current Java home), daemonOpts=[--add-exports=jdk.compiler/com.sun.tools.javac.api=ALL-UNNAMED, --add-exports=jdk.compiler/com.sun.tools.javac.file=ALL-UNNAMED, --add-exports=jdk.compiler/com.sun.tools.javac.main=ALL-UNNAMED, --add-exports=jdk.compiler/com.sun.tools.javac.model=ALL-UNNAMED, --add-exports=jdk.compiler/com.sun.tools.javac.parser=ALL-UNNAMED, --add-exports=jdk.compiler/com.sun.tools.javac.processing=ALL-UNNAMED, --add-exports=jdk.compiler/com.sun.tools.javac.tree=ALL-UNNAMED, --add-exports=jdk.compiler/com.sun.tools.javac.util=ALL-UNNAMED, --add-opens=jdk.compiler/com.sun.tools.javac.code=ALL-UNNAMED, --add-opens=jdk.compiler/com.sun.tools.javac.comp=ALL-UNNAMED, --add-opens=java.base/java.util=ALL-UNNAMED, --add-opens=java.base/java.lang=ALL-UNNAMED, --add-opens=java.base/java.lang.invoke=ALL-UNNAMED, --add-opens=java.prefs/java.util.prefs=ALL-UNNAMED, --add-exports=jdk.compiler/com.sun.tools.javac.api=ALL-UNNAMED, --add-exports=jdk.compiler/com.sun.tools.javac.util=ALL-UNNAMED, --add-opens=java.base/java.nio.charset=ALL-UNNAMED, --add-opens=java.base/java.net=ALL-UNNAMED, --add-opens=java.base/java.util.concurrent.atomic=ALL-UNNAMED, -Xmx2048m, -Dfile.encoding=UTF-8, -Duser.country=US, -Duser.language=en, -Duser.variant], applyInstrumentationAgent=true, nativeServicesMode=ENABLED, priority=NORMAL}
Actual: DefaultDaemonContext[uid=d6cbddc9-ecd5-436c-a0a6-97412f8f16a8,javaHome=/home/colton/.vscode/extensions/redhat.java-1.53.0-linux-x64/jre/21.0.10-linux-x86_64,javaVersion=21,daemonRegistryDir=/home/colton/.gradle/daemon,pid=123326,idleTimeout=10800000,priority=NORMAL,applyInstrumentationAgent=true,nativeServicesMode=ENABLED,daemonOpts=--add-exports=jdk.compiler/com.sun.tools.javac.api=ALL-UNNAMED,--add-exports=jdk.compiler/com.sun.tools.javac.file=ALL-UNNAMED,--add-exports=jdk.compiler/com.sun.tools.javac.main=ALL-UNNAMED,--add-exports=jdk.compiler/com.sun.tools.javac.model=ALL-UNNAMED,--add-exports=jdk.compiler/com.sun.tools.javac.parser=ALL-UNNAMED,--add-exports=jdk.compiler/com.sun.tools.javac.processing=ALL-UNNAMED,--add-exports=jdk.compiler/com.sun.tools.javac.tree=ALL-UNNAMED,--add-exports=jdk.compiler/com.sun.tools.javac.util=ALL-UNNAMED,--add-opens=jdk.compiler/com.sun.tools.javac.code=ALL-UNNAMED,--add-opens=jdk.compiler/com.sun.tools.javac.comp=ALL-UNNAMED,--add-opens=java.base/java.util=ALL-UNNAMED,--add-opens=java.base/java.lang=ALL-UNNAMED,--add-opens=java.base/java.lang.invoke=ALL-UNNAMED,--add-opens=java.prefs/java.util.prefs=ALL-UNNAMED,--add-exports=jdk.compiler/com.sun.tools.javac.api=ALL-UNNAMED,--add-exports=jdk.compiler/com.sun.tools.javac.util=ALL-UNNAMED,--add-opens=java.base/java.nio.charset=ALL-UNNAMED,--add-opens=java.base/java.net=ALL-UNNAMED,--add-opens=java.base/java.util.concurrent.atomic=ALL-UNNAMED,-Xmx2048m,-Dfile.encoding=UTF-8,-Duser.country=US,-Duser.language=en,-Duser.variant]

  Looking for a different daemon...
The client will now receive all logging from the daemon (pid: 164578). The daemon log file: /home/colton/.gradle/daemon/8.9/daemon-164578.out.log
Starting 58th build in daemon [uptime: 1 hrs 34 mins 42.121 secs, performance: 99%, GC rate: 0.00/s, heap usage: 0% of 2 GiB]
Using 8 worker leases.
Now considering [/home/colton/Repos/taskflow] as hierarchies to watch
Watching the file system is configured to be enabled if available
File system watching is active
Starting Build
Settings evaluated using settings file '/home/colton/Repos/taskflow/settings.gradle'.
Projects loaded. Root project using build file '/home/colton/Repos/taskflow/build.gradle'.
Included projects: [root project 'taskflow', project ':android', project ':backend']

> Configure project :
Evaluating root project 'taskflow' using build file '/home/colton/Repos/taskflow/build.gradle'.
Transforming shadow-8.1.1.jar (com.github.johnrengelman:shadow:8.1.1) with InstrumentationAnalysisTransform
Transforming micronaut-gradle-plugin-4.2.1.jar (io.micronaut.gradle:micronaut-gradle-plugin:4.2.1) with InstrumentationAnalysisTransform
Transforming micronaut-aot-plugin-4.2.1.jar (io.micronaut.gradle:micronaut-aot-plugin:4.2.1) with InstrumentationAnalysisTransform
Transforming micronaut-docker-plugin-4.2.1.jar (io.micronaut.gradle:micronaut-docker-plugin:4.2.1) with InstrumentationAnalysisTransform
Transforming micronaut-graalvm-plugin-4.2.1.jar (io.micronaut.gradle:micronaut-graalvm-plugin:4.2.1) with InstrumentationAnalysisTransform
Transforming micronaut-test-resources-plugin-4.2.1.jar (io.micronaut.gradle:micronaut-test-resources-plugin:4.2.1) with InstrumentationAnalysisTransform
Transforming micronaut-minimal-plugin-4.2.1.jar (io.micronaut.gradle:micronaut-minimal-plugin:4.2.1) with InstrumentationAnalysisTransform
Transforming log4j-core-2.20.0.jar (org.apache.logging.log4j:log4j-core:2.20.0) with InstrumentationAnalysisTransform
Transforming gradle-8.2.2.jar (com.android.tools.build:gradle:8.2.2) with InstrumentationAnalysisTransform
Transforming kotlin-allopen-1.9.23-gradle82.jar (org.jetbrains.kotlin:kotlin-allopen:1.9.23) with InstrumentationAnalysisTransform
Transforming kotlin-gradle-plugin-model-1.9.23.jar (org.jetbrains.kotlin:kotlin-gradle-plugin-model:1.9.23) with InstrumentationAnalysisTransform
Transforming kotlin-gradle-plugin-api-1.9.23.jar (org.jetbrains.kotlin:kotlin-gradle-plugin-api:1.9.23) with InstrumentationAnalysisTransform
Transforming kotlin-gradle-plugin-api-1.9.23-gradle82.jar (org.jetbrains.kotlin:kotlin-gradle-plugin-api:1.9.23) with InstrumentationAnalysisTransform
Transforming kotlin-gradle-plugin-1.9.23-gradle82.jar (org.jetbrains.kotlin:kotlin-gradle-plugin:1.9.23) with InstrumentationAnalysisTransform
Transforming gradle-settings-api-8.2.2.jar (com.android.tools.build:gradle-settings-api:8.2.2) with InstrumentationAnalysisTransform
Transforming lint-model-31.2.2.jar (com.android.tools.lint:lint-model:31.2.2) with InstrumentationAnalysisTransform
Transforming builder-8.2.2.jar (com.android.tools.build:builder:8.2.2) with InstrumentationAnalysisTransform
Transforming manifest-merger-31.2.2.jar (com.android.tools.build:manifest-merger:31.2.2) with InstrumentationAnalysisTransform
Transforming sdk-common-31.2.2.jar (com.android.tools:sdk-common:31.2.2) with InstrumentationAnalysisTransform
Transforming sdklib-31.2.2.jar (com.android.tools:sdklib:31.2.2) with InstrumentationAnalysisTransform
Transforming repository-31.2.2.jar (com.android.tools:repository:31.2.2) with InstrumentationAnalysisTransform
Transforming gradle-api-8.2.2.jar (com.android.tools.build:gradle-api:8.2.2) with InstrumentationAnalysisTransform
Transforming builder-test-api-8.2.2.jar (com.android.tools.build:builder-test-api:8.2.2) with InstrumentationAnalysisTransform
Transforming ddmlib-31.2.2.jar (com.android.tools.ddms:ddmlib:31.2.2) with InstrumentationAnalysisTransform
Transforming aaptcompiler-8.2.2.jar (com.android.tools.build:aaptcompiler:8.2.2) with InstrumentationAnalysisTransform
Transforming bundletool-1.15.2.jar (com.android.tools.build:bundletool:1.15.2) with InstrumentationAnalysisTransform
Transforming aapt2-proto-8.2.2-10154469.jar (com.android.tools.build:aapt2-proto:8.2.2-10154469) with InstrumentationAnalysisTransform
Transforming crash-31.2.2.jar (com.android.tools.analytics-library:crash:31.2.2) with InstrumentationAnalysisTransform
Transforming tracker-31.2.2.jar (com.android.tools.analytics-library:tracker:31.2.2) with InstrumentationAnalysisTransform
Transforming shared-31.2.2.jar (com.android.tools.analytics-library:shared:31.2.2) with InstrumentationAnalysisTransform
Transforming lint-typedef-remover-31.2.2.jar (com.android.tools.lint:lint-typedef-remover:31.2.2) with InstrumentationAnalysisTransform
Transforming databinding-compiler-common-8.2.2.jar (androidx.databinding:databinding-compiler-common:8.2.2) with InstrumentationAnalysisTransform
Transforming databinding-common-8.2.2.jar (androidx.databinding:databinding-common:8.2.2) with InstrumentationAnalysisTransform
Transforming baseLibrary-8.2.2.jar (com.android.databinding:baseLibrary:8.2.2) with InstrumentationAnalysisTransform
Transforming layoutlib-api-31.2.2.jar (com.android.tools.layoutlib:layoutlib-api:31.2.2) with InstrumentationAnalysisTransform
Transforming android-device-provider-ddmlib-proto-31.2.2.jar (com.android.tools.utp:android-device-provider-ddmlib-proto:31.2.2) with InstrumentationAnalysisTransform
Transforming android-device-provider-gradle-proto-31.2.2.jar (com.android.tools.utp:android-device-provider-gradle-proto:31.2.2) with InstrumentationAnalysisTransform
Transforming android-test-plugin-host-additional-test-output-proto-31.2.2.jar (com.android.tools.utp:android-test-plugin-host-additional-test-output-proto:31.2.2) with InstrumentationAnalysisTransform
Transforming android-test-plugin-host-coverage-proto-31.2.2.jar (com.android.tools.utp:android-test-plugin-host-coverage-proto:31.2.2) with InstrumentationAnalysisTransform
Transforming android-test-plugin-host-emulator-control-proto-31.2.2.jar (com.android.tools.utp:android-test-plugin-host-emulator-control-proto:31.2.2) with InstrumentationAnalysisTransform
Transforming android-test-plugin-host-logcat-proto-31.2.2.jar (com.android.tools.utp:android-test-plugin-host-logcat-proto:31.2.2) with InstrumentationAnalysisTransform
Transforming android-test-plugin-host-apk-installer-proto-31.2.2.jar (com.android.tools.utp:android-test-plugin-host-apk-installer-proto:31.2.2) with InstrumentationAnalysisTransform
Transforming android-test-plugin-host-retention-proto-31.2.2.jar (com.android.tools.utp:android-test-plugin-host-retention-proto:31.2.2) with InstrumentationAnalysisTransform
Transforming android-test-plugin-result-listener-gradle-proto-31.2.2.jar (com.android.tools.utp:android-test-plugin-result-listener-gradle-proto:31.2.2) with InstrumentationAnalysisTransform
Transforming builder-model-8.2.2.jar (com.android.tools.build:builder-model:8.2.2) with InstrumentationAnalysisTransform
Transforming dvlib-31.2.2.jar (com.android.tools:dvlib:31.2.2) with InstrumentationAnalysisTransform
Transforming common-31.2.2.jar (com.android.tools:common:31.2.2) with InstrumentationAnalysisTransform
Transforming goomph-3.43.0.jar (com.diffplug.gradle:goomph:3.43.0) with InstrumentationAnalysisTransform
Transforming okhttp-4.10.0.jar (com.squareup.okhttp3:okhttp:4.10.0) with InstrumentationAnalysisTransform
Transforming okio-jvm-3.2.0.jar (com.squareup.okio:okio-jvm:3.2.0) with InstrumentationAnalysisTransform
Transforming micronaut-aot-cli-2.1.1.jar (io.micronaut.aot:micronaut-aot-cli:2.1.1) with InstrumentationAnalysisTransform
Transforming kotlin-stdlib-jdk8-1.9.0.jar (org.jetbrains.kotlin:kotlin-stdlib-jdk8:1.9.0) with InstrumentationAnalysisTransform
Transforming transform-api-2.0.0-deprecated-use-gradle-api.jar (com.android.tools.build:transform-api:2.0.0-deprecated-use-gradle-api) with InstrumentationAnalysisTransform
Transforming httpmime-4.5.6.jar (org.apache.httpcomponents:httpmime:4.5.6) with InstrumentationAnalysisTransform
Transforming commons-io-2.11.0.jar (commons-io:commons-io:2.11.0) with InstrumentationAnalysisTransform
Transforming jetifier-processor-1.0.0-beta10.jar (com.android.tools.build.jetifier:jetifier-processor:1.0.0-beta10) with InstrumentationAnalysisTransform
Transforming asm-util-9.2.jar (org.ow2.asm:asm-util:9.2) with InstrumentationAnalysisTransform
Transforming asm-commons-9.4.jar (org.ow2.asm:asm-commons:9.4) with InstrumentationAnalysisTransform
Transforming asm-analysis-9.2.jar (org.ow2.asm:asm-analysis:9.2) with InstrumentationAnalysisTransform
Transforming asm-tree-9.4.jar (org.ow2.asm:asm-tree:9.4) with InstrumentationAnalysisTransform
Transforming asm-9.4.jar (org.ow2.asm:asm:9.4) with InstrumentationAnalysisTransform
Transforming apkzlib-8.2.2.jar (com.android.tools.build:apkzlib:8.2.2) with InstrumentationAnalysisTransform
Transforming bcpkix-jdk15on-1.67.jar (org.bouncycastle:bcpkix-jdk15on:1.67) with InstrumentationAnalysisTransform
Transforming jaxb-runtime-2.3.2.jar (org.glassfish.jaxb:jaxb-runtime:2.3.2) with InstrumentationAnalysisTransform
Transforming jopt-simple-4.9.jar (net.sf.jopt-simple:jopt-simple:4.9) with InstrumentationAnalysisTransform
Transforming jetifier-core-1.0.0-beta10.jar (com.android.tools.build.jetifier:jetifier-core:1.0.0-beta10) with InstrumentationAnalysisTransform
Transforming micronaut-aot-api-2.1.1.jar (io.micronaut.aot:micronaut-aot-api:2.1.1) with InstrumentationAnalysisTransform
Transforming micronaut-aot-core-2.1.1.jar (io.micronaut.aot:micronaut-aot-core:2.1.1) with InstrumentationAnalysisTransform
Transforming javapoet-1.13.0.jar (com.squareup:javapoet:1.13.0) with InstrumentationAnalysisTransform
Transforming protobuf-java-util-3.19.3.jar (com.google.protobuf:protobuf-java-util:3.19.3) with InstrumentationAnalysisTransform
Transforming grpc-protobuf-1.45.1.jar (io.grpc:grpc-protobuf:1.45.1) with InstrumentationAnalysisTransform
Transforming tink-1.7.0.jar (com.google.crypto.tink:tink:1.7.0) with InstrumentationAnalysisTransform
Transforming protos-31.2.2.jar (com.android.tools.analytics-library:protos:31.2.2) with InstrumentationAnalysisTransform
Transforming proto-google-common-protos-2.0.1.jar (com.google.api.grpc:proto-google-common-protos:2.0.1) with InstrumentationAnalysisTransform
Transforming protobuf-java-3.19.3.jar (com.google.protobuf:protobuf-java:3.19.3) with InstrumentationAnalysisTransform
Transforming grpc-netty-1.45.1.jar (io.grpc:grpc-netty:1.45.1) with InstrumentationAnalysisTransform
Transforming grpc-core-1.45.1.jar (io.grpc:grpc-core:1.45.1) with InstrumentationAnalysisTransform
Transforming gson-2.10.jar (com.google.code.gson:gson:2.10) with InstrumentationAnalysisTransform
Transforming grpc-stub-1.45.1.jar (io.grpc:grpc-stub:1.45.1) with InstrumentationAnalysisTransform
Transforming core-proto-0.0.8-alpha08.jar (com.google.testing.platform:core-proto:0.0.8-alpha08) with InstrumentationAnalysisTransform
Transforming tensorflow-lite-metadata-0.1.0-rc2.jar (org.tensorflow:tensorflow-lite-metadata:0.1.0-rc2) with InstrumentationAnalysisTransform
Transforming flatbuffers-java-1.12.0.jar (com.google.flatbuffers:flatbuffers-java:1.12.0) with InstrumentationAnalysisTransform
Transforming kotlin-gradle-plugin-idea-proto-1.9.23.jar (org.jetbrains.kotlin:kotlin-gradle-plugin-idea-proto:1.9.23) with InstrumentationAnalysisTransform
Transforming kotlin-gradle-plugin-idea-1.9.23.jar (org.jetbrains.kotlin:kotlin-gradle-plugin-idea:1.9.23) with InstrumentationAnalysisTransform
Transforming kotlin-klib-commonizer-api-1.9.23.jar (org.jetbrains.kotlin:kotlin-klib-commonizer-api:1.9.23) with InstrumentationAnalysisTransform
Transforming kotlin-native-utils-1.9.23.jar (org.jetbrains.kotlin:kotlin-native-utils:1.9.23) with InstrumentationAnalysisTransform
Transforming kotlin-util-klib-1.9.23.jar (org.jetbrains.kotlin:kotlin-util-klib:1.9.23) with InstrumentationAnalysisTransform
Transforming kotlin-build-tools-api-1.9.23.jar (org.jetbrains.kotlin:kotlin-build-tools-api:1.9.23) with InstrumentationAnalysisTransform
Transforming kotlin-android-extensions-1.9.23.jar (org.jetbrains.kotlin:kotlin-android-extensions:1.9.23) with InstrumentationAnalysisTransform
Transforming kotlin-compiler-runner-1.9.23.jar (org.jetbrains.kotlin:kotlin-compiler-runner:1.9.23) with InstrumentationAnalysisTransform
Transforming kotlin-compiler-embeddable-1.9.23.jar (org.jetbrains.kotlin:kotlin-compiler-embeddable:1.9.23) with InstrumentationAnalysisTransform
Transforming kotlin-scripting-compiler-embeddable-1.9.23.jar (org.jetbrains.kotlin:kotlin-scripting-compiler-embeddable:1.9.23) with InstrumentationAnalysisTransform
Transforming kotlin-scripting-compiler-impl-embeddable-1.9.23.jar (org.jetbrains.kotlin:kotlin-scripting-compiler-impl-embeddable:1.9.23) with InstrumentationAnalysisTransform
Transforming jdom2-2.0.6.1.jar (org.jdom:jdom2:2.0.6.1) with InstrumentationAnalysisTransform
Transforming ant-1.10.13.jar (org.apache.ant:ant:1.10.13) with InstrumentationAnalysisTransform
Transforming plexus-utils-3.5.1.jar (org.codehaus.plexus:plexus-utils:3.5.1) with InstrumentationAnalysisTransform
Transforming jdependency-2.8.0.jar (org.vafer:jdependency:2.8.0) with InstrumentationAnalysisTransform
Transforming jimfs-1.1.jar (com.google.jimfs:jimfs:1.1) with InstrumentationAnalysisTransform
Transforming grpc-protobuf-lite-1.45.1.jar (io.grpc:grpc-protobuf-lite:1.45.1) with InstrumentationAnalysisTransform
Transforming grpc-api-1.45.1.jar (io.grpc:grpc-api:1.45.1) with InstrumentationAnalysisTransform
Transforming guava-31.1-jre.jar (com.google.guava:guava:31.1-jre) with InstrumentationAnalysisTransform
Transforming dagger-2.28.3.jar (com.google.dagger:dagger:2.28.3) with InstrumentationAnalysisTransform
Transforming javax.inject-1.jar (javax.inject:javax.inject:1) with InstrumentationAnalysisTransform
Transforming kxml2-2.3.0.jar (net.sf.kxml:kxml2:2.3.0) with InstrumentationAnalysisTransform
Transforming bcprov-jdk15on-1.67.jar (org.bouncycastle:bcprov-jdk15on:1.67) with InstrumentationAnalysisTransform
Transforming trove4j-1.0.20200330.jar (org.jetbrains.intellij.deps:trove4j:1.0.20200330) with InstrumentationAnalysisTransform
Transforming kotlin-reflect-1.9.0.jar (org.jetbrains.kotlin:kotlin-reflect:1.9.0) with InstrumentationAnalysisTransform
Transforming xercesImpl-2.12.0.jar (xerces:xercesImpl:2.12.0) with InstrumentationAnalysisTransform
Transforming commons-compress-1.21.jar (org.apache.commons:commons-compress:1.21) with InstrumentationAnalysisTransform
Transforming httpclient-4.5.14.jar (org.apache.httpcomponents:httpclient:4.5.14) with InstrumentationAnalysisTransform
Transforming httpcore-4.4.16.jar (org.apache.httpcomponents:httpcore:4.4.16) with InstrumentationAnalysisTransform
Transforming javax.activation-1.2.0.jar (com.sun.activation:javax.activation:1.2.0) with InstrumentationAnalysisTransform
Transforming kotlin-stdlib-jdk7-1.9.0.jar (org.jetbrains.kotlin:kotlin-stdlib-jdk7:1.9.0) with InstrumentationAnalysisTransform
Transforming kotlin-stdlib-1.9.0.jar (org.jetbrains.kotlin:kotlin-stdlib:1.9.0) with InstrumentationAnalysisTransform
Transforming annotations-13.0.jar (org.jetbrains:annotations:13.0) with InstrumentationAnalysisTransform
Transforming signflinger-8.2.2.jar (com.android:signflinger:8.2.2) with InstrumentationAnalysisTransform
Transforming zipflinger-8.2.2.jar (com.android:zipflinger:8.2.2) with InstrumentationAnalysisTransform
Transforming annotations-31.2.2.jar (com.android.tools:annotations:31.2.2) with InstrumentationAnalysisTransform
Transforming jna-platform-5.6.0.jar (net.java.dev.jna:jna-platform:5.6.0) with InstrumentationAnalysisTransform
Transforming juniversalchardet-1.0.3.jar (com.googlecode.juniversalchardet:juniversalchardet:1.0.3) with InstrumentationAnalysisTransform
Transforming javax.annotation-api-1.3.2.jar (javax.annotation:javax.annotation-api:1.3.2) with InstrumentationAnalysisTransform
Transforming stax-ex-1.8.1.jar (org.jvnet.staxex:stax-ex:1.8.1) with InstrumentationAnalysisTransform
Transforming jakarta.xml.bind-api-2.3.2.jar (jakarta.xml.bind:jakarta.xml.bind-api:2.3.2) with InstrumentationAnalysisTransform
Transforming txw2-2.3.2.jar (org.glassfish.jaxb:txw2:2.3.2) with InstrumentationAnalysisTransform
Transforming istack-commons-runtime-3.0.8.jar (com.sun.istack:istack-commons-runtime:3.0.8) with InstrumentationAnalysisTransform
Transforming FastInfoset-1.2.16.jar (com.sun.xml.fastinfoset:FastInfoset:1.2.16) with InstrumentationAnalysisTransform
Transforming jakarta.activation-api-1.2.1.jar (jakarta.activation:jakarta.activation-api:1.2.1) with InstrumentationAnalysisTransform
Transforming auto-value-annotations-1.6.2.jar (com.google.auto.value:auto-value-annotations:1.6.2) with InstrumentationAnalysisTransform
Transforming error_prone_annotations-2.11.0.jar (com.google.errorprone:error_prone_annotations:2.11.0) with InstrumentationAnalysisTransform
Transforming jose4j-0.7.0.jar (org.bitbucket.b_c:jose4j:0.7.0) with InstrumentationAnalysisTransform
Transforming biz.aQute.bndlib-6.3.1.jar (biz.aQute.bnd:biz.aQute.bndlib:6.3.1) with InstrumentationAnalysisTransform
Transforming micronaut-test-resources-build-tools-2.3.0.jar (io.micronaut.testresources:micronaut-test-resources-build-tools:2.3.0) with InstrumentationAnalysisTransform
Transforming slf4j-api-2.0.9.jar (org.slf4j:slf4j-api:2.0.9) with InstrumentationAnalysisTransform
Transforming j2objc-annotations-1.3.jar (com.google.j2objc:j2objc-annotations:1.3) with InstrumentationAnalysisTransform
Transforming jsr305-3.0.2.jar (com.google.code.findbugs:jsr305:3.0.2) with InstrumentationAnalysisTransform
Transforming annotations-4.1.1.4.jar (com.google.android:annotations:4.1.1.4) with InstrumentationAnalysisTransform
Transforming animal-sniffer-annotations-1.19.jar (org.codehaus.mojo:animal-sniffer-annotations:1.19) with InstrumentationAnalysisTransform
Transforming perfmark-api-0.23.0.jar (io.perfmark:perfmark-api:0.23.0) with InstrumentationAnalysisTransform
Transforming netty-codec-http2-4.1.97.Final.jar (io.netty:netty-codec-http2:4.1.97.Final) with InstrumentationAnalysisTransform
Transforming netty-handler-proxy-4.1.97.Final.jar (io.netty:netty-handler-proxy:4.1.97.Final) with InstrumentationAnalysisTransform
Transforming checker-qual-3.12.0.jar (org.checkerframework:checker-qual:3.12.0) with InstrumentationAnalysisTransform
Transforming commons-codec-1.11.jar (commons-codec:commons-codec:1.11) with InstrumentationAnalysisTransform
Transforming apksig-8.2.2.jar (com.android.tools.build:apksig:8.2.2) with InstrumentationAnalysisTransform
Transforming javawriter-2.5.0.jar (com.squareup:javawriter:2.5.0) with InstrumentationAnalysisTransform
Transforming kotlin-gradle-plugin-annotations-1.9.23.jar (org.jetbrains.kotlin:kotlin-gradle-plugin-annotations:1.9.23) with InstrumentationAnalysisTransform
Transforming kotlin-project-model-1.9.23.jar (org.jetbrains.kotlin:kotlin-project-model:1.9.23) with InstrumentationAnalysisTransform
Transforming kotlin-tooling-core-1.9.23.jar (org.jetbrains.kotlin:kotlin-tooling-core:1.9.23) with InstrumentationAnalysisTransform
Transforming kotlin-util-io-1.9.23.jar (org.jetbrains.kotlin:kotlin-util-io:1.9.23) with InstrumentationAnalysisTransform
Transforming kotlin-daemon-embeddable-1.9.23.jar (org.jetbrains.kotlin:kotlin-daemon-embeddable:1.9.23) with InstrumentationAnalysisTransform
Transforming kotlin-daemon-client-1.9.23.jar (org.jetbrains.kotlin:kotlin-daemon-client:1.9.23) with InstrumentationAnalysisTransform
Transforming kotlinx-coroutines-core-jvm-1.7.3.jar (org.jetbrains.kotlinx:kotlinx-coroutines-core-jvm:1.7.3) with InstrumentationAnalysisTransform
Transforming kotlin-scripting-jvm-1.9.23.jar (org.jetbrains.kotlin:kotlin-scripting-jvm:1.9.23) with InstrumentationAnalysisTransform
Transforming kotlin-scripting-common-1.9.23.jar (org.jetbrains.kotlin:kotlin-scripting-common:1.9.23) with InstrumentationAnalysisTransform
Transforming durian-io-1.2.0.jar (com.diffplug.durian:durian-io:1.2.0) with InstrumentationAnalysisTransform
Transforming durian-collect-1.2.0.jar (com.diffplug.durian:durian-collect:1.2.0) with InstrumentationAnalysisTransform
Transforming durian-core-1.2.0.jar (com.diffplug.durian:durian-core:1.2.0) with InstrumentationAnalysisTransform
Transforming durian-swt.os-3.6.1.jar (com.diffplug.durian:durian-swt.os:3.6.1) with InstrumentationAnalysisTransform
Transforming spotless-lib-2.28.0.jar (com.diffplug.spotless:spotless-lib:2.28.0) with InstrumentationAnalysisTransform
Transforming org.eclipse.osgi.compatibility.state-1.1.600.jar (org.eclipse.platform:org.eclipse.osgi.compatibility.state:1.1.600) with InstrumentationAnalysisTransform
Transforming org.eclipse.osgi-3.15.0.jar (org.eclipse.platform:org.eclipse.osgi:3.15.0) with InstrumentationAnalysisTransform
Transforming gradle-docker-plugin-9.4.0.jar (com.bmuschko:gradle-docker-plugin:9.4.0) with InstrumentationAnalysisTransform
Transforming native-gradle-plugin-0.9.28.jar (org.graalvm.buildtools:native-gradle-plugin:0.9.28) with InstrumentationAnalysisTransform
Transforming micronaut-aot-std-optimizers-2.1.1.jar (io.micronaut.aot:micronaut-aot-std-optimizers:2.1.1) with InstrumentationAnalysisTransform
Transforming ant-launcher-1.10.13.jar (org.apache.ant:ant-launcher:1.10.13) with InstrumentationAnalysisTransform
Transforming log4j-api-2.20.0.jar (org.apache.logging.log4j:log4j-api:2.20.0) with InstrumentationAnalysisTransform
Transforming failureaccess-1.0.1.jar (com.google.guava:failureaccess:1.0.1) with InstrumentationAnalysisTransform
Transforming listenablefuture-9999.0-empty-to-avoid-conflict-with-guava.jar (com.google.guava:listenablefuture:9999.0-empty-to-avoid-conflict-with-guava) with InstrumentationAnalysisTransform
Transforming xml-apis-1.4.01.jar (xml-apis:xml-apis:1.4.01) with InstrumentationAnalysisTransform
Transforming commons-logging-1.2.jar (commons-logging:commons-logging:1.2) with InstrumentationAnalysisTransform
Transforming jna-5.6.0.jar (net.java.dev.jna:jna:5.6.0) with InstrumentationAnalysisTransform
Transforming kotlin-stdlib-common-1.9.0.jar (org.jetbrains.kotlin:kotlin-stdlib-common:1.9.0) with InstrumentationAnalysisTransform
Transforming grpc-context-1.45.1.jar (io.grpc:grpc-context:1.45.1) with InstrumentationAnalysisTransform
Transforming netty-codec-http-4.1.97.Final.jar (io.netty:netty-codec-http:4.1.97.Final) with InstrumentationAnalysisTransform
Transforming netty-handler-4.1.97.Final.jar (io.netty:netty-handler:4.1.97.Final) with InstrumentationAnalysisTransform
Transforming netty-codec-socks-4.1.97.Final.jar (io.netty:netty-codec-socks:4.1.97.Final) with InstrumentationAnalysisTransform
Transforming netty-codec-4.1.97.Final.jar (io.netty:netty-codec:4.1.97.Final) with InstrumentationAnalysisTransform
Transforming netty-transport-native-unix-common-4.1.97.Final.jar (io.netty:netty-transport-native-unix-common:4.1.97.Final) with InstrumentationAnalysisTransform
Transforming netty-transport-4.1.97.Final.jar (io.netty:netty-transport:4.1.97.Final) with InstrumentationAnalysisTransform
Transforming netty-buffer-4.1.97.Final.jar (io.netty:netty-buffer:4.1.97.Final) with InstrumentationAnalysisTransform
Transforming netty-resolver-4.1.97.Final.jar (io.netty:netty-resolver:4.1.97.Final) with InstrumentationAnalysisTransform
Transforming netty-common-4.1.97.Final.jar (io.netty:netty-common:4.1.97.Final) with InstrumentationAnalysisTransform
Transforming org.osgi.dto-1.0.0.jar (org.osgi:org.osgi.dto:1.0.0) with InstrumentationAnalysisTransform
Transforming org.osgi.resource-1.0.0.jar (org.osgi:org.osgi.resource:1.0.0) with InstrumentationAnalysisTransform
Transforming org.osgi.framework-1.8.0.jar (org.osgi:org.osgi.framework:1.8.0) with InstrumentationAnalysisTransform
Transforming org.osgi.util.tracker-1.5.4.jar (org.osgi:org.osgi.util.tracker:1.5.4) with InstrumentationAnalysisTransform
Transforming org.osgi.service.log-1.3.0.jar (org.osgi:org.osgi.service.log:1.3.0) with InstrumentationAnalysisTransform
Transforming org.osgi.service.repository-1.1.0.jar (org.osgi:org.osgi.service.repository:1.1.0) with InstrumentationAnalysisTransform
Transforming org.osgi.util.promise-1.2.0.jar (org.osgi:org.osgi.util.promise:1.2.0) with InstrumentationAnalysisTransform
Transforming org.osgi.util.function-1.2.0.jar (org.osgi:org.osgi.util.function:1.2.0) with InstrumentationAnalysisTransform
Transforming biz.aQute.bnd.util-6.3.1.jar (biz.aQute.bnd:biz.aQute.bnd.util:6.3.1) with InstrumentationAnalysisTransform
Transforming utils-0.9.28.jar (org.graalvm.buildtools:utils:0.9.28) with InstrumentationAnalysisTransform
Transforming graalvm-reachability-metadata-0.9.28.jar (org.graalvm.buildtools:graalvm-reachability-metadata:0.9.28) with InstrumentationAnalysisTransform
Transforming picocli-4.7.4.jar (info.picocli:picocli:4.7.4) with InstrumentationAnalysisTransform
Transforming osgi.annotation-8.0.1.jar (org.osgi:osgi.annotation:8.0.1) with InstrumentationAnalysisTransform
Transforming jackson-annotations-2.15.2.jar (com.fasterxml.jackson.core:jackson-annotations:2.15.2) with InstrumentationAnalysisTransform
Transforming jackson-core-2.15.2.jar (com.fasterxml.jackson.core:jackson-core:2.15.2) with InstrumentationAnalysisTransform
Transforming jackson-databind-2.15.2.jar (com.fasterxml.jackson.core:jackson-databind:2.15.2) with InstrumentationAnalysisTransform
Transforming shadow-8.1.1.jar (com.github.johnrengelman:shadow:8.1.1) with InstrumentationAnalysisTransform
Transforming shadow-8.1.1.jar (com.github.johnrengelman:shadow:8.1.1) with MergeInstrumentationAnalysisTransform
Transforming micronaut-gradle-plugin-4.2.1.jar (io.micronaut.gradle:micronaut-gradle-plugin:4.2.1) with InstrumentationAnalysisTransform
Transforming micronaut-gradle-plugin-4.2.1.jar (io.micronaut.gradle:micronaut-gradle-plugin:4.2.1) with MergeInstrumentationAnalysisTransform
Transforming micronaut-aot-plugin-4.2.1.jar (io.micronaut.gradle:micronaut-aot-plugin:4.2.1) with InstrumentationAnalysisTransform
Transforming micronaut-aot-plugin-4.2.1.jar (io.micronaut.gradle:micronaut-aot-plugin:4.2.1) with MergeInstrumentationAnalysisTransform
Transforming shadow-8.1.1.jar (com.github.johnrengelman:shadow:8.1.1) with ExternalDependencyInstrumentingArtifactTransform
Transforming micronaut-docker-plugin-4.2.1.jar (io.micronaut.gradle:micronaut-docker-plugin:4.2.1) with InstrumentationAnalysisTransform
Transforming micronaut-docker-plugin-4.2.1.jar (io.micronaut.gradle:micronaut-docker-plugin:4.2.1) with MergeInstrumentationAnalysisTransform
Transforming micronaut-aot-plugin-4.2.1.jar (io.micronaut.gradle:micronaut-aot-plugin:4.2.1) with ExternalDependencyInstrumentingArtifactTransform
Transforming micronaut-graalvm-plugin-4.2.1.jar (io.micronaut.gradle:micronaut-graalvm-plugin:4.2.1) with InstrumentationAnalysisTransform
Transforming micronaut-gradle-plugin-4.2.1.jar (io.micronaut.gradle:micronaut-gradle-plugin:4.2.1) with ExternalDependencyInstrumentingArtifactTransform
Transforming micronaut-graalvm-plugin-4.2.1.jar (io.micronaut.gradle:micronaut-graalvm-plugin:4.2.1) with MergeInstrumentationAnalysisTransform
Transforming micronaut-docker-plugin-4.2.1.jar (io.micronaut.gradle:micronaut-docker-plugin:4.2.1) with ExternalDependencyInstrumentingArtifactTransform
Transforming micronaut-test-resources-plugin-4.2.1.jar (io.micronaut.gradle:micronaut-test-resources-plugin:4.2.1) with InstrumentationAnalysisTransform
Transforming micronaut-test-resources-plugin-4.2.1.jar (io.micronaut.gradle:micronaut-test-resources-plugin:4.2.1) with MergeInstrumentationAnalysisTransform
Transforming micronaut-graalvm-plugin-4.2.1.jar (io.micronaut.gradle:micronaut-graalvm-plugin:4.2.1) with ExternalDependencyInstrumentingArtifactTransform
Transforming micronaut-minimal-plugin-4.2.1.jar (io.micronaut.gradle:micronaut-minimal-plugin:4.2.1) with InstrumentationAnalysisTransform
Transforming micronaut-minimal-plugin-4.2.1.jar (io.micronaut.gradle:micronaut-minimal-plugin:4.2.1) with MergeInstrumentationAnalysisTransform
Transforming micronaut-test-resources-plugin-4.2.1.jar (io.micronaut.gradle:micronaut-test-resources-plugin:4.2.1) with ExternalDependencyInstrumentingArtifactTransform
Transforming log4j-core-2.20.0.jar (org.apache.logging.log4j:log4j-core:2.20.0) with InstrumentationAnalysisTransform
Transforming log4j-core-2.20.0.jar (org.apache.logging.log4j:log4j-core:2.20.0) with MergeInstrumentationAnalysisTransform
Transforming gradle-8.2.2.jar (com.android.tools.build:gradle:8.2.2) with InstrumentationAnalysisTransform
Transforming gradle-8.2.2.jar (com.android.tools.build:gradle:8.2.2) with MergeInstrumentationAnalysisTransform
Transforming kotlin-allopen-1.9.23-gradle82.jar (org.jetbrains.kotlin:kotlin-allopen:1.9.23) with InstrumentationAnalysisTransform
Transforming kotlin-allopen-1.9.23-gradle82.jar (org.jetbrains.kotlin:kotlin-allopen:1.9.23) with MergeInstrumentationAnalysisTransform
Transforming micronaut-minimal-plugin-4.2.1.jar (io.micronaut.gradle:micronaut-minimal-plugin:4.2.1) with ExternalDependencyInstrumentingArtifactTransform
Transforming log4j-core-2.20.0.jar (org.apache.logging.log4j:log4j-core:2.20.0) with ExternalDependencyInstrumentingArtifactTransform
Transforming kotlin-allopen-1.9.23-gradle82.jar (org.jetbrains.kotlin:kotlin-allopen:1.9.23) with ExternalDependencyInstrumentingArtifactTransform
Transforming gradle-8.2.2.jar (com.android.tools.build:gradle:8.2.2) with ExternalDependencyInstrumentingArtifactTransform
Transforming kotlin-gradle-plugin-model-1.9.23.jar (org.jetbrains.kotlin:kotlin-gradle-plugin-model:1.9.23) with InstrumentationAnalysisTransform
Transforming kotlin-gradle-plugin-model-1.9.23.jar (org.jetbrains.kotlin:kotlin-gradle-plugin-model:1.9.23) with MergeInstrumentationAnalysisTransform
Transforming kotlin-gradle-plugin-api-1.9.23.jar (org.jetbrains.kotlin:kotlin-gradle-plugin-api:1.9.23) with InstrumentationAnalysisTransform
Transforming kotlin-gradle-plugin-api-1.9.23.jar (org.jetbrains.kotlin:kotlin-gradle-plugin-api:1.9.23) with MergeInstrumentationAnalysisTransform
Transforming kotlin-gradle-plugin-api-1.9.23-gradle82.jar (org.jetbrains.kotlin:kotlin-gradle-plugin-api:1.9.23) with InstrumentationAnalysisTransform
Transforming kotlin-gradle-plugin-api-1.9.23-gradle82.jar (org.jetbrains.kotlin:kotlin-gradle-plugin-api:1.9.23) with MergeInstrumentationAnalysisTransform
Transforming kotlin-gradle-plugin-1.9.23-gradle82.jar (org.jetbrains.kotlin:kotlin-gradle-plugin:1.9.23) with InstrumentationAnalysisTransform
Transforming kotlin-gradle-plugin-api-1.9.23.jar (org.jetbrains.kotlin:kotlin-gradle-plugin-api:1.9.23) with ExternalDependencyInstrumentingArtifactTransform
Transforming kotlin-gradle-plugin-1.9.23-gradle82.jar (org.jetbrains.kotlin:kotlin-gradle-plugin:1.9.23) with MergeInstrumentationAnalysisTransform
Transforming gradle-settings-api-8.2.2.jar (com.android.tools.build:gradle-settings-api:8.2.2) with InstrumentationAnalysisTransform
Transforming kotlin-gradle-plugin-model-1.9.23.jar (org.jetbrains.kotlin:kotlin-gradle-plugin-model:1.9.23) with ExternalDependencyInstrumentingArtifactTransform
Transforming kotlin-gradle-plugin-api-1.9.23-gradle82.jar (org.jetbrains.kotlin:kotlin-gradle-plugin-api:1.9.23) with ExternalDependencyInstrumentingArtifactTransform
Transforming kotlin-gradle-plugin-1.9.23-gradle82.jar (org.jetbrains.kotlin:kotlin-gradle-plugin:1.9.23) with ExternalDependencyInstrumentingArtifactTransform
Transforming gradle-settings-api-8.2.2.jar (com.android.tools.build:gradle-settings-api:8.2.2) with MergeInstrumentationAnalysisTransform
Transforming lint-model-31.2.2.jar (com.android.tools.lint:lint-model:31.2.2) with InstrumentationAnalysisTransform
Transforming lint-model-31.2.2.jar (com.android.tools.lint:lint-model:31.2.2) with MergeInstrumentationAnalysisTransform
Transforming builder-8.2.2.jar (com.android.tools.build:builder:8.2.2) with InstrumentationAnalysisTransform
Transforming builder-8.2.2.jar (com.android.tools.build:builder:8.2.2) with MergeInstrumentationAnalysisTransform
Transforming gradle-settings-api-8.2.2.jar (com.android.tools.build:gradle-settings-api:8.2.2) with ExternalDependencyInstrumentingArtifactTransform
Transforming manifest-merger-31.2.2.jar (com.android.tools.build:manifest-merger:31.2.2) with InstrumentationAnalysisTransform
Transforming manifest-merger-31.2.2.jar (com.android.tools.build:manifest-merger:31.2.2) with MergeInstrumentationAnalysisTransform
Transforming sdk-common-31.2.2.jar (com.android.tools:sdk-common:31.2.2) with InstrumentationAnalysisTransform
Transforming builder-8.2.2.jar (com.android.tools.build:builder:8.2.2) with ExternalDependencyInstrumentingArtifactTransform
Transforming lint-model-31.2.2.jar (com.android.tools.lint:lint-model:31.2.2) with ExternalDependencyInstrumentingArtifactTransform
Transforming manifest-merger-31.2.2.jar (com.android.tools.build:manifest-merger:31.2.2) with ExternalDependencyInstrumentingArtifactTransform
Transforming sdk-common-31.2.2.jar (com.android.tools:sdk-common:31.2.2) with MergeInstrumentationAnalysisTransform
Transforming sdklib-31.2.2.jar (com.android.tools:sdklib:31.2.2) with InstrumentationAnalysisTransform
Transforming sdklib-31.2.2.jar (com.android.tools:sdklib:31.2.2) with MergeInstrumentationAnalysisTransform
Transforming repository-31.2.2.jar (com.android.tools:repository:31.2.2) with InstrumentationAnalysisTransform
Transforming repository-31.2.2.jar (com.android.tools:repository:31.2.2) with MergeInstrumentationAnalysisTransform
Transforming gradle-api-8.2.2.jar (com.android.tools.build:gradle-api:8.2.2) with InstrumentationAnalysisTransform
Transforming sdk-common-31.2.2.jar (com.android.tools:sdk-common:31.2.2) with ExternalDependencyInstrumentingArtifactTransform
Transforming gradle-api-8.2.2.jar (com.android.tools.build:gradle-api:8.2.2) with MergeInstrumentationAnalysisTransform
Transforming builder-test-api-8.2.2.jar (com.android.tools.build:builder-test-api:8.2.2) with InstrumentationAnalysisTransform
Transforming sdklib-31.2.2.jar (com.android.tools:sdklib:31.2.2) with ExternalDependencyInstrumentingArtifactTransform
Transforming repository-31.2.2.jar (com.android.tools:repository:31.2.2) with ExternalDependencyInstrumentingArtifactTransform
Transforming gradle-api-8.2.2.jar (com.android.tools.build:gradle-api:8.2.2) with ExternalDependencyInstrumentingArtifactTransform
Transforming builder-test-api-8.2.2.jar (com.android.tools.build:builder-test-api:8.2.2) with MergeInstrumentationAnalysisTransform
Transforming ddmlib-31.2.2.jar (com.android.tools.ddms:ddmlib:31.2.2) with InstrumentationAnalysisTransform
Transforming ddmlib-31.2.2.jar (com.android.tools.ddms:ddmlib:31.2.2) with MergeInstrumentationAnalysisTransform
Transforming aaptcompiler-8.2.2.jar (com.android.tools.build:aaptcompiler:8.2.2) with InstrumentationAnalysisTransform
Transforming aaptcompiler-8.2.2.jar (com.android.tools.build:aaptcompiler:8.2.2) with MergeInstrumentationAnalysisTransform
Transforming bundletool-1.15.2.jar (com.android.tools.build:bundletool:1.15.2) with InstrumentationAnalysisTransform
Transforming bundletool-1.15.2.jar (com.android.tools.build:bundletool:1.15.2) with MergeInstrumentationAnalysisTransform
Transforming builder-test-api-8.2.2.jar (com.android.tools.build:builder-test-api:8.2.2) with ExternalDependencyInstrumentingArtifactTransform
Transforming aaptcompiler-8.2.2.jar (com.android.tools.build:aaptcompiler:8.2.2) with ExternalDependencyInstrumentingArtifactTransform
Transforming ddmlib-31.2.2.jar (com.android.tools.ddms:ddmlib:31.2.2) with ExternalDependencyInstrumentingArtifactTransform
Transforming aapt2-proto-8.2.2-10154469.jar (com.android.tools.build:aapt2-proto:8.2.2-10154469) with InstrumentationAnalysisTransform
Transforming bundletool-1.15.2.jar (com.android.tools.build:bundletool:1.15.2) with ExternalDependencyInstrumentingArtifactTransform
Transforming aapt2-proto-8.2.2-10154469.jar (com.android.tools.build:aapt2-proto:8.2.2-10154469) with MergeInstrumentationAnalysisTransform
Transforming crash-31.2.2.jar (com.android.tools.analytics-library:crash:31.2.2) with InstrumentationAnalysisTransform
Transforming crash-31.2.2.jar (com.android.tools.analytics-library:crash:31.2.2) with MergeInstrumentationAnalysisTransform
Transforming tracker-31.2.2.jar (com.android.tools.analytics-library:tracker:31.2.2) with InstrumentationAnalysisTransform
Transforming tracker-31.2.2.jar (com.android.tools.analytics-library:tracker:31.2.2) with MergeInstrumentationAnalysisTransform
Transforming shared-31.2.2.jar (com.android.tools.analytics-library:shared:31.2.2) with InstrumentationAnalysisTransform
Transforming shared-31.2.2.jar (com.android.tools.analytics-library:shared:31.2.2) with MergeInstrumentationAnalysisTransform
Transforming aapt2-proto-8.2.2-10154469.jar (com.android.tools.build:aapt2-proto:8.2.2-10154469) with ExternalDependencyInstrumentingArtifactTransform
Transforming crash-31.2.2.jar (com.android.tools.analytics-library:crash:31.2.2) with ExternalDependencyInstrumentingArtifactTransform
Transforming shared-31.2.2.jar (com.android.tools.analytics-library:shared:31.2.2) with ExternalDependencyInstrumentingArtifactTransform
Transforming tracker-31.2.2.jar (com.android.tools.analytics-library:tracker:31.2.2) with ExternalDependencyInstrumentingArtifactTransform
Transforming lint-typedef-remover-31.2.2.jar (com.android.tools.lint:lint-typedef-remover:31.2.2) with InstrumentationAnalysisTransform
Transforming lint-typedef-remover-31.2.2.jar (com.android.tools.lint:lint-typedef-remover:31.2.2) with MergeInstrumentationAnalysisTransform
Transforming databinding-compiler-common-8.2.2.jar (androidx.databinding:databinding-compiler-common:8.2.2) with InstrumentationAnalysisTransform
Transforming databinding-compiler-common-8.2.2.jar (androidx.databinding:databinding-compiler-common:8.2.2) with MergeInstrumentationAnalysisTransform
Transforming databinding-common-8.2.2.jar (androidx.databinding:databinding-common:8.2.2) with InstrumentationAnalysisTransform
Transforming databinding-common-8.2.2.jar (androidx.databinding:databinding-common:8.2.2) with MergeInstrumentationAnalysisTransform
Transforming baseLibrary-8.2.2.jar (com.android.databinding:baseLibrary:8.2.2) with InstrumentationAnalysisTransform
Transforming lint-typedef-remover-31.2.2.jar (com.android.tools.lint:lint-typedef-remover:31.2.2) with ExternalDependencyInstrumentingArtifactTransform
Transforming baseLibrary-8.2.2.jar (com.android.databinding:baseLibrary:8.2.2) with MergeInstrumentationAnalysisTransform
Transforming databinding-compiler-common-8.2.2.jar (androidx.databinding:databinding-compiler-common:8.2.2) with ExternalDependencyInstrumentingArtifactTransform
Transforming databinding-common-8.2.2.jar (androidx.databinding:databinding-common:8.2.2) with ExternalDependencyInstrumentingArtifactTransform
Transforming baseLibrary-8.2.2.jar (com.android.databinding:baseLibrary:8.2.2) with ExternalDependencyInstrumentingArtifactTransform
Transforming layoutlib-api-31.2.2.jar (com.android.tools.layoutlib:layoutlib-api:31.2.2) with InstrumentationAnalysisTransform
Transforming layoutlib-api-31.2.2.jar (com.android.tools.layoutlib:layoutlib-api:31.2.2) with MergeInstrumentationAnalysisTransform
Transforming android-device-provider-ddmlib-proto-31.2.2.jar (com.android.tools.utp:android-device-provider-ddmlib-proto:31.2.2) with InstrumentationAnalysisTransform
Transforming android-device-provider-ddmlib-proto-31.2.2.jar (com.android.tools.utp:android-device-provider-ddmlib-proto:31.2.2) with MergeInstrumentationAnalysisTransform
Transforming android-device-provider-gradle-proto-31.2.2.jar (com.android.tools.utp:android-device-provider-gradle-proto:31.2.2) with InstrumentationAnalysisTransform
Transforming android-device-provider-gradle-proto-31.2.2.jar (com.android.tools.utp:android-device-provider-gradle-proto:31.2.2) with MergeInstrumentationAnalysisTransform
Transforming android-test-plugin-host-additional-test-output-proto-31.2.2.jar (com.android.tools.utp:android-test-plugin-host-additional-test-output-proto:31.2.2) with InstrumentationAnalysisTransform
Transforming layoutlib-api-31.2.2.jar (com.android.tools.layoutlib:layoutlib-api:31.2.2) with ExternalDependencyInstrumentingArtifactTransform
Transforming android-test-plugin-host-additional-test-output-proto-31.2.2.jar (com.android.tools.utp:android-test-plugin-host-additional-test-output-proto:31.2.2) with MergeInstrumentationAnalysisTransform
Transforming android-test-plugin-host-coverage-proto-31.2.2.jar (com.android.tools.utp:android-test-plugin-host-coverage-proto:31.2.2) with InstrumentationAnalysisTransform
Transforming android-device-provider-ddmlib-proto-31.2.2.jar (com.android.tools.utp:android-device-provider-ddmlib-proto:31.2.2) with ExternalDependencyInstrumentingArtifactTransform
Transforming android-test-plugin-host-additional-test-output-proto-31.2.2.jar (com.android.tools.utp:android-test-plugin-host-additional-test-output-proto:31.2.2) with ExternalDependencyInstrumentingArtifactTransform
Transforming android-device-provider-gradle-proto-31.2.2.jar (com.android.tools.utp:android-device-provider-gradle-proto:31.2.2) with ExternalDependencyInstrumentingArtifactTransform
Transforming android-test-plugin-host-coverage-proto-31.2.2.jar (com.android.tools.utp:android-test-plugin-host-coverage-proto:31.2.2) with MergeInstrumentationAnalysisTransform
Transforming android-test-plugin-host-emulator-control-proto-31.2.2.jar (com.android.tools.utp:android-test-plugin-host-emulator-control-proto:31.2.2) with InstrumentationAnalysisTransform
Transforming android-test-plugin-host-emulator-control-proto-31.2.2.jar (com.android.tools.utp:android-test-plugin-host-emulator-control-proto:31.2.2) with MergeInstrumentationAnalysisTransform
Transforming android-test-plugin-host-logcat-proto-31.2.2.jar (com.android.tools.utp:android-test-plugin-host-logcat-proto:31.2.2) with InstrumentationAnalysisTransform
Transforming android-test-plugin-host-logcat-proto-31.2.2.jar (com.android.tools.utp:android-test-plugin-host-logcat-proto:31.2.2) with MergeInstrumentationAnalysisTransform
Transforming android-test-plugin-host-apk-installer-proto-31.2.2.jar (com.android.tools.utp:android-test-plugin-host-apk-installer-proto:31.2.2) with InstrumentationAnalysisTransform
Transforming android-test-plugin-host-coverage-proto-31.2.2.jar (com.android.tools.utp:android-test-plugin-host-coverage-proto:31.2.2) with ExternalDependencyInstrumentingArtifactTransform
Transforming android-test-plugin-host-emulator-control-proto-31.2.2.jar (com.android.tools.utp:android-test-plugin-host-emulator-control-proto:31.2.2) with ExternalDependencyInstrumentingArtifactTransform
Transforming android-test-plugin-host-apk-installer-proto-31.2.2.jar (com.android.tools.utp:android-test-plugin-host-apk-installer-proto:31.2.2) with MergeInstrumentationAnalysisTransform
Transforming android-test-plugin-host-retention-proto-31.2.2.jar (com.android.tools.utp:android-test-plugin-host-retention-proto:31.2.2) with InstrumentationAnalysisTransform
Transforming android-test-plugin-host-logcat-proto-31.2.2.jar (com.android.tools.utp:android-test-plugin-host-logcat-proto:31.2.2) with ExternalDependencyInstrumentingArtifactTransform
Transforming android-test-plugin-host-retention-proto-31.2.2.jar (com.android.tools.utp:android-test-plugin-host-retention-proto:31.2.2) with MergeInstrumentationAnalysisTransform
Transforming android-test-plugin-result-listener-gradle-proto-31.2.2.jar (com.android.tools.utp:android-test-plugin-result-listener-gradle-proto:31.2.2) with InstrumentationAnalysisTransform
Transforming android-test-plugin-result-listener-gradle-proto-31.2.2.jar (com.android.tools.utp:android-test-plugin-result-listener-gradle-proto:31.2.2) with MergeInstrumentationAnalysisTransform
Transforming android-test-plugin-host-apk-installer-proto-31.2.2.jar (com.android.tools.utp:android-test-plugin-host-apk-installer-proto:31.2.2) with ExternalDependencyInstrumentingArtifactTransform
Transforming android-test-plugin-host-retention-proto-31.2.2.jar (com.android.tools.utp:android-test-plugin-host-retention-proto:31.2.2) with ExternalDependencyInstrumentingArtifactTransform
Transforming builder-model-8.2.2.jar (com.android.tools.build:builder-model:8.2.2) with InstrumentationAnalysisTransform
Transforming builder-model-8.2.2.jar (com.android.tools.build:builder-model:8.2.2) with MergeInstrumentationAnalysisTransform
Transforming dvlib-31.2.2.jar (com.android.tools:dvlib:31.2.2) with InstrumentationAnalysisTransform
Transforming android-test-plugin-result-listener-gradle-proto-31.2.2.jar (com.android.tools.utp:android-test-plugin-result-listener-gradle-proto:31.2.2) with ExternalDependencyInstrumentingArtifactTransform
Transforming dvlib-31.2.2.jar (com.android.tools:dvlib:31.2.2) with MergeInstrumentationAnalysisTransform
Transforming common-31.2.2.jar (com.android.tools:common:31.2.2) with InstrumentationAnalysisTransform
Transforming builder-model-8.2.2.jar (com.android.tools.build:builder-model:8.2.2) with ExternalDependencyInstrumentingArtifactTransform
Transforming common-31.2.2.jar (com.android.tools:common:31.2.2) with MergeInstrumentationAnalysisTransform
Transforming goomph-3.43.0.jar (com.diffplug.gradle:goomph:3.43.0) with InstrumentationAnalysisTransform
Transforming goomph-3.43.0.jar (com.diffplug.gradle:goomph:3.43.0) with MergeInstrumentationAnalysisTransform
Transforming okhttp-4.10.0.jar (com.squareup.okhttp3:okhttp:4.10.0) with InstrumentationAnalysisTransform
Transforming dvlib-31.2.2.jar (com.android.tools:dvlib:31.2.2) with ExternalDependencyInstrumentingArtifactTransform
Transforming okhttp-4.10.0.jar (com.squareup.okhttp3:okhttp:4.10.0) with MergeInstrumentationAnalysisTransform
Transforming okio-jvm-3.2.0.jar (com.squareup.okio:okio-jvm:3.2.0) with InstrumentationAnalysisTransform
Transforming goomph-3.43.0.jar (com.diffplug.gradle:goomph:3.43.0) with ExternalDependencyInstrumentingArtifactTransform
Transforming okio-jvm-3.2.0.jar (com.squareup.okio:okio-jvm:3.2.0) with MergeInstrumentationAnalysisTransform
Transforming common-31.2.2.jar (com.android.tools:common:31.2.2) with ExternalDependencyInstrumentingArtifactTransform
Transforming micronaut-aot-cli-2.1.1.jar (io.micronaut.aot:micronaut-aot-cli:2.1.1) with InstrumentationAnalysisTransform
Transforming okhttp-4.10.0.jar (com.squareup.okhttp3:okhttp:4.10.0) with ExternalDependencyInstrumentingArtifactTransform
Transforming micronaut-aot-cli-2.1.1.jar (io.micronaut.aot:micronaut-aot-cli:2.1.1) with MergeInstrumentationAnalysisTransform
Transforming okio-jvm-3.2.0.jar (com.squareup.okio:okio-jvm:3.2.0) with ExternalDependencyInstrumentingArtifactTransform
Transforming kotlin-stdlib-jdk8-1.9.0.jar (org.jetbrains.kotlin:kotlin-stdlib-jdk8:1.9.0) with InstrumentationAnalysisTransform
Transforming kotlin-stdlib-jdk8-1.9.0.jar (org.jetbrains.kotlin:kotlin-stdlib-jdk8:1.9.0) with MergeInstrumentationAnalysisTransform
Transforming micronaut-aot-cli-2.1.1.jar (io.micronaut.aot:micronaut-aot-cli:2.1.1) with ExternalDependencyInstrumentingArtifactTransform
Transforming transform-api-2.0.0-deprecated-use-gradle-api.jar (com.android.tools.build:transform-api:2.0.0-deprecated-use-gradle-api) with InstrumentationAnalysisTransform
Transforming transform-api-2.0.0-deprecated-use-gradle-api.jar (com.android.tools.build:transform-api:2.0.0-deprecated-use-gradle-api) with MergeInstrumentationAnalysisTransform
Transforming kotlin-stdlib-jdk8-1.9.0.jar (org.jetbrains.kotlin:kotlin-stdlib-jdk8:1.9.0) with ExternalDependencyInstrumentingArtifactTransform
Transforming httpmime-4.5.6.jar (org.apache.httpcomponents:httpmime:4.5.6) with InstrumentationAnalysisTransform
Transforming httpmime-4.5.6.jar (org.apache.httpcomponents:httpmime:4.5.6) with MergeInstrumentationAnalysisTransform
Transforming transform-api-2.0.0-deprecated-use-gradle-api.jar (com.android.tools.build:transform-api:2.0.0-deprecated-use-gradle-api) with ExternalDependencyInstrumentingArtifactTransform
Transforming commons-io-2.11.0.jar (commons-io:commons-io:2.11.0) with InstrumentationAnalysisTransform
Transforming commons-io-2.11.0.jar (commons-io:commons-io:2.11.0) with MergeInstrumentationAnalysisTransform
Transforming httpmime-4.5.6.jar (org.apache.httpcomponents:httpmime:4.5.6) with ExternalDependencyInstrumentingArtifactTransform
Transforming jetifier-processor-1.0.0-beta10.jar (com.android.tools.build.jetifier:jetifier-processor:1.0.0-beta10) with InstrumentationAnalysisTransform
Transforming jetifier-processor-1.0.0-beta10.jar (com.android.tools.build.jetifier:jetifier-processor:1.0.0-beta10) with MergeInstrumentationAnalysisTransform
Transforming asm-util-9.2.jar (org.ow2.asm:asm-util:9.2) with InstrumentationAnalysisTransform
Transforming commons-io-2.11.0.jar (commons-io:commons-io:2.11.0) with ExternalDependencyInstrumentingArtifactTransform
Transforming asm-util-9.2.jar (org.ow2.asm:asm-util:9.2) with MergeInstrumentationAnalysisTransform
Transforming asm-commons-9.4.jar (org.ow2.asm:asm-commons:9.4) with InstrumentationAnalysisTransform
Transforming jetifier-processor-1.0.0-beta10.jar (com.android.tools.build.jetifier:jetifier-processor:1.0.0-beta10) with ExternalDependencyInstrumentingArtifactTransform
Transforming asm-commons-9.4.jar (org.ow2.asm:asm-commons:9.4) with MergeInstrumentationAnalysisTransform
Transforming asm-analysis-9.2.jar (org.ow2.asm:asm-analysis:9.2) with InstrumentationAnalysisTransform
Transforming asm-util-9.2.jar (org.ow2.asm:asm-util:9.2) with ExternalDependencyInstrumentingArtifactTransform
Transforming asm-analysis-9.2.jar (org.ow2.asm:asm-analysis:9.2) with MergeInstrumentationAnalysisTransform
Transforming asm-tree-9.4.jar (org.ow2.asm:asm-tree:9.4) with InstrumentationAnalysisTransform
Transforming asm-commons-9.4.jar (org.ow2.asm:asm-commons:9.4) with ExternalDependencyInstrumentingArtifactTransform
Transforming asm-tree-9.4.jar (org.ow2.asm:asm-tree:9.4) with MergeInstrumentationAnalysisTransform
Transforming asm-analysis-9.2.jar (org.ow2.asm:asm-analysis:9.2) with ExternalDependencyInstrumentingArtifactTransform
Transforming asm-9.4.jar (org.ow2.asm:asm:9.4) with InstrumentationAnalysisTransform
Transforming asm-9.4.jar (org.ow2.asm:asm:9.4) with MergeInstrumentationAnalysisTransform
Transforming apkzlib-8.2.2.jar (com.android.tools.build:apkzlib:8.2.2) with InstrumentationAnalysisTransform
Transforming asm-tree-9.4.jar (org.ow2.asm:asm-tree:9.4) with ExternalDependencyInstrumentingArtifactTransform
Transforming apkzlib-8.2.2.jar (com.android.tools.build:apkzlib:8.2.2) with MergeInstrumentationAnalysisTransform
Transforming asm-9.4.jar (org.ow2.asm:asm:9.4) with ExternalDependencyInstrumentingArtifactTransform
Transforming bcpkix-jdk15on-1.67.jar (org.bouncycastle:bcpkix-jdk15on:1.67) with InstrumentationAnalysisTransform
Transforming bcpkix-jdk15on-1.67.jar (org.bouncycastle:bcpkix-jdk15on:1.67) with MergeInstrumentationAnalysisTransform
Transforming jaxb-runtime-2.3.2.jar (org.glassfish.jaxb:jaxb-runtime:2.3.2) with InstrumentationAnalysisTransform
Transforming apkzlib-8.2.2.jar (com.android.tools.build:apkzlib:8.2.2) with ExternalDependencyInstrumentingArtifactTransform
Transforming jaxb-runtime-2.3.2.jar (org.glassfish.jaxb:jaxb-runtime:2.3.2) with MergeInstrumentationAnalysisTransform
Transforming jopt-simple-4.9.jar (net.sf.jopt-simple:jopt-simple:4.9) with InstrumentationAnalysisTransform
Transforming jopt-simple-4.9.jar (net.sf.jopt-simple:jopt-simple:4.9) with MergeInstrumentationAnalysisTransform
Transforming bcpkix-jdk15on-1.67.jar (org.bouncycastle:bcpkix-jdk15on:1.67) with ExternalDependencyInstrumentingArtifactTransform
Transforming jetifier-core-1.0.0-beta10.jar (com.android.tools.build.jetifier:jetifier-core:1.0.0-beta10) with InstrumentationAnalysisTransform
Transforming jaxb-runtime-2.3.2.jar (org.glassfish.jaxb:jaxb-runtime:2.3.2) with ExternalDependencyInstrumentingArtifactTransform
Transforming jetifier-core-1.0.0-beta10.jar (com.android.tools.build.jetifier:jetifier-core:1.0.0-beta10) with MergeInstrumentationAnalysisTransform
Transforming jopt-simple-4.9.jar (net.sf.jopt-simple:jopt-simple:4.9) with ExternalDependencyInstrumentingArtifactTransform
Transforming micronaut-aot-api-2.1.1.jar (io.micronaut.aot:micronaut-aot-api:2.1.1) with InstrumentationAnalysisTransform
Transforming micronaut-aot-api-2.1.1.jar (io.micronaut.aot:micronaut-aot-api:2.1.1) with MergeInstrumentationAnalysisTransform
Transforming jetifier-core-1.0.0-beta10.jar (com.android.tools.build.jetifier:jetifier-core:1.0.0-beta10) with ExternalDependencyInstrumentingArtifactTransform
Transforming micronaut-aot-core-2.1.1.jar (io.micronaut.aot:micronaut-aot-core:2.1.1) with InstrumentationAnalysisTransform
Transforming micronaut-aot-core-2.1.1.jar (io.micronaut.aot:micronaut-aot-core:2.1.1) with MergeInstrumentationAnalysisTransform
Transforming javapoet-1.13.0.jar (com.squareup:javapoet:1.13.0) with InstrumentationAnalysisTransform
Transforming javapoet-1.13.0.jar (com.squareup:javapoet:1.13.0) with MergeInstrumentationAnalysisTransform
Transforming protobuf-java-util-3.19.3.jar (com.google.protobuf:protobuf-java-util:3.19.3) with InstrumentationAnalysisTransform
Transforming micronaut-aot-core-2.1.1.jar (io.micronaut.aot:micronaut-aot-core:2.1.1) with ExternalDependencyInstrumentingArtifactTransform
Transforming protobuf-java-util-3.19.3.jar (com.google.protobuf:protobuf-java-util:3.19.3) with MergeInstrumentationAnalysisTransform
Transforming grpc-protobuf-1.45.1.jar (io.grpc:grpc-protobuf:1.45.1) with InstrumentationAnalysisTransform
Transforming micronaut-aot-api-2.1.1.jar (io.micronaut.aot:micronaut-aot-api:2.1.1) with ExternalDependencyInstrumentingArtifactTransform
Transforming grpc-protobuf-1.45.1.jar (io.grpc:grpc-protobuf:1.45.1) with MergeInstrumentationAnalysisTransform
Transforming protobuf-java-util-3.19.3.jar (com.google.protobuf:protobuf-java-util:3.19.3) with ExternalDependencyInstrumentingArtifactTransform
Transforming javapoet-1.13.0.jar (com.squareup:javapoet:1.13.0) with ExternalDependencyInstrumentingArtifactTransform
Transforming tink-1.7.0.jar (com.google.crypto.tink:tink:1.7.0) with InstrumentationAnalysisTransform
Transforming tink-1.7.0.jar (com.google.crypto.tink:tink:1.7.0) with MergeInstrumentationAnalysisTransform
Transforming grpc-protobuf-1.45.1.jar (io.grpc:grpc-protobuf:1.45.1) with ExternalDependencyInstrumentingArtifactTransform
Transforming protos-31.2.2.jar (com.android.tools.analytics-library:protos:31.2.2) with InstrumentationAnalysisTransform
Transforming protos-31.2.2.jar (com.android.tools.analytics-library:protos:31.2.2) with MergeInstrumentationAnalysisTransform
Transforming proto-google-common-protos-2.0.1.jar (com.google.api.grpc:proto-google-common-protos:2.0.1) with InstrumentationAnalysisTransform
Transforming tink-1.7.0.jar (com.google.crypto.tink:tink:1.7.0) with ExternalDependencyInstrumentingArtifactTransform
Transforming proto-google-common-protos-2.0.1.jar (com.google.api.grpc:proto-google-common-protos:2.0.1) with MergeInstrumentationAnalysisTransform
Transforming protobuf-java-3.19.3.jar (com.google.protobuf:protobuf-java:3.19.3) with InstrumentationAnalysisTransform
Transforming protos-31.2.2.jar (com.android.tools.analytics-library:protos:31.2.2) with ExternalDependencyInstrumentingArtifactTransform
Transforming protobuf-java-3.19.3.jar (com.google.protobuf:protobuf-java:3.19.3) with MergeInstrumentationAnalysisTransform
Transforming grpc-netty-1.45.1.jar (io.grpc:grpc-netty:1.45.1) with InstrumentationAnalysisTransform
Transforming grpc-netty-1.45.1.jar (io.grpc:grpc-netty:1.45.1) with MergeInstrumentationAnalysisTransform
Transforming grpc-core-1.45.1.jar (io.grpc:grpc-core:1.45.1) with InstrumentationAnalysisTransform
Transforming proto-google-common-protos-2.0.1.jar (com.google.api.grpc:proto-google-common-protos:2.0.1) with ExternalDependencyInstrumentingArtifactTransform
Transforming grpc-core-1.45.1.jar (io.grpc:grpc-core:1.45.1) with MergeInstrumentationAnalysisTransform
Transforming grpc-netty-1.45.1.jar (io.grpc:grpc-netty:1.45.1) with ExternalDependencyInstrumentingArtifactTransform
Transforming gson-2.10.jar (com.google.code.gson:gson:2.10) with InstrumentationAnalysisTransform
Transforming gson-2.10.jar (com.google.code.gson:gson:2.10) with MergeInstrumentationAnalysisTransform
Transforming protobuf-java-3.19.3.jar (com.google.protobuf:protobuf-java:3.19.3) with ExternalDependencyInstrumentingArtifactTransform
Transforming grpc-core-1.45.1.jar (io.grpc:grpc-core:1.45.1) with ExternalDependencyInstrumentingArtifactTransform
Transforming grpc-stub-1.45.1.jar (io.grpc:grpc-stub:1.45.1) with InstrumentationAnalysisTransform
Transforming grpc-stub-1.45.1.jar (io.grpc:grpc-stub:1.45.1) with MergeInstrumentationAnalysisTransform
Transforming core-proto-0.0.8-alpha08.jar (com.google.testing.platform:core-proto:0.0.8-alpha08) with InstrumentationAnalysisTransform
Transforming core-proto-0.0.8-alpha08.jar (com.google.testing.platform:core-proto:0.0.8-alpha08) with MergeInstrumentationAnalysisTransform
Transforming gson-2.10.jar (com.google.code.gson:gson:2.10) with ExternalDependencyInstrumentingArtifactTransform
Transforming tensorflow-lite-metadata-0.1.0-rc2.jar (org.tensorflow:tensorflow-lite-metadata:0.1.0-rc2) with InstrumentationAnalysisTransform
Transforming tensorflow-lite-metadata-0.1.0-rc2.jar (org.tensorflow:tensorflow-lite-metadata:0.1.0-rc2) with MergeInstrumentationAnalysisTransform
Transforming flatbuffers-java-1.12.0.jar (com.google.flatbuffers:flatbuffers-java:1.12.0) with InstrumentationAnalysisTransform
Transforming flatbuffers-java-1.12.0.jar (com.google.flatbuffers:flatbuffers-java:1.12.0) with MergeInstrumentationAnalysisTransform
Transforming kotlin-gradle-plugin-idea-proto-1.9.23.jar (org.jetbrains.kotlin:kotlin-gradle-plugin-idea-proto:1.9.23) with InstrumentationAnalysisTransform
Transforming grpc-stub-1.45.1.jar (io.grpc:grpc-stub:1.45.1) with ExternalDependencyInstrumentingArtifactTransform
Transforming kotlin-gradle-plugin-idea-proto-1.9.23.jar (org.jetbrains.kotlin:kotlin-gradle-plugin-idea-proto:1.9.23) with MergeInstrumentationAnalysisTransform
Transforming kotlin-gradle-plugin-idea-1.9.23.jar (org.jetbrains.kotlin:kotlin-gradle-plugin-idea:1.9.23) with InstrumentationAnalysisTransform
Transforming kotlin-gradle-plugin-idea-1.9.23.jar (org.jetbrains.kotlin:kotlin-gradle-plugin-idea:1.9.23) with MergeInstrumentationAnalysisTransform
Transforming kotlin-klib-commonizer-api-1.9.23.jar (org.jetbrains.kotlin:kotlin-klib-commonizer-api:1.9.23) with InstrumentationAnalysisTransform
Transforming kotlin-klib-commonizer-api-1.9.23.jar (org.jetbrains.kotlin:kotlin-klib-commonizer-api:1.9.23) with MergeInstrumentationAnalysisTransform
Transforming kotlin-native-utils-1.9.23.jar (org.jetbrains.kotlin:kotlin-native-utils:1.9.23) with InstrumentationAnalysisTransform
Transforming core-proto-0.0.8-alpha08.jar (com.google.testing.platform:core-proto:0.0.8-alpha08) with ExternalDependencyInstrumentingArtifactTransform
Transforming kotlin-native-utils-1.9.23.jar (org.jetbrains.kotlin:kotlin-native-utils:1.9.23) with MergeInstrumentationAnalysisTransform
Transforming kotlin-util-klib-1.9.23.jar (org.jetbrains.kotlin:kotlin-util-klib:1.9.23) with InstrumentationAnalysisTransform
Transforming kotlin-util-klib-1.9.23.jar (org.jetbrains.kotlin:kotlin-util-klib:1.9.23) with MergeInstrumentationAnalysisTransform
Transforming kotlin-build-tools-api-1.9.23.jar (org.jetbrains.kotlin:kotlin-build-tools-api:1.9.23) with InstrumentationAnalysisTransform
Transforming kotlin-build-tools-api-1.9.23.jar (org.jetbrains.kotlin:kotlin-build-tools-api:1.9.23) with MergeInstrumentationAnalysisTransform
Transforming kotlin-android-extensions-1.9.23.jar (org.jetbrains.kotlin:kotlin-android-extensions:1.9.23) with InstrumentationAnalysisTransform
Transforming kotlin-android-extensions-1.9.23.jar (org.jetbrains.kotlin:kotlin-android-extensions:1.9.23) with MergeInstrumentationAnalysisTransform
Transforming kotlin-compiler-runner-1.9.23.jar (org.jetbrains.kotlin:kotlin-compiler-runner:1.9.23) with InstrumentationAnalysisTransform
Transforming kotlin-compiler-runner-1.9.23.jar (org.jetbrains.kotlin:kotlin-compiler-runner:1.9.23) with MergeInstrumentationAnalysisTransform
Transforming kotlin-compiler-embeddable-1.9.23.jar (org.jetbrains.kotlin:kotlin-compiler-embeddable:1.9.23) with InstrumentationAnalysisTransform
Transforming kotlin-compiler-embeddable-1.9.23.jar (org.jetbrains.kotlin:kotlin-compiler-embeddable:1.9.23) with MergeInstrumentationAnalysisTransform
Transforming flatbuffers-java-1.12.0.jar (com.google.flatbuffers:flatbuffers-java:1.12.0) with ExternalDependencyInstrumentingArtifactTransform
Transforming kotlin-gradle-plugin-idea-proto-1.9.23.jar (org.jetbrains.kotlin:kotlin-gradle-plugin-idea-proto:1.9.23) with ExternalDependencyInstrumentingArtifactTransform
Transforming kotlin-gradle-plugin-idea-1.9.23.jar (org.jetbrains.kotlin:kotlin-gradle-plugin-idea:1.9.23) with ExternalDependencyInstrumentingArtifactTransform
Transforming kotlin-klib-commonizer-api-1.9.23.jar (org.jetbrains.kotlin:kotlin-klib-commonizer-api:1.9.23) with ExternalDependencyInstrumentingArtifactTransform
Transforming kotlin-native-utils-1.9.23.jar (org.jetbrains.kotlin:kotlin-native-utils:1.9.23) with ExternalDependencyInstrumentingArtifactTransform
Transforming kotlin-util-klib-1.9.23.jar (org.jetbrains.kotlin:kotlin-util-klib:1.9.23) with ExternalDependencyInstrumentingArtifactTransform
Transforming kotlin-build-tools-api-1.9.23.jar (org.jetbrains.kotlin:kotlin-build-tools-api:1.9.23) with ExternalDependencyInstrumentingArtifactTransform
Transforming kotlin-android-extensions-1.9.23.jar (org.jetbrains.kotlin:kotlin-android-extensions:1.9.23) with ExternalDependencyInstrumentingArtifactTransform
Transforming kotlin-compiler-runner-1.9.23.jar (org.jetbrains.kotlin:kotlin-compiler-runner:1.9.23) with ExternalDependencyInstrumentingArtifactTransform
Transforming tensorflow-lite-metadata-0.1.0-rc2.jar (org.tensorflow:tensorflow-lite-metadata:0.1.0-rc2) with ExternalDependencyInstrumentingArtifactTransform
Transforming kotlin-compiler-embeddable-1.9.23.jar (org.jetbrains.kotlin:kotlin-compiler-embeddable:1.9.23) with ExternalDependencyInstrumentingArtifactTransform
Transforming kotlin-scripting-compiler-embeddable-1.9.23.jar (org.jetbrains.kotlin:kotlin-scripting-compiler-embeddable:1.9.23) with InstrumentationAnalysisTransform
Transforming kotlin-scripting-compiler-embeddable-1.9.23.jar (org.jetbrains.kotlin:kotlin-scripting-compiler-embeddable:1.9.23) with MergeInstrumentationAnalysisTransform
Transforming kotlin-scripting-compiler-impl-embeddable-1.9.23.jar (org.jetbrains.kotlin:kotlin-scripting-compiler-impl-embeddable:1.9.23) with InstrumentationAnalysisTransform
Transforming kotlin-scripting-compiler-impl-embeddable-1.9.23.jar (org.jetbrains.kotlin:kotlin-scripting-compiler-impl-embeddable:1.9.23) with MergeInstrumentationAnalysisTransform
Transforming jdom2-2.0.6.1.jar (org.jdom:jdom2:2.0.6.1) with InstrumentationAnalysisTransform
Transforming jdom2-2.0.6.1.jar (org.jdom:jdom2:2.0.6.1) with MergeInstrumentationAnalysisTransform
Transforming ant-1.10.13.jar (org.apache.ant:ant:1.10.13) with InstrumentationAnalysisTransform
Transforming kotlin-scripting-compiler-embeddable-1.9.23.jar (org.jetbrains.kotlin:kotlin-scripting-compiler-embeddable:1.9.23) with ExternalDependencyInstrumentingArtifactTransform
Transforming kotlin-scripting-compiler-impl-embeddable-1.9.23.jar (org.jetbrains.kotlin:kotlin-scripting-compiler-impl-embeddable:1.9.23) with ExternalDependencyInstrumentingArtifactTransform
Transforming jdom2-2.0.6.1.jar (org.jdom:jdom2:2.0.6.1) with ExternalDependencyInstrumentingArtifactTransform
Transforming ant-1.10.13.jar (org.apache.ant:ant:1.10.13) with MergeInstrumentationAnalysisTransform
Transforming plexus-utils-3.5.1.jar (org.codehaus.plexus:plexus-utils:3.5.1) with InstrumentationAnalysisTransform
Transforming plexus-utils-3.5.1.jar (org.codehaus.plexus:plexus-utils:3.5.1) with MergeInstrumentationAnalysisTransform
Transforming jdependency-2.8.0.jar (org.vafer:jdependency:2.8.0) with InstrumentationAnalysisTransform
Transforming ant-1.10.13.jar (org.apache.ant:ant:1.10.13) with ExternalDependencyInstrumentingArtifactTransform
Transforming jdependency-2.8.0.jar (org.vafer:jdependency:2.8.0) with MergeInstrumentationAnalysisTransform
Transforming jimfs-1.1.jar (com.google.jimfs:jimfs:1.1) with InstrumentationAnalysisTransform
Transforming jimfs-1.1.jar (com.google.jimfs:jimfs:1.1) with MergeInstrumentationAnalysisTransform
Transforming plexus-utils-3.5.1.jar (org.codehaus.plexus:plexus-utils:3.5.1) with ExternalDependencyInstrumentingArtifactTransform
Transforming jdependency-2.8.0.jar (org.vafer:jdependency:2.8.0) with ExternalDependencyInstrumentingArtifactTransform
Transforming grpc-protobuf-lite-1.45.1.jar (io.grpc:grpc-protobuf-lite:1.45.1) with InstrumentationAnalysisTransform
Transforming jimfs-1.1.jar (com.google.jimfs:jimfs:1.1) with ExternalDependencyInstrumentingArtifactTransform
Transforming grpc-protobuf-lite-1.45.1.jar (io.grpc:grpc-protobuf-lite:1.45.1) with MergeInstrumentationAnalysisTransform
Transforming grpc-api-1.45.1.jar (io.grpc:grpc-api:1.45.1) with InstrumentationAnalysisTransform
Transforming grpc-api-1.45.1.jar (io.grpc:grpc-api:1.45.1) with MergeInstrumentationAnalysisTransform
Transforming grpc-protobuf-lite-1.45.1.jar (io.grpc:grpc-protobuf-lite:1.45.1) with ExternalDependencyInstrumentingArtifactTransform
Transforming guava-31.1-jre.jar (com.google.guava:guava:31.1-jre) with InstrumentationAnalysisTransform
Transforming guava-31.1-jre.jar (com.google.guava:guava:31.1-jre) with MergeInstrumentationAnalysisTransform
Transforming dagger-2.28.3.jar (com.google.dagger:dagger:2.28.3) with InstrumentationAnalysisTransform
Transforming grpc-api-1.45.1.jar (io.grpc:grpc-api:1.45.1) with ExternalDependencyInstrumentingArtifactTransform
Transforming dagger-2.28.3.jar (com.google.dagger:dagger:2.28.3) with MergeInstrumentationAnalysisTransform
Transforming guava-31.1-jre.jar (com.google.guava:guava:31.1-jre) with ExternalDependencyInstrumentingArtifactTransform
Transforming javax.inject-1.jar (javax.inject:javax.inject:1) with InstrumentationAnalysisTransform
Transforming javax.inject-1.jar (javax.inject:javax.inject:1) with MergeInstrumentationAnalysisTransform
Transforming kxml2-2.3.0.jar (net.sf.kxml:kxml2:2.3.0) with InstrumentationAnalysisTransform
Transforming dagger-2.28.3.jar (com.google.dagger:dagger:2.28.3) with ExternalDependencyInstrumentingArtifactTransform
Transforming kxml2-2.3.0.jar (net.sf.kxml:kxml2:2.3.0) with MergeInstrumentationAnalysisTransform
Transforming javax.inject-1.jar (javax.inject:javax.inject:1) with ExternalDependencyInstrumentingArtifactTransform
Transforming bcprov-jdk15on-1.67.jar (org.bouncycastle:bcprov-jdk15on:1.67) with InstrumentationAnalysisTransform
Transforming bcprov-jdk15on-1.67.jar (org.bouncycastle:bcprov-jdk15on:1.67) with MergeInstrumentationAnalysisTransform
Transforming kxml2-2.3.0.jar (net.sf.kxml:kxml2:2.3.0) with ExternalDependencyInstrumentingArtifactTransform
Transforming trove4j-1.0.20200330.jar (org.jetbrains.intellij.deps:trove4j:1.0.20200330) with InstrumentationAnalysisTransform
Transforming trove4j-1.0.20200330.jar (org.jetbrains.intellij.deps:trove4j:1.0.20200330) with MergeInstrumentationAnalysisTransform
Transforming bcprov-jdk15on-1.67.jar (org.bouncycastle:bcprov-jdk15on:1.67) with ExternalDependencyInstrumentingArtifactTransform
Transforming kotlin-reflect-1.9.0.jar (org.jetbrains.kotlin:kotlin-reflect:1.9.0) with InstrumentationAnalysisTransform
Transforming kotlin-reflect-1.9.0.jar (org.jetbrains.kotlin:kotlin-reflect:1.9.0) with MergeInstrumentationAnalysisTransform
Transforming trove4j-1.0.20200330.jar (org.jetbrains.intellij.deps:trove4j:1.0.20200330) with ExternalDependencyInstrumentingArtifactTransform
Transforming xercesImpl-2.12.0.jar (xerces:xercesImpl:2.12.0) with InstrumentationAnalysisTransform
Transforming xercesImpl-2.12.0.jar (xerces:xercesImpl:2.12.0) with MergeInstrumentationAnalysisTransform
Transforming commons-compress-1.21.jar (org.apache.commons:commons-compress:1.21) with InstrumentationAnalysisTransform
Transforming kotlin-reflect-1.9.0.jar (org.jetbrains.kotlin:kotlin-reflect:1.9.0) with ExternalDependencyInstrumentingArtifactTransform
Transforming commons-compress-1.21.jar (org.apache.commons:commons-compress:1.21) with MergeInstrumentationAnalysisTransform
Transforming xercesImpl-2.12.0.jar (xerces:xercesImpl:2.12.0) with ExternalDependencyInstrumentingArtifactTransform
Transforming httpclient-4.5.14.jar (org.apache.httpcomponents:httpclient:4.5.14) with InstrumentationAnalysisTransform
Transforming httpclient-4.5.14.jar (org.apache.httpcomponents:httpclient:4.5.14) with MergeInstrumentationAnalysisTransform
Transforming commons-compress-1.21.jar (org.apache.commons:commons-compress:1.21) with ExternalDependencyInstrumentingArtifactTransform
Transforming httpcore-4.4.16.jar (org.apache.httpcomponents:httpcore:4.4.16) with InstrumentationAnalysisTransform
Transforming httpcore-4.4.16.jar (org.apache.httpcomponents:httpcore:4.4.16) with MergeInstrumentationAnalysisTransform
Transforming httpclient-4.5.14.jar (org.apache.httpcomponents:httpclient:4.5.14) with ExternalDependencyInstrumentingArtifactTransform
Transforming httpcore-4.4.16.jar (org.apache.httpcomponents:httpcore:4.4.16) with ExternalDependencyInstrumentingArtifactTransform
Transforming javax.activation-1.2.0.jar (com.sun.activation:javax.activation:1.2.0) with InstrumentationAnalysisTransform
Transforming javax.activation-1.2.0.jar (com.sun.activation:javax.activation:1.2.0) with MergeInstrumentationAnalysisTransform
Transforming kotlin-stdlib-jdk7-1.9.0.jar (org.jetbrains.kotlin:kotlin-stdlib-jdk7:1.9.0) with InstrumentationAnalysisTransform
Transforming kotlin-stdlib-jdk7-1.9.0.jar (org.jetbrains.kotlin:kotlin-stdlib-jdk7:1.9.0) with MergeInstrumentationAnalysisTransform
Transforming javax.activation-1.2.0.jar (com.sun.activation:javax.activation:1.2.0) with ExternalDependencyInstrumentingArtifactTransform
Transforming kotlin-stdlib-1.9.0.jar (org.jetbrains.kotlin:kotlin-stdlib:1.9.0) with InstrumentationAnalysisTransform
Transforming kotlin-stdlib-1.9.0.jar (org.jetbrains.kotlin:kotlin-stdlib:1.9.0) with MergeInstrumentationAnalysisTransform
Transforming annotations-13.0.jar (org.jetbrains:annotations:13.0) with InstrumentationAnalysisTransform
Transforming annotations-13.0.jar (org.jetbrains:annotations:13.0) with MergeInstrumentationAnalysisTransform
Transforming kotlin-stdlib-jdk7-1.9.0.jar (org.jetbrains.kotlin:kotlin-stdlib-jdk7:1.9.0) with ExternalDependencyInstrumentingArtifactTransform
Transforming kotlin-stdlib-1.9.0.jar (org.jetbrains.kotlin:kotlin-stdlib:1.9.0) with ExternalDependencyInstrumentingArtifactTransform
Transforming signflinger-8.2.2.jar (com.android:signflinger:8.2.2) with InstrumentationAnalysisTransform
Transforming annotations-13.0.jar (org.jetbrains:annotations:13.0) with ExternalDependencyInstrumentingArtifactTransform
Transforming signflinger-8.2.2.jar (com.android:signflinger:8.2.2) with MergeInstrumentationAnalysisTransform
Transforming zipflinger-8.2.2.jar (com.android:zipflinger:8.2.2) with InstrumentationAnalysisTransform
Transforming zipflinger-8.2.2.jar (com.android:zipflinger:8.2.2) with MergeInstrumentationAnalysisTransform
Transforming annotations-31.2.2.jar (com.android.tools:annotations:31.2.2) with InstrumentationAnalysisTransform
Transforming signflinger-8.2.2.jar (com.android:signflinger:8.2.2) with ExternalDependencyInstrumentingArtifactTransform
Transforming annotations-31.2.2.jar (com.android.tools:annotations:31.2.2) with MergeInstrumentationAnalysisTransform
Transforming jna-platform-5.6.0.jar (net.java.dev.jna:jna-platform:5.6.0) with InstrumentationAnalysisTransform
Transforming zipflinger-8.2.2.jar (com.android:zipflinger:8.2.2) with ExternalDependencyInstrumentingArtifactTransform
Transforming annotations-31.2.2.jar (com.android.tools:annotations:31.2.2) with ExternalDependencyInstrumentingArtifactTransform
Transforming jna-platform-5.6.0.jar (net.java.dev.jna:jna-platform:5.6.0) with MergeInstrumentationAnalysisTransform
Transforming juniversalchardet-1.0.3.jar (com.googlecode.juniversalchardet:juniversalchardet:1.0.3) with InstrumentationAnalysisTransform
Transforming juniversalchardet-1.0.3.jar (com.googlecode.juniversalchardet:juniversalchardet:1.0.3) with MergeInstrumentationAnalysisTransform
Transforming jna-platform-5.6.0.jar (net.java.dev.jna:jna-platform:5.6.0) with ExternalDependencyInstrumentingArtifactTransform
Transforming javax.annotation-api-1.3.2.jar (javax.annotation:javax.annotation-api:1.3.2) with InstrumentationAnalysisTransform
Transforming javax.annotation-api-1.3.2.jar (javax.annotation:javax.annotation-api:1.3.2) with MergeInstrumentationAnalysisTransform
Transforming stax-ex-1.8.1.jar (org.jvnet.staxex:stax-ex:1.8.1) with InstrumentationAnalysisTransform
Transforming juniversalchardet-1.0.3.jar (com.googlecode.juniversalchardet:juniversalchardet:1.0.3) with ExternalDependencyInstrumentingArtifactTransform
Transforming stax-ex-1.8.1.jar (org.jvnet.staxex:stax-ex:1.8.1) with MergeInstrumentationAnalysisTransform
Transforming jakarta.xml.bind-api-2.3.2.jar (jakarta.xml.bind:jakarta.xml.bind-api:2.3.2) with InstrumentationAnalysisTransform
Transforming jakarta.xml.bind-api-2.3.2.jar (jakarta.xml.bind:jakarta.xml.bind-api:2.3.2) with MergeInstrumentationAnalysisTransform
Transforming txw2-2.3.2.jar (org.glassfish.jaxb:txw2:2.3.2) with InstrumentationAnalysisTransform
Transforming javax.annotation-api-1.3.2.jar (javax.annotation:javax.annotation-api:1.3.2) with ExternalDependencyInstrumentingArtifactTransform
Transforming txw2-2.3.2.jar (org.glassfish.jaxb:txw2:2.3.2) with MergeInstrumentationAnalysisTransform
Transforming istack-commons-runtime-3.0.8.jar (com.sun.istack:istack-commons-runtime:3.0.8) with InstrumentationAnalysisTransform
Transforming istack-commons-runtime-3.0.8.jar (com.sun.istack:istack-commons-runtime:3.0.8) with MergeInstrumentationAnalysisTransform
Transforming FastInfoset-1.2.16.jar (com.sun.xml.fastinfoset:FastInfoset:1.2.16) with InstrumentationAnalysisTransform
Transforming stax-ex-1.8.1.jar (org.jvnet.staxex:stax-ex:1.8.1) with ExternalDependencyInstrumentingArtifactTransform
Transforming FastInfoset-1.2.16.jar (com.sun.xml.fastinfoset:FastInfoset:1.2.16) with MergeInstrumentationAnalysisTransform
Transforming jakarta.activation-api-1.2.1.jar (jakarta.activation:jakarta.activation-api:1.2.1) with InstrumentationAnalysisTransform
Transforming jakarta.activation-api-1.2.1.jar (jakarta.activation:jakarta.activation-api:1.2.1) with MergeInstrumentationAnalysisTransform
Transforming auto-value-annotations-1.6.2.jar (com.google.auto.value:auto-value-annotations:1.6.2) with InstrumentationAnalysisTransform
Transforming jakarta.xml.bind-api-2.3.2.jar (jakarta.xml.bind:jakarta.xml.bind-api:2.3.2) with ExternalDependencyInstrumentingArtifactTransform
Transforming auto-value-annotations-1.6.2.jar (com.google.auto.value:auto-value-annotations:1.6.2) with MergeInstrumentationAnalysisTransform
Transforming error_prone_annotations-2.11.0.jar (com.google.errorprone:error_prone_annotations:2.11.0) with InstrumentationAnalysisTransform
Transforming istack-commons-runtime-3.0.8.jar (com.sun.istack:istack-commons-runtime:3.0.8) with ExternalDependencyInstrumentingArtifactTransform
Transforming FastInfoset-1.2.16.jar (com.sun.xml.fastinfoset:FastInfoset:1.2.16) with ExternalDependencyInstrumentingArtifactTransform
Transforming jakarta.activation-api-1.2.1.jar (jakarta.activation:jakarta.activation-api:1.2.1) with ExternalDependencyInstrumentingArtifactTransform
Transforming auto-value-annotations-1.6.2.jar (com.google.auto.value:auto-value-annotations:1.6.2) with ExternalDependencyInstrumentingArtifactTransform
Transforming txw2-2.3.2.jar (org.glassfish.jaxb:txw2:2.3.2) with ExternalDependencyInstrumentingArtifactTransform
Transforming error_prone_annotations-2.11.0.jar (com.google.errorprone:error_prone_annotations:2.11.0) with MergeInstrumentationAnalysisTransform
Transforming jose4j-0.7.0.jar (org.bitbucket.b_c:jose4j:0.7.0) with InstrumentationAnalysisTransform
Transforming jose4j-0.7.0.jar (org.bitbucket.b_c:jose4j:0.7.0) with MergeInstrumentationAnalysisTransform
Transforming biz.aQute.bndlib-6.3.1.jar (biz.aQute.bnd:biz.aQute.bndlib:6.3.1) with InstrumentationAnalysisTransform
Transforming biz.aQute.bndlib-6.3.1.jar (biz.aQute.bnd:biz.aQute.bndlib:6.3.1) with MergeInstrumentationAnalysisTransform
Transforming error_prone_annotations-2.11.0.jar (com.google.errorprone:error_prone_annotations:2.11.0) with ExternalDependencyInstrumentingArtifactTransform
Transforming micronaut-test-resources-build-tools-2.3.0.jar (io.micronaut.testresources:micronaut-test-resources-build-tools:2.3.0) with InstrumentationAnalysisTransform
Transforming jose4j-0.7.0.jar (org.bitbucket.b_c:jose4j:0.7.0) with ExternalDependencyInstrumentingArtifactTransform
Transforming micronaut-test-resources-build-tools-2.3.0.jar (io.micronaut.testresources:micronaut-test-resources-build-tools:2.3.0) with MergeInstrumentationAnalysisTransform
Transforming biz.aQute.bndlib-6.3.1.jar (biz.aQute.bnd:biz.aQute.bndlib:6.3.1) with ExternalDependencyInstrumentingArtifactTransform
Transforming slf4j-api-2.0.9.jar (org.slf4j:slf4j-api:2.0.9) with InstrumentationAnalysisTransform
Transforming slf4j-api-2.0.9.jar (org.slf4j:slf4j-api:2.0.9) with MergeInstrumentationAnalysisTransform
Transforming j2objc-annotations-1.3.jar (com.google.j2objc:j2objc-annotations:1.3) with InstrumentationAnalysisTransform
Transforming micronaut-test-resources-build-tools-2.3.0.jar (io.micronaut.testresources:micronaut-test-resources-build-tools:2.3.0) with ExternalDependencyInstrumentingArtifactTransform
Transforming j2objc-annotations-1.3.jar (com.google.j2objc:j2objc-annotations:1.3) with MergeInstrumentationAnalysisTransform
Transforming slf4j-api-2.0.9.jar (org.slf4j:slf4j-api:2.0.9) with ExternalDependencyInstrumentingArtifactTransform
Transforming jsr305-3.0.2.jar (com.google.code.findbugs:jsr305:3.0.2) with InstrumentationAnalysisTransform
Transforming jsr305-3.0.2.jar (com.google.code.findbugs:jsr305:3.0.2) with MergeInstrumentationAnalysisTransform
Transforming j2objc-annotations-1.3.jar (com.google.j2objc:j2objc-annotations:1.3) with ExternalDependencyInstrumentingArtifactTransform
Transforming annotations-4.1.1.4.jar (com.google.android:annotations:4.1.1.4) with InstrumentationAnalysisTransform
Transforming annotations-4.1.1.4.jar (com.google.android:annotations:4.1.1.4) with MergeInstrumentationAnalysisTransform
Transforming animal-sniffer-annotations-1.19.jar (org.codehaus.mojo:animal-sniffer-annotations:1.19) with InstrumentationAnalysisTransform
Transforming animal-sniffer-annotations-1.19.jar (org.codehaus.mojo:animal-sniffer-annotations:1.19) with MergeInstrumentationAnalysisTransform
Transforming perfmark-api-0.23.0.jar (io.perfmark:perfmark-api:0.23.0) with InstrumentationAnalysisTransform
Transforming jsr305-3.0.2.jar (com.google.code.findbugs:jsr305:3.0.2) with ExternalDependencyInstrumentingArtifactTransform
Transforming annotations-4.1.1.4.jar (com.google.android:annotations:4.1.1.4) with ExternalDependencyInstrumentingArtifactTransform
Transforming animal-sniffer-annotations-1.19.jar (org.codehaus.mojo:animal-sniffer-annotations:1.19) with ExternalDependencyInstrumentingArtifactTransform
Transforming perfmark-api-0.23.0.jar (io.perfmark:perfmark-api:0.23.0) with MergeInstrumentationAnalysisTransform
Transforming netty-codec-http2-4.1.97.Final.jar (io.netty:netty-codec-http2:4.1.97.Final) with InstrumentationAnalysisTransform
Transforming netty-codec-http2-4.1.97.Final.jar (io.netty:netty-codec-http2:4.1.97.Final) with MergeInstrumentationAnalysisTransform
Transforming netty-handler-proxy-4.1.97.Final.jar (io.netty:netty-handler-proxy:4.1.97.Final) with InstrumentationAnalysisTransform
Transforming perfmark-api-0.23.0.jar (io.perfmark:perfmark-api:0.23.0) with ExternalDependencyInstrumentingArtifactTransform
Transforming netty-handler-proxy-4.1.97.Final.jar (io.netty:netty-handler-proxy:4.1.97.Final) with MergeInstrumentationAnalysisTransform
Transforming checker-qual-3.12.0.jar (org.checkerframework:checker-qual:3.12.0) with InstrumentationAnalysisTransform
Transforming netty-codec-http2-4.1.97.Final.jar (io.netty:netty-codec-http2:4.1.97.Final) with ExternalDependencyInstrumentingArtifactTransform
Transforming checker-qual-3.12.0.jar (org.checkerframework:checker-qual:3.12.0) with MergeInstrumentationAnalysisTransform
Transforming commons-codec-1.11.jar (commons-codec:commons-codec:1.11) with InstrumentationAnalysisTransform
Transforming netty-handler-proxy-4.1.97.Final.jar (io.netty:netty-handler-proxy:4.1.97.Final) with ExternalDependencyInstrumentingArtifactTransform
Transforming commons-codec-1.11.jar (commons-codec:commons-codec:1.11) with MergeInstrumentationAnalysisTransform
Transforming apksig-8.2.2.jar (com.android.tools.build:apksig:8.2.2) with InstrumentationAnalysisTransform
Transforming checker-qual-3.12.0.jar (org.checkerframework:checker-qual:3.12.0) with ExternalDependencyInstrumentingArtifactTransform
Transforming apksig-8.2.2.jar (com.android.tools.build:apksig:8.2.2) with MergeInstrumentationAnalysisTransform
Transforming javawriter-2.5.0.jar (com.squareup:javawriter:2.5.0) with InstrumentationAnalysisTransform
Transforming javawriter-2.5.0.jar (com.squareup:javawriter:2.5.0) with MergeInstrumentationAnalysisTransform
Transforming commons-codec-1.11.jar (commons-codec:commons-codec:1.11) with ExternalDependencyInstrumentingArtifactTransform
Transforming kotlin-gradle-plugin-annotations-1.9.23.jar (org.jetbrains.kotlin:kotlin-gradle-plugin-annotations:1.9.23) with InstrumentationAnalysisTransform
Transforming apksig-8.2.2.jar (com.android.tools.build:apksig:8.2.2) with ExternalDependencyInstrumentingArtifactTransform
Transforming javawriter-2.5.0.jar (com.squareup:javawriter:2.5.0) with ExternalDependencyInstrumentingArtifactTransform
Transforming kotlin-gradle-plugin-annotations-1.9.23.jar (org.jetbrains.kotlin:kotlin-gradle-plugin-annotations:1.9.23) with MergeInstrumentationAnalysisTransform
Transforming kotlin-project-model-1.9.23.jar (org.jetbrains.kotlin:kotlin-project-model:1.9.23) with InstrumentationAnalysisTransform
Transforming kotlin-project-model-1.9.23.jar (org.jetbrains.kotlin:kotlin-project-model:1.9.23) with MergeInstrumentationAnalysisTransform
Transforming kotlin-tooling-core-1.9.23.jar (org.jetbrains.kotlin:kotlin-tooling-core:1.9.23) with InstrumentationAnalysisTransform
Transforming kotlin-gradle-plugin-annotations-1.9.23.jar (org.jetbrains.kotlin:kotlin-gradle-plugin-annotations:1.9.23) with ExternalDependencyInstrumentingArtifactTransform
Transforming kotlin-tooling-core-1.9.23.jar (org.jetbrains.kotlin:kotlin-tooling-core:1.9.23) with MergeInstrumentationAnalysisTransform
Transforming kotlin-project-model-1.9.23.jar (org.jetbrains.kotlin:kotlin-project-model:1.9.23) with ExternalDependencyInstrumentingArtifactTransform
Transforming kotlin-util-io-1.9.23.jar (org.jetbrains.kotlin:kotlin-util-io:1.9.23) with InstrumentationAnalysisTransform
Transforming kotlin-util-io-1.9.23.jar (org.jetbrains.kotlin:kotlin-util-io:1.9.23) with MergeInstrumentationAnalysisTransform
Transforming kotlin-daemon-embeddable-1.9.23.jar (org.jetbrains.kotlin:kotlin-daemon-embeddable:1.9.23) with InstrumentationAnalysisTransform
Transforming kotlin-tooling-core-1.9.23.jar (org.jetbrains.kotlin:kotlin-tooling-core:1.9.23) with ExternalDependencyInstrumentingArtifactTransform
Transforming kotlin-util-io-1.9.23.jar (org.jetbrains.kotlin:kotlin-util-io:1.9.23) with ExternalDependencyInstrumentingArtifactTransform
Transforming kotlin-daemon-embeddable-1.9.23.jar (org.jetbrains.kotlin:kotlin-daemon-embeddable:1.9.23) with MergeInstrumentationAnalysisTransform
Transforming kotlin-daemon-client-1.9.23.jar (org.jetbrains.kotlin:kotlin-daemon-client:1.9.23) with InstrumentationAnalysisTransform
Transforming kotlin-daemon-client-1.9.23.jar (org.jetbrains.kotlin:kotlin-daemon-client:1.9.23) with MergeInstrumentationAnalysisTransform
Transforming kotlinx-coroutines-core-jvm-1.7.3.jar (org.jetbrains.kotlinx:kotlinx-coroutines-core-jvm:1.7.3) with InstrumentationAnalysisTransform
Transforming kotlin-daemon-embeddable-1.9.23.jar (org.jetbrains.kotlin:kotlin-daemon-embeddable:1.9.23) with ExternalDependencyInstrumentingArtifactTransform
Transforming kotlinx-coroutines-core-jvm-1.7.3.jar (org.jetbrains.kotlinx:kotlinx-coroutines-core-jvm:1.7.3) with MergeInstrumentationAnalysisTransform
Transforming kotlin-scripting-jvm-1.9.23.jar (org.jetbrains.kotlin:kotlin-scripting-jvm:1.9.23) with InstrumentationAnalysisTransform
Transforming kotlin-daemon-client-1.9.23.jar (org.jetbrains.kotlin:kotlin-daemon-client:1.9.23) with ExternalDependencyInstrumentingArtifactTransform
Transforming kotlinx-coroutines-core-jvm-1.7.3.jar (org.jetbrains.kotlinx:kotlinx-coroutines-core-jvm:1.7.3) with ExternalDependencyInstrumentingArtifactTransform
Transforming kotlin-scripting-jvm-1.9.23.jar (org.jetbrains.kotlin:kotlin-scripting-jvm:1.9.23) with MergeInstrumentationAnalysisTransform
Transforming kotlin-scripting-common-1.9.23.jar (org.jetbrains.kotlin:kotlin-scripting-common:1.9.23) with InstrumentationAnalysisTransform
Transforming kotlin-scripting-common-1.9.23.jar (org.jetbrains.kotlin:kotlin-scripting-common:1.9.23) with MergeInstrumentationAnalysisTransform
Transforming durian-io-1.2.0.jar (com.diffplug.durian:durian-io:1.2.0) with InstrumentationAnalysisTransform
Transforming kotlin-scripting-jvm-1.9.23.jar (org.jetbrains.kotlin:kotlin-scripting-jvm:1.9.23) with ExternalDependencyInstrumentingArtifactTransform
Transforming durian-io-1.2.0.jar (com.diffplug.durian:durian-io:1.2.0) with MergeInstrumentationAnalysisTransform
Transforming durian-collect-1.2.0.jar (com.diffplug.durian:durian-collect:1.2.0) with InstrumentationAnalysisTransform
Transforming kotlin-scripting-common-1.9.23.jar (org.jetbrains.kotlin:kotlin-scripting-common:1.9.23) with ExternalDependencyInstrumentingArtifactTransform
Transforming durian-collect-1.2.0.jar (com.diffplug.durian:durian-collect:1.2.0) with MergeInstrumentationAnalysisTransform
Transforming durian-core-1.2.0.jar (com.diffplug.durian:durian-core:1.2.0) with InstrumentationAnalysisTransform
Transforming durian-core-1.2.0.jar (com.diffplug.durian:durian-core:1.2.0) with MergeInstrumentationAnalysisTransform
Transforming durian-swt.os-3.6.1.jar (com.diffplug.durian:durian-swt.os:3.6.1) with InstrumentationAnalysisTransform
Transforming durian-collect-1.2.0.jar (com.diffplug.durian:durian-collect:1.2.0) with ExternalDependencyInstrumentingArtifactTransform
Transforming durian-swt.os-3.6.1.jar (com.diffplug.durian:durian-swt.os:3.6.1) with MergeInstrumentationAnalysisTransform
Transforming spotless-lib-2.28.0.jar (com.diffplug.spotless:spotless-lib:2.28.0) with InstrumentationAnalysisTransform
Transforming durian-io-1.2.0.jar (com.diffplug.durian:durian-io:1.2.0) with ExternalDependencyInstrumentingArtifactTransform
Transforming durian-core-1.2.0.jar (com.diffplug.durian:durian-core:1.2.0) with ExternalDependencyInstrumentingArtifactTransform
Transforming spotless-lib-2.28.0.jar (com.diffplug.spotless:spotless-lib:2.28.0) with MergeInstrumentationAnalysisTransform
Transforming durian-swt.os-3.6.1.jar (com.diffplug.durian:durian-swt.os:3.6.1) with ExternalDependencyInstrumentingArtifactTransform
Transforming org.eclipse.osgi.compatibility.state-1.1.600.jar (org.eclipse.platform:org.eclipse.osgi.compatibility.state:1.1.600) with InstrumentationAnalysisTransform
Transforming org.eclipse.osgi.compatibility.state-1.1.600.jar (org.eclipse.platform:org.eclipse.osgi.compatibility.state:1.1.600) with MergeInstrumentationAnalysisTransform
Transforming spotless-lib-2.28.0.jar (com.diffplug.spotless:spotless-lib:2.28.0) with ExternalDependencyInstrumentingArtifactTransform
Transforming org.eclipse.osgi-3.15.0.jar (org.eclipse.platform:org.eclipse.osgi:3.15.0) with InstrumentationAnalysisTransform
Transforming org.eclipse.osgi.compatibility.state-1.1.600.jar (org.eclipse.platform:org.eclipse.osgi.compatibility.state:1.1.600) with ExternalDependencyInstrumentingArtifactTransform
Transforming org.eclipse.osgi-3.15.0.jar (org.eclipse.platform:org.eclipse.osgi:3.15.0) with MergeInstrumentationAnalysisTransform
Transforming gradle-docker-plugin-9.4.0.jar (com.bmuschko:gradle-docker-plugin:9.4.0) with InstrumentationAnalysisTransform
Transforming gradle-docker-plugin-9.4.0.jar (com.bmuschko:gradle-docker-plugin:9.4.0) with MergeInstrumentationAnalysisTransform
Transforming native-gradle-plugin-0.9.28.jar (org.graalvm.buildtools:native-gradle-plugin:0.9.28) with InstrumentationAnalysisTransform
Transforming native-gradle-plugin-0.9.28.jar (org.graalvm.buildtools:native-gradle-plugin:0.9.28) with MergeInstrumentationAnalysisTransform
Transforming micronaut-aot-std-optimizers-2.1.1.jar (io.micronaut.aot:micronaut-aot-std-optimizers:2.1.1) with InstrumentationAnalysisTransform
Transforming org.eclipse.osgi-3.15.0.jar (org.eclipse.platform:org.eclipse.osgi:3.15.0) with ExternalDependencyInstrumentingArtifactTransform
Transforming gradle-docker-plugin-9.4.0.jar (com.bmuschko:gradle-docker-plugin:9.4.0) with ExternalDependencyInstrumentingArtifactTransform
Transforming micronaut-aot-std-optimizers-2.1.1.jar (io.micronaut.aot:micronaut-aot-std-optimizers:2.1.1) with MergeInstrumentationAnalysisTransform
Transforming ant-launcher-1.10.13.jar (org.apache.ant:ant-launcher:1.10.13) with InstrumentationAnalysisTransform
Transforming native-gradle-plugin-0.9.28.jar (org.graalvm.buildtools:native-gradle-plugin:0.9.28) with ExternalDependencyInstrumentingArtifactTransform
Transforming ant-launcher-1.10.13.jar (org.apache.ant:ant-launcher:1.10.13) with MergeInstrumentationAnalysisTransform
Transforming micronaut-aot-std-optimizers-2.1.1.jar (io.micronaut.aot:micronaut-aot-std-optimizers:2.1.1) with ExternalDependencyInstrumentingArtifactTransform
Transforming log4j-api-2.20.0.jar (org.apache.logging.log4j:log4j-api:2.20.0) with InstrumentationAnalysisTransform
Transforming log4j-api-2.20.0.jar (org.apache.logging.log4j:log4j-api:2.20.0) with MergeInstrumentationAnalysisTransform
Transforming failureaccess-1.0.1.jar (com.google.guava:failureaccess:1.0.1) with InstrumentationAnalysisTransform
Transforming failureaccess-1.0.1.jar (com.google.guava:failureaccess:1.0.1) with MergeInstrumentationAnalysisTransform
Transforming ant-launcher-1.10.13.jar (org.apache.ant:ant-launcher:1.10.13) with ExternalDependencyInstrumentingArtifactTransform
Transforming log4j-api-2.20.0.jar (org.apache.logging.log4j:log4j-api:2.20.0) with ExternalDependencyInstrumentingArtifactTransform
Transforming listenablefuture-9999.0-empty-to-avoid-conflict-with-guava.jar (com.google.guava:listenablefuture:9999.0-empty-to-avoid-conflict-with-guava) with InstrumentationAnalysisTransform
Transforming listenablefuture-9999.0-empty-to-avoid-conflict-with-guava.jar (com.google.guava:listenablefuture:9999.0-empty-to-avoid-conflict-with-guava) with MergeInstrumentationAnalysisTransform
Transforming xml-apis-1.4.01.jar (xml-apis:xml-apis:1.4.01) with InstrumentationAnalysisTransform
Transforming xml-apis-1.4.01.jar (xml-apis:xml-apis:1.4.01) with MergeInstrumentationAnalysisTransform
Transforming commons-logging-1.2.jar (commons-logging:commons-logging:1.2) with InstrumentationAnalysisTransform
Transforming failureaccess-1.0.1.jar (com.google.guava:failureaccess:1.0.1) with ExternalDependencyInstrumentingArtifactTransform
Transforming commons-logging-1.2.jar (commons-logging:commons-logging:1.2) with MergeInstrumentationAnalysisTransform
Transforming jna-5.6.0.jar (net.java.dev.jna:jna:5.6.0) with InstrumentationAnalysisTransform
Transforming jna-5.6.0.jar (net.java.dev.jna:jna:5.6.0) with MergeInstrumentationAnalysisTransform
Transforming kotlin-stdlib-common-1.9.0.jar (org.jetbrains.kotlin:kotlin-stdlib-common:1.9.0) with InstrumentationAnalysisTransform
Transforming kotlin-stdlib-common-1.9.0.jar (org.jetbrains.kotlin:kotlin-stdlib-common:1.9.0) with MergeInstrumentationAnalysisTransform
Transforming grpc-context-1.45.1.jar (io.grpc:grpc-context:1.45.1) with InstrumentationAnalysisTransform
Transforming grpc-context-1.45.1.jar (io.grpc:grpc-context:1.45.1) with MergeInstrumentationAnalysisTransform
Transforming netty-codec-http-4.1.97.Final.jar (io.netty:netty-codec-http:4.1.97.Final) with InstrumentationAnalysisTransform
Transforming listenablefuture-9999.0-empty-to-avoid-conflict-with-guava.jar (com.google.guava:listenablefuture:9999.0-empty-to-avoid-conflict-with-guava) with ExternalDependencyInstrumentingArtifactTransform
Transforming netty-codec-http-4.1.97.Final.jar (io.netty:netty-codec-http:4.1.97.Final) with MergeInstrumentationAnalysisTransform
Transforming netty-handler-4.1.97.Final.jar (io.netty:netty-handler:4.1.97.Final) with InstrumentationAnalysisTransform
Transforming netty-handler-4.1.97.Final.jar (io.netty:netty-handler:4.1.97.Final) with MergeInstrumentationAnalysisTransform
Transforming netty-codec-socks-4.1.97.Final.jar (io.netty:netty-codec-socks:4.1.97.Final) with InstrumentationAnalysisTransform
Transforming netty-codec-socks-4.1.97.Final.jar (io.netty:netty-codec-socks:4.1.97.Final) with MergeInstrumentationAnalysisTransform
Transforming netty-codec-4.1.97.Final.jar (io.netty:netty-codec:4.1.97.Final) with InstrumentationAnalysisTransform
Transforming xml-apis-1.4.01.jar (xml-apis:xml-apis:1.4.01) with ExternalDependencyInstrumentingArtifactTransform
Transforming netty-codec-4.1.97.Final.jar (io.netty:netty-codec:4.1.97.Final) with MergeInstrumentationAnalysisTransform
Transforming netty-transport-native-unix-common-4.1.97.Final.jar (io.netty:netty-transport-native-unix-common:4.1.97.Final) with InstrumentationAnalysisTransform
Transforming netty-transport-native-unix-common-4.1.97.Final.jar (io.netty:netty-transport-native-unix-common:4.1.97.Final) with MergeInstrumentationAnalysisTransform
Transforming netty-transport-4.1.97.Final.jar (io.netty:netty-transport:4.1.97.Final) with InstrumentationAnalysisTransform
Transforming netty-transport-4.1.97.Final.jar (io.netty:netty-transport:4.1.97.Final) with MergeInstrumentationAnalysisTransform
Transforming netty-buffer-4.1.97.Final.jar (io.netty:netty-buffer:4.1.97.Final) with InstrumentationAnalysisTransform
Transforming commons-logging-1.2.jar (commons-logging:commons-logging:1.2) with ExternalDependencyInstrumentingArtifactTransform
Transforming netty-buffer-4.1.97.Final.jar (io.netty:netty-buffer:4.1.97.Final) with MergeInstrumentationAnalysisTransform
Transforming netty-resolver-4.1.97.Final.jar (io.netty:netty-resolver:4.1.97.Final) with InstrumentationAnalysisTransform
Transforming netty-resolver-4.1.97.Final.jar (io.netty:netty-resolver:4.1.97.Final) with MergeInstrumentationAnalysisTransform
Transforming netty-common-4.1.97.Final.jar (io.netty:netty-common:4.1.97.Final) with InstrumentationAnalysisTransform
Transforming netty-common-4.1.97.Final.jar (io.netty:netty-common:4.1.97.Final) with MergeInstrumentationAnalysisTransform
Transforming org.osgi.dto-1.0.0.jar (org.osgi:org.osgi.dto:1.0.0) with InstrumentationAnalysisTransform
Transforming org.osgi.dto-1.0.0.jar (org.osgi:org.osgi.dto:1.0.0) with MergeInstrumentationAnalysisTransform
Transforming jna-5.6.0.jar (net.java.dev.jna:jna:5.6.0) with ExternalDependencyInstrumentingArtifactTransform
Transforming org.osgi.resource-1.0.0.jar (org.osgi:org.osgi.resource:1.0.0) with InstrumentationAnalysisTransform
Transforming org.osgi.resource-1.0.0.jar (org.osgi:org.osgi.resource:1.0.0) with MergeInstrumentationAnalysisTransform
Transforming org.osgi.framework-1.8.0.jar (org.osgi:org.osgi.framework:1.8.0) with InstrumentationAnalysisTransform
Transforming org.osgi.framework-1.8.0.jar (org.osgi:org.osgi.framework:1.8.0) with MergeInstrumentationAnalysisTransform
Transforming org.osgi.util.tracker-1.5.4.jar (org.osgi:org.osgi.util.tracker:1.5.4) with InstrumentationAnalysisTransform
Transforming org.osgi.util.tracker-1.5.4.jar (org.osgi:org.osgi.util.tracker:1.5.4) with MergeInstrumentationAnalysisTransform
Transforming org.osgi.service.log-1.3.0.jar (org.osgi:org.osgi.service.log:1.3.0) with InstrumentationAnalysisTransform
Transforming kotlin-stdlib-common-1.9.0.jar (org.jetbrains.kotlin:kotlin-stdlib-common:1.9.0) with ExternalDependencyInstrumentingArtifactTransform
Transforming org.osgi.service.log-1.3.0.jar (org.osgi:org.osgi.service.log:1.3.0) with MergeInstrumentationAnalysisTransform
Transforming org.osgi.service.repository-1.1.0.jar (org.osgi:org.osgi.service.repository:1.1.0) with InstrumentationAnalysisTransform
Transforming org.osgi.service.repository-1.1.0.jar (org.osgi:org.osgi.service.repository:1.1.0) with MergeInstrumentationAnalysisTransform
Transforming org.osgi.util.promise-1.2.0.jar (org.osgi:org.osgi.util.promise:1.2.0) with InstrumentationAnalysisTransform
Transforming org.osgi.util.promise-1.2.0.jar (org.osgi:org.osgi.util.promise:1.2.0) with MergeInstrumentationAnalysisTransform
Transforming org.osgi.util.function-1.2.0.jar (org.osgi:org.osgi.util.function:1.2.0) with InstrumentationAnalysisTransform
Transforming org.osgi.util.function-1.2.0.jar (org.osgi:org.osgi.util.function:1.2.0) with MergeInstrumentationAnalysisTransform
Transforming biz.aQute.bnd.util-6.3.1.jar (biz.aQute.bnd:biz.aQute.bnd.util:6.3.1) with InstrumentationAnalysisTransform
Transforming biz.aQute.bnd.util-6.3.1.jar (biz.aQute.bnd:biz.aQute.bnd.util:6.3.1) with MergeInstrumentationAnalysisTransform
Transforming utils-0.9.28.jar (org.graalvm.buildtools:utils:0.9.28) with InstrumentationAnalysisTransform
Transforming utils-0.9.28.jar (org.graalvm.buildtools:utils:0.9.28) with MergeInstrumentationAnalysisTransform
Transforming graalvm-reachability-metadata-0.9.28.jar (org.graalvm.buildtools:graalvm-reachability-metadata:0.9.28) with InstrumentationAnalysisTransform
Transforming graalvm-reachability-metadata-0.9.28.jar (org.graalvm.buildtools:graalvm-reachability-metadata:0.9.28) with MergeInstrumentationAnalysisTransform
Transforming picocli-4.7.4.jar (info.picocli:picocli:4.7.4) with InstrumentationAnalysisTransform
Transforming picocli-4.7.4.jar (info.picocli:picocli:4.7.4) with MergeInstrumentationAnalysisTransform
Transforming osgi.annotation-8.0.1.jar (org.osgi:osgi.annotation:8.0.1) with InstrumentationAnalysisTransform
Transforming osgi.annotation-8.0.1.jar (org.osgi:osgi.annotation:8.0.1) with MergeInstrumentationAnalysisTransform
Transforming jackson-annotations-2.15.2.jar (com.fasterxml.jackson.core:jackson-annotations:2.15.2) with InstrumentationAnalysisTransform
Transforming jackson-annotations-2.15.2.jar (com.fasterxml.jackson.core:jackson-annotations:2.15.2) with MergeInstrumentationAnalysisTransform
Transforming jackson-core-2.15.2.jar (com.fasterxml.jackson.core:jackson-core:2.15.2) with InstrumentationAnalysisTransform
Transforming jackson-core-2.15.2.jar (com.fasterxml.jackson.core:jackson-core:2.15.2) with MergeInstrumentationAnalysisTransform
Transforming jackson-databind-2.15.2.jar (com.fasterxml.jackson.core:jackson-databind:2.15.2) with InstrumentationAnalysisTransform
Transforming jackson-databind-2.15.2.jar (com.fasterxml.jackson.core:jackson-databind:2.15.2) with MergeInstrumentationAnalysisTransform
Transforming netty-codec-http-4.1.97.Final.jar (io.netty:netty-codec-http:4.1.97.Final) with ExternalDependencyInstrumentingArtifactTransform
Transforming netty-handler-4.1.97.Final.jar (io.netty:netty-handler:4.1.97.Final) with ExternalDependencyInstrumentingArtifactTransform
Transforming netty-codec-socks-4.1.97.Final.jar (io.netty:netty-codec-socks:4.1.97.Final) with ExternalDependencyInstrumentingArtifactTransform
Transforming netty-codec-4.1.97.Final.jar (io.netty:netty-codec:4.1.97.Final) with ExternalDependencyInstrumentingArtifactTransform
Transforming netty-transport-native-unix-common-4.1.97.Final.jar (io.netty:netty-transport-native-unix-common:4.1.97.Final) with ExternalDependencyInstrumentingArtifactTransform
Transforming netty-transport-4.1.97.Final.jar (io.netty:netty-transport:4.1.97.Final) with ExternalDependencyInstrumentingArtifactTransform
Transforming netty-buffer-4.1.97.Final.jar (io.netty:netty-buffer:4.1.97.Final) with ExternalDependencyInstrumentingArtifactTransform
Transforming netty-resolver-4.1.97.Final.jar (io.netty:netty-resolver:4.1.97.Final) with ExternalDependencyInstrumentingArtifactTransform
Transforming netty-common-4.1.97.Final.jar (io.netty:netty-common:4.1.97.Final) with ExternalDependencyInstrumentingArtifactTransform
Transforming org.osgi.dto-1.0.0.jar (org.osgi:org.osgi.dto:1.0.0) with ExternalDependencyInstrumentingArtifactTransform
Transforming org.osgi.resource-1.0.0.jar (org.osgi:org.osgi.resource:1.0.0) with ExternalDependencyInstrumentingArtifactTransform
Transforming org.osgi.framework-1.8.0.jar (org.osgi:org.osgi.framework:1.8.0) with ExternalDependencyInstrumentingArtifactTransform
Transforming org.osgi.util.tracker-1.5.4.jar (org.osgi:org.osgi.util.tracker:1.5.4) with ExternalDependencyInstrumentingArtifactTransform
Transforming org.osgi.service.log-1.3.0.jar (org.osgi:org.osgi.service.log:1.3.0) with ExternalDependencyInstrumentingArtifactTransform
Transforming org.osgi.service.repository-1.1.0.jar (org.osgi:org.osgi.service.repository:1.1.0) with ExternalDependencyInstrumentingArtifactTransform
Transforming org.osgi.util.promise-1.2.0.jar (org.osgi:org.osgi.util.promise:1.2.0) with ExternalDependencyInstrumentingArtifactTransform
Transforming org.osgi.util.function-1.2.0.jar (org.osgi:org.osgi.util.function:1.2.0) with ExternalDependencyInstrumentingArtifactTransform
Transforming biz.aQute.bnd.util-6.3.1.jar (biz.aQute.bnd:biz.aQute.bnd.util:6.3.1) with ExternalDependencyInstrumentingArtifactTransform
Transforming utils-0.9.28.jar (org.graalvm.buildtools:utils:0.9.28) with ExternalDependencyInstrumentingArtifactTransform
Transforming graalvm-reachability-metadata-0.9.28.jar (org.graalvm.buildtools:graalvm-reachability-metadata:0.9.28) with ExternalDependencyInstrumentingArtifactTransform
Transforming picocli-4.7.4.jar (info.picocli:picocli:4.7.4) with ExternalDependencyInstrumentingArtifactTransform
Transforming osgi.annotation-8.0.1.jar (org.osgi:osgi.annotation:8.0.1) with ExternalDependencyInstrumentingArtifactTransform
Transforming jackson-annotations-2.15.2.jar (com.fasterxml.jackson.core:jackson-annotations:2.15.2) with ExternalDependencyInstrumentingArtifactTransform
Transforming jackson-databind-2.15.2.jar (com.fasterxml.jackson.core:jackson-databind:2.15.2) with ExternalDependencyInstrumentingArtifactTransform
Transforming jackson-core-2.15.2.jar (com.fasterxml.jackson.core:jackson-core:2.15.2) with ExternalDependencyInstrumentingArtifactTransform
Transforming grpc-context-1.45.1.jar (io.grpc:grpc-context:1.45.1) with ExternalDependencyInstrumentingArtifactTransform

> Configure project :android
Evaluating project ':android' using build file '/home/colton/Repos/taskflow/android/build.gradle'.
Using default execution profile
Using Kotlin Gradle Plugin gradle82 variant

> Configure project :backend
Evaluating project ':backend' using build file '/home/colton/Repos/taskflow/backend/build.gradle'.
Transforming gradle-plugin-publishing-9.22.3.jar (gradle.plugin.org.flywaydb:gradle-plugin-publishing:9.22.3) with InstrumentationAnalysisTransform
Transforming flyway-core-9.22.3.jar (org.flywaydb:flyway-core:9.22.3) with InstrumentationAnalysisTransform
Transforming jackson-databind-2.15.2.jar (com.fasterxml.jackson.core:jackson-databind:2.15.2) with InstrumentationAnalysisTransform
Transforming jackson-core-2.15.2.jar (com.fasterxml.jackson.core:jackson-core:2.15.2) with InstrumentationAnalysisTransform
Transforming jackson-annotations-2.15.2.jar (com.fasterxml.jackson.core:jackson-annotations:2.15.2) with InstrumentationAnalysisTransform
Transforming jackson-dataformat-toml-2.15.2.jar (com.fasterxml.jackson.dataformat:jackson-dataformat-toml:2.15.2) with InstrumentationAnalysisTransform
Transforming gson-2.10.1.jar (com.google.code.gson:gson:2.10.1) with InstrumentationAnalysisTransform
Transforming gradle-plugin-publishing-9.22.3.jar (gradle.plugin.org.flywaydb:gradle-plugin-publishing:9.22.3) with InstrumentationAnalysisTransform
Transforming gradle-plugin-publishing-9.22.3.jar (gradle.plugin.org.flywaydb:gradle-plugin-publishing:9.22.3) with MergeInstrumentationAnalysisTransform
Transforming flyway-core-9.22.3.jar (org.flywaydb:flyway-core:9.22.3) with InstrumentationAnalysisTransform
Transforming flyway-core-9.22.3.jar (org.flywaydb:flyway-core:9.22.3) with MergeInstrumentationAnalysisTransform
Transforming jackson-databind-2.15.2.jar (com.fasterxml.jackson.core:jackson-databind:2.15.2) with InstrumentationAnalysisTransform
Transforming jackson-databind-2.15.2.jar (com.fasterxml.jackson.core:jackson-databind:2.15.2) with MergeInstrumentationAnalysisTransform
Transforming jackson-core-2.15.2.jar (com.fasterxml.jackson.core:jackson-core:2.15.2) with InstrumentationAnalysisTransform
Transforming jackson-core-2.15.2.jar (com.fasterxml.jackson.core:jackson-core:2.15.2) with MergeInstrumentationAnalysisTransform
Transforming gradle-plugin-publishing-9.22.3.jar (gradle.plugin.org.flywaydb:gradle-plugin-publishing:9.22.3) with ExternalDependencyInstrumentingArtifactTransform
Transforming jackson-annotations-2.15.2.jar (com.fasterxml.jackson.core:jackson-annotations:2.15.2) with InstrumentationAnalysisTransform
Transforming jackson-annotations-2.15.2.jar (com.fasterxml.jackson.core:jackson-annotations:2.15.2) with MergeInstrumentationAnalysisTransform
Transforming jackson-dataformat-toml-2.15.2.jar (com.fasterxml.jackson.dataformat:jackson-dataformat-toml:2.15.2) with InstrumentationAnalysisTransform
Transforming jackson-dataformat-toml-2.15.2.jar (com.fasterxml.jackson.dataformat:jackson-dataformat-toml:2.15.2) with MergeInstrumentationAnalysisTransform
Transforming flyway-core-9.22.3.jar (org.flywaydb:flyway-core:9.22.3) with ExternalDependencyInstrumentingArtifactTransform
Transforming gson-2.10.1.jar (com.google.code.gson:gson:2.10.1) with InstrumentationAnalysisTransform
Transforming gson-2.10.1.jar (com.google.code.gson:gson:2.10.1) with MergeInstrumentationAnalysisTransform
Transforming jackson-databind-2.15.2.jar (com.fasterxml.jackson.core:jackson-databind:2.15.2) with ExternalDependencyInstrumentingArtifactTransform
Transforming jackson-annotations-2.15.2.jar (com.fasterxml.jackson.core:jackson-annotations:2.15.2) with ExternalDependencyInstrumentingArtifactTransform
Transforming jackson-dataformat-toml-2.15.2.jar (com.fasterxml.jackson.dataformat:jackson-dataformat-toml:2.15.2) with ExternalDependencyInstrumentingArtifactTransform
Transforming gson-2.10.1.jar (com.google.code.gson:gson:2.10.1) with ExternalDependencyInstrumentingArtifactTransform
Transforming jackson-core-2.15.2.jar (com.fasterxml.jackson.core:jackson-core:2.15.2) with ExternalDependencyInstrumentingArtifactTransform
Using Kotlin Gradle Plugin gradle82 variant
kotlin scripting plugin: created the scripting discovery configuration: kotlinScriptDef
kotlin scripting plugin: created the scripting discovery configuration: testKotlinScriptDef
Creating docker tasks for image main
[native-image-plugin] ====================
[native-image-plugin] Initializing project: backend
[native-image-plugin] ====================
[native-image-plugin] Not instrumenting task with native-image-agent: compileKotlin. Reason: Task does not match user predicate
[native-image-plugin] Not instrumenting task with native-image-agent: compileTestKotlin. Reason: Task does not match user predicate
[native-image-plugin] Not instrumenting task with native-image-agent: flywayBaseline. Reason: Task does not match user predicate
[native-image-plugin] Not instrumenting task with native-image-agent: flywayClean. Reason: Task does not match user predicate
[native-image-plugin] Not instrumenting task with native-image-agent: flywayInfo. Reason: Task does not match user predicate
[native-image-plugin] Not instrumenting task with native-image-agent: flywayMigrate. Reason: Task does not match user predicate
[native-image-plugin] Not instrumenting task with native-image-agent: flywayRepair. Reason: Task does not match user predicate
[native-image-plugin] Not instrumenting task with native-image-agent: flywayUndo. Reason: Task does not match user predicate
[native-image-plugin] Not instrumenting task with native-image-agent: flywayValidate. Reason: Task does not match user predicate
[native-image-plugin] Not instrumenting task with native-image-agent: tasks. Reason: Task does not match user predicate
[native-image-plugin] Not instrumenting task with native-image-agent: compileJava. Reason: Task does not match user predicate
All projects evaluated.
Task path ':backend:test' matched project ':backend'
Task name matched 'test'
Selected primary task 'test' from project :backend
[native-image-plugin] Not instrumenting task with native-image-agent: inspectRuntimeClasspath. Reason: Task does not match user predicate
[native-image-plugin] Not instrumenting task with native-image-agent: compileTestJava. Reason: Task does not match user predicate
[native-image-plugin] Not instrumenting task with native-image-agent: kaptKotlin. Reason: Task does not match user predicate
[native-image-plugin] Not instrumenting task with native-image-agent: classes. Reason: Task does not match user predicate
[native-image-plugin] Not instrumenting task with native-image-agent: kaptTestKotlin. Reason: Task does not match user predicate
[native-image-plugin] Not instrumenting task with native-image-agent: testClasses. Reason: Task does not match user predicate
[native-image-plugin] Not instrumenting task with native-image-agent: jar. Reason: Task does not match user predicate
[native-image-plugin] Not instrumenting task with native-image-agent: runnerJar. Reason: Task does not match user predicate
[native-image-plugin] Not instrumenting task with native-image-agent: nativeCompileClasspathJar. Reason: Task does not match user predicate
[native-image-plugin] Not instrumenting task with native-image-agent: nativeTestCompileClasspathJar. Reason: Task does not match user predicate
[native-image-plugin] Not instrumenting task with native-image-agent: shadowJar. Reason: Task does not match user predicate
[native-image-plugin] Not instrumenting task with native-image-agent: processResources. Reason: Task does not match user predicate
[native-image-plugin] Not instrumenting task with native-image-agent: checkKotlinGradlePluginConfigurationErrors. Reason: Task does not match user predicate
[native-image-plugin] Not instrumenting task with native-image-agent: kaptGenerateStubsKotlin. Reason: Task does not match user predicate
[native-image-plugin] Not instrumenting task with native-image-agent: kaptGenerateStubsTestKotlin. Reason: Task does not match user predicate
[native-image-plugin] Not instrumenting task with native-image-agent: processTestResources. Reason: Task does not match user predicate
Tasks to be executed: [task ':backend:checkKotlinGradlePluginConfigurationErrors', task ':backend:kaptGenerateStubsKotlin', task ':backend:kaptKotlin', task ':backend:compileKotlin', task ':backend:compileJava', task ':backend:processResources', task ':backend:classes', task ':backend:kaptGenerateStubsTestKotlin', task ':backend:kaptTestKotlin', task ':backend:compileTestKotlin', task ':backend:compileTestJava', task ':backend:inspectRuntimeClasspath', task ':backend:processTestResources', task ':backend:testClasses', task ':backend:test']
Tasks that were excluded: []
[native-image-plugin] Not instrumenting task with native-image-agent: clean. Reason: Task does not match user predicate
Resolve mutations for :backend:checkKotlinGradlePluginConfigurationErrors (Thread[#5655,Execution worker,5,main]) started.
:backend:checkKotlinGradlePluginConfigurationErrors (Thread[#5655,Execution worker,5,main]) started.

> Task :backend:checkKotlinGradlePluginConfigurationErrors
Caching disabled for task ':backend:checkKotlinGradlePluginConfigurationErrors' because:
  Build cache is disabled
Task ':backend:checkKotlinGradlePluginConfigurationErrors' is not up-to-date because:
  Task has not declared any outputs despite executing actions.
Resolve mutations for :backend:kaptGenerateStubsKotlin (Thread[#5655,Execution worker,5,main]) started.
:backend:kaptGenerateStubsKotlin (Thread[#5655,Execution worker,5,main]) started.

> Task :backend:kaptGenerateStubsKotlin UP-TO-DATE
Transforming micronaut-runtime-4.2.1.jar with ClasspathEntrySnapshotTransform
Transforming micronaut-data-hibernate-jpa-4.3.1.jar with ClasspathEntrySnapshotTransform
Transforming micronaut-flyway-6.2.1.jar with ClasspathEntrySnapshotTransform
Transforming micronaut-kotlin-runtime-4.1.0.jar with ClasspathEntrySnapshotTransform
Transforming micronaut-jdbc-hikari-5.2.0.jar with ClasspathEntrySnapshotTransform
Transforming micronaut-validation-4.2.0.jar with ClasspathEntrySnapshotTransform
Transforming micronaut-http-client-4.2.1.jar with ClasspathEntrySnapshotTransform
Transforming micronaut-websocket-4.2.1.jar with ClasspathEntrySnapshotTransform
Transforming micronaut-http-client-core-4.2.1.jar with ClasspathEntrySnapshotTransform
Transforming micronaut-management-4.2.1.jar with ClasspathEntrySnapshotTransform
Transforming micronaut-discovery-core-4.2.1.jar with ClasspathEntrySnapshotTransform
Transforming micronaut-context-propagation-4.2.1.jar with ClasspathEntrySnapshotTransform
Transforming micronaut-http-server-netty-4.2.1.jar with ClasspathEntrySnapshotTransform
Transforming micronaut-http-netty-4.2.1.jar with ClasspathEntrySnapshotTransform
Transforming micronaut-http-server-4.2.1.jar with ClasspathEntrySnapshotTransform
Transforming micronaut-jackson-databind-4.2.1.jar with ClasspathEntrySnapshotTransform
Transforming micronaut-jackson-core-4.2.1.jar with ClasspathEntrySnapshotTransform
Transforming micronaut-json-core-4.2.1.jar with ClasspathEntrySnapshotTransform
Transforming micronaut-router-4.2.1.jar with ClasspathEntrySnapshotTransform
Transforming micronaut-http-4.2.1.jar with ClasspathEntrySnapshotTransform
Transforming micronaut-retry-4.2.1.jar with ClasspathEntrySnapshotTransform
Transforming micronaut-context-4.2.1.jar with ClasspathEntrySnapshotTransform
Transforming micronaut-data-jpa-4.3.1.jar with ClasspathEntrySnapshotTransform
Transforming micronaut-data-runtime-4.3.1.jar with ClasspathEntrySnapshotTransform
Transforming micronaut-data-model-4.3.1.jar with ClasspathEntrySnapshotTransform
Transforming micronaut-aop-4.2.1.jar with ClasspathEntrySnapshotTransform
Transforming micronaut-data-tx-hibernate-4.3.1.jar with ClasspathEntrySnapshotTransform
Transforming micronaut-jdbc-5.2.0.jar with ClasspathEntrySnapshotTransform
Transforming micronaut-buffer-netty-4.2.1.jar with ClasspathEntrySnapshotTransform
Transforming micronaut-data-tx-jdbc-4.3.1.jar with ClasspathEntrySnapshotTransform
Transforming micronaut-data-tx-4.3.1.jar with ClasspathEntrySnapshotTransform
Transforming micronaut-data-connection-hibernate-4.3.1.jar with ClasspathEntrySnapshotTransform
Transforming micronaut-data-connection-jdbc-4.3.1.jar with ClasspathEntrySnapshotTransform
Transforming micronaut-data-connection-4.3.1.jar with ClasspathEntrySnapshotTransform
Transforming micronaut-inject-4.2.1.jar with ClasspathEntrySnapshotTransform
Transforming kotlin-reflect-1.9.23.jar with ClasspathEntrySnapshotTransform
Transforming kotlin-stdlib-1.9.23.jar with ClasspathEntrySnapshotTransform
Transforming jakarta.annotation-api-2.1.1.jar with ClasspathEntrySnapshotTransform
Transforming annotations-13.0.jar with ClasspathEntrySnapshotTransform
Transforming jackson-datatype-jdk8-2.15.3.jar with ClasspathEntrySnapshotTransform
Transforming jackson-datatype-jsr310-2.15.3.jar with ClasspathEntrySnapshotTransform
Transforming flyway-core-9.22.3.jar with ClasspathEntrySnapshotTransform
Transforming jackson-dataformat-toml-2.15.3.jar with ClasspathEntrySnapshotTransform
Transforming jackson-databind-2.15.3.jar with ClasspathEntrySnapshotTransform
Transforming jackson-annotations-2.15.3.jar with ClasspathEntrySnapshotTransform
Transforming jackson-core-2.15.3.jar with ClasspathEntrySnapshotTransform
Transforming netty-handler-proxy-4.1.101.Final.jar with ClasspathEntrySnapshotTransform
Transforming netty-codec-http2-4.1.101.Final.jar with ClasspathEntrySnapshotTransform
Transforming netty-codec-http-4.1.101.Final.jar with ClasspathEntrySnapshotTransform
Transforming netty-codec-socks-4.1.101.Final.jar with ClasspathEntrySnapshotTransform
Transforming netty-handler-4.1.101.Final.jar with ClasspathEntrySnapshotTransform
Transforming netty-codec-4.1.101.Final.jar with ClasspathEntrySnapshotTransform
Transforming netty-transport-native-unix-common-4.1.101.Final.jar with ClasspathEntrySnapshotTransform
Transforming netty-transport-4.1.101.Final.jar with ClasspathEntrySnapshotTransform
Transforming netty-buffer-4.1.101.Final.jar with ClasspathEntrySnapshotTransform
Transforming micronaut-core-reactive-4.2.1.jar with ClasspathEntrySnapshotTransform
Transforming reactive-streams-1.0.4.jar with ClasspathEntrySnapshotTransform
Transforming micronaut-core-4.2.1.jar with ClasspathEntrySnapshotTransform
Transforming hibernate-core-6.2.13.Final.jar with ClasspathEntrySnapshotTransform
Transforming jakarta.persistence-api-3.1.0.jar with ClasspathEntrySnapshotTransform
Transforming jakarta.transaction-api-2.0.1.jar with ClasspathEntrySnapshotTransform
Transforming HikariCP-5.1.0.jar with ClasspathEntrySnapshotTransform
Transforming slf4j-api-2.0.9.jar with ClasspathEntrySnapshotTransform
Transforming jakarta.validation-api-3.0.2.jar with ClasspathEntrySnapshotTransform
Transforming netty-resolver-4.1.101.Final.jar with ClasspathEntrySnapshotTransform
Transforming netty-common-4.1.101.Final.jar with ClasspathEntrySnapshotTransform
Transforming jakarta.inject-api-2.0.1.jar with ClasspathEntrySnapshotTransform
Transforming gson-2.10.1.jar with ClasspathEntrySnapshotTransform
Caching disabled for task ':backend:kaptGenerateStubsKotlin' because:
  Build cache is disabled
Skipping task ':backend:kaptGenerateStubsKotlin' as it is up-to-date.
Resolve mutations for :backend:kaptKotlin (Thread[#5655,Execution worker,5,main]) started.
:backend:kaptKotlin (Thread[#5655,Execution worker,5,main]) started.

> Task :backend:kaptKotlin UP-TO-DATE
Transforming micronaut-runtime-4.2.1.jar with StructureTransformAction
Transforming micronaut-data-hibernate-jpa-4.3.1.jar with StructureTransformAction
Transforming micronaut-flyway-6.2.1.jar with StructureTransformAction
Transforming micronaut-kotlin-runtime-4.1.0.jar with StructureTransformAction
Transforming micronaut-jdbc-hikari-5.2.0.jar with StructureTransformAction
Transforming micronaut-validation-4.2.0.jar with StructureTransformAction
Transforming micronaut-http-client-4.2.1.jar with StructureTransformAction
Transforming micronaut-websocket-4.2.1.jar with StructureTransformAction
Transforming micronaut-http-client-core-4.2.1.jar with StructureTransformAction
Transforming micronaut-management-4.2.1.jar with StructureTransformAction
Transforming micronaut-discovery-core-4.2.1.jar with StructureTransformAction
Transforming micronaut-context-propagation-4.2.1.jar with StructureTransformAction
Transforming micronaut-http-server-netty-4.2.1.jar with StructureTransformAction
Transforming micronaut-http-netty-4.2.1.jar with StructureTransformAction
Transforming micronaut-http-server-4.2.1.jar with StructureTransformAction
Transforming micronaut-jackson-databind-4.2.1.jar with StructureTransformAction
Transforming micronaut-jackson-core-4.2.1.jar with StructureTransformAction
Transforming micronaut-json-core-4.2.1.jar with StructureTransformAction
Transforming micronaut-router-4.2.1.jar with StructureTransformAction
Transforming micronaut-http-4.2.1.jar with StructureTransformAction
Transforming micronaut-retry-4.2.1.jar with StructureTransformAction
Transforming micronaut-context-4.2.1.jar with StructureTransformAction
Transforming micronaut-data-jpa-4.3.1.jar with StructureTransformAction
Transforming micronaut-data-runtime-4.3.1.jar with StructureTransformAction
Transforming micronaut-data-model-4.3.1.jar with StructureTransformAction
Transforming micronaut-aop-4.2.1.jar with StructureTransformAction
Transforming micronaut-data-tx-hibernate-4.3.1.jar with StructureTransformAction
Transforming micronaut-jdbc-5.2.0.jar with StructureTransformAction
Transforming micronaut-buffer-netty-4.2.1.jar with StructureTransformAction
Transforming micronaut-data-tx-jdbc-4.3.1.jar with StructureTransformAction
Transforming micronaut-data-tx-4.3.1.jar with StructureTransformAction
Transforming micronaut-data-connection-hibernate-4.3.1.jar with StructureTransformAction
Transforming micronaut-data-connection-jdbc-4.3.1.jar with StructureTransformAction
Transforming micronaut-data-connection-4.3.1.jar with StructureTransformAction
Transforming micronaut-inject-4.2.1.jar with StructureTransformAction
Transforming kotlin-reflect-1.9.23.jar with StructureTransformAction
Transforming kotlin-stdlib-1.9.23.jar with StructureTransformAction
Transforming jakarta.annotation-api-2.1.1.jar with StructureTransformAction
Transforming annotations-13.0.jar with StructureTransformAction
Transforming jackson-datatype-jdk8-2.15.3.jar with StructureTransformAction
Transforming jackson-datatype-jsr310-2.15.3.jar with StructureTransformAction
Transforming flyway-core-9.22.3.jar with StructureTransformAction
Transforming jackson-dataformat-toml-2.15.3.jar with StructureTransformAction
Transforming jackson-databind-2.15.3.jar with StructureTransformAction
Transforming jackson-annotations-2.15.3.jar with StructureTransformAction
Transforming jackson-core-2.15.3.jar with StructureTransformAction
Transforming netty-handler-proxy-4.1.101.Final.jar with StructureTransformAction
Transforming netty-codec-http2-4.1.101.Final.jar with StructureTransformAction
Transforming netty-codec-http-4.1.101.Final.jar with StructureTransformAction
Transforming netty-codec-socks-4.1.101.Final.jar with StructureTransformAction
Transforming netty-handler-4.1.101.Final.jar with StructureTransformAction
Transforming netty-codec-4.1.101.Final.jar with StructureTransformAction
Transforming netty-transport-native-unix-common-4.1.101.Final.jar with StructureTransformAction
Transforming netty-transport-4.1.101.Final.jar with StructureTransformAction
Transforming netty-buffer-4.1.101.Final.jar with StructureTransformAction
Transforming micronaut-core-reactive-4.2.1.jar with StructureTransformAction
Transforming reactive-streams-1.0.4.jar with StructureTransformAction
Transforming micronaut-core-4.2.1.jar with StructureTransformAction
Transforming hibernate-core-6.2.13.Final.jar with StructureTransformAction
Transforming jakarta.persistence-api-3.1.0.jar with StructureTransformAction
Transforming jakarta.transaction-api-2.0.1.jar with StructureTransformAction
Transforming HikariCP-5.1.0.jar with StructureTransformAction
Transforming slf4j-api-2.0.9.jar with StructureTransformAction
Transforming jakarta.validation-api-3.0.2.jar with StructureTransformAction
Transforming netty-resolver-4.1.101.Final.jar with StructureTransformAction
Transforming netty-common-4.1.101.Final.jar with StructureTransformAction
Transforming jakarta.inject-api-2.0.1.jar with StructureTransformAction
Transforming gson-2.10.1.jar with StructureTransformAction
file or directory '/home/colton/Repos/taskflow/backend/src/main/java', not found
file or directory '/home/colton/Repos/taskflow/backend/src/main/java', not found
Caching disabled for task ':backend:kaptKotlin' because:
  Build cache is disabled
Skipping task ':backend:kaptKotlin' as it is up-to-date.
Resolve mutations for :backend:compileKotlin (Thread[#5655,Execution worker,5,main]) started.
:backend:compileKotlin (Thread[#5655,Execution worker,5,main]) started.

> Task :backend:compileKotlin UP-TO-DATE
Transforming micronaut-runtime-4.2.1.jar with ClasspathEntrySnapshotTransform
Transforming micronaut-data-hibernate-jpa-4.3.1.jar with ClasspathEntrySnapshotTransform
Transforming micronaut-flyway-6.2.1.jar with ClasspathEntrySnapshotTransform
Transforming micronaut-kotlin-runtime-4.1.0.jar with ClasspathEntrySnapshotTransform
Transforming micronaut-jdbc-hikari-5.2.0.jar with ClasspathEntrySnapshotTransform
Transforming micronaut-validation-4.2.0.jar with ClasspathEntrySnapshotTransform
Transforming micronaut-http-client-4.2.1.jar with ClasspathEntrySnapshotTransform
Transforming micronaut-websocket-4.2.1.jar with ClasspathEntrySnapshotTransform
Transforming micronaut-http-client-core-4.2.1.jar with ClasspathEntrySnapshotTransform
Transforming micronaut-management-4.2.1.jar with ClasspathEntrySnapshotTransform
Transforming micronaut-discovery-core-4.2.1.jar with ClasspathEntrySnapshotTransform
Transforming micronaut-context-propagation-4.2.1.jar with ClasspathEntrySnapshotTransform
Transforming micronaut-http-server-netty-4.2.1.jar with ClasspathEntrySnapshotTransform
Transforming micronaut-http-netty-4.2.1.jar with ClasspathEntrySnapshotTransform
Transforming micronaut-http-server-4.2.1.jar with ClasspathEntrySnapshotTransform
Transforming micronaut-jackson-databind-4.2.1.jar with ClasspathEntrySnapshotTransform
Transforming micronaut-jackson-core-4.2.1.jar with ClasspathEntrySnapshotTransform
Transforming micronaut-json-core-4.2.1.jar with ClasspathEntrySnapshotTransform
Transforming micronaut-router-4.2.1.jar with ClasspathEntrySnapshotTransform
Transforming micronaut-http-4.2.1.jar with ClasspathEntrySnapshotTransform
Transforming micronaut-retry-4.2.1.jar with ClasspathEntrySnapshotTransform
Transforming micronaut-context-4.2.1.jar with ClasspathEntrySnapshotTransform
Transforming micronaut-data-jpa-4.3.1.jar with ClasspathEntrySnapshotTransform
Transforming micronaut-data-runtime-4.3.1.jar with ClasspathEntrySnapshotTransform
Transforming micronaut-data-model-4.3.1.jar with ClasspathEntrySnapshotTransform
Transforming micronaut-aop-4.2.1.jar with ClasspathEntrySnapshotTransform
Transforming micronaut-data-tx-hibernate-4.3.1.jar with ClasspathEntrySnapshotTransform
Transforming micronaut-jdbc-5.2.0.jar with ClasspathEntrySnapshotTransform
Transforming micronaut-buffer-netty-4.2.1.jar with ClasspathEntrySnapshotTransform
Transforming micronaut-data-tx-jdbc-4.3.1.jar with ClasspathEntrySnapshotTransform
Transforming micronaut-data-tx-4.3.1.jar with ClasspathEntrySnapshotTransform
Transforming micronaut-data-connection-hibernate-4.3.1.jar with ClasspathEntrySnapshotTransform
Transforming micronaut-data-connection-jdbc-4.3.1.jar with ClasspathEntrySnapshotTransform
Transforming micronaut-data-connection-4.3.1.jar with ClasspathEntrySnapshotTransform
Transforming micronaut-inject-4.2.1.jar with ClasspathEntrySnapshotTransform
Transforming kotlin-reflect-1.9.23.jar with ClasspathEntrySnapshotTransform
Transforming kotlin-stdlib-1.9.23.jar with ClasspathEntrySnapshotTransform
Transforming jakarta.annotation-api-2.1.1.jar with ClasspathEntrySnapshotTransform
Transforming annotations-13.0.jar with ClasspathEntrySnapshotTransform
Transforming jackson-datatype-jdk8-2.15.3.jar with ClasspathEntrySnapshotTransform
Transforming jackson-datatype-jsr310-2.15.3.jar with ClasspathEntrySnapshotTransform
Transforming flyway-core-9.22.3.jar with ClasspathEntrySnapshotTransform
Transforming jackson-dataformat-toml-2.15.3.jar with ClasspathEntrySnapshotTransform
Transforming jackson-databind-2.15.3.jar with ClasspathEntrySnapshotTransform
Transforming jackson-annotations-2.15.3.jar with ClasspathEntrySnapshotTransform
Transforming jackson-core-2.15.3.jar with ClasspathEntrySnapshotTransform
Transforming netty-handler-proxy-4.1.101.Final.jar with ClasspathEntrySnapshotTransform
Transforming netty-codec-http2-4.1.101.Final.jar with ClasspathEntrySnapshotTransform
Transforming netty-codec-http-4.1.101.Final.jar with ClasspathEntrySnapshotTransform
Transforming netty-codec-socks-4.1.101.Final.jar with ClasspathEntrySnapshotTransform
Transforming netty-handler-4.1.101.Final.jar with ClasspathEntrySnapshotTransform
Transforming netty-codec-4.1.101.Final.jar with ClasspathEntrySnapshotTransform
Transforming netty-transport-native-unix-common-4.1.101.Final.jar with ClasspathEntrySnapshotTransform
Transforming netty-transport-4.1.101.Final.jar with ClasspathEntrySnapshotTransform
Transforming netty-buffer-4.1.101.Final.jar with ClasspathEntrySnapshotTransform
Transforming micronaut-core-reactive-4.2.1.jar with ClasspathEntrySnapshotTransform
Transforming reactive-streams-1.0.4.jar with ClasspathEntrySnapshotTransform
Transforming micronaut-core-4.2.1.jar with ClasspathEntrySnapshotTransform
Transforming hibernate-core-6.2.13.Final.jar with ClasspathEntrySnapshotTransform
Transforming jakarta.persistence-api-3.1.0.jar with ClasspathEntrySnapshotTransform
Transforming jakarta.transaction-api-2.0.1.jar with ClasspathEntrySnapshotTransform
Transforming HikariCP-5.1.0.jar with ClasspathEntrySnapshotTransform
Transforming slf4j-api-2.0.9.jar with ClasspathEntrySnapshotTransform
Transforming jakarta.validation-api-3.0.2.jar with ClasspathEntrySnapshotTransform
Transforming netty-resolver-4.1.101.Final.jar with ClasspathEntrySnapshotTransform
Transforming netty-common-4.1.101.Final.jar with ClasspathEntrySnapshotTransform
Transforming jakarta.inject-api-2.0.1.jar with ClasspathEntrySnapshotTransform
Transforming gson-2.10.1.jar with ClasspathEntrySnapshotTransform
Transforming main with ClasspathEntrySnapshotTransform
Caching disabled for task ':backend:compileKotlin' because:
  Build cache is disabled
Skipping task ':backend:compileKotlin' as it is up-to-date.
Resolve mutations for :backend:compileJava (Thread[#5655,Execution worker,5,main]) started.
:backend:compileJava (Thread[#5655,Execution worker,5,main]) started.

> Task :backend:compileJava NO-SOURCE
Skipping task ':backend:compileJava' as it has no source files and no previous output files.
Resolve mutations for :backend:processResources (Thread[#5655,Execution worker,5,main]) started.
:backend:processResources (Thread[#5655,Execution worker,5,main]) started.

> Task :backend:processResources UP-TO-DATE
Caching disabled for task ':backend:processResources' because:
  Build cache is disabled
  Not worth caching
Skipping task ':backend:processResources' as it is up-to-date.
Resolve mutations for :backend:classes (Thread[#5655,Execution worker,5,main]) started.
:backend:classes (Thread[#5656,Execution worker Thread 2,5,main]) started.

> Task :backend:classes UP-TO-DATE
Skipping task ':backend:classes' as it has no actions.
Resolve mutations for :backend:kaptGenerateStubsTestKotlin (Thread[#5656,Execution worker Thread 2,5,main]) started.
:backend:kaptGenerateStubsTestKotlin (Thread[#5656,Execution worker Thread 2,5,main]) started.

> Task :backend:kaptGenerateStubsTestKotlin UP-TO-DATE
Transforming main with ClasspathEntrySnapshotTransform
Transforming main with ClasspathEntrySnapshotTransform
Transforming main with ClasspathEntrySnapshotTransform
Transforming micronaut-runtime-4.2.1.jar with ClasspathEntrySnapshotTransform
Transforming micronaut-data-hibernate-jpa-4.3.1.jar with ClasspathEntrySnapshotTransform
Transforming micronaut-flyway-6.2.1.jar with ClasspathEntrySnapshotTransform
Transforming micronaut-kotlin-runtime-4.1.0.jar with ClasspathEntrySnapshotTransform
Transforming micronaut-jdbc-hikari-5.2.0.jar with ClasspathEntrySnapshotTransform
Transforming micronaut-test-junit5-4.1.1.jar with ClasspathEntrySnapshotTransform
Transforming micronaut-validation-4.2.0.jar with ClasspathEntrySnapshotTransform
Transforming micronaut-http-client-4.2.1.jar with ClasspathEntrySnapshotTransform
Transforming micronaut-websocket-4.2.1.jar with ClasspathEntrySnapshotTransform
Transforming micronaut-http-client-core-4.2.1.jar with ClasspathEntrySnapshotTransform
Transforming micronaut-management-4.2.1.jar with ClasspathEntrySnapshotTransform
Transforming micronaut-discovery-core-4.2.1.jar with ClasspathEntrySnapshotTransform
Transforming micronaut-context-propagation-4.2.1.jar with ClasspathEntrySnapshotTransform
Transforming micronaut-http-server-netty-4.2.1.jar with ClasspathEntrySnapshotTransform
Transforming micronaut-http-netty-4.2.1.jar with ClasspathEntrySnapshotTransform
Transforming micronaut-http-server-4.2.1.jar with ClasspathEntrySnapshotTransform
Transforming micronaut-jackson-databind-4.2.1.jar with ClasspathEntrySnapshotTransform
Transforming micronaut-jackson-core-4.2.1.jar with ClasspathEntrySnapshotTransform
Transforming micronaut-json-core-4.2.1.jar with ClasspathEntrySnapshotTransform
Transforming micronaut-router-4.2.1.jar with ClasspathEntrySnapshotTransform
Transforming micronaut-http-4.2.1.jar with ClasspathEntrySnapshotTransform
Transforming micronaut-retry-4.2.1.jar with ClasspathEntrySnapshotTransform
Transforming micronaut-context-4.2.1.jar with ClasspathEntrySnapshotTransform
Transforming micronaut-data-jpa-4.3.1.jar with ClasspathEntrySnapshotTransform
Transforming micronaut-data-runtime-4.3.1.jar with ClasspathEntrySnapshotTransform
Transforming micronaut-data-model-4.3.1.jar with ClasspathEntrySnapshotTransform
Transforming micronaut-aop-4.2.1.jar with ClasspathEntrySnapshotTransform
Transforming micronaut-data-tx-hibernate-4.3.1.jar with ClasspathEntrySnapshotTransform
Transforming micronaut-jdbc-5.2.0.jar with ClasspathEntrySnapshotTransform
Transforming micronaut-test-core-4.1.1.jar with ClasspathEntrySnapshotTransform
Transforming micronaut-buffer-netty-4.2.1.jar with ClasspathEntrySnapshotTransform
Transforming micronaut-data-tx-jdbc-4.3.1.jar with ClasspathEntrySnapshotTransform
Transforming micronaut-data-tx-4.3.1.jar with ClasspathEntrySnapshotTransform
Transforming micronaut-data-connection-hibernate-4.3.1.jar with ClasspathEntrySnapshotTransform
Transforming micronaut-data-connection-jdbc-4.3.1.jar with ClasspathEntrySnapshotTransform
Transforming micronaut-data-connection-4.3.1.jar with ClasspathEntrySnapshotTransform
Transforming micronaut-inject-4.2.1.jar with ClasspathEntrySnapshotTransform
Transforming kotlin-reflect-1.9.23.jar with ClasspathEntrySnapshotTransform
Transforming kotlin-test-junit5-1.9.23.jar with ClasspathEntrySnapshotTransform
Transforming kotlin-test-1.9.23.jar with ClasspathEntrySnapshotTransform
Transforming mockk-jvm-1.13.8.jar with ClasspathEntrySnapshotTransform
Transforming mockk-dsl-jvm-1.13.8.jar with ClasspathEntrySnapshotTransform
Transforming mockk-agent-jvm-1.13.8.jar with ClasspathEntrySnapshotTransform
Transforming mockk-agent-api-jvm-1.13.8.jar with ClasspathEntrySnapshotTransform
Transforming mockk-core-jvm-1.13.8.jar with ClasspathEntrySnapshotTransform
Transforming kotlin-stdlib-jdk8-1.9.21.jar with ClasspathEntrySnapshotTransform
Transforming kotlin-stdlib-jdk7-1.9.21.jar with ClasspathEntrySnapshotTransform
Transforming kotlin-stdlib-1.9.23.jar with ClasspathEntrySnapshotTransform
Transforming jakarta.annotation-api-2.1.1.jar with ClasspathEntrySnapshotTransform
Transforming junit-platform-commons-1.10.1.jar with ClasspathEntrySnapshotTransform
Transforming junit-jupiter-api-5.10.1.jar with ClasspathEntrySnapshotTransform
Transforming junit-platform-native-0.9.28.jar with ClasspathEntrySnapshotTransform
Transforming annotations-13.0.jar with ClasspathEntrySnapshotTransform
Transforming jackson-datatype-jdk8-2.15.3.jar with ClasspathEntrySnapshotTransform
Transforming jackson-datatype-jsr310-2.15.3.jar with ClasspathEntrySnapshotTransform
Transforming flyway-core-9.22.3.jar with ClasspathEntrySnapshotTransform
Transforming jackson-dataformat-toml-2.15.3.jar with ClasspathEntrySnapshotTransform
Transforming jackson-databind-2.15.3.jar with ClasspathEntrySnapshotTransform
Transforming jackson-annotations-2.15.3.jar with ClasspathEntrySnapshotTransform
Transforming jackson-core-2.15.3.jar with ClasspathEntrySnapshotTransform
Transforming netty-handler-proxy-4.1.101.Final.jar with ClasspathEntrySnapshotTransform
Transforming netty-codec-http2-4.1.101.Final.jar with ClasspathEntrySnapshotTransform
Transforming netty-codec-http-4.1.101.Final.jar with ClasspathEntrySnapshotTransform
Transforming netty-codec-socks-4.1.101.Final.jar with ClasspathEntrySnapshotTransform
Transforming netty-handler-4.1.101.Final.jar with ClasspathEntrySnapshotTransform
Transforming netty-codec-4.1.101.Final.jar with ClasspathEntrySnapshotTransform
Transforming netty-transport-native-unix-common-4.1.101.Final.jar with ClasspathEntrySnapshotTransform
Transforming netty-transport-4.1.101.Final.jar with ClasspathEntrySnapshotTransform
Transforming netty-buffer-4.1.101.Final.jar with ClasspathEntrySnapshotTransform
Transforming micronaut-core-reactive-4.2.1.jar with ClasspathEntrySnapshotTransform
Transforming reactive-streams-1.0.4.jar with ClasspathEntrySnapshotTransform
Transforming micronaut-core-4.2.1.jar with ClasspathEntrySnapshotTransform
Transforming hibernate-core-6.2.13.Final.jar with ClasspathEntrySnapshotTransform
Transforming jakarta.persistence-api-3.1.0.jar with ClasspathEntrySnapshotTransform
Transforming jakarta.transaction-api-2.0.1.jar with ClasspathEntrySnapshotTransform
Transforming HikariCP-5.1.0.jar with ClasspathEntrySnapshotTransform
Transforming slf4j-api-2.0.9.jar with ClasspathEntrySnapshotTransform
Transforming jakarta.validation-api-3.0.2.jar with ClasspathEntrySnapshotTransform
Transforming opentest4j-1.3.0.jar with ClasspathEntrySnapshotTransform
Transforming apiguardian-api-1.1.2.jar with ClasspathEntrySnapshotTransform
Transforming netty-resolver-4.1.101.Final.jar with ClasspathEntrySnapshotTransform
Transforming netty-common-4.1.101.Final.jar with ClasspathEntrySnapshotTransform
Transforming jakarta.inject-api-2.0.1.jar with ClasspathEntrySnapshotTransform
Transforming gson-2.10.1.jar with ClasspathEntrySnapshotTransform
Transforming objenesis-3.3.jar with ClasspathEntrySnapshotTransform
Transforming byte-buddy-1.14.6.jar with ClasspathEntrySnapshotTransform
Transforming byte-buddy-agent-1.14.6.jar with ClasspathEntrySnapshotTransform
Caching disabled for task ':backend:kaptGenerateStubsTestKotlin' because:
  Build cache is disabled
Skipping task ':backend:kaptGenerateStubsTestKotlin' as it is up-to-date.
Resolve mutations for :backend:kaptTestKotlin (Thread[#5656,Execution worker Thread 2,5,main]) started.
:backend:kaptTestKotlin (Thread[#5656,Execution worker Thread 2,5,main]) started.

> Task :backend:kaptTestKotlin UP-TO-DATE
Transforming main with StructureTransformAction
Transforming main with StructureTransformAction
Transforming main with StructureTransformAction
Transforming micronaut-runtime-4.2.1.jar with StructureTransformAction
Transforming micronaut-data-hibernate-jpa-4.3.1.jar with StructureTransformAction
Transforming micronaut-flyway-6.2.1.jar with StructureTransformAction
Transforming micronaut-kotlin-runtime-4.1.0.jar with StructureTransformAction
Transforming micronaut-jdbc-hikari-5.2.0.jar with StructureTransformAction
Transforming micronaut-test-junit5-4.1.1.jar with StructureTransformAction
Transforming micronaut-validation-4.2.0.jar with StructureTransformAction
Transforming micronaut-http-client-4.2.1.jar with StructureTransformAction
Transforming micronaut-websocket-4.2.1.jar with StructureTransformAction
Transforming micronaut-http-client-core-4.2.1.jar with StructureTransformAction
Transforming micronaut-management-4.2.1.jar with StructureTransformAction
Transforming micronaut-discovery-core-4.2.1.jar with StructureTransformAction
Transforming micronaut-context-propagation-4.2.1.jar with StructureTransformAction
Transforming micronaut-http-server-netty-4.2.1.jar with StructureTransformAction
Transforming micronaut-http-netty-4.2.1.jar with StructureTransformAction
Transforming micronaut-http-server-4.2.1.jar with StructureTransformAction
Transforming micronaut-jackson-databind-4.2.1.jar with StructureTransformAction
Transforming micronaut-jackson-core-4.2.1.jar with StructureTransformAction
Transforming micronaut-json-core-4.2.1.jar with StructureTransformAction
Transforming micronaut-router-4.2.1.jar with StructureTransformAction
Transforming micronaut-http-4.2.1.jar with StructureTransformAction
Transforming micronaut-retry-4.2.1.jar with StructureTransformAction
Transforming micronaut-context-4.2.1.jar with StructureTransformAction
Transforming micronaut-data-jpa-4.3.1.jar with StructureTransformAction
Transforming micronaut-data-runtime-4.3.1.jar with StructureTransformAction
Transforming micronaut-data-model-4.3.1.jar with StructureTransformAction
Transforming micronaut-aop-4.2.1.jar with StructureTransformAction
Transforming micronaut-data-tx-hibernate-4.3.1.jar with StructureTransformAction
Transforming micronaut-jdbc-5.2.0.jar with StructureTransformAction
Transforming micronaut-test-core-4.1.1.jar with StructureTransformAction
Transforming micronaut-buffer-netty-4.2.1.jar with StructureTransformAction
Transforming micronaut-data-tx-jdbc-4.3.1.jar with StructureTransformAction
Transforming micronaut-data-tx-4.3.1.jar with StructureTransformAction
Transforming micronaut-data-connection-hibernate-4.3.1.jar with StructureTransformAction
Transforming micronaut-data-connection-jdbc-4.3.1.jar with StructureTransformAction
Transforming micronaut-data-connection-4.3.1.jar with StructureTransformAction
Transforming micronaut-inject-4.2.1.jar with StructureTransformAction
Transforming kotlin-reflect-1.9.23.jar with StructureTransformAction
Transforming kotlin-test-junit5-1.9.23.jar with StructureTransformAction
Transforming kotlin-test-1.9.23.jar with StructureTransformAction
Transforming mockk-jvm-1.13.8.jar with StructureTransformAction
Transforming mockk-dsl-jvm-1.13.8.jar with StructureTransformAction
Transforming mockk-agent-jvm-1.13.8.jar with StructureTransformAction
Transforming mockk-agent-api-jvm-1.13.8.jar with StructureTransformAction
Transforming mockk-core-jvm-1.13.8.jar with StructureTransformAction
Transforming kotlin-stdlib-jdk8-1.9.21.jar with StructureTransformAction
Transforming kotlin-stdlib-jdk7-1.9.21.jar with StructureTransformAction
Transforming kotlin-stdlib-1.9.23.jar with StructureTransformAction
Transforming jakarta.annotation-api-2.1.1.jar with StructureTransformAction
Transforming junit-platform-commons-1.10.1.jar with StructureTransformAction
Transforming junit-jupiter-api-5.10.1.jar with StructureTransformAction
Transforming junit-platform-native-0.9.28.jar with StructureTransformAction
Transforming annotations-13.0.jar with StructureTransformAction
Transforming jackson-datatype-jdk8-2.15.3.jar with StructureTransformAction
Transforming jackson-datatype-jsr310-2.15.3.jar with StructureTransformAction
Transforming flyway-core-9.22.3.jar with StructureTransformAction
Transforming jackson-dataformat-toml-2.15.3.jar with StructureTransformAction
Transforming jackson-databind-2.15.3.jar with StructureTransformAction
Transforming jackson-annotations-2.15.3.jar with StructureTransformAction
Transforming jackson-core-2.15.3.jar with StructureTransformAction
Transforming netty-handler-proxy-4.1.101.Final.jar with StructureTransformAction
Transforming netty-codec-http2-4.1.101.Final.jar with StructureTransformAction
Transforming netty-codec-http-4.1.101.Final.jar with StructureTransformAction
Transforming netty-codec-socks-4.1.101.Final.jar with StructureTransformAction
Transforming netty-handler-4.1.101.Final.jar with StructureTransformAction
Transforming netty-codec-4.1.101.Final.jar with StructureTransformAction
Transforming netty-transport-native-unix-common-4.1.101.Final.jar with StructureTransformAction
Transforming netty-transport-4.1.101.Final.jar with StructureTransformAction
Transforming netty-buffer-4.1.101.Final.jar with StructureTransformAction
Transforming micronaut-core-reactive-4.2.1.jar with StructureTransformAction
Transforming reactive-streams-1.0.4.jar with StructureTransformAction
Transforming micronaut-core-4.2.1.jar with StructureTransformAction
Transforming hibernate-core-6.2.13.Final.jar with StructureTransformAction
Transforming jakarta.persistence-api-3.1.0.jar with StructureTransformAction
Transforming jakarta.transaction-api-2.0.1.jar with StructureTransformAction
Transforming HikariCP-5.1.0.jar with StructureTransformAction
Transforming slf4j-api-2.0.9.jar with StructureTransformAction
Transforming jakarta.validation-api-3.0.2.jar with StructureTransformAction
Transforming opentest4j-1.3.0.jar with StructureTransformAction
Transforming apiguardian-api-1.1.2.jar with StructureTransformAction
Transforming netty-resolver-4.1.101.Final.jar with StructureTransformAction
Transforming netty-common-4.1.101.Final.jar with StructureTransformAction
Transforming jakarta.inject-api-2.0.1.jar with StructureTransformAction
Transforming gson-2.10.1.jar with StructureTransformAction
Transforming objenesis-3.3.jar with StructureTransformAction
Transforming byte-buddy-1.14.6.jar with StructureTransformAction
Transforming byte-buddy-agent-1.14.6.jar with StructureTransformAction
file or directory '/home/colton/Repos/taskflow/backend/src/test/java', not found
file or directory '/home/colton/Repos/taskflow/backend/src/test/java', not found
Caching disabled for task ':backend:kaptTestKotlin' because:
  Build cache is disabled
Skipping task ':backend:kaptTestKotlin' as it is up-to-date.
Resolve mutations for :backend:compileTestKotlin (Thread[#5656,Execution worker Thread 2,5,main]) started.
:backend:compileTestKotlin (Thread[#5656,Execution worker Thread 2,5,main]) started.

> Task :backend:compileTestKotlin UP-TO-DATE
Transforming main with ClasspathEntrySnapshotTransform
Transforming main with ClasspathEntrySnapshotTransform
Transforming main with ClasspathEntrySnapshotTransform
Transforming micronaut-runtime-4.2.1.jar with ClasspathEntrySnapshotTransform
Transforming micronaut-data-hibernate-jpa-4.3.1.jar with ClasspathEntrySnapshotTransform
Transforming micronaut-flyway-6.2.1.jar with ClasspathEntrySnapshotTransform
Transforming micronaut-kotlin-runtime-4.1.0.jar with ClasspathEntrySnapshotTransform
Transforming micronaut-jdbc-hikari-5.2.0.jar with ClasspathEntrySnapshotTransform
Transforming micronaut-test-junit5-4.1.1.jar with ClasspathEntrySnapshotTransform
Transforming micronaut-validation-4.2.0.jar with ClasspathEntrySnapshotTransform
Transforming micronaut-http-client-4.2.1.jar with ClasspathEntrySnapshotTransform
Transforming micronaut-websocket-4.2.1.jar with ClasspathEntrySnapshotTransform
Transforming micronaut-http-client-core-4.2.1.jar with ClasspathEntrySnapshotTransform
Transforming micronaut-management-4.2.1.jar with ClasspathEntrySnapshotTransform
Transforming micronaut-discovery-core-4.2.1.jar with ClasspathEntrySnapshotTransform
Transforming micronaut-context-propagation-4.2.1.jar with ClasspathEntrySnapshotTransform
Transforming micronaut-http-server-netty-4.2.1.jar with ClasspathEntrySnapshotTransform
Transforming micronaut-http-netty-4.2.1.jar with ClasspathEntrySnapshotTransform
Transforming micronaut-http-server-4.2.1.jar with ClasspathEntrySnapshotTransform
Transforming micronaut-jackson-databind-4.2.1.jar with ClasspathEntrySnapshotTransform
Transforming micronaut-jackson-core-4.2.1.jar with ClasspathEntrySnapshotTransform
Transforming micronaut-json-core-4.2.1.jar with ClasspathEntrySnapshotTransform
Transforming micronaut-router-4.2.1.jar with ClasspathEntrySnapshotTransform
Transforming micronaut-http-4.2.1.jar with ClasspathEntrySnapshotTransform
Transforming micronaut-retry-4.2.1.jar with ClasspathEntrySnapshotTransform
Transforming micronaut-context-4.2.1.jar with ClasspathEntrySnapshotTransform
Transforming micronaut-data-jpa-4.3.1.jar with ClasspathEntrySnapshotTransform
Transforming micronaut-data-runtime-4.3.1.jar with ClasspathEntrySnapshotTransform
Transforming micronaut-data-model-4.3.1.jar with ClasspathEntrySnapshotTransform
Transforming micronaut-aop-4.2.1.jar with ClasspathEntrySnapshotTransform
Transforming micronaut-data-tx-hibernate-4.3.1.jar with ClasspathEntrySnapshotTransform
Transforming micronaut-jdbc-5.2.0.jar with ClasspathEntrySnapshotTransform
Transforming micronaut-test-core-4.1.1.jar with ClasspathEntrySnapshotTransform
Transforming micronaut-buffer-netty-4.2.1.jar with ClasspathEntrySnapshotTransform
Transforming micronaut-data-tx-jdbc-4.3.1.jar with ClasspathEntrySnapshotTransform
Transforming micronaut-data-tx-4.3.1.jar with ClasspathEntrySnapshotTransform
Transforming micronaut-data-connection-hibernate-4.3.1.jar with ClasspathEntrySnapshotTransform
Transforming micronaut-data-connection-jdbc-4.3.1.jar with ClasspathEntrySnapshotTransform
Transforming micronaut-data-connection-4.3.1.jar with ClasspathEntrySnapshotTransform
Transforming micronaut-inject-4.2.1.jar with ClasspathEntrySnapshotTransform
Transforming kotlin-reflect-1.9.23.jar with ClasspathEntrySnapshotTransform
Transforming kotlin-test-junit5-1.9.23.jar with ClasspathEntrySnapshotTransform
Transforming kotlin-test-1.9.23.jar with ClasspathEntrySnapshotTransform
Transforming mockk-jvm-1.13.8.jar with ClasspathEntrySnapshotTransform
Transforming mockk-dsl-jvm-1.13.8.jar with ClasspathEntrySnapshotTransform
Transforming mockk-agent-jvm-1.13.8.jar with ClasspathEntrySnapshotTransform
Transforming mockk-agent-api-jvm-1.13.8.jar with ClasspathEntrySnapshotTransform
Transforming mockk-core-jvm-1.13.8.jar with ClasspathEntrySnapshotTransform
Transforming kotlin-stdlib-jdk8-1.9.21.jar with ClasspathEntrySnapshotTransform
Transforming kotlin-stdlib-jdk7-1.9.21.jar with ClasspathEntrySnapshotTransform
Transforming kotlin-stdlib-1.9.23.jar with ClasspathEntrySnapshotTransform
Transforming jakarta.annotation-api-2.1.1.jar with ClasspathEntrySnapshotTransform
Transforming junit-platform-commons-1.10.1.jar with ClasspathEntrySnapshotTransform
Transforming junit-jupiter-api-5.10.1.jar with ClasspathEntrySnapshotTransform
Transforming junit-platform-native-0.9.28.jar with ClasspathEntrySnapshotTransform
Transforming annotations-13.0.jar with ClasspathEntrySnapshotTransform
Transforming jackson-datatype-jdk8-2.15.3.jar with ClasspathEntrySnapshotTransform
Transforming jackson-datatype-jsr310-2.15.3.jar with ClasspathEntrySnapshotTransform
Transforming flyway-core-9.22.3.jar with ClasspathEntrySnapshotTransform
Transforming jackson-dataformat-toml-2.15.3.jar with ClasspathEntrySnapshotTransform
Transforming jackson-databind-2.15.3.jar with ClasspathEntrySnapshotTransform
Transforming jackson-annotations-2.15.3.jar with ClasspathEntrySnapshotTransform
Transforming jackson-core-2.15.3.jar with ClasspathEntrySnapshotTransform
Transforming netty-handler-proxy-4.1.101.Final.jar with ClasspathEntrySnapshotTransform
Transforming netty-codec-http2-4.1.101.Final.jar with ClasspathEntrySnapshotTransform
Transforming netty-codec-http-4.1.101.Final.jar with ClasspathEntrySnapshotTransform
Transforming netty-codec-socks-4.1.101.Final.jar with ClasspathEntrySnapshotTransform
Transforming netty-handler-4.1.101.Final.jar with ClasspathEntrySnapshotTransform
Transforming netty-codec-4.1.101.Final.jar with ClasspathEntrySnapshotTransform
Transforming netty-transport-native-unix-common-4.1.101.Final.jar with ClasspathEntrySnapshotTransform
Transforming netty-transport-4.1.101.Final.jar with ClasspathEntrySnapshotTransform
Transforming netty-buffer-4.1.101.Final.jar with ClasspathEntrySnapshotTransform
Transforming micronaut-core-reactive-4.2.1.jar with ClasspathEntrySnapshotTransform
Transforming reactive-streams-1.0.4.jar with ClasspathEntrySnapshotTransform
Transforming micronaut-core-4.2.1.jar with ClasspathEntrySnapshotTransform
Transforming hibernate-core-6.2.13.Final.jar with ClasspathEntrySnapshotTransform
Transforming jakarta.persistence-api-3.1.0.jar with ClasspathEntrySnapshotTransform
Transforming jakarta.transaction-api-2.0.1.jar with ClasspathEntrySnapshotTransform
Transforming HikariCP-5.1.0.jar with ClasspathEntrySnapshotTransform
Transforming slf4j-api-2.0.9.jar with ClasspathEntrySnapshotTransform
Transforming jakarta.validation-api-3.0.2.jar with ClasspathEntrySnapshotTransform
Transforming opentest4j-1.3.0.jar with ClasspathEntrySnapshotTransform
Transforming apiguardian-api-1.1.2.jar with ClasspathEntrySnapshotTransform
Transforming netty-resolver-4.1.101.Final.jar with ClasspathEntrySnapshotTransform
Transforming netty-common-4.1.101.Final.jar with ClasspathEntrySnapshotTransform
Transforming jakarta.inject-api-2.0.1.jar with ClasspathEntrySnapshotTransform
Transforming gson-2.10.1.jar with ClasspathEntrySnapshotTransform
Transforming objenesis-3.3.jar with ClasspathEntrySnapshotTransform
Transforming byte-buddy-1.14.6.jar with ClasspathEntrySnapshotTransform
Transforming byte-buddy-agent-1.14.6.jar with ClasspathEntrySnapshotTransform
Transforming test with ClasspathEntrySnapshotTransform
Caching disabled for task ':backend:compileTestKotlin' because:
  Build cache is disabled
Skipping task ':backend:compileTestKotlin' as it is up-to-date.
Resolve mutations for :backend:compileTestJava (Thread[#5656,Execution worker Thread 2,5,main]) started.
:backend:compileTestJava (Thread[#5656,Execution worker Thread 2,5,main]) started.

> Task :backend:compileTestJava NO-SOURCE
Skipping task ':backend:compileTestJava' as it has no source files and no previous output files.
Resolve mutations for :backend:inspectRuntimeClasspath (Thread[#5656,Execution worker Thread 2,5,main]) started.
:backend:inspectRuntimeClasspath (Thread[#5656,Execution worker Thread 2,5,main]) started.

> Task :backend:inspectRuntimeClasspath UP-TO-DATE
Caching disabled for task ':backend:inspectRuntimeClasspath' because:
  Build cache is disabled
Skipping task ':backend:inspectRuntimeClasspath' as it is up-to-date.
Resolve mutations for :backend:processTestResources (Thread[#5656,Execution worker Thread 2,5,main]) started.
:backend:processTestResources (Thread[#5656,Execution worker Thread 2,5,main]) started.

> Task :backend:processTestResources UP-TO-DATE
Caching disabled for task ':backend:processTestResources' because:
  Build cache is disabled
  Not worth caching
Skipping task ':backend:processTestResources' as it is up-to-date.
Resolve mutations for :backend:testClasses (Thread[#5656,Execution worker Thread 2,5,main]) started.
:backend:testClasses (Thread[#5656,Execution worker Thread 2,5,main]) started.

> Task :backend:testClasses UP-TO-DATE
Skipping task ':backend:testClasses' as it has no actions.
Resolve mutations for :backend:test (Thread[#5656,Execution worker Thread 2,5,main]) started.
:backend:test (Thread[#5656,Execution worker Thread 2,5,main]) started.
Gradle Test Executor 28 started executing tests.

> Task :backend:test
Custom actions are attached to task ':backend:test'.
Caching disabled for task ':backend:test' because:
  Build cache is disabled
Task ':backend:test' is not up-to-date because:
  Task has failed previously.
file or directory '/home/colton/Repos/taskflow/backend/build/classes/java/test', not found
Starting process 'Gradle Test Executor 28'. Working directory: /home/colton/Repos/taskflow/backend Command: /usr/lib/jvm/java-21-openjdk-amd64/bin/java -Djunit.platform.listeners.uid.tracking.enabled=true -Djunit.platform.listeners.uid.tracking.output.dir=/home/colton/Repos/taskflow/backend/build/test-results/test/testlist -Dorg.gradle.internal.worker.tmpdir=/home/colton/Repos/taskflow/backend/build/tmp/test/work @/home/colton/.gradle/.tmp/gradle-worker-classpath8595884480824310039txt -Xmx512m -Dfile.encoding=UTF-8 -Duser.country=US -Duser.language=en -Duser.variant -ea worker.org.gradle.process.internal.worker.GradleWorkerMain 'Gradle Test Executor 28'
Successfully started process 'Gradle Test Executor 28'

TaskControllerTest STANDARD_OUT
    22:57:42.570 [Test worker] DEBUG io.micronaut.context.DefaultApplicationContext$RuntimeConfiguredEnvironment -- Environment deduction is using the default of: true
    22:57:42.580 [Test worker] INFO io.micronaut.context.DefaultApplicationContext$RuntimeConfiguredEnvironment -- Established active environments: [test]
    22:57:42.581 [Test worker] DEBUG io.micronaut.context.DefaultApplicationContext$RuntimeConfiguredEnvironment -- Starting environment io.micronaut.context.DefaultApplicationContext$RuntimeConfiguredEnvironment@f0e995e for active names [test]
    22:57:42.587 [Test worker] DEBUG io.micronaut.context.DefaultApplicationContext$RuntimeConfiguredEnvironment -- Reading property sources from loader: io.micronaut.context.env.hocon.HoconPropertySourceLoader@4c37b5b
    22:57:42.589 [Test worker] DEBUG io.micronaut.core.reflect.ClassUtils -- Attempting to dynamically load class com.typesafe.config.Config
    22:57:42.590 [Test worker] DEBUG io.micronaut.core.reflect.ClassUtils -- Successfully loaded class com.typesafe.config.Config
    22:57:42.590 [Test worker] DEBUG io.micronaut.core.reflect.ClassUtils -- Attempting to dynamically load class io.micronaut.context.env.hocon.HoconPropertySourceLoaderImpl
    22:57:42.591 [Test worker] DEBUG io.micronaut.core.reflect.ClassUtils -- Successfully loaded class io.micronaut.context.env.hocon.HoconPropertySourceLoaderImpl
    22:57:42.595 [Test worker] DEBUG io.micronaut.core.reflect.ClassUtils -- Attempting to dynamically load class com.typesafe.config.Config
    22:57:42.596 [Test worker] DEBUG io.micronaut.core.reflect.ClassUtils -- Successfully loaded class com.typesafe.config.Config
    22:57:42.600 [Test worker] DEBUG io.micronaut.context.DefaultApplicationContext$RuntimeConfiguredEnvironment -- Reading property sources from loader: io.micronaut.jackson.core.env.CloudFoundryVcapApplicationPropertySourceLoader@3234f74e
    22:57:42.600 [Test worker] DEBUG io.micronaut.jackson.core.env.CloudFoundryVcapApplicationPropertySourceLoader -- No PropertySource found for file name: application.VCAP_APPLICATION
    22:57:42.600 [Test worker] DEBUG io.micronaut.jackson.core.env.CloudFoundryVcapApplicationPropertySourceLoader -- No PropertySource found for file name: application-test.VCAP_APPLICATION
    22:57:42.600 [Test worker] DEBUG io.micronaut.context.DefaultApplicationContext$RuntimeConfiguredEnvironment -- Reading property sources from loader: io.micronaut.jackson.core.env.JsonPropertySourceLoader@7bc10d84
    22:57:42.601 [Test worker] DEBUG io.micronaut.jackson.core.env.JsonPropertySourceLoader -- No PropertySource found for file name: application.json
    22:57:42.601 [Test worker] DEBUG io.micronaut.jackson.core.env.JsonPropertySourceLoader -- No PropertySource found for file name: application-test.json
    22:57:42.601 [Test worker] DEBUG io.micronaut.context.DefaultApplicationContext$RuntimeConfiguredEnvironment -- Reading property sources from loader: io.micronaut.jackson.core.env.EnvJsonPropertySourceLoader@275fe372
    22:57:42.601 [Test worker] DEBUG io.micronaut.jackson.core.env.EnvJsonPropertySourceLoader -- No PropertySource found for file name: application.json
    22:57:42.602 [Test worker] DEBUG io.micronaut.jackson.core.env.EnvJsonPropertySourceLoader -- No PropertySource found for file name: application-test.json
    22:57:42.602 [Test worker] DEBUG io.micronaut.context.DefaultApplicationContext$RuntimeConfiguredEnvironment -- Reading property sources from loader: io.micronaut.jackson.core.env.CloudFoundryVcapServicesPropertySourceLoader@40e10ff8
    22:57:42.602 [Test worker] DEBUG io.micronaut.jackson.core.env.CloudFoundryVcapServicesPropertySourceLoader -- No PropertySource found for file name: application.VCAP_SERVICES
    22:57:42.602 [Test worker] DEBUG io.micronaut.jackson.core.env.CloudFoundryVcapServicesPropertySourceLoader -- No PropertySource found for file name: application-test.VCAP_SERVICES
    22:57:42.602 [Test worker] DEBUG io.micronaut.context.DefaultApplicationContext$RuntimeConfiguredEnvironment -- Reading property sources from loader: io.micronaut.context.env.PropertiesPropertySourceLoader@557a1e2d
    22:57:42.602 [Test worker] DEBUG io.micronaut.context.env.PropertiesPropertySourceLoader -- No PropertySource found for file name: application.properties
    22:57:42.603 [Test worker] DEBUG io.micronaut.context.env.PropertiesPropertySourceLoader -- No PropertySource found for file name: application-test.properties
    22:57:42.603 [Test worker] DEBUG io.micronaut.context.DefaultApplicationContext$RuntimeConfiguredEnvironment -- Reading property sources from loader: io.micronaut.context.env.yaml.YamlPropertySourceLoader@26a4842b
    22:57:42.604 [Test worker] DEBUG io.micronaut.context.env.yaml.YamlPropertySourceLoader -- Found PropertySource for file name: application.yml
    22:57:42.637 [Test worker] DEBUG io.micronaut.context.env.yaml.YamlPropertySourceLoader -- Found PropertySource for file name: application-test.yml
    22:57:42.642 [Test worker] DEBUG io.micronaut.context.DefaultApplicationContext$RuntimeConfiguredEnvironment -- Processing property source: application
    22:57:42.649 [Test worker] DEBUG io.micronaut.context.DefaultApplicationContext$RuntimeConfiguredEnvironment -- Processing property source: application-test
    22:57:42.649 [Test worker] DEBUG io.micronaut.context.DefaultApplicationContext$RuntimeConfiguredEnvironment -- Processing property source: env
    22:57:42.653 [Test worker] DEBUG io.micronaut.context.DefaultApplicationContext$RuntimeConfiguredEnvironment -- Processing property source: system
    22:57:42.654 [Test worker] DEBUG io.micronaut.context.DefaultApplicationContext$RuntimeConfiguredEnvironment -- Processing property source: test-properties
    22:57:42.659 [Test worker] DEBUG io.micronaut.context.DefaultBeanContext -- Finding candidate beans for type: DefaultEnvironment
    22:57:42.659 [Test worker] DEBUG io.micronaut.context.DefaultBeanContext -- No bean candidates found for type: DefaultEnvironment
    22:57:42.661 [Test worker] DEBUG io.micronaut.context.DefaultBeanContext -- Starting BeanContext
    22:57:42.669 [Test worker] DEBUG io.micronaut.context.DefaultBeanContext -- Finding candidate beans for type: HttpClientRegistry
    22:57:42.674 [Test worker] DEBUG io.micronaut.context.DefaultBeanContext --   class io.micronaut.http.client.netty.DefaultNettyHttpClientRegistry null Definition: io.micronaut.http.client.netty.DefaultNettyHttpClientRegistry
    22:57:42.676 [Test worker] DEBUG io.micronaut.context.DefaultBeanContext -- Finding candidate beans for type: BeanCreatedEventListener
    22:57:42.681 [Test worker] DEBUG io.micronaut.context.condition.Condition -- Bean [io.micronaut.configuration.hibernate.jpa.metrics.$HibernateMetricsBinder$Definition] will not be loaded due to failing conditions:
    22:57:42.681 [Test worker] DEBUG io.micronaut.context.condition.Condition -- * Class [org.hibernate.stat.HibernateMetrics] is not present
    22:57:42.682 [Test worker] DEBUG io.micronaut.context.condition.Condition -- Bean [io.micronaut.web.router.version.$VersionAwareRouterListener$Definition] will not be loaded due to failing conditions:
    22:57:42.682 [Test worker] DEBUG io.micronaut.context.condition.Condition -- * Required property [micronaut.router.versioning.enabled] with value [true] not present
    22:57:42.683 [Test worker] DEBUG io.micronaut.context.DefaultBeanContext --   class io.micronaut.data.hibernate.naming.PhysicalNamingStrategyConfiguration null Definition: io.micronaut.data.hibernate.naming.PhysicalNamingStrategyConfiguration
    22:57:42.683 [Test worker] DEBUG io.micronaut.context.DefaultBeanContext --   class io.micronaut.flyway.$DataSourceMigrationRunner$Definition$Intercepted null Definition: io.micronaut.flyway.$DataSourceMigrationRunner$Definition$Intercepted
    22:57:42.683 [Test worker] DEBUG io.micronaut.context.DefaultBeanContext --   class io.micronaut.data.connection.jdbc.advice.ContextualAwareDataSource null Definition: io.micronaut.data.connection.jdbc.advice.ContextualAwareDataSource
    22:57:42.683 [Test worker] DEBUG io.micronaut.context.DefaultBeanContext --   class io.micronaut.context.propagation.instrument.execution.ExecutorServiceInstrumenter null Definition: io.micronaut.context.propagation.instrument.execution.ExecutorServiceInstrumenter
    22:57:42.683 [Test worker] DEBUG io.micronaut.context.DefaultBeanContext --   class io.micronaut.flyway.$AlternativeMigrationRunner$Definition$Intercepted null Definition: io.micronaut.flyway.$AlternativeMigrationRunner$Definition$Intercepted
    22:57:42.684 [Test worker] DEBUG io.micronaut.context.DefaultBeanContext -- Finding candidate beans for type: BeanInitializedEventListener
    22:57:42.685 [Test worker] DEBUG io.micronaut.context.DefaultBeanContext -- No bean candidates found for type: BeanInitializedEventListener
    22:57:42.685 [Test worker] DEBUG io.micronaut.context.DefaultBeanContext -- Resolving beans for type: io.micronaut.core.convert.TypeConverter
    22:57:42.685 [Test worker] DEBUG io.micronaut.context.DefaultBeanContext -- Finding candidate beans for type: TypeConverter
    22:57:42.686 [Test worker] DEBUG io.micronaut.context.DefaultBeanContext --   class io.micronaut.flyway.ValidatePatternTypeConverter null Definition: io.micronaut.flyway.ValidatePatternTypeConverter
    22:57:42.686 [Test worker] DEBUG io.micronaut.context.DefaultBeanContext --   class io.micronaut.http.server.cors.CorsOriginConverter null Definition: io.micronaut.http.server.cors.CorsOriginConverter
    22:57:42.686 [Test worker] DEBUG io.micronaut.context.DefaultBeanContext --   class io.micronaut.http.cookie.SameSiteConverter null Definition: io.micronaut.http.cookie.SameSiteConverter
    22:57:42.692 [Test worker] DEBUG io.micronaut.context.lifecycle -- Created bean [io.micronaut.flyway.ValidatePatternTypeConverter@54afd745] from definition [Definition: io.micronaut.flyway.ValidatePatternTypeConverter] with qualifier [null]
    22:57:42.693 [Test worker] DEBUG io.micronaut.context.DefaultBeanContext -- Found a registration BeanRegistration: io.micronaut.flyway.ValidatePatternTypeConverter@54afd745 for candidate: Definition: io.micronaut.flyway.ValidatePatternTypeConverter with qualifier: null
    22:57:42.693 [Test worker] DEBUG io.micronaut.context.lifecycle -- Created bean [io.micronaut.http.server.cors.CorsOriginConverter@f31c0c6] from definition [Definition: io.micronaut.http.server.cors.CorsOriginConverter] with qualifier [null]
    22:57:42.693 [Test worker] DEBUG io.micronaut.context.DefaultBeanContext -- Found a registration BeanRegistration: io.micronaut.http.server.cors.CorsOriginConverter@f31c0c6 for candidate: Definition: io.micronaut.http.server.cors.CorsOriginConverter with qualifier: null
    22:57:42.694 [Test worker] DEBUG io.micronaut.context.lifecycle -- Created bean [io.micronaut.http.cookie.SameSiteConverter@4a9419d7] from definition [Definition: io.micronaut.http.cookie.SameSiteConverter] with qualifier [null]
    22:57:42.694 [Test worker] DEBUG io.micronaut.context.DefaultBeanContext -- Found a registration BeanRegistration: io.micronaut.http.cookie.SameSiteConverter@4a9419d7 for candidate: Definition: io.micronaut.http.cookie.SameSiteConverter with qualifier: null
    22:57:42.694 [Test worker] DEBUG io.micronaut.context.DefaultBeanContext -- Resolving beans for type: io.micronaut.core.convert.TypeConverterRegistrar
    22:57:42.694 [Test worker] DEBUG io.micronaut.context.DefaultBeanContext -- Finding candidate beans for type: TypeConverterRegistrar
    22:57:42.694 [Test worker] DEBUG io.micronaut.context.condition.Condition -- Bean [io.micronaut.reactor.convert.$ReactorToRxJava2ConverterRegistrar$Definition] will not be loaded due to failing conditions:
    22:57:42.694 [Test worker] DEBUG io.micronaut.context.condition.Condition -- * Class [io.reactivex.Maybe] is not present
    22:57:42.695 [Test worker] DEBUG io.micronaut.context.condition.Condition -- Bean [io.micronaut.reactor.convert.$ReactorToRxJava3ConverterRegistrar$Definition] will not be loaded due to failing conditions:
    22:57:42.695 [Test worker] DEBUG io.micronaut.context.condition.Condition -- * Class [io.reactivex.rxjava3.core.Maybe] is not present
    22:57:42.695 [Test worker] DEBUG io.micronaut.context.condition.Condition -- Bean [io.micronaut.http.netty.channel.converters.$KQueueChannelOptionFactory$Definition] will not be loaded due to failing conditions:
    22:57:42.695 [Test worker] DEBUG io.micronaut.context.condition.Condition -- * Class [io.netty.channel.kqueue.KQueue] is not present
    22:57:42.696 [Test worker] DEBUG io.micronaut.context.DefaultBeanContext --   class io.micronaut.http.converters.HttpConverterRegistrar null Definition: io.micronaut.http.converters.HttpConverterRegistrar
    22:57:42.696 [Test worker] DEBUG io.micronaut.context.DefaultBeanContext --   class io.micronaut.jackson.databind.convert.JacksonConverterRegistrar null Definition: io.micronaut.jackson.databind.convert.JacksonConverterRegistrar
    22:57:42.696 [Test worker] DEBUG io.micronaut.context.DefaultBeanContext --   class io.micronaut.kotlin.converters.FlowReactorConverterRegistrar null Definition: io.micronaut.kotlin.converters.FlowReactorConverterRegistrar
    22:57:42.696 [Test worker] DEBUG io.micronaut.context.DefaultBeanContext --   class io.micronaut.http.server.netty.converters.NettyConverters null Definition: io.micronaut.http.server.netty.converters.NettyConverters
    22:57:42.696 [Test worker] DEBUG io.micronaut.context.DefaultBeanContext --   class io.micronaut.kotlin.converters.FlowPublisherConverterRegistrar null Definition: io.micronaut.kotlin.converters.FlowPublisherConverterRegistrar
    22:57:42.696 [Test worker] DEBUG io.micronaut.context.DefaultBeanContext --   class io.micronaut.json.convert.JsonConverterRegistrar null Definition: io.micronaut.json.convert.JsonConverterRegistrar
    22:57:42.696 [Test worker] DEBUG io.micronaut.context.DefaultBeanContext --   class io.micronaut.buffer.netty.NettyByteBufferFactory null Definition: io.micronaut.buffer.netty.NettyByteBufferFactory
    22:57:42.696 [Test worker] DEBUG io.micronaut.core.reflect.ClassUtils -- Attempting to dynamically load class io.micronaut.context.annotation.Prototype
    22:57:42.696 [Test worker] DEBUG io.micronaut.core.reflect.ClassUtils -- Successfully loaded class io.micronaut.context.annotation.Prototype
    22:57:42.697 [Test worker] DEBUG io.micronaut.context.DefaultBeanContext -- Finding candidate beans for type: BeanProvider resourceResolver
    22:57:42.697 [Test worker] DEBUG io.micronaut.context.DefaultBeanContext --   interface io.micronaut.context.BeanProvider null io.micronaut.inject.provider.BeanProviderDefinition@58df6bef
    22:57:42.697 [Test worker] DEBUG io.micronaut.context.DefaultBeanContext -- Found concrete candidate [io.micronaut.inject.provider.BeanProviderDefinition@58df6bef] for type: resourceResolver 
    22:57:42.699 [Test worker] DEBUG io.micronaut.context.lifecycle -- Created bean [io.micronaut.inject.provider.BeanProviderDefinition$1@2970a5bc] from definition [io.micronaut.inject.provider.BeanProviderDefinition@58df6bef] with qualifier [null]
    22:57:42.699 [Test worker] DEBUG io.micronaut.context.lifecycle -- Created bean [io.micronaut.http.converters.HttpConverterRegistrar@50305a] from definition [Definition: io.micronaut.http.converters.HttpConverterRegistrar] with qualifier [null]
    22:57:42.700 [Test worker] DEBUG io.micronaut.context.DefaultBeanContext -- Found a registration BeanRegistration: io.micronaut.http.converters.HttpConverterRegistrar@50305a for candidate: Definition: io.micronaut.http.converters.HttpConverterRegistrar with qualifier: null
    22:57:42.700 [Test worker] DEBUG io.micronaut.core.reflect.ClassUtils -- Attempting to dynamically load class io.micronaut.context.annotation.Prototype
    22:57:42.700 [Test worker] DEBUG io.micronaut.core.reflect.ClassUtils -- Successfully loaded class io.micronaut.context.annotation.Prototype
    22:57:42.701 [Test worker] DEBUG io.micronaut.context.DefaultBeanContext -- Finding candidate beans for type: BeanProvider objectMapper
    22:57:42.701 [Test worker] DEBUG io.micronaut.context.DefaultBeanContext --   interface io.micronaut.context.BeanProvider null io.micronaut.inject.provider.BeanProviderDefinition@58df6bef
    22:57:42.701 [Test worker] DEBUG io.micronaut.context.DefaultBeanContext -- Found concrete candidate [io.micronaut.inject.provider.BeanProviderDefinition@58df6bef] for type: objectMapper 
    22:57:42.701 [Test worker] DEBUG io.micronaut.context.lifecycle -- Created bean [io.micronaut.inject.provider.BeanProviderDefinition$1@2ad3a1bb] from definition [io.micronaut.inject.provider.BeanProviderDefinition@58df6bef] with qualifier [null]
    22:57:42.701 [Test worker] DEBUG io.micronaut.context.lifecycle -- Created bean [io.micronaut.jackson.databind.convert.JacksonConverterRegistrar@6bc28a83] from definition [Definition: io.micronaut.jackson.databind.convert.JacksonConverterRegistrar] with qualifier [null]
    22:57:42.701 [Test worker] DEBUG io.micronaut.context.DefaultBeanContext -- Found a registration BeanRegistration: io.micronaut.jackson.databind.convert.JacksonConverterRegistrar@6bc28a83 for candidate: Definition: io.micronaut.jackson.databind.convert.JacksonConverterRegistrar with qualifier: null
    22:57:42.701 [Test worker] DEBUG io.micronaut.core.reflect.ClassUtils -- Attempting to dynamically load class io.micronaut.context.annotation.Prototype
    22:57:42.701 [Test worker] DEBUG io.micronaut.core.reflect.ClassUtils -- Successfully loaded class io.micronaut.context.annotation.Prototype
    22:57:42.702 [Test worker] DEBUG io.micronaut.context.lifecycle -- Created bean [io.micronaut.kotlin.converters.FlowReactorConverterRegistrar@13579834] from definition [Definition: io.micronaut.kotlin.converters.FlowReactorConverterRegistrar] with qualifier [null]
    22:57:42.702 [Test worker] DEBUG io.micronaut.context.DefaultBeanContext -- Found a registration BeanRegistration: io.micronaut.kotlin.converters.FlowReactorConverterRegistrar@13579834 for candidate: Definition: io.micronaut.kotlin.converters.FlowReactorConverterRegistrar with qualifier: null
    22:57:42.702 [Test worker] DEBUG io.micronaut.core.reflect.ClassUtils -- Attempting to dynamically load class io.micronaut.context.annotation.Prototype
    22:57:42.702 [Test worker] DEBUG io.micronaut.core.reflect.ClassUtils -- Successfully loaded class io.micronaut.context.annotation.Prototype
    22:57:42.702 [Test worker] DEBUG io.micronaut.context.DefaultBeanContext -- Finding candidate beans for type: BeanProvider decoderRegistryProvider
    22:57:42.703 [Test worker] DEBUG io.micronaut.context.DefaultBeanContext --   interface io.micronaut.context.BeanProvider null io.micronaut.inject.provider.BeanProviderDefinition@58df6bef
    22:57:42.703 [Test worker] DEBUG io.micronaut.context.DefaultBeanContext -- Found concrete candidate [io.micronaut.inject.provider.BeanProviderDefinition@58df6bef] for type: decoderRegistryProvider 
    22:57:42.703 [Test worker] DEBUG io.micronaut.context.lifecycle -- Created bean [io.micronaut.inject.provider.BeanProviderDefinition$1@70d2e40b] from definition [io.micronaut.inject.provider.BeanProviderDefinition@58df6bef] with qualifier [null]
    22:57:42.703 [Test worker] DEBUG io.micronaut.context.DefaultBeanContext -- Finding candidate beans for type: BeanProvider channelOptionFactory
    22:57:42.703 [Test worker] DEBUG io.micronaut.context.DefaultBeanContext --   interface io.micronaut.context.BeanProvider null io.micronaut.inject.provider.BeanProviderDefinition@58df6bef
    22:57:42.703 [Test worker] DEBUG io.micronaut.context.DefaultBeanContext -- Found concrete candidate [io.micronaut.inject.provider.BeanProviderDefinition@58df6bef] for type: channelOptionFactory 
    22:57:42.703 [Test worker] DEBUG io.micronaut.context.lifecycle -- Created bean [io.micronaut.inject.provider.BeanProviderDefinition$1@7a0e1b5e] from definition [io.micronaut.inject.provider.BeanProviderDefinition@58df6bef] with qualifier [null]
    22:57:42.703 [Test worker] DEBUG io.micronaut.context.lifecycle -- Created bean [io.micronaut.http.server.netty.converters.NettyConverters@702ed190] from definition [Definition: io.micronaut.http.server.netty.converters.NettyConverters] with qualifier [null]
    22:57:42.704 [Test worker] DEBUG io.micronaut.context.DefaultBeanContext -- Found a registration BeanRegistration: io.micronaut.http.server.netty.converters.NettyConverters@702ed190 for candidate: Definition: io.micronaut.http.server.netty.converters.NettyConverters with qualifier: null
    22:57:42.704 [Test worker] DEBUG io.micronaut.core.reflect.ClassUtils -- Attempting to dynamically load class io.micronaut.context.annotation.Prototype
    22:57:42.704 [Test worker] DEBUG io.micronaut.core.reflect.ClassUtils -- Successfully loaded class io.micronaut.context.annotation.Prototype
    22:57:42.704 [Test worker] DEBUG io.micronaut.context.lifecycle -- Created bean [io.micronaut.kotlin.converters.FlowPublisherConverterRegistrar@7c18432b] from definition [Definition: io.micronaut.kotlin.converters.FlowPublisherConverterRegistrar] with qualifier [null]
    22:57:42.704 [Test worker] DEBUG io.micronaut.context.DefaultBeanContext -- Found a registration BeanRegistration: io.micronaut.kotlin.converters.FlowPublisherConverterRegistrar@7c18432b for candidate: Definition: io.micronaut.kotlin.converters.FlowPublisherConverterRegistrar with qualifier: null
    22:57:42.704 [Test worker] DEBUG io.micronaut.core.reflect.ClassUtils -- Attempting to dynamically load class io.micronaut.context.annotation.Prototype
    22:57:42.704 [Test worker] DEBUG io.micronaut.core.reflect.ClassUtils -- Successfully loaded class io.micronaut.context.annotation.Prototype
    22:57:42.706 [Test worker] DEBUG io.micronaut.context.DefaultBeanContext -- Finding candidate beans for type: BeanProvider objectCodec
    22:57:42.706 [Test worker] DEBUG io.micronaut.context.DefaultBeanContext --   interface io.micronaut.context.BeanProvider null io.micronaut.inject.provider.BeanProviderDefinition@58df6bef
    22:57:42.706 [Test worker] DEBUG io.micronaut.context.DefaultBeanContext -- Found concrete candidate [io.micronaut.inject.provider.BeanProviderDefinition@58df6bef] for type: objectCodec 
    22:57:42.706 [Test worker] DEBUG io.micronaut.context.lifecycle -- Created bean [io.micronaut.inject.provider.BeanProviderDefinition$1@40bffbca] from definition [io.micronaut.inject.provider.BeanProviderDefinition@58df6bef] with qualifier [null]
    22:57:42.706 [Test worker] DEBUG io.micronaut.context.DefaultBeanContext -- Finding candidate beans for type: BeanProvider beanPropertyBinder
    22:57:42.706 [Test worker] DEBUG io.micronaut.context.DefaultBeanContext --   interface io.micronaut.context.BeanProvider null io.micronaut.inject.provider.BeanProviderDefinition@58df6bef
    22:57:42.706 [Test worker] DEBUG io.micronaut.context.DefaultBeanContext -- Found concrete candidate [io.micronaut.inject.provider.BeanProviderDefinition@58df6bef] for type: beanPropertyBinder 
    22:57:42.706 [Test worker] DEBUG io.micronaut.context.lifecycle -- Created bean [io.micronaut.inject.provider.BeanProviderDefinition$1@42a9a63e] from definition [io.micronaut.inject.provider.BeanProviderDefinition@58df6bef] with qualifier [null]
    22:57:42.706 [Test worker] DEBUG io.micronaut.context.lifecycle -- Created bean [io.micronaut.json.convert.JsonConverterRegistrar@62da83ed] from definition [Definition: io.micronaut.json.convert.JsonConverterRegistrar] with qualifier [null]
    22:57:42.707 [Test worker] DEBUG io.micronaut.context.DefaultBeanContext -- Found a registration BeanRegistration: io.micronaut.json.convert.JsonConverterRegistrar@62da83ed for candidate: Definition: io.micronaut.json.convert.JsonConverterRegistrar with qualifier: null
    22:57:42.707 [Test worker] DEBUG io.micronaut.context.lifecycle -- Created bean [io.micronaut.buffer.netty.NettyByteBufferFactory@71e9a896] from definition [Definition: io.micronaut.buffer.netty.NettyByteBufferFactory] with qualifier [null]
    22:57:42.707 [Test worker] DEBUG io.micronaut.context.DefaultBeanContext -- Found a registration BeanRegistration: io.micronaut.buffer.netty.NettyByteBufferFactory@71e9a896 for candidate: Definition: io.micronaut.buffer.netty.NettyByteBufferFactory with qualifier: null
    22:57:42.707 [Test worker] DEBUG io.micronaut.context.DefaultBeanContext -- Found 7 bean registrations for type [typeConverterRegistrar]
    22:57:42.707 [Test worker] DEBUG io.micronaut.context.DefaultBeanContext --   Definition: io.micronaut.kotlin.converters.FlowPublisherConverterRegistrar null
    22:57:42.707 [Test worker] DEBUG io.micronaut.context.DefaultBeanContext --   Definition: io.micronaut.kotlin.converters.FlowReactorConverterRegistrar null
    22:57:42.707 [Test worker] DEBUG io.micronaut.context.DefaultBeanContext --   Definition: io.micronaut.json.convert.JsonConverterRegistrar null
    22:57:42.707 [Test worker] DEBUG io.micronaut.context.DefaultBeanContext --   Definition: io.micronaut.http.server.netty.converters.NettyConverters null
    22:57:42.707 [Test worker] DEBUG io.micronaut.context.DefaultBeanContext --   Definition: io.micronaut.buffer.netty.NettyByteBufferFactory null
    22:57:42.708 [Test worker] DEBUG io.micronaut.context.DefaultBeanContext --   Definition: io.micronaut.jackson.databind.convert.JacksonConverterRegistrar null
    22:57:42.708 [Test worker] DEBUG io.micronaut.context.DefaultBeanContext --   Definition: io.micronaut.http.converters.HttpConverterRegistrar null
    22:57:42.717 [Test worker] DEBUG io.micronaut.context.DefaultBeanContext -- Finding candidate beans for type: SessionFactoryPerDataSourceFactory
    22:57:42.717 [Test worker] DEBUG io.micronaut.core.reflect.ClassUtils -- Attempting to dynamically load class org.hibernate.reactive.provider.ReactiveServiceRegistryBuilder
    22:57:42.717 [Test worker] DEBUG io.micronaut.core.reflect.ClassUtils -- Class org.hibernate.reactive.provider.ReactiveServiceRegistryBuilder is not present
    22:57:42.718 [Test worker] DEBUG io.micronaut.core.reflect.ClassUtils -- Attempting to dynamically load class org.hibernate.reactive.provider.ReactiveServiceRegistryBuilder
    22:57:42.718 [Test worker] DEBUG io.micronaut.core.reflect.ClassUtils -- Class org.hibernate.reactive.provider.ReactiveServiceRegistryBuilder is not present
    22:57:42.719 [Test worker] DEBUG io.micronaut.context.DefaultBeanContext --   class io.micronaut.configuration.hibernate.jpa.conf.SessionFactoryPerDataSourceFactory null Definition: io.micronaut.configuration.hibernate.jpa.conf.SessionFactoryPerDataSourceFactory
    22:57:42.720 [Test worker] DEBUG io.micronaut.context.condition.Condition -- Bean [Definition: io.micronaut.configuration.hibernate.jpa.conf.SessionFactoryPerJpaConfigurationFactory] will not be loaded due to failing conditions:
    22:57:42.720 [Test worker] DEBUG io.micronaut.context.condition.Condition -- * Existing bean [io.micronaut.configuration.hibernate.jpa.conf.SessionFactoryPerDataSourceFactory] of type [class io.micronaut.configuration.hibernate.jpa.conf.SessionFactoryPerDataSourceFactory] registered in context
    22:57:42.720 [Test worker] DEBUG io.micronaut.core.reflect.ClassUtils -- Attempting to dynamically load class org.hibernate.reactive.provider.ReactiveServiceRegistryBuilder
    22:57:42.720 [Test worker] DEBUG io.micronaut.core.reflect.ClassUtils -- Class org.hibernate.reactive.provider.ReactiveServiceRegistryBuilder is not present
    22:57:42.721 [Test worker] DEBUG io.micronaut.core.reflect.ClassUtils -- Attempting to dynamically load class org.hibernate.reactive.provider.ReactiveServiceRegistryBuilder
    22:57:42.721 [Test worker] DEBUG io.micronaut.core.reflect.ClassUtils -- Class org.hibernate.reactive.provider.ReactiveServiceRegistryBuilder is not present
    22:57:42.721 [Test worker] DEBUG io.micronaut.context.condition.Condition -- Bean [io.micronaut.reactor.instrument.$ReactorAutomaticContextPropagation$Definition] will not be loaded due to failing conditions:
    22:57:42.721 [Test worker] DEBUG io.micronaut.context.condition.Condition -- * Class [io.micrometer.context.ContextRegistry] is not present
    22:57:42.722 [Test worker] DEBUG io.micronaut.context.condition.Condition -- Bean [io.micronaut.logging.$PropertiesLoggingLevelsConfigurer$Definition] will not be loaded due to failing conditions:
    22:57:42.722 [Test worker] DEBUG io.micronaut.context.condition.Condition -- * Required property [logger] with value [null] not present
    22:57:42.722 [Test worker] DEBUG io.micronaut.context.condition.Condition -- Bean [io.micronaut.buffer.netty.$DefaultByteBufAllocatorConfiguration$Definition] will not be loaded due to failing conditions:
    22:57:42.722 [Test worker] DEBUG io.micronaut.context.condition.Condition -- * Required property [netty.default.allocator] with value [null] not present
    22:57:42.739 [Test worker] DEBUG io.micronaut.context.DefaultBeanContext -- Finding candidate beans for type: ApplicationEventPublisher eventPublisher
    22:57:42.739 [Test worker] DEBUG io.micronaut.context.DefaultBeanContext --   interface io.micronaut.context.event.ApplicationEventPublisher null io.micronaut.context.event.ApplicationEventPublisherFactory@526c3eb8
    22:57:42.739 [Test worker] DEBUG io.micronaut.context.DefaultBeanContext -- Found concrete candidate [io.micronaut.context.event.ApplicationEventPublisherFactory@526c3eb8] for type: eventPublisher 
    22:57:42.740 [Test worker] DEBUG io.micronaut.context.lifecycle -- Created bean [io.micronaut.context.event.ApplicationEventPublisherFactory$1@5cbf9e9f] from definition [io.micronaut.context.event.ApplicationEventPublisherFactory@526c3eb8] with qualifier [null]
    22:57:42.742 [Test worker] DEBUG io.micronaut.context.DefaultBeanContext -- Resolving beans for type: @InterceptorBinding(io.micronaut.scheduling.annotation.Async)@InterceptorBinding(interceptorType = class io.micronaut.scheduling.async.AsyncInterceptor) io.micronaut.aop.Interceptor 
    22:57:42.743 [Test worker] DEBUG io.micronaut.context.DefaultBeanContext -- Finding candidate beans for type: Interceptor T
    22:57:42.747 [Test worker] DEBUG io.micronaut.context.DefaultBeanContext --   class io.micronaut.configuration.hibernate.jpa.TransactionalSessionInterceptor null Definition: io.micronaut.configuration.hibernate.jpa.TransactionalSessionInterceptor
    22:57:42.747 [Test worker] DEBUG io.micronaut.context.DefaultBeanContext --   class io.micronaut.http.client.interceptor.HttpClientIntroductionAdvice null Definition: io.micronaut.http.client.interceptor.HttpClientIntroductionAdvice
    22:57:42.747 [Test worker] DEBUG io.micronaut.context.DefaultBeanContext --   class io.micronaut.data.connection.interceptor.ConnectableInterceptor null Definition: io.micronaut.data.connection.interceptor.ConnectableInterceptor
    22:57:42.747 [Test worker] DEBUG io.micronaut.context.DefaultBeanContext --   class io.micronaut.data.connection.jdbc.advice.ContextualConnectionInterceptor null Definition: io.micronaut.data.connection.jdbc.advice.ContextualConnectionInterceptor
    22:57:42.748 [Test worker] DEBUG io.micronaut.context.DefaultBeanContext --   class io.micronaut.transaction.interceptor.TransactionalInterceptor null Definition: io.micronaut.transaction.interceptor.TransactionalInterceptor
    22:57:42.748 [Test worker] DEBUG io.micronaut.context.DefaultBeanContext --   class io.micronaut.data.runtime.intercept.DataIntroductionAdvice null Definition: io.micronaut.data.runtime.intercept.DataIntroductionAdvice
    22:57:42.748 [Test worker] DEBUG io.micronaut.context.DefaultBeanContext --   class io.micronaut.runtime.context.scope.refresh.RefreshInterceptor null Definition: io.micronaut.runtime.context.scope.refresh.RefreshInterceptor
    22:57:42.748 [Test worker] DEBUG io.micronaut.context.DefaultBeanContext --   class io.micronaut.runtime.context.env.ConfigurationIntroductionAdvice null Definition: io.micronaut.runtime.context.env.ConfigurationIntroductionAdvice
    22:57:42.748 [Test worker] DEBUG io.micronaut.context.DefaultBeanContext --   class io.micronaut.websocket.interceptor.ClientWebSocketInterceptor null Definition: io.micronaut.websocket.interceptor.ClientWebSocketInterceptor
    22:57:42.748 [Test worker] DEBUG io.micronaut.context.DefaultBeanContext --   class io.micronaut.validation.ValidatingInterceptor null Definition: io.micronaut.validation.ValidatingInterceptor
    22:57:42.748 [Test worker] DEBUG io.micronaut.context.DefaultBeanContext --   class io.micronaut.retry.intercept.DefaultRetryInterceptor null Definition: io.micronaut.retry.intercept.DefaultRetryInterceptor
    22:57:42.748 [Test worker] DEBUG io.micronaut.context.DefaultBeanContext --   class io.micronaut.retry.intercept.RecoveryInterceptor null Definition: io.micronaut.retry.intercept.RecoveryInterceptor
    22:57:42.748 [Test worker] DEBUG io.micronaut.context.DefaultBeanContext --   class io.micronaut.scheduling.async.AsyncInterceptor null Definition: io.micronaut.scheduling.async.AsyncInterceptor
    22:57:42.748 [Test worker] DEBUG io.micronaut.context.DefaultBeanContext --   class io.micronaut.transaction.interceptor.TransactionalEventInterceptor null Definition: io.micronaut.transaction.interceptor.TransactionalEventInterceptor
    22:57:42.748 [Test worker] DEBUG io.micronaut.context.DefaultBeanContext --   class io.micronaut.configuration.hibernate.jpa.proxy.IntroducedHibernateProxyAdvice null Definition: io.micronaut.configuration.hibernate.jpa.proxy.IntroducedHibernateProxyAdvice
    22:57:42.748 [Test worker] DEBUG io.micronaut.context.DefaultBeanContext --   class io.micronaut.runtime.beans.MapperIntroduction null Definition: io.micronaut.runtime.beans.MapperIntroduction
    22:57:42.749 [Test worker] DEBUG io.micronaut.context.DefaultBeanContext -- Finding candidate beans for type: BeanProvider T
    22:57:42.749 [Test worker] DEBUG io.micronaut.context.DefaultBeanContext --   interface io.micronaut.context.BeanProvider null io.micronaut.inject.provider.BeanProviderDefinition@58df6bef
    22:57:42.749 [Test worker] DEBUG io.micronaut.context.DefaultBeanContext -- Qualifying bean [T] for qualifier: @Named('scheduled') 
    22:57:42.750 [Test worker] DEBUG io.micronaut.context.DefaultBeanContext -- Found concrete candidate [io.micronaut.inject.provider.BeanProviderDefinition@58df6bef] for type: @Named('scheduled') T 
    22:57:42.750 [Test worker] DEBUG io.micronaut.context.DefaultBeanContext -- Finding candidate beans for type: ExecutorService T
    22:57:42.751 [Test worker] DEBUG io.micronaut.context.DefaultBeanContext -- Finding candidate beans for type: EventLoopGroupConfiguration
    22:57:42.753 [Test worker] DEBUG io.micronaut.context.DefaultBeanContext --   class io.micronaut.http.server.netty.configuration.NettyHttpServerConfiguration$Worker @Named('netty-server-worker-event-loop') Definition: io.micronaut.http.server.netty.configuration.NettyHttpServerConfiguration$Worker
    22:57:42.753 [Test worker] DEBUG io.micronaut.context.DefaultBeanContext --   class io.micronaut.http.server.netty.configuration.NettyHttpServerConfiguration$Parent @Named('netty-server-parent-event-loop') Definition: io.micronaut.http.server.netty.configuration.NettyHttpServerConfiguration$Parent
    22:57:42.753 [Test worker] DEBUG io.micronaut.context.DefaultBeanContext -- Finding candidate beans for type: ExecutorConfiguration
    22:57:42.757 [Test worker] DEBUG io.micronaut.context.DefaultBeanContext --   interface io.micronaut.scheduling.executor.ExecutorConfiguration @Named('virtual') Definition: io.micronaut.scheduling.executor.IOExecutorServiceConfig
    22:57:42.758 [Test worker] DEBUG io.micronaut.context.DefaultBeanContext --   interface io.micronaut.scheduling.executor.ExecutorConfiguration @Named('scheduled') Definition: io.micronaut.scheduling.executor.ScheduledExecutorServiceConfig
    22:57:42.758 [Test worker] DEBUG io.micronaut.context.DefaultBeanContext --   interface io.micronaut.scheduling.executor.ExecutorConfiguration @Named('io') Definition: io.micronaut.scheduling.executor.IOExecutorServiceConfig
    22:57:42.758 [Test worker] DEBUG io.micronaut.context.DefaultBeanContext --   interface java.util.concurrent.ExecutorService @Named('io') Definition: io.micronaut.scheduling.executor.ExecutorFactory
    22:57:42.758 [Test worker] DEBUG io.micronaut.context.DefaultBeanContext --   interface java.util.concurrent.ExecutorService @Named('virtual') Definition: io.micronaut.scheduling.executor.ExecutorFactory
    22:57:42.758 [Test worker] DEBUG io.micronaut.context.DefaultBeanContext --   interface java.util.concurrent.ExecutorService @Named('blocking') Definition: io.micronaut.scheduling.executor.IOExecutorServiceConfig
    22:57:42.758 [Test worker] DEBUG io.micronaut.context.DefaultBeanContext --   interface io.netty.channel.EventLoopGroup @Named('netty-server-worker-event-loop') Definition: io.micronaut.http.netty.channel.DefaultEventLoopGroupRegistry
    22:57:42.758 [Test worker] DEBUG io.micronaut.context.DefaultBeanContext --   interface io.netty.channel.EventLoopGroup @Named('netty-server-parent-event-loop') Definition: io.micronaut.http.netty.channel.DefaultEventLoopGroupRegistry
    22:57:42.759 [Test worker] DEBUG io.micronaut.context.DefaultBeanContext --   interface java.util.concurrent.ExecutorService @Named('scheduled') Definition: io.micronaut.scheduling.executor.ExecutorFactory
    22:57:42.759 [Test worker] DEBUG io.micronaut.context.lifecycle -- Created bean [io.micronaut.inject.provider.BeanProviderDefinition$1@eadb475] from definition [io.micronaut.inject.provider.BeanProviderDefinition@58df6bef] with qualifier [@Named('scheduled')]
    22:57:42.759 [Test worker] DEBUG io.micronaut.context.lifecycle -- Created bean [io.micronaut.scheduling.async.AsyncInterceptor@4d4d48a6] from definition [Definition: io.micronaut.scheduling.async.AsyncInterceptor] with qualifier [null]
    22:57:42.759 [Test worker] DEBUG io.micronaut.context.DefaultBeanContext -- Found a registration BeanRegistration: io.micronaut.scheduling.async.AsyncInterceptor@4d4d48a6 for candidate: Definition: io.micronaut.scheduling.async.AsyncInterceptor with qualifier: @InterceptorBinding(io.micronaut.scheduling.annotation.Async)@InterceptorBinding(interceptorType = class io.micronaut.scheduling.async.AsyncInterceptor)
    22:57:42.761 [Test worker] DEBUG io.micronaut.context.DefaultBeanContext -- Finding candidate beans for type: InterceptorRegistry
    22:57:42.762 [Test worker] DEBUG io.micronaut.context.DefaultBeanContext --   interface io.micronaut.aop.InterceptorRegistry null io.micronaut.aop.internal.InterceptorRegistryBean@308a6984
    22:57:42.762 [Test worker] DEBUG io.micronaut.context.DefaultBeanContext -- Found concrete candidate [io.micronaut.aop.internal.InterceptorRegistryBean@308a6984] for type: interceptorRegistry 
    22:57:42.763 [Test worker] DEBUG io.micronaut.context.lifecycle -- Created bean [io.micronaut.aop.chain.DefaultInterceptorRegistry@bae47a0] from definition [io.micronaut.aop.internal.InterceptorRegistryBean@308a6984] with qualifier [null]
    22:57:42.764 [Test worker] DEBUG io.micronaut.context.lifecycle -- Created bean [io.micronaut.flyway.$AlternativeMigrationRunner$Definition$Intercepted@65ef722a] from definition [Definition: io.micronaut.flyway.$AlternativeMigrationRunner$Definition$Intercepted] with qualifier [null]
    22:57:42.764 [Test worker] DEBUG io.micronaut.context.lifecycle -- Created bean [io.micronaut.flyway.FlywayConfigurationProperties@35e52059] from definition [Definition: io.micronaut.flyway.FlywayConfigurationProperties] with qualifier [@Named('default')]
    22:57:42.764 [Test worker] DEBUG io.micronaut.context.DefaultBeanContext -- Finding candidate beans for type: DatasourceConfiguration
    22:57:42.766 [Test worker] DEBUG io.micronaut.context.DefaultBeanContext --   class io.micronaut.configuration.jdbc.hikari.DatasourceConfiguration @Named('default') Definition: io.micronaut.configuration.jdbc.hikari.DatasourceConfiguration
    22:57:42.767 [Test worker] DEBUG io.micronaut.context.DefaultBeanContext -- Finding candidate beans for type: DatasourceFactory
    22:57:42.768 [Test worker] DEBUG io.micronaut.context.DefaultBeanContext --   class io.micronaut.configuration.jdbc.hikari.DatasourceFactory null Definition: io.micronaut.configuration.jdbc.hikari.DatasourceFactory
    22:57:42.768 [Test worker] DEBUG io.micronaut.context.DefaultBeanContext -- Found concrete candidate [Definition: io.micronaut.configuration.jdbc.hikari.DatasourceFactory] for type: datasourceFactory 
    22:57:42.769 [Test worker] DEBUG io.micronaut.context.lifecycle -- Created bean [io.micronaut.configuration.jdbc.hikari.DatasourceFactory@2fb68ec6] from definition [Definition: io.micronaut.configuration.jdbc.hikari.DatasourceFactory] with qualifier [null]
    22:57:42.769 [Test worker] DEBUG io.micronaut.context.DefaultBeanContext -- Finding candidate beans for type: DatasourceConfiguration datasourceConfiguration
    22:57:42.770 [Test worker] DEBUG io.micronaut.context.DefaultBeanContext --   class io.micronaut.configuration.jdbc.hikari.DatasourceConfiguration @Named('default') Definition: io.micronaut.configuration.jdbc.hikari.DatasourceConfiguration
    22:57:42.770 [Test worker] DEBUG io.micronaut.context.DefaultBeanContext -- Qualifying bean [datasourceConfiguration] for qualifier: @Named('default') 
    22:57:42.770 [Test worker] DEBUG io.micronaut.context.DefaultBeanContext -- Found concrete candidate [Definition: io.micronaut.configuration.jdbc.hikari.DatasourceConfiguration] for type: @Named('default') datasourceConfiguration 
    22:57:42.772 [Test worker] DEBUG io.micronaut.core.reflect.ClassUtils -- Attempting to dynamically load class org.h2.Driver
    22:57:42.773 [Test worker] DEBUG io.micronaut.core.reflect.ClassUtils -- Successfully loaded class org.h2.Driver
    22:57:42.774 [Test worker] DEBUG com.zaxxer.hikari.HikariConfig -- Driver class org.h2.Driver found in Thread context class loader jdk.internal.loader.ClassLoaders$AppClassLoader@639fee48
    22:57:42.774 [Test worker] DEBUG io.micronaut.context.lifecycle -- Created bean [io.micronaut.configuration.jdbc.hikari.DatasourceConfiguration@31198ceb] from definition [Definition: io.micronaut.configuration.jdbc.hikari.DatasourceConfiguration] with qualifier [@Named('default')]
    22:57:42.776 [Test worker] DEBUG com.zaxxer.hikari.HikariConfig -- HikariPool-1 - configuration:
    22:57:42.781 [Test worker] DEBUG com.zaxxer.hikari.HikariConfig -- allowPoolSuspension.............false
    22:57:42.781 [Test worker] DEBUG com.zaxxer.hikari.HikariConfig -- autoCommit......................true
    22:57:42.781 [Test worker] DEBUG com.zaxxer.hikari.HikariConfig -- catalog.........................none
    22:57:42.781 [Test worker] DEBUG com.zaxxer.hikari.HikariConfig -- connectionInitSql...............none
    22:57:42.782 [Test worker] DEBUG com.zaxxer.hikari.HikariConfig -- connectionTestQuery............."SELECT 1"
    22:57:42.784 [Test worker] DEBUG com.zaxxer.hikari.HikariConfig -- connectionTimeout...............30000
    22:57:42.784 [Test worker] DEBUG com.zaxxer.hikari.HikariConfig -- dataSource......................none
    22:57:42.784 [Test worker] DEBUG com.zaxxer.hikari.HikariConfig -- dataSourceClassName.............none
    22:57:42.785 [Test worker] DEBUG com.zaxxer.hikari.HikariConfig -- dataSourceJNDI..................none
    22:57:42.785 [Test worker] DEBUG com.zaxxer.hikari.HikariConfig -- dataSourceProperties............{password=<masked>}
    22:57:42.785 [Test worker] DEBUG io.micronaut.core.reflect.ClassUtils -- Attempting to dynamically load class org.h2.Driver
    22:57:42.786 [Test worker] DEBUG io.micronaut.core.reflect.ClassUtils -- Successfully loaded class org.h2.Driver
    22:57:42.786 [Test worker] DEBUG com.zaxxer.hikari.HikariConfig -- driverClassName................."org.h2.Driver"
    22:57:42.786 [Test worker] DEBUG com.zaxxer.hikari.HikariConfig -- exceptionOverrideClassName......none
    22:57:42.786 [Test worker] DEBUG com.zaxxer.hikari.HikariConfig -- healthCheckProperties...........{}
    22:57:42.786 [Test worker] DEBUG com.zaxxer.hikari.HikariConfig -- healthCheckRegistry.............none
    22:57:42.786 [Test worker] DEBUG com.zaxxer.hikari.HikariConfig -- idleTimeout.....................600000
    22:57:42.786 [Test worker] DEBUG com.zaxxer.hikari.HikariConfig -- initializationFailTimeout.......1
    22:57:42.787 [Test worker] DEBUG com.zaxxer.hikari.HikariConfig -- isolateInternalQueries..........false
    22:57:42.787 [Test worker] DEBUG com.zaxxer.hikari.HikariConfig -- jdbcUrl.........................jdbc:h2:mem:devDb;LOCK_TIMEOUT=10000;DB_CLOSE_DELAY=-1
    22:57:42.787 [Test worker] DEBUG com.zaxxer.hikari.HikariConfig -- keepaliveTime...................0
    22:57:42.787 [Test worker] DEBUG com.zaxxer.hikari.HikariConfig -- leakDetectionThreshold..........0
    22:57:42.787 [Test worker] DEBUG com.zaxxer.hikari.HikariConfig -- maxLifetime.....................1800000
    22:57:42.788 [Test worker] DEBUG com.zaxxer.hikari.HikariConfig -- maximumPoolSize.................10
    22:57:42.788 [Test worker] DEBUG com.zaxxer.hikari.HikariConfig -- metricRegistry..................none
    22:57:42.788 [Test worker] DEBUG com.zaxxer.hikari.HikariConfig -- metricsTrackerFactory...........none
    22:57:42.788 [Test worker] DEBUG com.zaxxer.hikari.HikariConfig -- minimumIdle.....................10
    22:57:42.788 [Test worker] DEBUG io.micronaut.core.reflect.ClassUtils -- Attempting to dynamically load class org.h2.Driver
    22:57:42.788 [Test worker] DEBUG io.micronaut.core.reflect.ClassUtils -- Successfully loaded class org.h2.Driver
    22:57:42.788 [Test worker] DEBUG com.zaxxer.hikari.HikariConfig -- password........................<masked>
    22:57:42.789 [Test worker] DEBUG com.zaxxer.hikari.HikariConfig -- poolName........................"HikariPool-1"
    22:57:42.789 [Test worker] DEBUG com.zaxxer.hikari.HikariConfig -- readOnly........................false
    22:57:42.789 [Test worker] DEBUG com.zaxxer.hikari.HikariConfig -- registerMbeans..................false
    22:57:42.790 [Test worker] DEBUG com.zaxxer.hikari.HikariConfig -- scheduledExecutor...............none
    22:57:42.790 [Test worker] DEBUG com.zaxxer.hikari.HikariConfig -- schema..........................none
    22:57:42.790 [Test worker] DEBUG com.zaxxer.hikari.HikariConfig -- threadFactory...................internal
    22:57:42.790 [Test worker] DEBUG com.zaxxer.hikari.HikariConfig -- transactionIsolation............default
    22:57:42.790 [Test worker] DEBUG com.zaxxer.hikari.HikariConfig -- username........................"sa"
    22:57:42.791 [Test worker] DEBUG com.zaxxer.hikari.HikariConfig -- validationTimeout...............5000
    22:57:42.796 [Test worker] INFO com.zaxxer.hikari.HikariDataSource -- HikariPool-1 - Starting...
    22:57:42.976 [Test worker] INFO com.zaxxer.hikari.pool.HikariPool -- HikariPool-1 - Added connection conn0: url=jdbc:h2:mem:devDb user=SA
    22:57:42.978 [Test worker] INFO com.zaxxer.hikari.HikariDataSource -- HikariPool-1 - Start completed.
    22:57:42.978 [Test worker] DEBUG io.micronaut.configuration.jdbc.hikari.DatasourceFactory -- Could not wire metrics to HikariCP as there is no class of type MeterRegistry on the classpath, io.micronaut.micrometer:micrometer-core library missing.
    22:57:42.979 [Test worker] DEBUG io.micronaut.context.lifecycle -- Created bean [io.micronaut.context.event.ApplicationEventPublisherFactory$1@5cbf9e9f] from definition [io.micronaut.context.event.ApplicationEventPublisherFactory@526c3eb8] with qualifier [null]
    22:57:42.979 [Test worker] DEBUG io.micronaut.context.DefaultBeanContext -- Finding candidate beans for type: DataSourceResolver dataSourceResolver
    22:57:42.980 [Test worker] DEBUG io.micronaut.context.DefaultBeanContext --   class io.micronaut.data.connection.jdbc.DelegatingDataSourceResolver null Definition: io.micronaut.data.connection.jdbc.DelegatingDataSourceResolver
    22:57:42.980 [Test worker] DEBUG io.micronaut.context.DefaultBeanContext -- Found concrete candidate [Definition: io.micronaut.data.connection.jdbc.DelegatingDataSourceResolver] for type: dataSourceResolver 
    22:57:42.981 [Test worker] DEBUG io.micronaut.context.lifecycle -- Created bean [io.micronaut.data.connection.jdbc.DelegatingDataSourceResolver@65fd6708] from definition [Definition: io.micronaut.data.connection.jdbc.DelegatingDataSourceResolver] with qualifier [null]
    22:57:42.981 [Test worker] DEBUG io.micronaut.context.DefaultBeanContext -- Resolving beans for type: @InterceptorBinding(io.micronaut.scheduling.annotation.Async)@InterceptorBinding(interceptorType = class io.micronaut.scheduling.async.AsyncInterceptor) io.micronaut.aop.Interceptor 
    22:57:42.981 [Test worker] DEBUG io.micronaut.context.DefaultBeanContext -- Found 1 existing beans for type [@InterceptorBinding(io.micronaut.scheduling.annotation.Async)@InterceptorBinding(interceptorType = class io.micronaut.scheduling.async.AsyncInterceptor) T]: [BeanRegistration: io.micronaut.scheduling.async.AsyncInterceptor@4d4d48a6] 
    22:57:42.981 [Test worker] DEBUG io.micronaut.context.lifecycle -- Created bean [io.micronaut.flyway.$DataSourceMigrationRunner$Definition$Intercepted@749ab7b4] from definition [Definition: io.micronaut.flyway.$DataSourceMigrationRunner$Definition$Intercepted] with qualifier [null]
    22:57:42.982 [Test worker] DEBUG io.micronaut.context.lifecycle -- Created bean [io.micronaut.data.connection.jdbc.advice.ContextualAwareDataSource@2bf94401] from definition [Definition: io.micronaut.data.connection.jdbc.advice.ContextualAwareDataSource] with qualifier [null]
    22:57:42.983 [Test worker] DEBUG io.micronaut.context.lifecycle -- Created bean [io.micronaut.data.connection.jdbc.advice.ContextualAwareDataSource$DataSourceProxy@6c298dc] from definition [Definition: io.micronaut.configuration.jdbc.hikari.DatasourceFactory] with qualifier [@Named('default')]
    22:57:42.983 [Test worker] DEBUG io.micronaut.context.DefaultBeanContext -- Finding candidate beans for type: SessionFactoryBuilder
    22:57:42.983 [Test worker] DEBUG io.micronaut.core.reflect.ClassUtils -- Attempting to dynamically load class org.hibernate.reactive.provider.ReactiveServiceRegistryBuilder
    22:57:42.984 [Test worker] DEBUG io.micronaut.core.reflect.ClassUtils -- Class org.hibernate.reactive.provider.ReactiveServiceRegistryBuilder is not present
    22:57:42.985 [Test worker] DEBUG io.micronaut.core.reflect.ClassUtils -- Attempting to dynamically load class org.hibernate.reactive.provider.ReactiveServiceRegistryBuilder
    22:57:42.986 [Test worker] DEBUG io.micronaut.core.reflect.ClassUtils -- Class org.hibernate.reactive.provider.ReactiveServiceRegistryBuilder is not present
    22:57:42.986 [Test worker] DEBUG io.micronaut.context.DefaultBeanContext -- Finding candidate beans for type: Metadata
    22:57:42.987 [Test worker] DEBUG io.micronaut.context.DefaultBeanContext -- Finding candidate beans for type: SessionFactoryPerDataSourceFactory
    22:57:42.989 [Test worker] DEBUG io.micronaut.context.DefaultBeanContext --   class io.micronaut.configuration.hibernate.jpa.conf.SessionFactoryPerDataSourceFactory null Definition: io.micronaut.configuration.hibernate.jpa.conf.SessionFactoryPerDataSourceFactory
    22:57:42.989 [Test worker] DEBUG io.micronaut.context.condition.Condition -- Bean [Definition: io.micronaut.configuration.hibernate.jpa.conf.SessionFactoryPerJpaConfigurationFactory] will not be loaded due to failing conditions:
    22:57:42.989 [Test worker] DEBUG io.micronaut.context.condition.Condition -- * Existing bean [io.micronaut.configuration.hibernate.jpa.conf.SessionFactoryPerDataSourceFactory] of type [class io.micronaut.configuration.hibernate.jpa.conf.SessionFactoryPerDataSourceFactory] registered in context
    22:57:42.989 [Test worker] DEBUG io.micronaut.core.reflect.ClassUtils -- Attempting to dynamically load class org.hibernate.reactive.provider.ReactiveServiceRegistryBuilder
    22:57:42.989 [Test worker] DEBUG io.micronaut.core.reflect.ClassUtils -- Class org.hibernate.reactive.provider.ReactiveServiceRegistryBuilder is not present
    22:57:42.990 [Test worker] DEBUG io.micronaut.core.reflect.ClassUtils -- Attempting to dynamically load class org.hibernate.reactive.provider.ReactiveServiceRegistryBuilder
    22:57:42.990 [Test worker] DEBUG io.micronaut.core.reflect.ClassUtils -- Class org.hibernate.reactive.provider.ReactiveServiceRegistryBuilder is not present
    22:57:42.990 [Test worker] DEBUG io.micronaut.context.DefaultBeanContext -- Finding candidate beans for type: MetadataSources
    22:57:42.990 [Test worker] DEBUG io.micronaut.core.reflect.ClassUtils -- Attempting to dynamically load class org.hibernate.reactive.provider.ReactiveServiceRegistryBuilder
    22:57:42.991 [Test worker] DEBUG io.micronaut.core.reflect.ClassUtils -- Class org.hibernate.reactive.provider.ReactiveServiceRegistryBuilder is not present
    22:57:42.991 [Test worker] DEBUG io.micronaut.core.reflect.ClassUtils -- Attempting to dynamically load class org.hibernate.reactive.provider.ReactiveServiceRegistryBuilder
    22:57:42.991 [Test worker] DEBUG io.micronaut.core.reflect.ClassUtils -- Class org.hibernate.reactive.provider.ReactiveServiceRegistryBuilder is not present
    22:57:42.991 [Test worker] DEBUG io.micronaut.context.DefaultBeanContext -- Finding candidate beans for type: ServiceRegistry
    22:57:42.992 [Test worker] DEBUG io.micronaut.context.DefaultBeanContext -- Finding candidate beans for type: SessionFactoryPerDataSourceFactory
    22:57:42.993 [Test worker] DEBUG io.micronaut.context.DefaultBeanContext --   class io.micronaut.configuration.hibernate.jpa.conf.SessionFactoryPerDataSourceFactory null Definition: io.micronaut.configuration.hibernate.jpa.conf.SessionFactoryPerDataSourceFactory
    22:57:42.993 [Test worker] DEBUG io.micronaut.context.condition.Condition -- Bean [Definition: io.micronaut.configuration.hibernate.jpa.conf.SessionFactoryPerJpaConfigurationFactory] will not be loaded due to failing conditions:
    22:57:42.993 [Test worker] DEBUG io.micronaut.context.condition.Condition -- * Existing bean [io.micronaut.configuration.hibernate.jpa.conf.SessionFactoryPerDataSourceFactory] of type [class io.micronaut.configuration.hibernate.jpa.conf.SessionFactoryPerDataSourceFactory] registered in context
    22:57:42.993 [Test worker] DEBUG io.micronaut.core.reflect.ClassUtils -- Attempting to dynamically load class org.hibernate.reactive.provider.ReactiveServiceRegistryBuilder
    22:57:42.993 [Test worker] DEBUG io.micronaut.core.reflect.ClassUtils -- Class org.hibernate.reactive.provider.ReactiveServiceRegistryBuilder is not present
    22:57:42.994 [Test worker] DEBUG io.micronaut.core.reflect.ClassUtils -- Attempting to dynamically load class org.hibernate.reactive.provider.ReactiveServiceRegistryBuilder
    22:57:42.994 [Test worker] DEBUG io.micronaut.core.reflect.ClassUtils -- Class org.hibernate.reactive.provider.ReactiveServiceRegistryBuilder is not present
    22:57:42.994 [Test worker] DEBUG io.micronaut.context.DefaultBeanContext -- Finding candidate beans for type: DataSource
    22:57:42.994 [Test worker] DEBUG io.micronaut.context.DefaultBeanContext -- Finding candidate beans for type: DatasourceConfiguration
    22:57:42.995 [Test worker] DEBUG io.micronaut.context.DefaultBeanContext --   class io.micronaut.configuration.jdbc.hikari.DatasourceConfiguration @Named('default') Definition: io.micronaut.configuration.jdbc.hikari.DatasourceConfiguration
    22:57:42.996 [Test worker] DEBUG io.micronaut.context.DefaultBeanContext --   interface javax.sql.DataSource @Named('default') Definition: io.micronaut.configuration.jdbc.hikari.DatasourceFactory
    22:57:42.996 [Test worker] DEBUG io.micronaut.core.reflect.ClassUtils -- Attempting to dynamically load class org.hibernate.reactive.provider.ReactiveServiceRegistryBuilder
    22:57:42.996 [Test worker] DEBUG io.micronaut.core.reflect.ClassUtils -- Class org.hibernate.reactive.provider.ReactiveServiceRegistryBuilder is not present
    22:57:42.996 [Test worker] DEBUG io.micronaut.context.DefaultBeanContext --   interface org.hibernate.service.ServiceRegistry @Named('default') Definition: io.micronaut.configuration.hibernate.jpa.conf.SessionFactoryPerDataSourceFactory
    22:57:42.996 [Test worker] DEBUG io.micronaut.core.reflect.ClassUtils -- Attempting to dynamically load class org.hibernate.reactive.provider.ReactiveServiceRegistryBuilder
    22:57:42.997 [Test worker] DEBUG io.micronaut.core.reflect.ClassUtils -- Class org.hibernate.reactive.provider.ReactiveServiceRegistryBuilder is not present
    22:57:42.997 [Test worker] DEBUG io.micronaut.context.DefaultBeanContext -- Finding candidate beans for type: SessionFactoryPerDataSourceFactory
    22:57:42.997 [Test worker] DEBUG io.micronaut.context.DefaultBeanContext --   class io.micronaut.configuration.hibernate.jpa.conf.SessionFactoryPerDataSourceFactory null Definition: io.micronaut.configuration.hibernate.jpa.conf.SessionFactoryPerDataSourceFactory
    22:57:42.998 [Test worker] DEBUG io.micronaut.context.condition.Condition -- Bean [Definition: io.micronaut.configuration.hibernate.jpa.conf.SessionFactoryPerJpaConfigurationFactory] will not be loaded due to failing conditions:
    22:57:42.998 [Test worker] DEBUG io.micronaut.context.condition.Condition -- * Existing bean [io.micronaut.configuration.hibernate.jpa.conf.SessionFactoryPerDataSourceFactory] of type [class io.micronaut.configuration.hibernate.jpa.conf.SessionFactoryPerDataSourceFactory] registered in context
    22:57:42.998 [Test worker] DEBUG io.micronaut.context.DefaultBeanContext --   class org.hibernate.boot.MetadataSources @Named('default') Definition: io.micronaut.configuration.hibernate.jpa.conf.SessionFactoryPerDataSourceFactory
    22:57:42.998 [Test worker] DEBUG io.micronaut.core.reflect.ClassUtils -- Attempting to dynamically load class org.hibernate.reactive.provider.ReactiveServiceRegistryBuilder
    22:57:42.998 [Test worker] DEBUG io.micronaut.core.reflect.ClassUtils -- Class org.hibernate.reactive.provider.ReactiveServiceRegistryBuilder is not present
    22:57:42.999 [Test worker] DEBUG io.micronaut.context.DefaultBeanContext --   interface org.hibernate.boot.Metadata @Named('default') Definition: io.micronaut.configuration.hibernate.jpa.conf.SessionFactoryPerDataSourceFactory
    22:57:42.999 [Test worker] DEBUG io.micronaut.core.reflect.ClassUtils -- Attempting to dynamically load class org.hibernate.reactive.provider.ReactiveServiceRegistryBuilder
    22:57:42.999 [Test worker] DEBUG io.micronaut.core.reflect.ClassUtils -- Class org.hibernate.reactive.provider.ReactiveServiceRegistryBuilder is not present
    22:57:43.000 [Test worker] DEBUG io.micronaut.context.DefaultBeanContext -- Finding candidate beans for type: SessionFactoryPerDataSourceFactory
    22:57:43.000 [Test worker] DEBUG io.micronaut.context.DefaultBeanContext --   class io.micronaut.configuration.hibernate.jpa.conf.SessionFactoryPerDataSourceFactory null Definition: io.micronaut.configuration.hibernate.jpa.conf.SessionFactoryPerDataSourceFactory
    22:57:43.000 [Test worker] DEBUG io.micronaut.context.condition.Condition -- Bean [Definition: io.micronaut.configuration.hibernate.jpa.conf.SessionFactoryPerJpaConfigurationFactory] will not be loaded due to failing conditions:
    22:57:43.000 [Test worker] DEBUG io.micronaut.context.condition.Condition -- * Existing bean [io.micronaut.configuration.hibernate.jpa.conf.SessionFactoryPerDataSourceFactory] of type [class io.micronaut.configuration.hibernate.jpa.conf.SessionFactoryPerDataSourceFactory] registered in context
    22:57:43.001 [Test worker] DEBUG io.micronaut.context.DefaultBeanContext --   interface org.hibernate.boot.SessionFactoryBuilder @Named('default') Definition: io.micronaut.configuration.hibernate.jpa.conf.SessionFactoryPerDataSourceFactory
    22:57:43.001 [Test worker] DEBUG io.micronaut.core.reflect.ClassUtils -- Attempting to dynamically load class org.hibernate.reactive.provider.ReactiveServiceRegistryBuilder
    22:57:43.001 [Test worker] DEBUG io.micronaut.core.reflect.ClassUtils -- Class org.hibernate.reactive.provider.ReactiveServiceRegistryBuilder is not present
    22:57:43.001 [Test worker] DEBUG io.micronaut.context.DefaultBeanContext -- Finding candidate beans for type: SessionFactoryPerDataSourceFactory
    22:57:43.002 [Test worker] DEBUG io.micronaut.context.DefaultBeanContext --   class io.micronaut.configuration.hibernate.jpa.conf.SessionFactoryPerDataSourceFactory null Definition: io.micronaut.configuration.hibernate.jpa.conf.SessionFactoryPerDataSourceFactory
    22:57:43.002 [Test worker] DEBUG io.micronaut.context.DefaultBeanContext -- Found concrete candidate [Definition: io.micronaut.configuration.hibernate.jpa.conf.SessionFactoryPerDataSourceFactory] for type: sessionFactoryPerDataSourceFactory 
    22:57:43.002 [Test worker] DEBUG io.micronaut.context.DefaultBeanContext -- Finding candidate beans for type: Environment environment
    22:57:43.003 [Test worker] DEBUG io.micronaut.context.DefaultBeanContext --   class io.micronaut.context.env.DefaultEnvironment @Primary io.micronaut.context.DefaultRuntimeBeanDefinition@3ac04654
    22:57:43.003 [Test worker] DEBUG io.micronaut.context.DefaultBeanContext -- Found concrete candidate [io.micronaut.context.DefaultRuntimeBeanDefinition@3ac04654] for type: environment 
    22:57:43.003 [Test worker] DEBUG io.micronaut.context.lifecycle -- Created bean [io.micronaut.context.DefaultApplicationContext$RuntimeConfiguredEnvironment@f0e995e] from definition [io.micronaut.context.DefaultRuntimeBeanDefinition@3ac04654] with qualifier [@Primary]
    22:57:43.003 [Test worker] DEBUG io.micronaut.context.DefaultBeanContext -- Resolving beans for type: io.micronaut.configuration.hibernate.jpa.conf.sessionfactory.configure.SessionFactoryBuilderConfigurer
    22:57:43.003 [Test worker] DEBUG io.micronaut.context.DefaultBeanContext -- Finding candidate beans for type: SessionFactoryBuilderConfigurer E
    22:57:43.004 [Test worker] DEBUG io.micronaut.context.DefaultBeanContext -- Finding candidate beans for type: ValidatorFactory
    22:57:43.004 [Test worker] DEBUG io.micronaut.context.DefaultBeanContext -- Finding candidate beans for type: ValidatorFactory
    22:57:43.005 [Test worker] DEBUG io.micronaut.context.DefaultBeanContext -- No bean candidates found for type: ValidatorFactory
    22:57:43.005 [Test worker] DEBUG io.micronaut.context.DefaultBeanContext --   class io.micronaut.validation.validator.DefaultValidatorFactory null Definition: io.micronaut.validation.validator.DefaultValidatorFactory
    22:57:43.005 [Test worker] DEBUG io.micronaut.context.DefaultBeanContext --   class io.micronaut.configuration.hibernate.jpa.conf.sessionfactory.configure.internal.ValidatorFactoryConfigurer null Definition: io.micronaut.configuration.hibernate.jpa.conf.sessionfactory.configure.internal.ValidatorFactoryConfigurer
    22:57:43.005 [Test worker] DEBUG io.micronaut.core.reflect.ClassUtils -- Attempting to dynamically load class io.micronaut.context.annotation.Prototype
    22:57:43.005 [Test worker] DEBUG io.micronaut.core.reflect.ClassUtils -- Successfully loaded class io.micronaut.context.annotation.Prototype
    22:57:43.005 [Test worker] DEBUG io.micronaut.context.DefaultBeanContext -- Finding candidate beans for type: ValidatorFactory validatorFactory
    22:57:43.006 [Test worker] DEBUG io.micronaut.context.DefaultBeanContext --   class io.micronaut.validation.validator.DefaultValidatorFactory null Definition: io.micronaut.validation.validator.DefaultValidatorFactory
    22:57:43.006 [Test worker] DEBUG io.micronaut.context.DefaultBeanContext -- Found concrete candidate [Definition: io.micronaut.validation.validator.DefaultValidatorFactory] for type: validatorFactory 
    22:57:43.006 [Test worker] DEBUG io.micronaut.context.DefaultBeanContext -- Finding candidate beans for type: Validator validator
    22:57:43.007 [Test worker] DEBUG io.micronaut.context.DefaultBeanContext --   class io.micronaut.validation.validator.DefaultValidator null Definition: io.micronaut.validation.validator.DefaultValidator
    22:57:43.007 [Test worker] DEBUG io.micronaut.context.DefaultBeanContext -- Found concrete candidate [Definition: io.micronaut.validation.validator.DefaultValidator] for type: validator 
    22:57:43.010 [Test worker] DEBUG io.micronaut.context.DefaultBeanContext -- Finding candidate beans for type: ValidatorConfiguration configuration
    22:57:43.011 [Test worker] DEBUG io.micronaut.context.DefaultBeanContext --   class io.micronaut.validation.validator.DefaultValidatorConfiguration null Definition: io.micronaut.validation.validator.DefaultValidatorConfiguration
    22:57:43.012 [Test worker] DEBUG io.micronaut.context.DefaultBeanContext -- Found concrete candidate [Definition: io.micronaut.validation.validator.DefaultValidatorConfiguration] for type: configuration 
    22:57:43.012 [Test worker] DEBUG io.micronaut.context.DefaultBeanContext -- Finding candidate beans for type: ConstraintValidatorRegistry constraintValidatorRegistry
    22:57:43.013 [Test worker] DEBUG io.micronaut.context.DefaultBeanContext --   class io.micronaut.validation.validator.constraints.DefaultConstraintValidators null Definition: io.micronaut.validation.validator.constraints.DefaultConstraintValidators
    22:57:43.013 [Test worker] DEBUG io.micronaut.context.DefaultBeanContext -- Found concrete candidate [Definition: io.micronaut.validation.validator.constraints.DefaultConstraintValidators] for type: constraintValidatorRegistry 
    22:57:43.059 [Test worker] DEBUG io.micronaut.core.beans.DefaultBeanIntrospector -- Found BeanIntrospection for type: class io.micronaut.validation.validator.constraints.InternalConstraintValidators,
    22:57:43.076 [Test worker] DEBUG io.micronaut.context.lifecycle -- Created bean [io.micronaut.validation.validator.constraints.DefaultConstraintValidators@10667848] from definition [Definition: io.micronaut.validation.validator.constraints.DefaultConstraintValidators] with qualifier [null]
    22:57:43.076 [Test worker] DEBUG io.micronaut.context.DefaultBeanContext -- Finding candidate beans for type: ValueExtractorRegistry valueExtractorRegistry
    22:57:43.077 [Test worker] DEBUG io.micronaut.context.DefaultBeanContext --   class io.micronaut.validation.validator.extractors.DefaultValueExtractors null Definition: io.micronaut.validation.validator.extractors.DefaultValueExtractors
    22:57:43.077 [Test worker] DEBUG io.micronaut.context.DefaultBeanContext -- Found concrete candidate [Definition: io.micronaut.validation.validator.extractors.DefaultValueExtractors] for type: valueExtractorRegistry 
    22:57:43.078 [HikariPool-1 housekeeper] DEBUG com.zaxxer.hikari.pool.HikariPool -- HikariPool-1 - Pool stats (total=1, active=0, idle=1, waiting=0)
    22:57:43.079 [Test worker] DEBUG io.micronaut.core.beans.DefaultBeanIntrospector -- Found BeanIntrospection for type: class io.micronaut.validation.validator.extractors.InternalValueExtractors,
    22:57:43.080 [HikariPool-1 connection adder] DEBUG com.zaxxer.hikari.pool.HikariPool -- HikariPool-1 - Added connection conn1: url=jdbc:h2:mem:devDb user=SA
    22:57:43.083 [Test worker] DEBUG io.micronaut.context.DefaultBeanContext -- Finding candidate beans for type: ValueExtractor
    22:57:43.085 [Test worker] DEBUG io.micronaut.context.DefaultBeanContext -- No bean candidates found for type: ValueExtractor
    22:57:43.085 [Test worker] DEBUG io.micronaut.context.lifecycle -- Created bean [io.micronaut.validation.validator.extractors.DefaultValueExtractors@64c4c01] from definition [Definition: io.micronaut.validation.validator.extractors.DefaultValueExtractors] with qualifier [null]
    22:57:43.085 [Test worker] DEBUG io.micronaut.context.DefaultBeanContext -- Finding candidate beans for type: ClockProvider clockProvider
    22:57:43.088 [Test worker] DEBUG io.micronaut.context.DefaultBeanContext --   class io.micronaut.validation.validator.DefaultClockProvider null Definition: io.micronaut.validation.validator.DefaultClockProvider
    22:57:43.088 [Test worker] DEBUG io.micronaut.context.DefaultBeanContext -- Found concrete candidate [Definition: io.micronaut.validation.validator.DefaultClockProvider] for type: clockProvider 
    22:57:43.088 [Test worker] DEBUG io.micronaut.context.lifecycle -- Created bean [io.micronaut.validation.validator.DefaultClockProvider@a20b94b] from definition [Definition: io.micronaut.validation.validator.DefaultClockProvider] with qualifier [null]
    22:57:43.088 [Test worker] DEBUG io.micronaut.context.DefaultBeanContext -- Finding candidate beans for type: TraversableResolver traversableResolver
    22:57:43.090 [Test worker] DEBUG io.micronaut.context.DefaultBeanContext --   class io.micronaut.validation.validator.resolver.CompositeTraversableResolver null Definition: io.micronaut.validation.validator.resolver.CompositeTraversableResolver
    22:57:43.090 [Test worker] DEBUG io.micronaut.context.DefaultBeanContext --   class io.micronaut.configuration.hibernate.jpa.validation.JPATraversableResolver null Definition: io.micronaut.configuration.hibernate.jpa.validation.JPATraversableResolver
    22:57:43.090 [Test worker] DEBUG io.micronaut.context.DefaultBeanContext -- Searching for @Primary for type [traversableResolver] from candidates: [Definition: io.micronaut.validation.validator.resolver.CompositeTraversableResolver, Definition: io.micronaut.configuration.hibernate.jpa.validation.JPATraversableResolver] 
    22:57:43.091 [Test worker] DEBUG io.micronaut.context.DefaultBeanContext -- Found concrete candidate [Definition: io.micronaut.validation.validator.resolver.CompositeTraversableResolver] for type: traversableResolver 
    22:57:43.091 [Test worker] DEBUG io.micronaut.context.DefaultBeanContext -- Resolving beans for type: jakarta.validation.TraversableResolver
    22:57:43.091 [Test worker] DEBUG io.micronaut.context.DefaultBeanContext -- Finding candidate beans for type: TraversableResolver E
    22:57:43.092 [Test worker] DEBUG io.micronaut.context.DefaultBeanContext --   class io.micronaut.validation.validator.resolver.CompositeTraversableResolver null Definition: io.micronaut.validation.validator.resolver.CompositeTraversableResolver
    22:57:43.092 [Test worker] DEBUG io.micronaut.context.DefaultBeanContext --   class io.micronaut.configuration.hibernate.jpa.validation.JPATraversableResolver null Definition: io.micronaut.configuration.hibernate.jpa.validation.JPATraversableResolver
    22:57:43.093 [Test worker] DEBUG io.micronaut.context.lifecycle -- Created bean [io.micronaut.configuration.hibernate.jpa.validation.JPATraversableResolver@cfbc8e8] from definition [Definition: io.micronaut.configuration.hibernate.jpa.validation.JPATraversableResolver] with qualifier [null]
    22:57:43.093 [Test worker] DEBUG io.micronaut.context.DefaultBeanContext -- Found a registration BeanRegistration: io.micronaut.configuration.hibernate.jpa.validation.JPATraversableResolver@cfbc8e8 for candidate: Definition: io.micronaut.configuration.hibernate.jpa.validation.JPATraversableResolver with qualifier: null
    22:57:43.093 [Test worker] DEBUG io.micronaut.context.lifecycle -- Created bean [io.micronaut.validation.validator.resolver.CompositeTraversableResolver@3bead518] from definition [Definition: io.micronaut.validation.validator.resolver.CompositeTraversableResolver] with qualifier [null]
    22:57:43.093 [Test worker] DEBUG io.micronaut.context.DefaultBeanContext -- Finding candidate beans for type: MessageInterpolator messageInterpolator
    22:57:43.094 [Test worker] DEBUG io.micronaut.context.DefaultBeanContext --   class io.micronaut.validation.validator.messages.DefaultMessageInterpolator null Definition: io.micronaut.validation.validator.messages.DefaultMessageInterpolator
    22:57:43.094 [Test worker] DEBUG io.micronaut.context.DefaultBeanContext -- Found concrete candidate [Definition: io.micronaut.validation.validator.messages.DefaultMessageInterpolator] for type: messageInterpolator 
    22:57:43.095 [Test worker] DEBUG io.micronaut.context.DefaultBeanContext -- Finding candidate beans for type: MessageSource messageSource
    22:57:43.095 [Test worker] DEBUG io.micronaut.context.DefaultBeanContext --   class io.micronaut.validation.validator.messages.DefaultMessages null Definition: io.micronaut.validation.validator.messages.DefaultMessages
    22:57:43.095 [Test worker] DEBUG io.micronaut.context.DefaultBeanContext --   class io.micronaut.runtime.context.CompositeMessageSource null Definition: io.micronaut.runtime.context.CompositeMessageSource
    22:57:43.095 [Test worker] DEBUG io.micronaut.context.DefaultBeanContext -- Searching for @Primary for type [messageSource] from candidates: [Definition: io.micronaut.validation.validator.messages.DefaultMessages, Definition: io.micronaut.runtime.context.CompositeMessageSource] 
    22:57:43.095 [Test worker] DEBUG io.micronaut.context.DefaultBeanContext -- Found concrete candidate [Definition: io.micronaut.runtime.context.CompositeMessageSource] for type: messageSource 
    22:57:43.096 [Test worker] DEBUG io.micronaut.context.DefaultBeanContext -- Resolving beans for type: io.micronaut.context.MessageSource
    22:57:43.096 [Test worker] DEBUG io.micronaut.context.DefaultBeanContext -- Finding candidate beans for type: MessageSource E
    22:57:43.096 [Test worker] DEBUG io.micronaut.context.DefaultBeanContext --   class io.micronaut.validation.validator.messages.DefaultMessages null Definition: io.micronaut.validation.validator.messages.DefaultMessages
    22:57:43.096 [Test worker] DEBUG io.micronaut.context.DefaultBeanContext --   class io.micronaut.runtime.context.CompositeMessageSource null Definition: io.micronaut.runtime.context.CompositeMessageSource
    22:57:43.097 [Test worker] DEBUG io.micronaut.core.reflect.ClassUtils -- Attempting to dynamically load class io.micronaut.context.annotation.Prototype
    22:57:43.097 [Test worker] DEBUG io.micronaut.core.reflect.ClassUtils -- Successfully loaded class io.micronaut.context.annotation.Prototype
    22:57:43.097 [Test worker] DEBUG io.micronaut.context.lifecycle -- Created bean [io.micronaut.validation.validator.messages.DefaultMessages@30814f43] from definition [Definition: io.micronaut.validation.validator.messages.DefaultMessages] with qualifier [null]
    22:57:43.097 [Test worker] DEBUG io.micronaut.context.DefaultBeanContext -- Found a registration BeanRegistration: io.micronaut.validation.validator.messages.DefaultMessages@30814f43 for candidate: Definition: io.micronaut.validation.validator.messages.DefaultMessages with qualifier: null
    22:57:43.098 [Test worker] DEBUG io.micronaut.context.DefaultBeanContext -- Found 1 bean registrations for type [E]
    22:57:43.098 [Test worker] DEBUG io.micronaut.context.DefaultBeanContext --   Definition: io.micronaut.validation.validator.messages.DefaultMessages null
    22:57:43.098 [Test worker] DEBUG io.micronaut.context.lifecycle -- Created bean [io.micronaut.runtime.context.CompositeMessageSource@1fde4f40] from definition [Definition: io.micronaut.runtime.context.CompositeMessageSource] with qualifier [null]
    22:57:43.098 [Test worker] DEBUG io.micronaut.context.lifecycle -- Created bean [io.micronaut.validation.validator.messages.DefaultMessageInterpolator@49cf9028] from definition [Definition: io.micronaut.validation.validator.messages.DefaultMessageInterpolator] with qualifier [null]
    22:57:43.098 [Test worker] DEBUG io.micronaut.context.lifecycle -- Created bean [io.micronaut.validation.validator.DefaultValidatorConfiguration@4992613f] from definition [Definition: io.micronaut.validation.validator.DefaultValidatorConfiguration] with qualifier [null]
    22:57:43.098 [Test worker] DEBUG io.micronaut.context.lifecycle -- Created bean [io.micronaut.validation.validator.DefaultValidator@6fd5717c] from definition [Definition: io.micronaut.validation.validator.DefaultValidator] with qualifier [null]
    22:57:43.098 [Test worker] DEBUG io.micronaut.context.lifecycle -- Created bean [io.micronaut.validation.validator.DefaultValidatorFactory@7e2f86e6] from definition [Definition: io.micronaut.validation.validator.DefaultValidatorFactory] with qualifier [null]
    22:57:43.098 [Test worker] DEBUG io.micronaut.context.lifecycle -- Created bean [io.micronaut.configuration.hibernate.jpa.conf.sessionfactory.configure.internal.ValidatorFactoryConfigurer@4d774249] from definition [Definition: io.micronaut.configuration.hibernate.jpa.conf.sessionfactory.configure.internal.ValidatorFactoryConfigurer] with qualifier [null]
    22:57:43.098 [Test worker] DEBUG io.micronaut.context.DefaultBeanContext -- Found a registration BeanRegistration: io.micronaut.configuration.hibernate.jpa.conf.sessionfactory.configure.internal.ValidatorFactoryConfigurer@4d774249 for candidate: Definition: io.micronaut.configuration.hibernate.jpa.conf.sessionfactory.configure.internal.ValidatorFactoryConfigurer with qualifier: null
    22:57:43.098 [Test worker] DEBUG io.micronaut.context.DefaultBeanContext -- Found 1 bean registrations for type [E]
    22:57:43.098 [Test worker] DEBUG io.micronaut.context.DefaultBeanContext --   Definition: io.micronaut.configuration.hibernate.jpa.conf.sessionfactory.configure.internal.ValidatorFactoryConfigurer null
    22:57:43.099 [Test worker] DEBUG io.micronaut.context.DefaultBeanContext -- Finding candidate beans for type: StandardServiceRegistryBuilderCreator serviceRegistryBuilderSupplier
    22:57:43.099 [Test worker] DEBUG io.micronaut.context.DefaultBeanContext -- Finding candidate beans for type: StandardServiceRegistryBuilderCreator
    22:57:43.099 [Test worker] DEBUG io.micronaut.context.DefaultBeanContext -- No bean candidates found for type: StandardServiceRegistryBuilderCreator
    22:57:43.099 [Test worker] DEBUG io.micronaut.context.DefaultBeanContext --   class io.micronaut.configuration.hibernate.jpa.conf.serviceregistry.builder.supplier.internal.DefaultStandardServiceRegistryBuilderCreatorCreator null Definition: io.micronaut.configuration.hibernate.jpa.conf.serviceregistry.builder.supplier.internal.DefaultStandardServiceRegistryBuilderCreatorCreator
    22:57:43.099 [Test worker] DEBUG io.micronaut.context.DefaultBeanContext -- Found concrete candidate [Definition: io.micronaut.configuration.hibernate.jpa.conf.serviceregistry.builder.supplier.internal.DefaultStandardServiceRegistryBuilderCreatorCreator] for type: serviceRegistryBuilderSupplier 
    22:57:43.099 [Test worker] DEBUG io.micronaut.core.reflect.ClassUtils -- Attempting to dynamically load class io.micronaut.context.annotation.Prototype
    22:57:43.099 [Test worker] DEBUG io.micronaut.core.reflect.ClassUtils -- Successfully loaded class io.micronaut.context.annotation.Prototype
    22:57:43.099 [Test worker] DEBUG io.micronaut.context.DefaultBeanContext -- Finding candidate beans for type: Integrator integrator
    22:57:43.100 [Test worker] DEBUG io.micronaut.context.DefaultBeanContext --   class io.micronaut.data.hibernate.event.EventIntegrator null Definition: io.micronaut.data.hibernate.event.EventIntegrator
    22:57:43.100 [Test worker] DEBUG io.micronaut.context.DefaultBeanContext -- Found concrete candidate [Definition: io.micronaut.data.hibernate.event.EventIntegrator] for type: integrator 
    22:57:43.102 [Test worker] DEBUG io.micronaut.context.DefaultBeanContext -- Finding candidate beans for type: RuntimeEntityRegistry entityRegistry
    22:57:43.104 [Test worker] DEBUG io.micronaut.context.DefaultBeanContext --   class io.micronaut.data.runtime.support.DefaultRuntimeEntityRegistry null Definition: io.micronaut.data.runtime.support.DefaultRuntimeEntityRegistry
    22:57:43.104 [Test worker] DEBUG io.micronaut.context.DefaultBeanContext -- Found concrete candidate [Definition: io.micronaut.data.runtime.support.DefaultRuntimeEntityRegistry] for type: entityRegistry 
    22:57:43.105 [Test worker] DEBUG io.micronaut.context.DefaultBeanContext -- Finding candidate beans for type: EntityEventRegistry eventRegistry
    22:57:43.106 [Test worker] DEBUG io.micronaut.context.DefaultBeanContext --   class io.micronaut.data.runtime.event.EntityEventRegistry null Definition: io.micronaut.data.runtime.event.EntityEventRegistry
    22:57:43.106 [Test worker] DEBUG io.micronaut.context.DefaultBeanContext -- Found concrete candidate [Definition: io.micronaut.data.runtime.event.EntityEventRegistry] for type: eventRegistry 
    22:57:43.107 [Test worker] DEBUG io.micronaut.context.DefaultBeanContext -- Finding candidate beans for type: EntityEventListener
    22:57:43.108 [Test worker] DEBUG io.micronaut.context.DefaultBeanContext --   class io.micronaut.data.runtime.event.listeners.UUIDGeneratingEntityEventListener null Definition: io.micronaut.data.runtime.event.listeners.UUIDGeneratingEntityEventListener
    22:57:43.108 [Test worker] DEBUG io.micronaut.context.DefaultBeanContext --   class io.micronaut.data.runtime.event.listeners.AnnotatedMethodInvokingEntityEventListener null Definition: io.micronaut.data.runtime.event.listeners.AnnotatedMethodInvokingEntityEventListener
    22:57:43.108 [Test worker] DEBUG io.micronaut.context.DefaultBeanContext --   class io.micronaut.data.runtime.event.EntityEventRegistry null Definition: io.micronaut.data.runtime.event.EntityEventRegistry
    22:57:43.108 [Test worker] DEBUG io.micronaut.context.DefaultBeanContext --   class io.micronaut.data.runtime.event.listeners.VersionGeneratingEntityEventListener null Definition: io.micronaut.data.runtime.event.listeners.VersionGeneratingEntityEventListener
    22:57:43.108 [Test worker] DEBUG io.micronaut.context.DefaultBeanContext --   class io.micronaut.data.runtime.event.listeners.AutoTimestampEntityEventListener null Definition: io.micronaut.data.runtime.event.listeners.AutoTimestampEntityEventListener
    22:57:43.109 [Test worker] DEBUG io.micronaut.context.DefaultBeanContext -- Finding candidate beans for qualifier: @EntityEventMapping
    22:57:43.110 [Test worker] DEBUG io.micronaut.context.condition.Condition -- Bean [io.micronaut.jackson.kotlin.$KotlinModuleFactory$KotlinModuleFactory0$Definition] will not be loaded due to failing conditions:
    22:57:43.110 [Test worker] DEBUG io.micronaut.context.condition.Condition -- * Required property [jackson.module-scan] with value [false] not present
    22:57:43.110 [HikariPool-1 connection adder] DEBUG com.zaxxer.hikari.pool.HikariPool -- HikariPool-1 - After adding stats (total=2, active=0, idle=2, waiting=0)
    22:57:43.110 [Test worker] DEBUG io.micronaut.context.condition.Condition -- Bean [io.micronaut.configuration.hibernate.jpa.conf.settings.internal.$JCacheManagerSettingSupplier$Definition] will not be loaded due to failing conditions:
    22:57:43.110 [Test worker] DEBUG io.micronaut.context.condition.Condition -- * Class [org.hibernate.cache.jcache.ConfigSettings] is not present
    22:57:43.111 [Test worker] DEBUG io.micronaut.context.condition.Condition -- Bean [io.micronaut.data.runtime.support.convert.convert.jpa.$JxAttributeConverterProvider$Definition] will not be loaded due to failing conditions:
    22:57:43.111 [Test worker] DEBUG io.micronaut.context.condition.Condition -- * Class [javax.persistence.AttributeConverter] is not present
    22:57:43.111 [Test worker] DEBUG io.micronaut.context.condition.Condition -- Bean [io.micronaut.data.runtime.multitenancy.internal.$DefaultTenantResolver$Definition] will not be loaded due to failing conditions:
    22:57:43.111 [Test worker] DEBUG io.micronaut.context.condition.Condition -- * Class [io.micronaut.multitenancy.tenantresolver.TenantResolver] is not present
    22:57:43.111 [Test worker] DEBUG io.micronaut.context.condition.Condition -- Bean [io.micronaut.test.support.server.$TestEmbeddedServer$Definition] will not be loaded due to failing conditions:
    22:57:43.111 [Test worker] DEBUG io.micronaut.context.condition.Condition -- * Required property [micronaut.test.server.url] with value [null] not present
    22:57:43.111 [HikariPool-1 connection adder] DEBUG com.zaxxer.hikari.pool.HikariPool -- HikariPool-1 - Added connection conn2: url=jdbc:h2:mem:devDb user=SA
    22:57:43.111 [Test worker] DEBUG io.micronaut.context.condition.Condition -- Bean [io.micronaut.test.support.sql.$ConnectionFactoryHandler$Definition] will not be loaded due to failing conditions:
    22:57:43.111 [Test worker] DEBUG io.micronaut.context.condition.Condition -- * Class [io.r2dbc.spi.ConnectionFactory] is not present
    22:57:43.112 [Test worker] DEBUG io.micronaut.context.condition.Condition -- Bean [io.micronaut.test.support.server.$TestExecutableEmbeddedServer$Definition] will not be loaded due to failing conditions:
    22:57:43.112 [Test worker] DEBUG io.micronaut.context.condition.Condition -- * Required property [micronaut.test.server.executable] with value [null] not present
    22:57:43.112 [Test worker] DEBUG io.micronaut.context.condition.Condition -- Bean [io.micronaut.transaction.kotlin.$DefaultCoroutineTransactionOperations$Definition] will not be loaded due to failing conditions:
    22:57:43.112 [Test worker] DEBUG io.micronaut.context.condition.Condition -- * Class [kotlinx.coroutines.reactor.ReactorContext] is not present
    22:57:43.112 [Test worker] DEBUG io.micronaut.context.condition.Condition -- Bean [io.micronaut.data.connection.kotlin.$DefaultCoroutineConnectionOperations$Definition] will not be loaded due to failing conditions:
    22:57:43.112 [Test worker] DEBUG io.micronaut.context.condition.Condition -- * Class [kotlinx.coroutines.reactor.ReactorContext] is not present
    22:57:43.114 [Test worker] DEBUG io.micronaut.context.condition.Condition -- Bean [io.micronaut.management.health.indicator.client.$ServiceHttpClientHealthIndicator$Definition] will not be loaded due to failing conditions:
    22:57:43.114 [Test worker] DEBUG io.micronaut.context.condition.Condition -- * Property [endpoints.health.service-http-client.enabled] with value [false] should not equal: false
    22:57:43.115 [Test worker] DEBUG io.micronaut.context.condition.Condition -- Bean [io.micronaut.management.endpoint.loggers.impl.$Log4jLoggingSystem$Definition] will not be loaded due to failing conditions:
    22:57:43.115 [Test worker] DEBUG io.micronaut.context.condition.Condition -- * Class [org.apache.logging.log4j.core.LoggerContext] is not present
    22:57:43.116 [Test worker] DEBUG io.micronaut.context.condition.Condition -- Bean [io.micronaut.discovery.cloud.digitalocean.$DigitalOceanMetadataResolver$Definition] will not be loaded due to failing conditions:
    22:57:43.116 [Test worker] DEBUG io.micronaut.context.condition.Condition -- * None of the required environments [digitalocean] are active: [test]
    22:57:43.116 [Test worker] DEBUG io.micronaut.context.condition.Condition -- Bean [io.micronaut.discovery.cloud.digitalocean.$DigitalOceanMetadataConfiguration$Definition] will not be loaded due to failing conditions:
    22:57:43.116 [Test worker] DEBUG io.micronaut.context.condition.Condition -- * None of the required environments [digitalocean] are active: [test]
    22:57:43.116 [Test worker] DEBUG io.micronaut.context.condition.Condition -- Bean [io.micronaut.http.server.netty.jackson.$JsonViewServerFilter$Definition] will not be loaded due to failing conditions:
    22:57:43.116 [Test worker] DEBUG io.micronaut.context.condition.Condition -- * Required property [jackson.json-view.enabled] with value [null] not present
    22:57:43.116 [Test worker] DEBUG io.micronaut.context.condition.Condition -- Bean [io.micronaut.http.server.netty.jackson.$JsonViewMediaTypeCodecFactory$Definition] will not be loaded due to failing conditions:
    22:57:43.116 [Test worker] DEBUG io.micronaut.context.condition.Condition -- * Required property [jackson.json-view.enabled] with value [null] not present
    22:57:43.117 [Test worker] DEBUG io.micronaut.context.condition.Condition -- Bean [io.micronaut.http.netty.channel.converters.$EpollChannelOptionFactory$Definition] will not be loaded due to failing conditions:
    22:57:43.117 [Test worker] DEBUG io.micronaut.context.condition.Condition -- * Class [io.netty.channel.epoll.Epoll] is not present
    22:57:43.117 [Test worker] DEBUG io.micronaut.context.condition.Condition -- Bean [io.micronaut.http.netty.channel.$KQueueEventLoopGroupFactory$Definition] will not be loaded due to failing conditions:
    22:57:43.117 [Test worker] DEBUG io.micronaut.context.condition.Condition -- * Class [io.netty.channel.kqueue.KQueue] is not present
    22:57:43.117 [Test worker] DEBUG io.micronaut.context.condition.Condition -- Bean [io.micronaut.http.netty.channel.$IoUringEventLoopGroupFactory$Definition] will not be loaded due to failing conditions:
    22:57:43.117 [Test worker] DEBUG io.micronaut.context.condition.Condition -- * Class [io.netty.incubator.channel.uring.IOUring] is not present
    22:57:43.117 [Test worker] DEBUG io.micronaut.context.condition.Condition -- Bean [io.micronaut.http.netty.channel.$EpollEventLoopGroupFactory$Definition] will not be loaded due to failing conditions:
    22:57:43.117 [Test worker] DEBUG io.micronaut.context.condition.Condition -- * Class [io.netty.channel.epoll.Epoll] is not present
    22:57:43.117 [Test worker] DEBUG io.micronaut.context.condition.Condition -- Bean [io.micronaut.http.server.util.locale.$HttpFixedLocaleResolver$Definition] will not be loaded due to failing conditions:
    22:57:43.117 [Test worker] DEBUG io.micronaut.context.condition.Condition -- * Required property [micronaut.server.locale-resolution.fixed] with value [null] not present
    22:57:43.118 [Test worker] DEBUG io.micronaut.context.condition.Condition -- Bean [io.micronaut.http.server.$OptionsFilter$Definition] will not be loaded due to failing conditions:
    22:57:43.118 [Test worker] DEBUG io.micronaut.context.condition.Condition -- * Property [micronaut.server.dispatch-options-requests] with value [false] does not equal required value: true
    22:57:43.118 [Test worker] DEBUG io.micronaut.context.condition.Condition -- Bean [io.micronaut.http.server.util.locale.$CookieLocaleResolver$Definition] will not be loaded due to failing conditions:
    22:57:43.118 [Test worker] DEBUG io.micronaut.context.condition.Condition -- * Required property [micronaut.server.locale-resolution.cookie-name] with value [null] not present
    22:57:43.118 [Test worker] DEBUG io.micronaut.context.condition.Condition -- Bean [io.micronaut.web.router.version.$ConfigurationDefaultVersionProvider$Definition] will not be loaded due to failing conditions:
    22:57:43.118 [Test worker] DEBUG io.micronaut.context.condition.Condition -- * Required property [micronaut.router.versioning.default-version] with value [null] not present
    22:57:43.118 [Test worker] DEBUG io.micronaut.context.condition.Condition -- Bean [io.micronaut.web.router.version.resolution.$HeaderVersionResolverConfiguration$Definition] will not be loaded due to failing conditions:
    22:57:43.118 [Test worker] DEBUG io.micronaut.context.condition.Condition -- * Required property [micronaut.router.versioning.header.enabled] with value [true] not present
    22:57:43.118 [Test worker] DEBUG io.micronaut.context.condition.Condition -- Bean [io.micronaut.web.router.version.$RoutesVersioningConfiguration$Definition] will not be loaded due to failing conditions:
    22:57:43.118 [Test worker] DEBUG io.micronaut.context.condition.Condition -- * Required property [micronaut.router.versioning.enabled] with value [true] not present
    22:57:43.119 [Test worker] DEBUG io.micronaut.context.condition.Condition -- Bean [io.micronaut.web.router.naming.$ConfigurableUriNamingStrategy$Definition] will not be loaded due to failing conditions:
    22:57:43.119 [Test worker] DEBUG io.micronaut.context.condition.Condition -- * Required property [micronaut.server.context-path] with value [null] not present
    22:57:43.119 [Test worker] DEBUG io.micronaut.context.condition.Condition -- Bean [io.micronaut.web.router.version.resolution.$ParameterVersionResolverConfiguration$Definition] will not be loaded due to failing conditions:
    22:57:43.119 [Test worker] DEBUG io.micronaut.context.condition.Condition -- * Required property [micronaut.router.versioning.parameter.enabled] with value [true] not present
    22:57:43.119 [Test worker] DEBUG io.micronaut.context.condition.Condition -- Bean [io.micronaut.http.ssl.$ServerSslConfiguration$DefaultKeyStoreConfiguration$Definition] will not be loaded due to failing conditions:
    22:57:43.119 [Test worker] DEBUG io.micronaut.context.condition.Condition -- * Required property [micronaut.server.ssl.key-store] with value [null] not present
    22:57:43.119 [Test worker] DEBUG io.micronaut.context.condition.Condition -- Bean [io.micronaut.http.body.$ConversionTextPlainHandler$Definition] will not be loaded due to failing conditions:
    22:57:43.119 [Test worker] DEBUG io.micronaut.context.condition.Condition -- * Required property [micronaut.http.legacy-text-conversion] with value [true] not present
    22:57:43.119 [Test worker] DEBUG io.micronaut.context.condition.Condition -- Bean [io.micronaut.http.ssl.$ServerSslConfiguration$DefaultKeyConfiguration$Definition] will not be loaded due to failing conditions:
    22:57:43.119 [Test worker] DEBUG io.micronaut.context.condition.Condition -- * Required property [micronaut.server.ssl.key] with value [null] not present
    22:57:43.119 [Test worker] DEBUG io.micronaut.context.condition.Condition -- Bean [io.micronaut.http.ssl.$ClientSslConfiguration$DefaultTrustStoreConfiguration$Definition] will not be loaded due to failing conditions:
    22:57:43.119 [Test worker] DEBUG io.micronaut.context.condition.Condition -- * Required property [micronaut.http.client.ssl.trust-store] with value [null] not present
    22:57:43.119 [Test worker] DEBUG io.micronaut.context.condition.Condition -- Bean [io.micronaut.http.ssl.$ServerSslConfiguration$DefaultTrustStoreConfiguration$Definition] will not be loaded due to failing conditions:
    22:57:43.119 [Test worker] DEBUG io.micronaut.context.condition.Condition -- * Required property [micronaut.server.ssl.trust-store] with value [null] not present
    22:57:43.120 [Test worker] DEBUG io.micronaut.context.condition.Condition -- Bean [io.micronaut.http.ssl.$ClientSslConfiguration$DefaultKeyConfiguration$Definition] will not be loaded due to failing conditions:
    22:57:43.120 [Test worker] DEBUG io.micronaut.context.condition.Condition -- * Required property [micronaut.http.client.ssl.key] with value [null] not present
    22:57:43.120 [Test worker] DEBUG io.micronaut.context.condition.Condition -- Bean [io.micronaut.http.ssl.$ClientSslConfiguration$DefaultKeyStoreConfiguration$Definition] will not be loaded due to failing conditions:
    22:57:43.120 [Test worker] DEBUG io.micronaut.context.condition.Condition -- * Required property [micronaut.http.client.ssl.key-store] with value [null] not present
    22:57:43.120 [Test worker] DEBUG io.micronaut.core.reflect.ClassUtils -- Attempting to dynamically load class io.methvin.watchservice.MacOSXListeningWatchService
    22:57:43.120 [Test worker] DEBUG io.micronaut.core.reflect.ClassUtils -- Class io.methvin.watchservice.MacOSXListeningWatchService is not present
    22:57:43.121 [Test worker] DEBUG io.micronaut.context.condition.Condition -- Bean [io.micronaut.runtime.server.watch.event.$FileWatchRestartListener$Definition] will not be loaded due to failing conditions:
    22:57:43.121 [Test worker] DEBUG io.micronaut.context.condition.Condition -- * Property [micronaut.io.watch.restart] with value [false] does not equal required value: true
    22:57:43.121 [Test worker] DEBUG io.micronaut.core.reflect.ClassUtils -- Attempting to dynamically load class io.methvin.watchservice.MacOSXListeningWatchService
    22:57:43.121 [Test worker] DEBUG io.micronaut.core.reflect.ClassUtils -- Class io.methvin.watchservice.MacOSXListeningWatchService is not present
    22:57:43.121 [Test worker] DEBUG io.micronaut.context.condition.Condition -- Bean [io.micronaut.scheduling.io.watch.$WatchServiceFactory$WatchService0$Definition] will not be loaded due to failing conditions:
    22:57:43.121 [Test worker] DEBUG io.micronaut.context.condition.Condition -- * Required property [micronaut.io.watch.paths] with value [null] not present
    22:57:43.121 [Test worker] DEBUG io.micronaut.context.condition.Condition -- Bean [io.micronaut.scheduling.io.watch.$DefaultWatchThread$Definition] will not be loaded due to failing conditions:
    22:57:43.121 [Test worker] DEBUG io.micronaut.context.condition.Condition -- * Required property [micronaut.io.watch.paths] with value [null] not present
    22:57:43.121 [Test worker] DEBUG io.micronaut.context.condition.Condition -- Bean [io.micronaut.scheduling.io.watch.$FileWatchConfiguration$Definition] will not be loaded due to failing conditions:
    22:57:43.122 [Test worker] DEBUG io.micronaut.context.condition.Condition -- * Required property [micronaut.io.watch.paths] with value [null] not present
    22:57:43.122 [Test worker] DEBUG io.micronaut.context.condition.Condition -- Bean [io.micronaut.logging.impl.$Log4jLoggingSystem$Definition] will not be loaded due to failing conditions:
    22:57:43.122 [Test worker] DEBUG io.micronaut.context.condition.Condition -- * Class [org.apache.logging.log4j.core.config.Configurator] is not present
    22:57:43.122 [Test worker] DEBUG io.micronaut.context.lifecycle -- Created bean [io.micronaut.data.runtime.event.EntityEventRegistry@3cec79d3] from definition [Definition: io.micronaut.data.runtime.event.EntityEventRegistry] with qualifier [null]
    22:57:43.123 [Test worker] DEBUG io.micronaut.context.DefaultBeanContext -- Resolving beans for type: io.micronaut.data.model.runtime.PropertyAutoPopulator<java.lang.annotation.Annotation>
    22:57:43.123 [Test worker] DEBUG io.micronaut.context.DefaultBeanContext -- Finding candidate beans for type: PropertyAutoPopulator T
    22:57:43.123 [Test worker] DEBUG io.micronaut.context.DefaultBeanContext --   class io.micronaut.data.runtime.event.listeners.VersionGeneratingEntityEventListener null Definition: io.micronaut.data.runtime.event.listeners.VersionGeneratingEntityEventListener
    22:57:43.123 [Test worker] DEBUG io.micronaut.context.DefaultBeanContext --   class io.micronaut.data.runtime.event.listeners.AutoTimestampEntityEventListener null Definition: io.micronaut.data.runtime.event.listeners.AutoTimestampEntityEventListener
    22:57:43.124 [Test worker] DEBUG io.micronaut.context.DefaultBeanContext -- Finding candidate beans for type: DateTimeProvider dateTimeProvider
    22:57:43.125 [Test worker] DEBUG io.micronaut.context.DefaultBeanContext --   class io.micronaut.data.runtime.date.CurrentDateTimeProvider null Definition: io.micronaut.data.runtime.date.CurrentDateTimeProvider
    22:57:43.125 [Test worker] DEBUG io.micronaut.context.DefaultBeanContext -- Found concrete candidate [Definition: io.micronaut.data.runtime.date.CurrentDateTimeProvider] for type: dateTimeProvider 
    22:57:43.125 [Test worker] DEBUG io.micronaut.context.lifecycle -- Created bean [io.micronaut.data.runtime.date.CurrentDateTimeProvider@72e789cb] from definition [Definition: io.micronaut.data.runtime.date.CurrentDateTimeProvider] with qualifier [null]
    22:57:43.125 [Test worker] DEBUG io.micronaut.context.DefaultBeanContext -- Finding candidate beans for type: DataConversionService conversionService
    22:57:43.127 [Test worker] DEBUG io.micronaut.context.DefaultBeanContext --   class io.micronaut.data.runtime.convert.DataConversionServiceImpl null Definition: io.micronaut.data.runtime.convert.DataConversionServiceFactory
    22:57:43.127 [Test worker] DEBUG io.micronaut.context.DefaultBeanContext -- Found concrete candidate [Definition: io.micronaut.data.runtime.convert.DataConversionServiceFactory] for type: conversionService 
    22:57:43.127 [Test worker] DEBUG io.micronaut.context.DefaultBeanContext -- Finding candidate beans for type: DataConversionServiceFactory
    22:57:43.128 [Test worker] DEBUG io.micronaut.context.DefaultBeanContext --   class io.micronaut.data.runtime.convert.DataConversionServiceFactory null Definition: io.micronaut.data.runtime.convert.DataConversionServiceFactory
    22:57:43.129 [Test worker] DEBUG io.micronaut.context.DefaultBeanContext -- Found concrete candidate [Definition: io.micronaut.data.runtime.convert.DataConversionServiceFactory] for type: dataConversionServiceFactory 
    22:57:43.129 [Test worker] DEBUG io.micronaut.context.lifecycle -- Created bean [io.micronaut.data.runtime.convert.DataConversionServiceFactory@77010a30] from definition [Definition: io.micronaut.data.runtime.convert.DataConversionServiceFactory] with qualifier [null]
    22:57:43.139 [Test worker] DEBUG io.micronaut.context.DefaultBeanContext -- Resolving beans for type: io.micronaut.data.runtime.convert.DataTypeConverter
    22:57:43.139 [Test worker] DEBUG io.micronaut.context.DefaultBeanContext -- Finding candidate beans for type: DataTypeConverter
    22:57:43.140 [Test worker] DEBUG io.micronaut.context.DefaultBeanContext -- No bean candidates found for type: DataTypeConverter
    22:57:43.140 [Test worker] DEBUG io.micronaut.context.DefaultBeanContext -- Resolving beans for type: io.micronaut.core.convert.TypeConverterRegistrar
    22:57:43.140 [Test worker] DEBUG io.micronaut.core.reflect.ClassUtils -- Attempting to dynamically load class io.micronaut.context.annotation.Prototype
    22:57:43.140 [Test worker] DEBUG io.micronaut.core.reflect.ClassUtils -- Successfully loaded class io.micronaut.context.annotation.Prototype
    22:57:43.140 [Test worker] DEBUG io.micronaut.context.lifecycle -- Created bean [io.micronaut.inject.provider.BeanProviderDefinition$1@5edf2821] from definition [io.micronaut.inject.provider.BeanProviderDefinition@58df6bef] with qualifier [null]
    22:57:43.140 [Test worker] DEBUG io.micronaut.context.lifecycle -- Created bean [io.micronaut.http.converters.HttpConverterRegistrar@4dbad37] from definition [Definition: io.micronaut.http.converters.HttpConverterRegistrar] with qualifier [null]
    22:57:43.140 [Test worker] DEBUG io.micronaut.context.DefaultBeanContext -- Found a registration BeanRegistration: io.micronaut.http.converters.HttpConverterRegistrar@4dbad37 for candidate: Definition: io.micronaut.http.converters.HttpConverterRegistrar with qualifier: null
    22:57:43.140 [Test worker] DEBUG io.micronaut.core.reflect.ClassUtils -- Attempting to dynamically load class io.micronaut.context.annotation.Prototype
    22:57:43.140 [Test worker] DEBUG io.micronaut.core.reflect.ClassUtils -- Successfully loaded class io.micronaut.context.annotation.Prototype
    22:57:43.140 [Test worker] DEBUG io.micronaut.context.lifecycle -- Created bean [io.micronaut.inject.provider.BeanProviderDefinition$1@7b4acdc2] from definition [io.micronaut.inject.provider.BeanProviderDefinition@58df6bef] with qualifier [null]
    22:57:43.141 [Test worker] DEBUG io.micronaut.context.lifecycle -- Created bean [io.micronaut.jackson.databind.convert.JacksonConverterRegistrar@26a262d6] from definition [Definition: io.micronaut.jackson.databind.convert.JacksonConverterRegistrar] with qualifier [null]
    22:57:43.141 [Test worker] DEBUG io.micronaut.context.DefaultBeanContext -- Found a registration BeanRegistration: io.micronaut.jackson.databind.convert.JacksonConverterRegistrar@26a262d6 for candidate: Definition: io.micronaut.jackson.databind.convert.JacksonConverterRegistrar with qualifier: null
    22:57:43.141 [Test worker] DEBUG io.micronaut.core.reflect.ClassUtils -- Attempting to dynamically load class io.micronaut.context.annotation.Prototype
    22:57:43.141 [Test worker] DEBUG io.micronaut.core.reflect.ClassUtils -- Successfully loaded class io.micronaut.context.annotation.Prototype
    22:57:43.141 [Test worker] DEBUG io.micronaut.context.lifecycle -- Created bean [io.micronaut.kotlin.converters.FlowReactorConverterRegistrar@11bd803] from definition [Definition: io.micronaut.kotlin.converters.FlowReactorConverterRegistrar] with qualifier [null]
    22:57:43.141 [Test worker] DEBUG io.micronaut.context.DefaultBeanContext -- Found a registration BeanRegistration: io.micronaut.kotlin.converters.FlowReactorConverterRegistrar@11bd803 for candidate: Definition: io.micronaut.kotlin.converters.FlowReactorConverterRegistrar with qualifier: null
    22:57:43.141 [Test worker] DEBUG io.micronaut.core.reflect.ClassUtils -- Attempting to dynamically load class io.micronaut.context.annotation.Prototype
    22:57:43.141 [Test worker] DEBUG io.micronaut.core.reflect.ClassUtils -- Successfully loaded class io.micronaut.context.annotation.Prototype
    22:57:43.141 [Test worker] DEBUG io.micronaut.context.lifecycle -- Created bean [io.micronaut.inject.provider.BeanProviderDefinition$1@58f07f02] from definition [io.micronaut.inject.provider.BeanProviderDefinition@58df6bef] with qualifier [null]
    22:57:43.141 [Test worker] DEBUG io.micronaut.context.lifecycle -- Created bean [io.micronaut.inject.provider.BeanProviderDefinition$1@75798d03] from definition [io.micronaut.inject.provider.BeanProviderDefinition@58df6bef] with qualifier [null]
    22:57:43.141 [Test worker] DEBUG io.micronaut.context.lifecycle -- Created bean [io.micronaut.http.server.netty.converters.NettyConverters@40f8f5a8] from definition [Definition: io.micronaut.http.server.netty.converters.NettyConverters] with qualifier [null]
    22:57:43.141 [Test worker] DEBUG io.micronaut.context.DefaultBeanContext -- Found a registration BeanRegistration: io.micronaut.http.server.netty.converters.NettyConverters@40f8f5a8 for candidate: Definition: io.micronaut.http.server.netty.converters.NettyConverters with qualifier: null
    22:57:43.141 [Test worker] DEBUG io.micronaut.core.reflect.ClassUtils -- Attempting to dynamically load class io.micronaut.context.annotation.Prototype
    22:57:43.141 [Test worker] DEBUG io.micronaut.core.reflect.ClassUtils -- Successfully loaded class io.micronaut.context.annotation.Prototype
    22:57:43.141 [Test worker] DEBUG io.micronaut.context.lifecycle -- Created bean [io.micronaut.kotlin.converters.FlowPublisherConverterRegistrar@1ffcf674] from definition [Definition: io.micronaut.kotlin.converters.FlowPublisherConverterRegistrar] with qualifier [null]
    22:57:43.141 [HikariPool-1 connection adder] DEBUG com.zaxxer.hikari.pool.HikariPool -- HikariPool-1 - After adding stats (total=3, active=0, idle=3, waiting=0)
    22:57:43.142 [Test worker] DEBUG io.micronaut.context.DefaultBeanContext -- Found a registration BeanRegistration: io.micronaut.kotlin.converters.FlowPublisherConverterRegistrar@1ffcf674 for candidate: Definition: io.micronaut.kotlin.converters.FlowPublisherConverterRegistrar with qualifier: null
    22:57:43.142 [Test worker] DEBUG io.micronaut.core.reflect.ClassUtils -- Attempting to dynamically load class io.micronaut.context.annotation.Prototype
    22:57:43.142 [Test worker] DEBUG io.micronaut.core.reflect.ClassUtils -- Successfully loaded class io.micronaut.context.annotation.Prototype
    22:57:43.142 [Test worker] DEBUG io.micronaut.context.lifecycle -- Created bean [io.micronaut.inject.provider.BeanProviderDefinition$1@442f92e6] from definition [io.micronaut.inject.provider.BeanProviderDefinition@58df6bef] with qualifier [null]
    22:57:43.142 [Test worker] DEBUG io.micronaut.context.lifecycle -- Created bean [io.micronaut.inject.provider.BeanProviderDefinition$1@7d070ef5] from definition [io.micronaut.inject.provider.BeanProviderDefinition@58df6bef] with qualifier [null]
    22:57:43.142 [Test worker] DEBUG io.micronaut.context.lifecycle -- Created bean [io.micronaut.json.convert.JsonConverterRegistrar@7a55f148] from definition [Definition: io.micronaut.json.convert.JsonConverterRegistrar] with qualifier [null]
    22:57:43.142 [Test worker] DEBUG io.micronaut.context.DefaultBeanContext -- Found a registration BeanRegistration: io.micronaut.json.convert.JsonConverterRegistrar@7a55f148 for candidate: Definition: io.micronaut.json.convert.JsonConverterRegistrar with qualifier: null
    22:57:43.142 [Test worker] DEBUG io.micronaut.context.DefaultBeanContext -- Found a registration BeanRegistration: io.micronaut.buffer.netty.NettyByteBufferFactory@71e9a896 for candidate: Definition: io.micronaut.buffer.netty.NettyByteBufferFactory with qualifier: null
    22:57:43.142 [Test worker] DEBUG io.micronaut.context.DefaultBeanContext -- Found 7 bean registrations for type [typeConverterRegistrar]
    22:57:43.142 [Test worker] DEBUG io.micronaut.context.DefaultBeanContext --   Definition: io.micronaut.kotlin.converters.FlowPublisherConverterRegistrar null
    22:57:43.142 [Test worker] DEBUG io.micronaut.context.DefaultBeanContext --   Definition: io.micronaut.kotlin.converters.FlowReactorConverterRegistrar null
    22:57:43.142 [Test worker] DEBUG io.micronaut.context.DefaultBeanContext --   Definition: io.micronaut.json.convert.JsonConverterRegistrar null
    22:57:43.142 [Test worker] DEBUG io.micronaut.context.DefaultBeanContext --   Definition: io.micronaut.http.server.netty.converters.NettyConverters null
    22:57:43.142 [Test worker] DEBUG io.micronaut.context.DefaultBeanContext --   Definition: io.micronaut.buffer.netty.NettyByteBufferFactory null
    22:57:43.142 [Test worker] DEBUG io.micronaut.context.DefaultBeanContext --   Definition: io.micronaut.jackson.databind.convert.JacksonConverterRegistrar null
    22:57:43.142 [Test worker] DEBUG io.micronaut.context.DefaultBeanContext --   Definition: io.micronaut.http.converters.HttpConverterRegistrar null
    22:57:43.143 [HikariPool-1 connection adder] DEBUG com.zaxxer.hikari.pool.HikariPool -- HikariPool-1 - Added connection conn3: url=jdbc:h2:mem:devDb user=SA
    22:57:43.144 [Test worker] DEBUG io.micronaut.context.lifecycle -- Created bean [io.micronaut.data.runtime.convert.DataConversionServiceImpl@2add4d24] from definition [Definition: io.micronaut.data.runtime.convert.DataConversionServiceFactory] with qualifier [null]
    22:57:43.144 [Test worker] DEBUG io.micronaut.context.lifecycle -- Created bean [io.micronaut.data.runtime.event.listeners.VersionGeneratingEntityEventListener@3f93e4a8] from definition [Definition: io.micronaut.data.runtime.event.listeners.VersionGeneratingEntityEventListener] with qualifier [null]
    22:57:43.144 [Test worker] DEBUG io.micronaut.context.DefaultBeanContext -- Found a registration BeanRegistration: io.micronaut.data.runtime.event.listeners.VersionGeneratingEntityEventListener@3f93e4a8 for candidate: Definition: io.micronaut.data.runtime.event.listeners.VersionGeneratingEntityEventListener with qualifier: null
    22:57:43.144 [Test worker] DEBUG io.micronaut.context.lifecycle -- Created bean [io.micronaut.data.runtime.event.listeners.AutoTimestampEntityEventListener@1431267b] from definition [Definition: io.micronaut.data.runtime.event.listeners.AutoTimestampEntityEventListener] with qualifier [null]
    22:57:43.145 [Test worker] DEBUG io.micronaut.context.DefaultBeanContext -- Found a registration BeanRegistration: io.micronaut.data.runtime.event.listeners.AutoTimestampEntityEventListener@1431267b for candidate: Definition: io.micronaut.data.runtime.event.listeners.AutoTimestampEntityEventListener with qualifier: null
    22:57:43.145 [Test worker] DEBUG io.micronaut.context.DefaultBeanContext -- Finding candidate beans for type: AttributeConverterRegistry attributeConverterRegistry
    22:57:43.146 [Test worker] DEBUG io.micronaut.context.DefaultBeanContext --   class io.micronaut.data.runtime.support.convert.DefaultAttributeConverterRegistry null Definition: io.micronaut.data.runtime.support.convert.DefaultAttributeConverterRegistry
    22:57:43.146 [Test worker] DEBUG io.micronaut.context.DefaultBeanContext -- Found concrete candidate [Definition: io.micronaut.data.runtime.support.convert.DefaultAttributeConverterRegistry] for type: attributeConverterRegistry 
    22:57:43.146 [Test worker] DEBUG io.micronaut.context.DefaultBeanContext -- Resolving beans for type: io.micronaut.data.runtime.support.convert.AttributeConverterProvider
    22:57:43.146 [Test worker] DEBUG io.micronaut.context.DefaultBeanContext -- Finding candidate beans for type: AttributeConverterProvider E
    22:57:43.147 [Test worker] DEBUG io.micronaut.context.DefaultBeanContext --   class io.micronaut.data.runtime.support.convert.convert.jpa.JakartaAttributeConverterProvider null Definition: io.micronaut.data.runtime.support.convert.convert.jpa.JakartaAttributeConverterProvider
    22:57:43.147 [Test worker] DEBUG io.micronaut.context.lifecycle -- Created bean [io.micronaut.data.runtime.support.convert.convert.jpa.JakartaAttributeConverterProvider@62628e78] from definition [Definition: io.micronaut.data.runtime.support.convert.convert.jpa.JakartaAttributeConverterProvider] with qualifier [null]
    22:57:43.147 [Test worker] DEBUG io.micronaut.context.DefaultBeanContext -- Found a registration BeanRegistration: io.micronaut.data.runtime.support.convert.convert.jpa.JakartaAttributeConverterProvider@62628e78 for candidate: Definition: io.micronaut.data.runtime.support.convert.convert.jpa.JakartaAttributeConverterProvider with qualifier: null
    22:57:43.147 [Test worker] DEBUG io.micronaut.context.lifecycle -- Created bean [io.micronaut.data.runtime.support.convert.DefaultAttributeConverterRegistry@44841b43] from definition [Definition: io.micronaut.data.runtime.support.convert.DefaultAttributeConverterRegistry] with qualifier [null]
    22:57:43.147 [Test worker] DEBUG io.micronaut.context.lifecycle -- Created bean [io.micronaut.data.runtime.support.DefaultRuntimeEntityRegistry@3cd206b5] from definition [Definition: io.micronaut.data.runtime.support.DefaultRuntimeEntityRegistry] with qualifier [null]
    22:57:43.148 [Test worker] DEBUG io.micronaut.context.lifecycle -- Created bean [io.micronaut.data.hibernate.event.EventIntegrator@58e85c6f] from definition [Definition: io.micronaut.data.hibernate.event.EventIntegrator] with qualifier [null]
    22:57:43.156 [Test worker] DEBUG org.jboss.logging -- Logging Provider: org.jboss.logging.Slf4jLoggerProvider
    22:57:43.165 [Test worker] DEBUG org.hibernate.integrator.internal.IntegratorServiceImpl -- Adding Integrator [org.hibernate.boot.beanvalidation.BeanValidationIntegrator].
    22:57:43.167 [Test worker] DEBUG org.hibernate.integrator.internal.IntegratorServiceImpl -- Adding Integrator [org.hibernate.cache.internal.CollectionCacheInvalidator].
    22:57:43.167 [Test worker] DEBUG org.hibernate.integrator.internal.IntegratorServiceImpl -- Adding Integrator [io.micronaut.data.hibernate.event.EventIntegrator].
    22:57:43.173 [HikariPool-1 connection adder] DEBUG com.zaxxer.hikari.pool.HikariPool -- HikariPool-1 - After adding stats (total=4, active=0, idle=4, waiting=0)
    22:57:43.174 [HikariPool-1 connection adder] DEBUG com.zaxxer.hikari.pool.HikariPool -- HikariPool-1 - Added connection conn4: url=jdbc:h2:mem:devDb user=SA
    22:57:43.177 [Test worker] DEBUG io.micronaut.context.lifecycle -- Created bean [io.micronaut.configuration.hibernate.jpa.conf.serviceregistry.builder.supplier.internal.DefaultStandardServiceRegistryBuilderCreatorCreator@1bf39d06] from definition [Definition: io.micronaut.configuration.hibernate.jpa.conf.serviceregistry.builder.supplier.internal.DefaultStandardServiceRegistryBuilderCreatorCreator] with qualifier [null]
    22:57:43.177 [Test worker] DEBUG io.micronaut.context.DefaultBeanContext -- Resolving beans for type: io.micronaut.configuration.hibernate.jpa.conf.serviceregistry.builder.configures.StandardServiceRegistryBuilderConfigurer
    22:57:43.177 [Test worker] DEBUG io.micronaut.context.DefaultBeanContext -- Finding candidate beans for type: StandardServiceRegistryBuilderConfigurer E
    22:57:43.178 [Test worker] DEBUG io.micronaut.context.DefaultBeanContext --   class io.micronaut.configuration.hibernate.jpa.conf.serviceregistry.builder.configures.internal.CompileProxyConfigurer null Definition: io.micronaut.configuration.hibernate.jpa.conf.serviceregistry.builder.configures.internal.CompileProxyConfigurer
    22:57:43.178 [Test worker] DEBUG io.micronaut.context.DefaultBeanContext --   class io.micronaut.transaction.hibernate.BeanContextServiceConfigurer null Definition: io.micronaut.transaction.hibernate.BeanContextServiceConfigurer
    22:57:43.178 [Test worker] DEBUG io.micronaut.context.DefaultBeanContext --   class io.micronaut.configuration.hibernate.jpa.conf.serviceregistry.builder.configures.internal.SettingsConfigurer null Definition: io.micronaut.configuration.hibernate.jpa.conf.serviceregistry.builder.configures.internal.SettingsConfigurer
    22:57:43.178 [Test worker] DEBUG io.micronaut.core.reflect.ClassUtils -- Attempting to dynamically load class io.micronaut.context.annotation.Prototype
    22:57:43.178 [Test worker] DEBUG io.micronaut.core.reflect.ClassUtils -- Successfully loaded class io.micronaut.context.annotation.Prototype
    22:57:43.178 [Test worker] DEBUG io.micronaut.context.DefaultBeanContext -- Finding candidate beans for type: BeanProvider bytecodeProviderBeanProvider
    22:57:43.178 [Test worker] DEBUG io.micronaut.context.DefaultBeanContext --   interface io.micronaut.context.BeanProvider null io.micronaut.inject.provider.BeanProviderDefinition@58df6bef
    22:57:43.178 [Test worker] DEBUG io.micronaut.context.DefaultBeanContext -- Found concrete candidate [io.micronaut.inject.provider.BeanProviderDefinition@58df6bef] for type: bytecodeProviderBeanProvider 
    22:57:43.179 [Test worker] DEBUG io.micronaut.context.lifecycle -- Created bean [io.micronaut.inject.provider.BeanProviderDefinition$1@3ae0b770] from definition [io.micronaut.inject.provider.BeanProviderDefinition@58df6bef] with qualifier [null]
    22:57:43.179 [Test worker] DEBUG io.micronaut.context.lifecycle -- Created bean [io.micronaut.configuration.hibernate.jpa.conf.serviceregistry.builder.configures.internal.CompileProxyConfigurer@55e3d6c3] from definition [Definition: io.micronaut.configuration.hibernate.jpa.conf.serviceregistry.builder.configures.internal.CompileProxyConfigurer] with qualifier [null]
    22:57:43.179 [Test worker] DEBUG io.micronaut.context.DefaultBeanContext -- Found a registration BeanRegistration: io.micronaut.configuration.hibernate.jpa.conf.serviceregistry.builder.configures.internal.CompileProxyConfigurer@55e3d6c3 for candidate: Definition: io.micronaut.configuration.hibernate.jpa.conf.serviceregistry.builder.configures.internal.CompileProxyConfigurer with qualifier: null
    22:57:43.179 [Test worker] DEBUG io.micronaut.core.reflect.ClassUtils -- Attempting to dynamically load class io.micronaut.context.annotation.Prototype
    22:57:43.179 [Test worker] DEBUG io.micronaut.core.reflect.ClassUtils -- Successfully loaded class io.micronaut.context.annotation.Prototype
    22:57:43.179 [Test worker] DEBUG io.micronaut.context.lifecycle -- Created bean [io.micronaut.transaction.hibernate.BeanContextServiceConfigurer@4c48fe92] from definition [Definition: io.micronaut.transaction.hibernate.BeanContextServiceConfigurer] with qualifier [null]
    22:57:43.179 [Test worker] DEBUG io.micronaut.context.DefaultBeanContext -- Found a registration BeanRegistration: io.micronaut.transaction.hibernate.BeanContextServiceConfigurer@4c48fe92 for candidate: Definition: io.micronaut.transaction.hibernate.BeanContextServiceConfigurer with qualifier: null
    22:57:43.179 [Test worker] DEBUG io.micronaut.core.reflect.ClassUtils -- Attempting to dynamically load class io.micronaut.context.annotation.Prototype
    22:57:43.179 [Test worker] DEBUG io.micronaut.core.reflect.ClassUtils -- Successfully loaded class io.micronaut.context.annotation.Prototype
    22:57:43.179 [Test worker] DEBUG io.micronaut.context.DefaultBeanContext -- Resolving beans for type: io.micronaut.configuration.hibernate.jpa.conf.settings.SettingsSupplier
    22:57:43.179 [Test worker] DEBUG io.micronaut.context.DefaultBeanContext -- Finding candidate beans for type: SettingsSupplier E
    22:57:43.180 [Test worker] DEBUG io.micronaut.context.DefaultBeanContext --   class io.micronaut.configuration.hibernate.jpa.conf.settings.internal.CurrentSessionContextClassSettingSupplier null Definition: io.micronaut.configuration.hibernate.jpa.conf.settings.internal.CurrentSessionContextClassSettingSupplier
    22:57:43.180 [Test worker] DEBUG io.micronaut.context.DefaultBeanContext --   class io.micronaut.configuration.hibernate.jpa.conf.settings.internal.ValidatorFactorySettingSupplier null Definition: io.micronaut.configuration.hibernate.jpa.conf.settings.internal.ValidatorFactorySettingSupplier
    22:57:43.180 [Test worker] DEBUG io.micronaut.context.DefaultBeanContext --   class io.micronaut.configuration.hibernate.jpa.conf.settings.internal.DataSourceSettingSupplier null Definition: io.micronaut.configuration.hibernate.jpa.conf.settings.internal.DataSourceSettingSupplier
    22:57:43.180 [Test worker] DEBUG io.micronaut.context.DefaultBeanContext --   class io.micronaut.configuration.hibernate.jpa.conf.settings.internal.MicronautContainerSettingsSupplier null Definition: io.micronaut.configuration.hibernate.jpa.conf.settings.internal.MicronautContainerSettingsSupplier
    22:57:43.180 [Test worker] DEBUG io.micronaut.core.reflect.ClassUtils -- Attempting to dynamically load class io.micronaut.context.annotation.Prototype
    22:57:43.180 [Test worker] DEBUG io.micronaut.core.reflect.ClassUtils -- Successfully loaded class io.micronaut.context.annotation.Prototype
    22:57:43.180 [Test worker] DEBUG io.micronaut.context.DefaultBeanContext -- Finding candidate beans for type: BeanProvider provider
    22:57:43.180 [Test worker] DEBUG io.micronaut.context.DefaultBeanContext --   interface io.micronaut.context.BeanProvider null io.micronaut.inject.provider.BeanProviderDefinition@58df6bef
    22:57:43.180 [Test worker] DEBUG io.micronaut.context.DefaultBeanContext -- Found concrete candidate [io.micronaut.inject.provider.BeanProviderDefinition@58df6bef] for type: provider 
    22:57:43.180 [Test worker] DEBUG io.micronaut.context.lifecycle -- Created bean [io.micronaut.inject.provider.BeanProviderDefinition$1@4b2e3e8f] from definition [io.micronaut.inject.provider.BeanProviderDefinition@58df6bef] with qualifier [null]
    22:57:43.180 [Test worker] DEBUG io.micronaut.context.lifecycle -- Created bean [io.micronaut.configuration.hibernate.jpa.conf.settings.internal.CurrentSessionContextClassSettingSupplier@4bbb49b0] from definition [Definition: io.micronaut.configuration.hibernate.jpa.conf.settings.internal.CurrentSessionContextClassSettingSupplier] with qualifier [null]
    22:57:43.180 [Test worker] DEBUG io.micronaut.context.DefaultBeanContext -- Found a registration BeanRegistration: io.micronaut.configuration.hibernate.jpa.conf.settings.internal.CurrentSessionContextClassSettingSupplier@4bbb49b0 for candidate: Definition: io.micronaut.configuration.hibernate.jpa.conf.settings.internal.CurrentSessionContextClassSettingSupplier with qualifier: null
    22:57:43.180 [Test worker] DEBUG io.micronaut.core.reflect.ClassUtils -- Attempting to dynamically load class io.micronaut.context.annotation.Prototype
    22:57:43.180 [Test worker] DEBUG io.micronaut.core.reflect.ClassUtils -- Successfully loaded class io.micronaut.context.annotation.Prototype
    22:57:43.180 [Test worker] DEBUG io.micronaut.context.lifecycle -- Created bean [io.micronaut.configuration.hibernate.jpa.conf.settings.internal.ValidatorFactorySettingSupplier@3effd4f3] from definition [Definition: io.micronaut.configuration.hibernate.jpa.conf.settings.internal.ValidatorFactorySettingSupplier] with qualifier [null]
    22:57:43.180 [Test worker] DEBUG io.micronaut.context.DefaultBeanContext -- Found a registration BeanRegistration: io.micronaut.configuration.hibernate.jpa.conf.settings.internal.ValidatorFactorySettingSupplier@3effd4f3 for candidate: Definition: io.micronaut.configuration.hibernate.jpa.conf.settings.internal.ValidatorFactorySettingSupplier with qualifier: null
    22:57:43.180 [Test worker] DEBUG io.micronaut.core.reflect.ClassUtils -- Attempting to dynamically load class io.micronaut.context.annotation.Prototype
    22:57:43.180 [Test worker] DEBUG io.micronaut.core.reflect.ClassUtils -- Successfully loaded class io.micronaut.context.annotation.Prototype
    22:57:43.180 [Test worker] DEBUG io.micronaut.context.DefaultBeanContext -- Finding candidate beans for type: BeanProvider dataSourceBeanProvider
    22:57:43.180 [Test worker] DEBUG io.micronaut.context.DefaultBeanContext --   interface io.micronaut.context.BeanProvider null io.micronaut.inject.provider.BeanProviderDefinition@58df6bef
    22:57:43.180 [Test worker] DEBUG io.micronaut.context.DefaultBeanContext -- Found concrete candidate [io.micronaut.inject.provider.BeanProviderDefinition@58df6bef] for type: dataSourceBeanProvider 
    22:57:43.180 [Test worker] DEBUG io.micronaut.context.lifecycle -- Created bean [io.micronaut.inject.provider.BeanProviderDefinition$1@15f8701f] from definition [io.micronaut.inject.provider.BeanProviderDefinition@58df6bef] with qualifier [null]
    22:57:43.180 [Test worker] DEBUG io.micronaut.context.lifecycle -- Created bean [io.micronaut.configuration.hibernate.jpa.conf.settings.internal.DataSourceSettingSupplier@514cd540] from definition [Definition: io.micronaut.configuration.hibernate.jpa.conf.settings.internal.DataSourceSettingSupplier] with qualifier [null]
    22:57:43.181 [Test worker] DEBUG io.micronaut.context.DefaultBeanContext -- Found a registration BeanRegistration: io.micronaut.configuration.hibernate.jpa.conf.settings.internal.DataSourceSettingSupplier@514cd540 for candidate: Definition: io.micronaut.configuration.hibernate.jpa.conf.settings.internal.DataSourceSettingSupplier with qualifier: null
    22:57:43.181 [Test worker] DEBUG io.micronaut.core.reflect.ClassUtils -- Attempting to dynamically load class io.micronaut.context.annotation.Prototype
    22:57:43.181 [Test worker] DEBUG io.micronaut.core.reflect.ClassUtils -- Successfully loaded class io.micronaut.context.annotation.Prototype
    22:57:43.181 [Test worker] DEBUG io.micronaut.context.lifecycle -- Created bean [io.micronaut.configuration.hibernate.jpa.conf.settings.internal.MicronautContainerSettingsSupplier@6f4ade6e] from definition [Definition: io.micronaut.configuration.hibernate.jpa.conf.settings.internal.MicronautContainerSettingsSupplier] with qualifier [null]
    22:57:43.181 [Test worker] DEBUG io.micronaut.context.DefaultBeanContext -- Found a registration BeanRegistration: io.micronaut.configuration.hibernate.jpa.conf.settings.internal.MicronautContainerSettingsSupplier@6f4ade6e for candidate: Definition: io.micronaut.configuration.hibernate.jpa.conf.settings.internal.MicronautContainerSettingsSupplier with qualifier: null
    22:57:43.181 [Test worker] DEBUG io.micronaut.context.DefaultBeanContext -- Found 4 bean registrations for type [E]
    22:57:43.181 [Test worker] DEBUG io.micronaut.context.DefaultBeanContext --   Definition: io.micronaut.configuration.hibernate.jpa.conf.settings.internal.ValidatorFactorySettingSupplier null
    22:57:43.181 [Test worker] DEBUG io.micronaut.context.DefaultBeanContext --   Definition: io.micronaut.configuration.hibernate.jpa.conf.settings.internal.DataSourceSettingSupplier null
    22:57:43.181 [Test worker] DEBUG io.micronaut.context.DefaultBeanContext --   Definition: io.micronaut.configuration.hibernate.jpa.conf.settings.internal.CurrentSessionContextClassSettingSupplier null
    22:57:43.181 [Test worker] DEBUG io.micronaut.context.DefaultBeanContext --   Definition: io.micronaut.configuration.hibernate.jpa.conf.settings.internal.MicronautContainerSettingsSupplier null
    22:57:43.181 [Test worker] DEBUG io.micronaut.context.lifecycle -- Created bean [io.micronaut.configuration.hibernate.jpa.conf.serviceregistry.builder.configures.internal.SettingsConfigurer@39e43310] from definition [Definition: io.micronaut.configuration.hibernate.jpa.conf.serviceregistry.builder.configures.internal.SettingsConfigurer] with qualifier [null]
    22:57:43.181 [Test worker] DEBUG io.micronaut.context.DefaultBeanContext -- Found a registration BeanRegistration: io.micronaut.configuration.hibernate.jpa.conf.serviceregistry.builder.configures.internal.SettingsConfigurer@39e43310 for candidate: Definition: io.micronaut.configuration.hibernate.jpa.conf.serviceregistry.builder.configures.internal.SettingsConfigurer with qualifier: null
    22:57:43.181 [Test worker] DEBUG io.micronaut.context.DefaultBeanContext -- Found 3 bean registrations for type [E]
    22:57:43.181 [Test worker] DEBUG io.micronaut.context.DefaultBeanContext --   Definition: io.micronaut.configuration.hibernate.jpa.conf.serviceregistry.builder.configures.internal.CompileProxyConfigurer null
    22:57:43.181 [Test worker] DEBUG io.micronaut.context.DefaultBeanContext --   Definition: io.micronaut.transaction.hibernate.BeanContextServiceConfigurer null
    22:57:43.181 [Test worker] DEBUG io.micronaut.context.DefaultBeanContext --   Definition: io.micronaut.configuration.hibernate.jpa.conf.serviceregistry.builder.configures.internal.SettingsConfigurer null
    22:57:43.181 [Test worker] DEBUG io.micronaut.context.DefaultBeanContext -- Finding candidate beans for type: JpaConfiguration jpaConfiguration
    22:57:43.182 [Test worker] DEBUG io.micronaut.context.DefaultBeanContext --   class io.micronaut.configuration.hibernate.jpa.JpaConfiguration @Named('default') Definition: io.micronaut.configuration.hibernate.jpa.JpaConfiguration
    22:57:43.182 [Test worker] DEBUG io.micronaut.context.DefaultBeanContext -- Found concrete candidate [Definition: io.micronaut.configuration.hibernate.jpa.JpaConfiguration] for type: jpaConfiguration 
    22:57:43.182 [Test worker] DEBUG io.micronaut.context.DefaultBeanContext -- Finding candidate beans for type: EntityScanConfiguration entityScanConfiguration
    22:57:43.184 [Test worker] DEBUG io.micronaut.context.DefaultBeanContext -- No bean candidates found for type: EntityScanConfiguration entityScanConfiguration
    22:57:43.185 [Test worker] DEBUG io.micronaut.context.DefaultBeanContext -- Finding candidate beans for type: PhysicalNamingStrategy physicalNamingStrategy
    22:57:43.186 [Test worker] DEBUG io.micronaut.context.DefaultBeanContext --   class io.micronaut.data.hibernate.naming.DefaultPhysicalNamingStrategy null Definition: io.micronaut.data.hibernate.naming.DefaultPhysicalNamingStrategy
    22:57:43.186 [Test worker] DEBUG io.micronaut.context.DefaultBeanContext -- Found concrete candidate [Definition: io.micronaut.data.hibernate.naming.DefaultPhysicalNamingStrategy] for type: physicalNamingStrategy 
    22:57:43.186 [Test worker] DEBUG io.micronaut.context.lifecycle -- Created bean [io.micronaut.data.hibernate.naming.DefaultPhysicalNamingStrategy@4e73b552] from definition [Definition: io.micronaut.data.hibernate.naming.DefaultPhysicalNamingStrategy] with qualifier [null]
    22:57:43.186 [Test worker] DEBUG io.micronaut.context.lifecycle -- Created bean [io.micronaut.data.hibernate.naming.PhysicalNamingStrategyConfiguration@221dad51] from definition [Definition: io.micronaut.data.hibernate.naming.PhysicalNamingStrategyConfiguration] with qualifier [null]
    22:57:43.187 [Test worker] DEBUG io.micronaut.context.lifecycle -- Created bean [io.micronaut.configuration.hibernate.jpa.JpaConfiguration@2cec704c] from definition [Definition: io.micronaut.configuration.hibernate.jpa.JpaConfiguration] with qualifier [@Named('default')]
    22:57:43.187 [Test worker] DEBUG io.micronaut.context.lifecycle -- Created bean [io.micronaut.configuration.hibernate.jpa.conf.SessionFactoryPerDataSourceFactory@771cbb1a] from definition [Definition: io.micronaut.configuration.hibernate.jpa.conf.SessionFactoryPerDataSourceFactory] with qualifier [null]
    22:57:43.187 [Test worker] DEBUG io.micronaut.context.DefaultBeanContext -- Finding candidate beans for type: SessionFactoryBuilder sessionFactoryBuilder
    22:57:43.187 [Test worker] DEBUG io.micronaut.context.DefaultBeanContext -- Finding candidate beans for type: Metadata
    22:57:43.187 [Test worker] DEBUG io.micronaut.context.DefaultBeanContext -- Finding candidate beans for type: MetadataSources
    22:57:43.187 [Test worker] DEBUG io.micronaut.context.DefaultBeanContext -- Finding candidate beans for type: ServiceRegistry
    22:57:43.187 [Test worker] DEBUG io.micronaut.context.DefaultBeanContext -- Finding candidate beans for type: DataSource
    22:57:43.187 [Test worker] DEBUG io.micronaut.context.DefaultBeanContext -- Finding candidate beans for type: DatasourceConfiguration
    22:57:43.188 [Test worker] DEBUG io.micronaut.context.DefaultBeanContext --   class io.micronaut.configuration.jdbc.hikari.DatasourceConfiguration @Named('default') Definition: io.micronaut.configuration.jdbc.hikari.DatasourceConfiguration
    22:57:43.189 [Test worker] DEBUG io.micronaut.context.DefaultBeanContext --   interface javax.sql.DataSource @Named('default') Definition: io.micronaut.configuration.jdbc.hikari.DatasourceFactory
    22:57:43.189 [Test worker] DEBUG io.micronaut.core.reflect.ClassUtils -- Attempting to dynamically load class org.hibernate.reactive.provider.ReactiveServiceRegistryBuilder
    22:57:43.190 [Test worker] DEBUG io.micronaut.core.reflect.ClassUtils -- Class org.hibernate.reactive.provider.ReactiveServiceRegistryBuilder is not present
    22:57:43.190 [Test worker] DEBUG io.micronaut.context.DefaultBeanContext --   interface org.hibernate.service.ServiceRegistry @Named('default') Definition: io.micronaut.configuration.hibernate.jpa.conf.SessionFactoryPerDataSourceFactory
    22:57:43.190 [Test worker] DEBUG io.micronaut.core.reflect.ClassUtils -- Attempting to dynamically load class org.hibernate.reactive.provider.ReactiveServiceRegistryBuilder
    22:57:43.190 [Test worker] DEBUG io.micronaut.core.reflect.ClassUtils -- Class org.hibernate.reactive.provider.ReactiveServiceRegistryBuilder is not present
    22:57:43.191 [Test worker] DEBUG io.micronaut.context.DefaultBeanContext --   class org.hibernate.boot.MetadataSources @Named('default') Definition: io.micronaut.configuration.hibernate.jpa.conf.SessionFactoryPerDataSourceFactory
    22:57:43.191 [Test worker] DEBUG io.micronaut.core.reflect.ClassUtils -- Attempting to dynamically load class org.hibernate.reactive.provider.ReactiveServiceRegistryBuilder
    22:57:43.191 [Test worker] DEBUG io.micronaut.core.reflect.ClassUtils -- Class org.hibernate.reactive.provider.ReactiveServiceRegistryBuilder is not present
    22:57:43.191 [Test worker] DEBUG io.micronaut.context.DefaultBeanContext --   interface org.hibernate.boot.Metadata @Named('default') Definition: io.micronaut.configuration.hibernate.jpa.conf.SessionFactoryPerDataSourceFactory
    22:57:43.191 [Test worker] DEBUG io.micronaut.core.reflect.ClassUtils -- Attempting to dynamically load class org.hibernate.reactive.provider.ReactiveServiceRegistryBuilder
    22:57:43.191 [Test worker] DEBUG io.micronaut.core.reflect.ClassUtils -- Class org.hibernate.reactive.provider.ReactiveServiceRegistryBuilder is not present
    22:57:43.192 [Test worker] DEBUG io.micronaut.context.DefaultBeanContext --   interface org.hibernate.boot.SessionFactoryBuilder @Named('default') Definition: io.micronaut.configuration.hibernate.jpa.conf.SessionFactoryPerDataSourceFactory
    22:57:43.192 [Test worker] DEBUG io.micronaut.context.DefaultBeanContext -- Qualifying bean [sessionFactoryBuilder] for qualifier: @Named('default') 
    22:57:43.192 [Test worker] DEBUG io.micronaut.context.DefaultBeanContext -- Found concrete candidate [Definition: io.micronaut.configuration.hibernate.jpa.conf.SessionFactoryPerDataSourceFactory] for type: @Named('default') sessionFactoryBuilder 
    22:57:43.192 [Test worker] DEBUG io.micronaut.context.DefaultBeanContext -- Finding candidate beans for type: SessionFactoryPerDataSourceFactory
    22:57:43.193 [Test worker] DEBUG io.micronaut.context.DefaultBeanContext --   class io.micronaut.configuration.hibernate.jpa.conf.SessionFactoryPerDataSourceFactory null Definition: io.micronaut.configuration.hibernate.jpa.conf.SessionFactoryPerDataSourceFactory
    22:57:43.193 [Test worker] DEBUG io.micronaut.context.DefaultBeanContext -- Found concrete candidate [Definition: io.micronaut.configuration.hibernate.jpa.conf.SessionFactoryPerDataSourceFactory] for type: sessionFactoryPerDataSourceFactory 
    22:57:43.193 [Test worker] DEBUG io.micronaut.context.DefaultBeanContext -- Finding candidate beans for type: Metadata metadata
    22:57:43.193 [Test worker] DEBUG io.micronaut.context.DefaultBeanContext -- Finding candidate beans for type: MetadataSources
    22:57:43.193 [Test worker] DEBUG io.micronaut.context.DefaultBeanContext -- Finding candidate beans for type: ServiceRegistry
    22:57:43.193 [Test worker] DEBUG io.micronaut.context.DefaultBeanContext -- Finding candidate beans for type: DataSource
    22:57:43.193 [Test worker] DEBUG io.micronaut.context.DefaultBeanContext -- Finding candidate beans for type: DatasourceConfiguration
    22:57:43.193 [Test worker] DEBUG io.micronaut.context.DefaultBeanContext --   class io.micronaut.configuration.jdbc.hikari.DatasourceConfiguration @Named('default') Definition: io.micronaut.configuration.jdbc.hikari.DatasourceConfiguration
    22:57:43.194 [Test worker] DEBUG io.micronaut.context.DefaultBeanContext --   interface javax.sql.DataSource @Named('default') Definition: io.micronaut.configuration.jdbc.hikari.DatasourceFactory
    22:57:43.194 [Test worker] DEBUG io.micronaut.core.reflect.ClassUtils -- Attempting to dynamically load class org.hibernate.reactive.provider.ReactiveServiceRegistryBuilder
    22:57:43.194 [Test worker] DEBUG io.micronaut.core.reflect.ClassUtils -- Class org.hibernate.reactive.provider.ReactiveServiceRegistryBuilder is not present
    22:57:43.195 [Test worker] DEBUG io.micronaut.context.DefaultBeanContext --   interface org.hibernate.service.ServiceRegistry @Named('default') Definition: io.micronaut.configuration.hibernate.jpa.conf.SessionFactoryPerDataSourceFactory
    22:57:43.195 [Test worker] DEBUG io.micronaut.core.reflect.ClassUtils -- Attempting to dynamically load class org.hibernate.reactive.provider.ReactiveServiceRegistryBuilder
    22:57:43.195 [Test worker] DEBUG io.micronaut.core.reflect.ClassUtils -- Class org.hibernate.reactive.provider.ReactiveServiceRegistryBuilder is not present
    22:57:43.195 [Test worker] DEBUG io.micronaut.context.DefaultBeanContext --   class org.hibernate.boot.MetadataSources @Named('default') Definition: io.micronaut.configuration.hibernate.jpa.conf.SessionFactoryPerDataSourceFactory
    22:57:43.195 [Test worker] DEBUG io.micronaut.core.reflect.ClassUtils -- Attempting to dynamically load class org.hibernate.reactive.provider.ReactiveServiceRegistryBuilder
    22:57:43.196 [Test worker] DEBUG io.micronaut.core.reflect.ClassUtils -- Class org.hibernate.reactive.provider.ReactiveServiceRegistryBuilder is not present
    22:57:43.196 [Test worker] DEBUG io.micronaut.context.DefaultBeanContext --   interface org.hibernate.boot.Metadata @Named('default') Definition: io.micronaut.configuration.hibernate.jpa.conf.SessionFactoryPerDataSourceFactory
    22:57:43.196 [Test worker] DEBUG io.micronaut.context.DefaultBeanContext -- Qualifying bean [metadata] for qualifier: @Named('default') 
    22:57:43.196 [Test worker] DEBUG io.micronaut.context.DefaultBeanContext -- Found concrete candidate [Definition: io.micronaut.configuration.hibernate.jpa.conf.SessionFactoryPerDataSourceFactory] for type: @Named('default') metadata 
    22:57:43.196 [Test worker] DEBUG io.micronaut.context.DefaultBeanContext -- Finding candidate beans for type: MetadataSources metadataSources
    22:57:43.196 [Test worker] DEBUG io.micronaut.context.DefaultBeanContext -- Finding candidate beans for type: ServiceRegistry
    22:57:43.196 [Test worker] DEBUG io.micronaut.context.DefaultBeanContext -- Finding candidate beans for type: DataSource
    22:57:43.196 [Test worker] DEBUG io.micronaut.context.DefaultBeanContext -- Finding candidate beans for type: DatasourceConfiguration
    22:57:43.197 [Test worker] DEBUG io.micronaut.context.DefaultBeanContext --   class io.micronaut.configuration.jdbc.hikari.DatasourceConfiguration @Named('default') Definition: io.micronaut.configuration.jdbc.hikari.DatasourceConfiguration
    22:57:43.197 [Test worker] DEBUG io.micronaut.context.DefaultBeanContext --   interface javax.sql.DataSource @Named('default') Definition: io.micronaut.configuration.jdbc.hikari.DatasourceFactory
    22:57:43.197 [Test worker] DEBUG io.micronaut.core.reflect.ClassUtils -- Attempting to dynamically load class org.hibernate.reactive.provider.ReactiveServiceRegistryBuilder
    22:57:43.197 [Test worker] DEBUG io.micronaut.core.reflect.ClassUtils -- Class org.hibernate.reactive.provider.ReactiveServiceRegistryBuilder is not present
    22:57:43.198 [Test worker] DEBUG io.micronaut.context.DefaultBeanContext --   interface org.hibernate.service.ServiceRegistry @Named('default') Definition: io.micronaut.configuration.hibernate.jpa.conf.SessionFactoryPerDataSourceFactory
    22:57:43.198 [Test worker] DEBUG io.micronaut.core.reflect.ClassUtils -- Attempting to dynamically load class org.hibernate.reactive.provider.ReactiveServiceRegistryBuilder
    22:57:43.198 [Test worker] DEBUG io.micronaut.core.reflect.ClassUtils -- Class org.hibernate.reactive.provider.ReactiveServiceRegistryBuilder is not present
    22:57:43.198 [Test worker] DEBUG io.micronaut.context.DefaultBeanContext --   class org.hibernate.boot.MetadataSources @Named('default') Definition: io.micronaut.configuration.hibernate.jpa.conf.SessionFactoryPerDataSourceFactory
    22:57:43.198 [Test worker] DEBUG io.micronaut.context.DefaultBeanContext -- Qualifying bean [metadataSources] for qualifier: @Named('default') 
    22:57:43.198 [Test worker] DEBUG io.micronaut.context.DefaultBeanContext -- Found concrete candidate [Definition: io.micronaut.configuration.hibernate.jpa.conf.SessionFactoryPerDataSourceFactory] for type: @Named('default') metadataSources 
    22:57:43.198 [Test worker] DEBUG io.micronaut.context.DefaultBeanContext -- Finding candidate beans for type: ServiceRegistry serviceRegistry
    22:57:43.198 [Test worker] DEBUG io.micronaut.context.DefaultBeanContext -- Finding candidate beans for type: DataSource
    22:57:43.198 [Test worker] DEBUG io.micronaut.context.DefaultBeanContext -- Finding candidate beans for type: DatasourceConfiguration
    22:57:43.198 [Test worker] DEBUG io.micronaut.context.DefaultBeanContext --   class io.micronaut.configuration.jdbc.hikari.DatasourceConfiguration @Named('default') Definition: io.micronaut.configuration.jdbc.hikari.DatasourceConfiguration
    22:57:43.199 [Test worker] DEBUG io.micronaut.context.DefaultBeanContext --   interface javax.sql.DataSource @Named('default') Definition: io.micronaut.configuration.jdbc.hikari.DatasourceFactory
    22:57:43.199 [Test worker] DEBUG io.micronaut.core.reflect.ClassUtils -- Attempting to dynamically load class org.hibernate.reactive.provider.ReactiveServiceRegistryBuilder
    22:57:43.199 [Test worker] DEBUG io.micronaut.core.reflect.ClassUtils -- Class org.hibernate.reactive.provider.ReactiveServiceRegistryBuilder is not present
    22:57:43.199 [Test worker] DEBUG io.micronaut.context.DefaultBeanContext --   interface org.hibernate.service.ServiceRegistry @Named('default') Definition: io.micronaut.configuration.hibernate.jpa.conf.SessionFactoryPerDataSourceFactory
    22:57:43.199 [Test worker] DEBUG io.micronaut.context.DefaultBeanContext -- Qualifying bean [serviceRegistry] for qualifier: @Named('default') 
    22:57:43.199 [Test worker] DEBUG io.micronaut.context.DefaultBeanContext -- Found concrete candidate [Definition: io.micronaut.configuration.hibernate.jpa.conf.SessionFactoryPerDataSourceFactory] for type: @Named('default') serviceRegistry 
    22:57:43.202 [Test worker] INFO org.hibernate.Version -- HHH000412: Hibernate ORM core version 6.2.13.Final
    22:57:43.202 [Test worker] DEBUG org.hibernate.cfg.Environment -- HHH000206: 'hibernate.properties' not found
    22:57:43.203 [Test worker] INFO org.hibernate.cfg.Environment -- HHH000406: Using bytecode reflection optimizer
    22:57:43.204 [HikariPool-1 connection adder] DEBUG com.zaxxer.hikari.pool.HikariPool -- HikariPool-1 - After adding stats (total=5, active=0, idle=5, waiting=0)
    22:57:43.205 [HikariPool-1 connection adder] DEBUG com.zaxxer.hikari.pool.HikariPool -- HikariPool-1 - Added connection conn5: url=jdbc:h2:mem:devDb user=SA
    22:57:43.219 [Test worker] DEBUG io.micronaut.context.DefaultBeanContext -- Finding candidate beans for type: BeanProvider
    22:57:43.219 [Test worker] DEBUG io.micronaut.context.DefaultBeanContext --   interface io.micronaut.context.BeanProvider null io.micronaut.inject.provider.BeanProviderDefinition@58df6bef
    22:57:43.219 [Test worker] DEBUG io.micronaut.context.DefaultBeanContext -- Qualifying bean [beanProvider] for qualifier: @Named('default') 
    22:57:43.219 [Test worker] DEBUG io.micronaut.context.DefaultBeanContext -- Found concrete candidate [io.micronaut.inject.provider.BeanProviderDefinition@58df6bef] for type: @Named('default') beanProvider 
    22:57:43.219 [Test worker] DEBUG io.micronaut.context.lifecycle -- Created bean [io.micronaut.inject.provider.BeanProviderDefinition$1@3681037] from definition [io.micronaut.inject.provider.BeanProviderDefinition@58df6bef] with qualifier [@Named('default')]
    22:57:43.219 [Test worker] DEBUG io.micronaut.context.DefaultBeanContext -- Finding candidate beans for type: HibernateCurrentSessionContextClassProvider T
    22:57:43.220 [Test worker] DEBUG io.micronaut.context.DefaultBeanContext -- No bean candidates found for type: HibernateCurrentSessionContextClassProvider T
    22:57:43.224 [Test worker] DEBUG org.hibernate.service.spi.ServiceBinding -- Overriding existing service binding [io.micronaut.transaction.hibernate.ConnectionOperationsProviderService]
    22:57:43.224 [Test worker] DEBUG io.micronaut.context.lifecycle -- Created bean [org.hibernate.boot.registry.internal.StandardServiceRegistryImpl@35e8316e] from definition [Definition: io.micronaut.configuration.hibernate.jpa.conf.SessionFactoryPerDataSourceFactory] with qualifier [@Named('default')]
    22:57:43.225 [Test worker] DEBUG io.micronaut.context.lifecycle -- Created bean [org.hibernate.boot.MetadataSources@1b4ae4e0] from definition [Definition: io.micronaut.configuration.hibernate.jpa.conf.SessionFactoryPerDataSourceFactory] with qualifier [@Named('default')]
    22:57:43.235 [HikariPool-1 connection adder] DEBUG com.zaxxer.hikari.pool.HikariPool -- HikariPool-1 - After adding stats (total=6, active=0, idle=6, waiting=0)
    22:57:43.236 [HikariPool-1 connection adder] DEBUG com.zaxxer.hikari.pool.HikariPool -- HikariPool-1 - Added connection conn6: url=jdbc:h2:mem:devDb user=SA
    22:57:43.250 [Test worker] DEBUG org.hibernate.orm.idgen.factory -- Ignoring CDI for resolving IdentifierGenerator instances as extended or delayed CDI support was enabled
    22:57:43.253 [Test worker] DEBUG org.hibernate.orm.idgen.factory -- Registering IdentifierGenerator strategy [uuid2] -> [org.hibernate.id.UUIDGenerator]
    22:57:43.253 [Test worker] DEBUG org.hibernate.orm.idgen.factory -- Registering IdentifierGenerator strategy [guid] -> [org.hibernate.id.GUIDGenerator]
    22:57:43.253 [Test worker] DEBUG org.hibernate.orm.idgen.factory -- Registering IdentifierGenerator strategy [uuid] -> [org.hibernate.id.UUIDHexGenerator]
    22:57:43.253 [Test worker] DEBUG org.hibernate.orm.idgen.factory -- Registering IdentifierGenerator strategy [uuid.hex] -> [org.hibernate.id.UUIDHexGenerator]
    22:57:43.253 [Test worker] DEBUG org.hibernate.orm.idgen.factory -- Registering IdentifierGenerator strategy [assigned] -> [org.hibernate.id.Assigned]
    22:57:43.254 [Test worker] DEBUG org.hibernate.orm.idgen.factory -- Registering IdentifierGenerator strategy [identity] -> [org.hibernate.id.IdentityGenerator]
    22:57:43.254 [Test worker] DEBUG org.hibernate.orm.idgen.factory -- Registering IdentifierGenerator strategy [select] -> [org.hibernate.id.SelectGenerator]
    22:57:43.254 [Test worker] DEBUG org.hibernate.orm.idgen.factory -- Registering IdentifierGenerator strategy [sequence] -> [org.hibernate.id.enhanced.SequenceStyleGenerator]
    22:57:43.255 [Test worker] DEBUG org.hibernate.orm.idgen.factory -- Registering IdentifierGenerator strategy [increment] -> [org.hibernate.id.IncrementGenerator]
    22:57:43.255 [Test worker] DEBUG org.hibernate.orm.idgen.factory -- Registering IdentifierGenerator strategy [foreign] -> [org.hibernate.id.ForeignGenerator]
    22:57:43.255 [Test worker] DEBUG org.hibernate.orm.idgen.factory -- Registering IdentifierGenerator strategy [enhanced-sequence] -> [org.hibernate.id.enhanced.SequenceStyleGenerator]
    22:57:43.255 [Test worker] DEBUG org.hibernate.orm.idgen.factory -- Registering IdentifierGenerator strategy [enhanced-table] -> [org.hibernate.id.enhanced.TableGenerator]
    22:57:43.260 [Test worker] DEBUG org.hibernate.cache.internal.RegionFactoryInitiator -- Cannot default RegionFactory based on registered strategies as `[]` RegionFactory strategies were registered
    22:57:43.260 [Test worker] DEBUG org.hibernate.cache.internal.RegionFactoryInitiator -- Cache region factory : org.hibernate.cache.internal.NoCachingRegionFactory
    22:57:43.266 [HikariPool-1 connection adder] DEBUG com.zaxxer.hikari.pool.HikariPool -- HikariPool-1 - After adding stats (total=7, active=0, idle=7, waiting=0)
    22:57:43.268 [HikariPool-1 connection adder] DEBUG com.zaxxer.hikari.pool.HikariPool -- HikariPool-1 - Added connection conn7: url=jdbc:h2:mem:devDb user=SA
    22:57:43.298 [HikariPool-1 connection adder] DEBUG com.zaxxer.hikari.pool.HikariPool -- HikariPool-1 - After adding stats (total=8, active=0, idle=8, waiting=0)
    22:57:43.299 [HikariPool-1 connection adder] DEBUG com.zaxxer.hikari.pool.HikariPool -- HikariPool-1 - Added connection conn8: url=jdbc:h2:mem:devDb user=SA
    22:57:43.301 [Test worker] DEBUG org.hibernate.type.BasicTypeRegistry -- Adding type registration boolean -> org.hibernate.type.BasicTypeReference@4d21c56e
    22:57:43.301 [Test worker] DEBUG org.hibernate.type.BasicTypeRegistry -- Adding type registration boolean -> org.hibernate.type.BasicTypeReference@4d21c56e
    22:57:43.301 [Test worker] DEBUG org.hibernate.type.BasicTypeRegistry -- Adding type registration java.lang.Boolean -> org.hibernate.type.BasicTypeReference@4d21c56e
    22:57:43.301 [Test worker] DEBUG org.hibernate.type.BasicTypeRegistry -- Adding type registration numeric_boolean -> org.hibernate.type.BasicTypeReference@726aa968
    22:57:43.301 [Test worker] DEBUG org.hibernate.type.BasicTypeRegistry -- Adding type registration org.hibernate.type.NumericBooleanConverter -> org.hibernate.type.BasicTypeReference@726aa968
    22:57:43.301 [Test worker] DEBUG org.hibernate.type.BasicTypeRegistry -- Adding type registration true_false -> org.hibernate.type.BasicTypeReference@7100dea
    22:57:43.301 [Test worker] DEBUG org.hibernate.type.BasicTypeRegistry -- Adding type registration org.hibernate.type.TrueFalseConverter -> org.hibernate.type.BasicTypeReference@7100dea
    22:57:43.301 [Test worker] DEBUG org.hibernate.type.BasicTypeRegistry -- Adding type registration yes_no -> org.hibernate.type.BasicTypeReference@712cfb63
    22:57:43.301 [Test worker] DEBUG org.hibernate.type.BasicTypeRegistry -- Adding type registration org.hibernate.type.YesNoConverter -> org.hibernate.type.BasicTypeReference@712cfb63
    22:57:43.301 [Test worker] DEBUG org.hibernate.type.BasicTypeRegistry -- Adding type registration byte -> org.hibernate.type.BasicTypeReference@32e54a9d
    22:57:43.301 [Test worker] DEBUG org.hibernate.type.BasicTypeRegistry -- Adding type registration byte -> org.hibernate.type.BasicTypeReference@32e54a9d
    22:57:43.301 [Test worker] DEBUG org.hibernate.type.BasicTypeRegistry -- Adding type registration java.lang.Byte -> org.hibernate.type.BasicTypeReference@32e54a9d
    22:57:43.301 [Test worker] DEBUG org.hibernate.type.BasicTypeRegistry -- Adding type registration binary -> org.hibernate.type.BasicTypeReference@15639440
    22:57:43.301 [Test worker] DEBUG org.hibernate.type.BasicTypeRegistry -- Adding type registration byte[] -> org.hibernate.type.BasicTypeReference@15639440
    22:57:43.301 [Test worker] DEBUG org.hibernate.type.BasicTypeRegistry -- Adding type registration [B -> org.hibernate.type.BasicTypeReference@15639440
    22:57:43.301 [Test worker] DEBUG org.hibernate.type.BasicTypeRegistry -- Adding type registration binary_wrapper -> org.hibernate.type.BasicTypeReference@121bb45b
    22:57:43.301 [Test worker] DEBUG org.hibernate.type.BasicTypeRegistry -- Adding type registration wrapper-binary -> org.hibernate.type.BasicTypeReference@121bb45b
    22:57:43.301 [Test worker] DEBUG org.hibernate.type.BasicTypeRegistry -- Adding type registration image -> org.hibernate.type.BasicTypeReference@4faa298
    22:57:43.302 [Test worker] DEBUG org.hibernate.type.BasicTypeRegistry -- Adding type registration blob -> org.hibernate.type.BasicTypeReference@1cd3b138
    22:57:43.302 [Test worker] DEBUG org.hibernate.type.BasicTypeRegistry -- Adding type registration java.sql.Blob -> org.hibernate.type.BasicTypeReference@1cd3b138
    22:57:43.302 [Test worker] DEBUG org.hibernate.type.BasicTypeRegistry -- Adding type registration materialized_blob -> org.hibernate.type.BasicTypeReference@151bf776
    22:57:43.302 [Test worker] DEBUG org.hibernate.type.BasicTypeRegistry -- Adding type registration materialized_blob_wrapper -> org.hibernate.type.BasicTypeReference@5a6d30e2
    22:57:43.302 [Test worker] DEBUG org.hibernate.type.BasicTypeRegistry -- Adding type registration short -> org.hibernate.type.BasicTypeReference@b52b755
    22:57:43.302 [Test worker] DEBUG org.hibernate.type.BasicTypeRegistry -- Adding type registration short -> org.hibernate.type.BasicTypeReference@b52b755
    22:57:43.302 [Test worker] DEBUG org.hibernate.type.BasicTypeRegistry -- Adding type registration java.lang.Short -> org.hibernate.type.BasicTypeReference@b52b755
    22:57:43.302 [Test worker] DEBUG org.hibernate.type.BasicTypeRegistry -- Adding type registration integer -> org.hibernate.type.BasicTypeReference@a098d76
    22:57:43.302 [Test worker] DEBUG org.hibernate.type.BasicTypeRegistry -- Adding type registration int -> org.hibernate.type.BasicTypeReference@a098d76
    22:57:43.302 [Test worker] DEBUG org.hibernate.type.BasicTypeRegistry -- Adding type registration java.lang.Integer -> org.hibernate.type.BasicTypeReference@a098d76
    22:57:43.302 [Test worker] DEBUG org.hibernate.type.BasicTypeRegistry -- Adding type registration long -> org.hibernate.type.BasicTypeReference@40e37b06
    22:57:43.302 [Test worker] DEBUG org.hibernate.type.BasicTypeRegistry -- Adding type registration long -> org.hibernate.type.BasicTypeReference@40e37b06
    22:57:43.302 [Test worker] DEBUG org.hibernate.type.BasicTypeRegistry -- Adding type registration java.lang.Long -> org.hibernate.type.BasicTypeReference@40e37b06
    22:57:43.302 [Test worker] DEBUG org.hibernate.type.BasicTypeRegistry -- Adding type registration float -> org.hibernate.type.BasicTypeReference@733aa9d8
    22:57:43.302 [Test worker] DEBUG org.hibernate.type.BasicTypeRegistry -- Adding type registration float -> org.hibernate.type.BasicTypeReference@733aa9d8
    22:57:43.302 [Test worker] DEBUG org.hibernate.type.BasicTypeRegistry -- Adding type registration java.lang.Float -> org.hibernate.type.BasicTypeReference@733aa9d8
    22:57:43.302 [Test worker] DEBUG org.hibernate.type.BasicTypeRegistry -- Adding type registration double -> org.hibernate.type.BasicTypeReference@6dcc40f5
    22:57:43.302 [Test worker] DEBUG org.hibernate.type.BasicTypeRegistry -- Adding type registration double -> org.hibernate.type.BasicTypeReference@6dcc40f5
    22:57:43.302 [Test worker] DEBUG org.hibernate.type.BasicTypeRegistry -- Adding type registration java.lang.Double -> org.hibernate.type.BasicTypeReference@6dcc40f5
    22:57:43.302 [Test worker] DEBUG org.hibernate.type.BasicTypeRegistry -- Adding type registration big_integer -> org.hibernate.type.BasicTypeReference@2b680207
    22:57:43.302 [Test worker] DEBUG org.hibernate.type.BasicTypeRegistry -- Adding type registration java.math.BigInteger -> org.hibernate.type.BasicTypeReference@2b680207
    22:57:43.302 [Test worker] DEBUG org.hibernate.type.BasicTypeRegistry -- Adding type registration big_decimal -> org.hibernate.type.BasicTypeReference@70887727
    22:57:43.302 [Test worker] DEBUG org.hibernate.type.BasicTypeRegistry -- Adding type registration java.math.BigDecimal -> org.hibernate.type.BasicTypeReference@70887727
    22:57:43.302 [Test worker] DEBUG org.hibernate.type.BasicTypeRegistry -- Adding type registration character -> org.hibernate.type.BasicTypeReference@56da7487
    22:57:43.302 [Test worker] DEBUG org.hibernate.type.BasicTypeRegistry -- Adding type registration char -> org.hibernate.type.BasicTypeReference@56da7487
    22:57:43.302 [Test worker] DEBUG org.hibernate.type.BasicTypeRegistry -- Adding type registration java.lang.Character -> org.hibernate.type.BasicTypeReference@56da7487
    22:57:43.302 [Test worker] DEBUG org.hibernate.type.BasicTypeRegistry -- Adding type registration character_nchar -> org.hibernate.type.BasicTypeReference@599e4d41
    22:57:43.302 [Test worker] DEBUG org.hibernate.type.BasicTypeRegistry -- Adding type registration string -> org.hibernate.type.BasicTypeReference@328d044f
    22:57:43.302 [Test worker] DEBUG org.hibernate.type.BasicTypeRegistry -- Adding type registration java.lang.String -> org.hibernate.type.BasicTypeReference@328d044f
    22:57:43.302 [Test worker] DEBUG org.hibernate.type.BasicTypeRegistry -- Adding type registration nstring -> org.hibernate.type.BasicTypeReference@10f7c76
    22:57:43.302 [Test worker] DEBUG org.hibernate.type.BasicTypeRegistry -- Adding type registration characters -> org.hibernate.type.BasicTypeReference@4745e9c
    22:57:43.302 [Test worker] DEBUG org.hibernate.type.BasicTypeRegistry -- Adding type registration char[] -> org.hibernate.type.BasicTypeReference@4745e9c
    22:57:43.302 [Test worker] DEBUG org.hibernate.type.BasicTypeRegistry -- Adding type registration [C -> org.hibernate.type.BasicTypeReference@4745e9c
    22:57:43.302 [Test worker] DEBUG org.hibernate.type.BasicTypeRegistry -- Adding type registration wrapper-characters -> org.hibernate.type.BasicTypeReference@2f2bff16
    22:57:43.302 [Test worker] DEBUG org.hibernate.type.BasicTypeRegistry -- Adding type registration text -> org.hibernate.type.BasicTypeReference@75de29c0
    22:57:43.302 [Test worker] DEBUG org.hibernate.type.BasicTypeRegistry -- Adding type registration ntext -> org.hibernate.type.BasicTypeReference@fc807c1
    22:57:43.302 [Test worker] DEBUG org.hibernate.type.BasicTypeRegistry -- Adding type registration clob -> org.hibernate.type.BasicTypeReference@296e281a
    22:57:43.302 [Test worker] DEBUG org.hibernate.type.BasicTypeRegistry -- Adding type registration java.sql.Clob -> org.hibernate.type.BasicTypeReference@296e281a
    22:57:43.302 [Test worker] DEBUG org.hibernate.type.BasicTypeRegistry -- Adding type registration nclob -> org.hibernate.type.BasicTypeReference@59cda16e
    22:57:43.302 [Test worker] DEBUG org.hibernate.type.BasicTypeRegistry -- Adding type registration java.sql.NClob -> org.hibernate.type.BasicTypeReference@59cda16e
    22:57:43.302 [Test worker] DEBUG org.hibernate.type.BasicTypeRegistry -- Adding type registration materialized_clob -> org.hibernate.type.BasicTypeReference@5dd903be
    22:57:43.303 [Test worker] DEBUG org.hibernate.type.BasicTypeRegistry -- Adding type registration materialized_clob_char_array -> org.hibernate.type.BasicTypeReference@12e0f1cb
    22:57:43.303 [Test worker] DEBUG org.hibernate.type.BasicTypeRegistry -- Adding type registration materialized_clob_character_array -> org.hibernate.type.BasicTypeReference@4a163575
    22:57:43.303 [Test worker] DEBUG org.hibernate.type.BasicTypeRegistry -- Adding type registration materialized_nclob -> org.hibernate.type.BasicTypeReference@7e642b88
    22:57:43.303 [Test worker] DEBUG org.hibernate.type.BasicTypeRegistry -- Adding type registration materialized_nclob_character_array -> org.hibernate.type.BasicTypeReference@6b350309
    22:57:43.303 [Test worker] DEBUG org.hibernate.type.BasicTypeRegistry -- Adding type registration materialized_nclob_char_array -> org.hibernate.type.BasicTypeReference@7ecec90d
    22:57:43.303 [Test worker] DEBUG org.hibernate.type.BasicTypeRegistry -- Adding type registration Duration -> org.hibernate.type.BasicTypeReference@588f63c
    22:57:43.303 [Test worker] DEBUG org.hibernate.type.BasicTypeRegistry -- Adding type registration java.time.Duration -> org.hibernate.type.BasicTypeReference@588f63c
    22:57:43.303 [Test worker] DEBUG org.hibernate.type.BasicTypeRegistry -- Adding type registration LocalDateTime -> org.hibernate.type.BasicTypeReference@5a6fa56e
    22:57:43.303 [Test worker] DEBUG org.hibernate.type.BasicTypeRegistry -- Adding type registration java.time.LocalDateTime -> org.hibernate.type.BasicTypeReference@5a6fa56e
    22:57:43.303 [Test worker] DEBUG org.hibernate.type.BasicTypeRegistry -- Adding type registration LocalDate -> org.hibernate.type.BasicTypeReference@1981d861
    22:57:43.303 [Test worker] DEBUG org.hibernate.type.BasicTypeRegistry -- Adding type registration java.time.LocalDate -> org.hibernate.type.BasicTypeReference@1981d861
    22:57:43.303 [Test worker] DEBUG org.hibernate.type.BasicTypeRegistry -- Adding type registration LocalTime -> org.hibernate.type.BasicTypeReference@118ffcfd
    22:57:43.303 [Test worker] DEBUG org.hibernate.type.BasicTypeRegistry -- Adding type registration java.time.LocalTime -> org.hibernate.type.BasicTypeReference@118ffcfd
    22:57:43.303 [Test worker] DEBUG org.hibernate.type.BasicTypeRegistry -- Adding type registration OffsetDateTime -> org.hibernate.type.BasicTypeReference@53f4c1e6
    22:57:43.303 [Test worker] DEBUG org.hibernate.type.BasicTypeRegistry -- Adding type registration java.time.OffsetDateTime -> org.hibernate.type.BasicTypeReference@53f4c1e6
    22:57:43.303 [Test worker] DEBUG org.hibernate.type.BasicTypeRegistry -- Adding type registration OffsetDateTimeWithTimezone -> org.hibernate.type.BasicTypeReference@74174a23
    22:57:43.303 [Test worker] DEBUG org.hibernate.type.BasicTypeRegistry -- Adding type registration OffsetDateTimeWithoutTimezone -> org.hibernate.type.BasicTypeReference@6342d610
    22:57:43.303 [Test worker] DEBUG org.hibernate.type.BasicTypeRegistry -- Adding type registration OffsetTime -> org.hibernate.type.BasicTypeReference@dc4a691
    22:57:43.303 [Test worker] DEBUG org.hibernate.type.BasicTypeRegistry -- Adding type registration java.time.OffsetTime -> org.hibernate.type.BasicTypeReference@dc4a691
    22:57:43.303 [Test worker] DEBUG org.hibernate.type.BasicTypeRegistry -- Adding type registration OffsetTimeUtc -> org.hibernate.type.BasicTypeReference@784abd3e
    22:57:43.303 [Test worker] DEBUG org.hibernate.type.BasicTypeRegistry -- Adding type registration OffsetTimeWithTimezone -> org.hibernate.type.BasicTypeReference@36c2b646
    22:57:43.303 [Test worker] DEBUG org.hibernate.type.BasicTypeRegistry -- Adding type registration OffsetTimeWithoutTimezone -> org.hibernate.type.BasicTypeReference@434514d8
    22:57:43.303 [Test worker] DEBUG org.hibernate.type.BasicTypeRegistry -- Adding type registration ZonedDateTime -> org.hibernate.type.BasicTypeReference@6b1dc20f
    22:57:43.303 [Test worker] DEBUG org.hibernate.type.BasicTypeRegistry -- Adding type registration java.time.ZonedDateTime -> org.hibernate.type.BasicTypeReference@6b1dc20f
    22:57:43.303 [Test worker] DEBUG org.hibernate.type.BasicTypeRegistry -- Adding type registration ZonedDateTimeWithTimezone -> org.hibernate.type.BasicTypeReference@4613311f
    22:57:43.303 [Test worker] DEBUG org.hibernate.type.BasicTypeRegistry -- Adding type registration ZonedDateTimeWithoutTimezone -> org.hibernate.type.BasicTypeReference@6540cf1d
    22:57:43.303 [Test worker] DEBUG org.hibernate.type.BasicTypeRegistry -- Adding type registration date -> org.hibernate.type.BasicTypeReference@ec8f4b9
    22:57:43.303 [Test worker] DEBUG org.hibernate.type.BasicTypeRegistry -- Adding type registration java.sql.Date -> org.hibernate.type.BasicTypeReference@ec8f4b9
    22:57:43.303 [Test worker] DEBUG org.hibernate.type.BasicTypeRegistry -- Adding type registration time -> org.hibernate.type.BasicTypeReference@bc042d5
    22:57:43.304 [Test worker] DEBUG org.hibernate.type.BasicTypeRegistry -- Adding type registration java.sql.Time -> org.hibernate.type.BasicTypeReference@bc042d5
    22:57:43.304 [Test worker] DEBUG org.hibernate.type.BasicTypeRegistry -- Adding type registration timestamp -> org.hibernate.type.BasicTypeReference@5484117b
    22:57:43.304 [Test worker] DEBUG org.hibernate.type.BasicTypeRegistry -- Adding type registration java.sql.Timestamp -> org.hibernate.type.BasicTypeReference@5484117b
    22:57:43.304 [Test worker] DEBUG org.hibernate.type.BasicTypeRegistry -- Adding type registration java.util.Date -> org.hibernate.type.BasicTypeReference@5484117b
    22:57:43.304 [Test worker] DEBUG org.hibernate.type.BasicTypeRegistry -- Adding type registration calendar -> org.hibernate.type.BasicTypeReference@37df14d1
    22:57:43.304 [Test worker] DEBUG org.hibernate.type.BasicTypeRegistry -- Adding type registration java.util.Calendar -> org.hibernate.type.BasicTypeReference@37df14d1
    22:57:43.304 [Test worker] DEBUG org.hibernate.type.BasicTypeRegistry -- Adding type registration java.util.GregorianCalendar -> org.hibernate.type.BasicTypeReference@37df14d1
    22:57:43.304 [Test worker] DEBUG org.hibernate.type.BasicTypeRegistry -- Adding type registration calendar_date -> org.hibernate.type.BasicTypeReference@7efb53af
    22:57:43.304 [Test worker] DEBUG org.hibernate.type.BasicTypeRegistry -- Adding type registration calendar_time -> org.hibernate.type.BasicTypeReference@7724704f
    22:57:43.304 [Test worker] DEBUG org.hibernate.type.BasicTypeRegistry -- Adding type registration instant -> org.hibernate.type.BasicTypeReference@3dfa819
    22:57:43.304 [Test worker] DEBUG org.hibernate.type.BasicTypeRegistry -- Adding type registration java.time.Instant -> org.hibernate.type.BasicTypeReference@3dfa819
    22:57:43.304 [Test worker] DEBUG org.hibernate.type.BasicTypeRegistry -- Adding type registration uuid -> org.hibernate.type.BasicTypeReference@4ce94d2f
    22:57:43.304 [Test worker] DEBUG org.hibernate.type.BasicTypeRegistry -- Adding type registration java.util.UUID -> org.hibernate.type.BasicTypeReference@4ce94d2f
    22:57:43.304 [Test worker] DEBUG org.hibernate.type.BasicTypeRegistry -- Adding type registration pg-uuid -> org.hibernate.type.BasicTypeReference@4ce94d2f
    22:57:43.304 [Test worker] DEBUG org.hibernate.type.BasicTypeRegistry -- Adding type registration uuid-binary -> org.hibernate.type.BasicTypeReference@68ab0936
    22:57:43.304 [Test worker] DEBUG org.hibernate.type.BasicTypeRegistry -- Adding type registration uuid-char -> org.hibernate.type.BasicTypeReference@3cd9aa64
    22:57:43.304 [Test worker] DEBUG org.hibernate.type.BasicTypeRegistry -- Adding type registration class -> org.hibernate.type.BasicTypeReference@42b84286
    22:57:43.304 [Test worker] DEBUG org.hibernate.type.BasicTypeRegistry -- Adding type registration java.lang.Class -> org.hibernate.type.BasicTypeReference@42b84286
    22:57:43.304 [Test worker] DEBUG org.hibernate.type.BasicTypeRegistry -- Adding type registration currency -> org.hibernate.type.BasicTypeReference@74ecacc3
    22:57:43.304 [Test worker] DEBUG org.hibernate.type.BasicTypeRegistry -- Adding type registration Currency -> org.hibernate.type.BasicTypeReference@74ecacc3
    22:57:43.304 [Test worker] DEBUG org.hibernate.type.BasicTypeRegistry -- Adding type registration java.util.Currency -> org.hibernate.type.BasicTypeReference@74ecacc3
    22:57:43.304 [Test worker] DEBUG org.hibernate.type.BasicTypeRegistry -- Adding type registration locale -> org.hibernate.type.BasicTypeReference@517a2b0
    22:57:43.304 [Test worker] DEBUG org.hibernate.type.BasicTypeRegistry -- Adding type registration java.util.Locale -> org.hibernate.type.BasicTypeReference@517a2b0
    22:57:43.304 [Test worker] DEBUG org.hibernate.type.BasicTypeRegistry -- Adding type registration serializable -> org.hibernate.type.BasicTypeReference@53b7ce6
    22:57:43.304 [Test worker] DEBUG org.hibernate.type.BasicTypeRegistry -- Adding type registration java.io.Serializable -> org.hibernate.type.BasicTypeReference@53b7ce6
    22:57:43.304 [Test worker] DEBUG org.hibernate.type.BasicTypeRegistry -- Adding type registration timezone -> org.hibernate.type.BasicTypeReference@36480b2d
    22:57:43.305 [Test worker] DEBUG org.hibernate.type.BasicTypeRegistry -- Adding type registration java.util.TimeZone -> org.hibernate.type.BasicTypeReference@36480b2d
    22:57:43.305 [Test worker] DEBUG org.hibernate.type.BasicTypeRegistry -- Adding type registration ZoneOffset -> org.hibernate.type.BasicTypeReference@27d33393
    22:57:43.305 [Test worker] DEBUG org.hibernate.type.BasicTypeRegistry -- Adding type registration java.time.ZoneOffset -> org.hibernate.type.BasicTypeReference@27d33393
    22:57:43.305 [Test worker] DEBUG org.hibernate.type.BasicTypeRegistry -- Adding type registration url -> org.hibernate.type.BasicTypeReference@1f6917fb
    22:57:43.305 [Test worker] DEBUG org.hibernate.type.BasicTypeRegistry -- Adding type registration java.net.URL -> org.hibernate.type.BasicTypeReference@1f6917fb
    22:57:43.305 [Test worker] DEBUG org.hibernate.type.BasicTypeRegistry -- Adding type registration row_version -> org.hibernate.type.BasicTypeReference@41eb94bc
    22:57:43.309 [Test worker] DEBUG org.hibernate.type.BasicTypeRegistry -- Adding type registration object -> org.hibernate.type.JavaObjectType@333c8791
    22:57:43.309 [Test worker] DEBUG org.hibernate.type.BasicTypeRegistry -- Adding type registration java.lang.Object -> org.hibernate.type.JavaObjectType@333c8791
    22:57:43.310 [Test worker] DEBUG org.hibernate.type.BasicTypeRegistry -- Adding type registration null -> org.hibernate.type.NullType@6f94fb9d
    22:57:43.310 [Test worker] DEBUG org.hibernate.type.BasicTypeRegistry -- Adding type registration imm_date -> org.hibernate.type.BasicTypeReference@17fa1336
    22:57:43.310 [Test worker] DEBUG org.hibernate.type.BasicTypeRegistry -- Adding type registration imm_time -> org.hibernate.type.BasicTypeReference@4228bf58
    22:57:43.310 [Test worker] DEBUG org.hibernate.type.BasicTypeRegistry -- Adding type registration imm_timestamp -> org.hibernate.type.BasicTypeReference@68b9834c
    22:57:43.310 [Test worker] DEBUG org.hibernate.type.BasicTypeRegistry -- Adding type registration imm_calendar -> org.hibernate.type.BasicTypeReference@20b9d5d5
    22:57:43.310 [Test worker] DEBUG org.hibernate.type.BasicTypeRegistry -- Adding type registration imm_calendar_date -> org.hibernate.type.BasicTypeReference@671d1157
    22:57:43.310 [Test worker] DEBUG org.hibernate.type.BasicTypeRegistry -- Adding type registration imm_calendar_time -> org.hibernate.type.BasicTypeReference@60c8a093
    22:57:43.310 [Test worker] DEBUG org.hibernate.type.BasicTypeRegistry -- Adding type registration imm_binary -> org.hibernate.type.BasicTypeReference@44cffc25
    22:57:43.310 [Test worker] DEBUG org.hibernate.type.BasicTypeRegistry -- Adding type registration imm_serializable -> org.hibernate.type.BasicTypeReference@2a369e14
    22:57:43.329 [HikariPool-1 connection adder] DEBUG com.zaxxer.hikari.pool.HikariPool -- HikariPool-1 - After adding stats (total=9, active=0, idle=9, waiting=0)
    22:57:43.330 [HikariPool-1 connection adder] DEBUG com.zaxxer.hikari.pool.HikariPool -- HikariPool-1 - Added connection conn9: url=jdbc:h2:mem:devDb user=SA
    22:57:43.346 [Test worker] DEBUG org.hibernate.engine.jdbc.env.internal.JdbcEnvironmentInitiator -- Database ->
           name : H2
        version : 2.2.224 (2023-09-17)
          major : 2
          minor : 2
    22:57:43.346 [Test worker] DEBUG org.hibernate.engine.jdbc.env.internal.JdbcEnvironmentInitiator -- Driver ->
           name : H2 JDBC Driver
        version : 2.2.224 (2023-09-17)
          major : 2
          minor : 2
    22:57:43.346 [Test worker] DEBUG org.hibernate.engine.jdbc.env.internal.JdbcEnvironmentInitiator -- JDBC version : 4.2
    22:57:43.360 [HikariPool-1 connection adder] DEBUG com.zaxxer.hikari.pool.HikariPool -- HikariPool-1 - After adding stats (total=10, active=1, idle=9, waiting=0)
    22:57:43.362 [Test worker] WARN org.hibernate.orm.deprecation -- HHH90000025: H2Dialect does not need to be specified explicitly using 'hibernate.dialect' (remove the property setting and it will be selected by default)
    22:57:43.363 [Test worker] DEBUG org.hibernate.orm.dialect -- HHH035001: Using dialect: org.hibernate.dialect.H2Dialect, version: 2.2.224
    22:57:43.369 [Test worker] DEBUG org.hibernate.engine.jdbc.env.spi.IdentifierHelperBuilder -- JDBC driver metadata reported database stores quoted identifiers in neither upper, lower nor mixed case
    22:57:43.388 [Test worker] DEBUG org.hibernate.type.descriptor.jdbc.spi.JdbcTypeRegistry -- addDescriptor(NCharTypeDescriptor) replaced previous registration(CharTypeDescriptor)
    22:57:43.388 [Test worker] DEBUG org.hibernate.type.descriptor.jdbc.spi.JdbcTypeRegistry -- addDescriptor(NVarcharTypeDescriptor) replaced previous registration(VarcharTypeDescriptor)
    22:57:43.388 [Test worker] DEBUG org.hibernate.type.descriptor.jdbc.spi.JdbcTypeRegistry -- addDescriptor(LongNVarcharTypeDescriptor) replaced previous registration(LongVarcharTypeDescriptor)
    22:57:43.389 [Test worker] DEBUG org.hibernate.type.descriptor.jdbc.spi.JdbcTypeRegistry -- addDescriptor(NClobTypeDescriptor(DEFAULT)) replaced previous registration(ClobTypeDescriptor(DEFAULT))
    22:57:43.389 [Test worker] DEBUG org.hibernate.type.descriptor.jdbc.spi.JdbcTypeRegistry -- addDescriptor(2005, ClobTypeDescriptor(STREAM_BINDING)) replaced previous registration(ClobTypeDescriptor(DEFAULT))
    22:57:43.390 [Test worker] DEBUG org.hibernate.type.descriptor.jdbc.spi.JdbcTypeRegistry -- addDescriptor(TimestampUtcDescriptor) replaced previous registration(TimestampUtcDescriptor)
    22:57:43.394 [Test worker] DEBUG org.hibernate.type.BasicTypeRegistry -- Adding type registration Duration -> basicType@1(java.time.Duration,2)
    22:57:43.394 [Test worker] DEBUG org.hibernate.type.BasicTypeRegistry -- Adding type registration java.time.Duration -> basicType@1(java.time.Duration,2)
    22:57:43.396 [Test worker] DEBUG org.hibernate.type.spi.TypeConfiguration$Scope -- Scoping TypeConfiguration [org.hibernate.type.spi.TypeConfiguration@47b11ec7] to MetadataBuildingContext [org.hibernate.boot.internal.MetadataBuildingContextRootImpl@58fa5769]
    22:57:43.418 [Test worker] DEBUG org.hibernate.boot.model.relational.Namespace -- Created database namespace [logicalName=Name{catalog=null, schema=null}, physicalName=Name{catalog=null, schema=null}]
    22:57:43.434 [Test worker] DEBUG org.hibernate.boot.model.internal.EntityBinder -- Binding entity from annotated class: com.taskflow.models.Project
    22:57:43.438 [Test worker] DEBUG org.hibernate.boot.model.internal.EntityBinder -- Import with entity name Project
    22:57:43.442 [Test worker] DEBUG org.hibernate.boot.model.internal.EntityBinder -- Bind entity com.taskflow.models.Project on table projects
    22:57:43.447 [Test worker] DEBUG org.hibernate.boot.model.internal.AnnotatedColumn -- Binding column: AnnotatedDiscriminatorColumn(column='DTYPE')
    22:57:43.464 [Test worker] DEBUG org.hibernate.boot.model.internal.AnnotatedColumn -- Binding column: AnnotatedColumn()
    22:57:43.465 [Test worker] DEBUG org.hibernate.boot.internal.ClassLoaderAccessImpl -- Not known whether passed class name [com.taskflow.models.Project] is safe
    22:57:43.465 [Test worker] DEBUG org.hibernate.boot.internal.ClassLoaderAccessImpl -- No temp ClassLoader provided; using live ClassLoader for loading potentially unsafe class : com.taskflow.models.Project
    22:57:43.469 [Test worker] DEBUG org.hibernate.boot.model.internal.PropertyBinder -- MetadataSourceProcessor property id with lazy=false
    22:57:43.474 [Test worker] DEBUG org.hibernate.boot.model.internal.AbstractPropertyHolder -- Attempting to locate auto-apply AttributeConverter for property [com.taskflow.models.Project:id]
    22:57:43.477 [Test worker] DEBUG org.hibernate.boot.model.internal.BasicValueBinder -- building BasicValue for id
    22:57:43.478 [Test worker] DEBUG org.hibernate.mapping.BasicValue -- Skipping column re-registration: projects.id
    22:57:43.479 [Test worker] DEBUG org.hibernate.boot.model.internal.PropertyBinder -- Building property id
    22:57:43.481 [Test worker] DEBUG org.hibernate.boot.model.internal.BinderHelper -- #makeIdGenerator(BasicValue([Column(id)]), id, identity, , ...)
    22:57:43.481 [Test worker] DEBUG org.hibernate.boot.model.internal.AnnotatedColumn -- Binding column: AnnotatedColumn(column='created_at')
    22:57:43.482 [Test worker] DEBUG org.hibernate.boot.model.internal.PropertyBinder -- MetadataSourceProcessor property createdAt with lazy=false
    22:57:43.482 [Test worker] DEBUG org.hibernate.boot.model.internal.AbstractPropertyHolder -- Attempting to locate auto-apply AttributeConverter for property [com.taskflow.models.Project:createdAt]
    22:57:43.482 [Test worker] DEBUG org.hibernate.boot.model.internal.BasicValueBinder -- building BasicValue for createdAt
    22:57:43.482 [Test worker] DEBUG org.hibernate.mapping.BasicValue -- Skipping column re-registration: projects.created_at
    22:57:43.482 [Test worker] DEBUG org.hibernate.boot.model.internal.PropertyBinder -- Building property createdAt
    22:57:43.482 [Test worker] DEBUG org.hibernate.boot.model.internal.AnnotatedColumn -- Binding column: AnnotatedColumn()
    22:57:43.482 [Test worker] DEBUG org.hibernate.boot.model.internal.PropertyBinder -- MetadataSourceProcessor property description with lazy=false
    22:57:43.482 [Test worker] DEBUG org.hibernate.boot.model.internal.AbstractPropertyHolder -- Attempting to locate auto-apply AttributeConverter for property [com.taskflow.models.Project:description]
    22:57:43.483 [Test worker] DEBUG org.hibernate.boot.model.internal.BasicValueBinder -- building BasicValue for description
    22:57:43.483 [Test worker] DEBUG org.hibernate.mapping.BasicValue -- Skipping column re-registration: projects.description
    22:57:43.483 [Test worker] DEBUG org.hibernate.boot.model.internal.PropertyBinder -- Building property description
    22:57:43.485 [Test worker] DEBUG org.hibernate.boot.model.internal.AnnotatedColumn -- Binding column: AnnotatedJoinColumn()
    22:57:43.486 [Test worker] DEBUG org.hibernate.boot.model.internal.AnnotatedColumn -- Binding column: AnnotatedColumn()
    22:57:43.494 [Test worker] DEBUG org.hibernate.boot.model.internal.AnnotatedColumn -- Binding column: IndexColumn(column='members_ORDER')
    22:57:43.496 [Test worker] DEBUG org.hibernate.boot.model.internal.AnnotatedColumn -- Binding column: AnnotatedColumn()
    22:57:43.496 [Test worker] DEBUG org.hibernate.boot.model.internal.AnnotatedColumn -- Binding column: AnnotatedColumn(column='members_KEY')
    22:57:43.497 [Test worker] DEBUG org.hibernate.boot.model.internal.AnnotatedColumn -- Binding column: AnnotatedJoinColumn(column='members_KEY')
    22:57:43.498 [Test worker] DEBUG org.hibernate.boot.model.internal.AnnotatedColumn -- Binding column: AnnotatedJoinColumn()
    22:57:43.498 [Test worker] DEBUG org.hibernate.boot.model.internal.AnnotatedColumn -- Binding column: AnnotatedJoinColumn()
    22:57:43.500 [Test worker] DEBUG org.hibernate.boot.model.internal.CollectionBinder -- Collection role: com.taskflow.models.Project.members
    22:57:43.501 [Test worker] DEBUG org.hibernate.boot.model.internal.PropertyBinder -- Building property members
    22:57:43.501 [Test worker] DEBUG org.hibernate.boot.model.internal.AnnotatedColumn -- Binding column: AnnotatedColumn()
    22:57:43.501 [Test worker] DEBUG org.hibernate.boot.model.internal.PropertyBinder -- MetadataSourceProcessor property name with lazy=false
    22:57:43.501 [Test worker] DEBUG org.hibernate.boot.model.internal.AbstractPropertyHolder -- Attempting to locate auto-apply AttributeConverter for property [com.taskflow.models.Project:name]
    22:57:43.501 [Test worker] DEBUG org.hibernate.boot.model.internal.BasicValueBinder -- building BasicValue for name
    22:57:43.501 [Test worker] DEBUG org.hibernate.mapping.BasicValue -- Skipping column re-registration: projects.name
    22:57:43.501 [Test worker] DEBUG org.hibernate.boot.model.internal.PropertyBinder -- Building property name
    22:57:43.502 [Test worker] DEBUG org.hibernate.boot.model.internal.AnnotatedColumn -- Binding column: AnnotatedJoinColumn(column='owner_id')
    22:57:43.502 [Test worker] DEBUG org.hibernate.boot.model.internal.AnnotatedColumn -- Binding column: AnnotatedColumn()
    22:57:43.504 [Test worker] DEBUG org.hibernate.boot.model.internal.PropertyBinder -- Building property owner
    22:57:43.504 [Test worker] DEBUG org.hibernate.boot.model.internal.AnnotatedColumn -- Binding column: AnnotatedJoinColumn()
    22:57:43.504 [Test worker] DEBUG org.hibernate.boot.model.internal.AnnotatedColumn -- Binding column: AnnotatedColumn()
    22:57:43.505 [Test worker] DEBUG org.hibernate.boot.model.internal.AnnotatedColumn -- Binding column: IndexColumn(column='tasks_ORDER')
    22:57:43.505 [Test worker] DEBUG org.hibernate.boot.model.internal.AnnotatedColumn -- Binding column: AnnotatedColumn()
    22:57:43.505 [Test worker] DEBUG org.hibernate.boot.model.internal.AnnotatedColumn -- Binding column: AnnotatedColumn(column='tasks_KEY')
    22:57:43.505 [Test worker] DEBUG org.hibernate.boot.model.internal.AnnotatedColumn -- Binding column: AnnotatedJoinColumn(column='tasks_KEY')
    22:57:43.505 [Test worker] DEBUG org.hibernate.boot.model.internal.AnnotatedColumn -- Binding column: AnnotatedJoinColumn()
    22:57:43.505 [Test worker] DEBUG org.hibernate.boot.model.internal.AnnotatedColumn -- Binding column: AnnotatedJoinColumn()
    22:57:43.505 [Test worker] DEBUG org.hibernate.boot.model.internal.CollectionBinder -- Collection role: com.taskflow.models.Project.tasks
    22:57:43.505 [Test worker] DEBUG org.hibernate.boot.model.internal.PropertyBinder -- Building property tasks
    22:57:43.506 [Test worker] DEBUG org.hibernate.boot.model.internal.AnnotatedColumn -- Binding column: AnnotatedColumn(column='updated_at')
    22:57:43.506 [Test worker] DEBUG org.hibernate.boot.model.internal.PropertyBinder -- MetadataSourceProcessor property updatedAt with lazy=false
    22:57:43.506 [Test worker] DEBUG org.hibernate.boot.model.internal.AbstractPropertyHolder -- Attempting to locate auto-apply AttributeConverter for property [com.taskflow.models.Project:updatedAt]
    22:57:43.506 [Test worker] DEBUG org.hibernate.boot.model.internal.BasicValueBinder -- building BasicValue for updatedAt
    22:57:43.506 [Test worker] DEBUG org.hibernate.mapping.BasicValue -- Skipping column re-registration: projects.updated_at
    22:57:43.506 [Test worker] DEBUG org.hibernate.boot.model.internal.PropertyBinder -- Building property updatedAt
    22:57:43.511 [Test worker] DEBUG org.hibernate.boot.model.internal.EntityBinder -- Binding entity from annotated class: com.taskflow.models.ProjectMember
    22:57:43.511 [Test worker] DEBUG org.hibernate.boot.model.internal.EntityBinder -- Import with entity name ProjectMember
    22:57:43.511 [Test worker] DEBUG org.hibernate.boot.model.internal.EntityBinder -- Bind entity com.taskflow.models.ProjectMember on table project_members
    22:57:43.512 [Test worker] DEBUG org.hibernate.boot.model.internal.AnnotatedColumn -- Binding column: AnnotatedDiscriminatorColumn(column='DTYPE')
    22:57:43.513 [Test worker] DEBUG org.hibernate.boot.model.internal.AnnotatedColumn -- Binding column: AnnotatedColumn()
    22:57:43.513 [Test worker] DEBUG org.hibernate.boot.internal.ClassLoaderAccessImpl -- Not known whether passed class name [com.taskflow.models.ProjectMember] is safe
    22:57:43.513 [Test worker] DEBUG org.hibernate.boot.internal.ClassLoaderAccessImpl -- No temp ClassLoader provided; using live ClassLoader for loading potentially unsafe class : com.taskflow.models.ProjectMember
    22:57:43.513 [Test worker] DEBUG org.hibernate.boot.model.internal.PropertyBinder -- MetadataSourceProcessor property id with lazy=false
    22:57:43.513 [Test worker] DEBUG org.hibernate.boot.model.internal.AbstractPropertyHolder -- Attempting to locate auto-apply AttributeConverter for property [com.taskflow.models.ProjectMember:id]
    22:57:43.513 [Test worker] DEBUG org.hibernate.boot.model.internal.BasicValueBinder -- building BasicValue for id
    22:57:43.513 [Test worker] DEBUG org.hibernate.mapping.BasicValue -- Skipping column re-registration: project_members.id
    22:57:43.513 [Test worker] DEBUG org.hibernate.boot.model.internal.PropertyBinder -- Building property id
    22:57:43.513 [Test worker] DEBUG org.hibernate.boot.model.internal.BinderHelper -- #makeIdGenerator(BasicValue([Column(id)]), id, identity, , ...)
    22:57:43.513 [Test worker] DEBUG org.hibernate.boot.model.internal.AnnotatedColumn -- Binding column: AnnotatedColumn(column='created_at')
    22:57:43.513 [Test worker] DEBUG org.hibernate.boot.model.internal.PropertyBinder -- MetadataSourceProcessor property createdAt with lazy=false
    22:57:43.513 [Test worker] DEBUG org.hibernate.boot.model.internal.AbstractPropertyHolder -- Attempting to locate auto-apply AttributeConverter for property [com.taskflow.models.ProjectMember:createdAt]
    22:57:43.513 [Test worker] DEBUG org.hibernate.boot.model.internal.BasicValueBinder -- building BasicValue for createdAt
    22:57:43.513 [Test worker] DEBUG org.hibernate.mapping.BasicValue -- Skipping column re-registration: project_members.created_at
    22:57:43.513 [Test worker] DEBUG org.hibernate.boot.model.internal.PropertyBinder -- Building property createdAt
    22:57:43.514 [Test worker] DEBUG org.hibernate.boot.model.internal.AnnotatedColumn -- Binding column: AnnotatedJoinColumn(column='project_id')
    22:57:43.514 [Test worker] DEBUG org.hibernate.boot.model.internal.AnnotatedColumn -- Binding column: AnnotatedColumn()
    22:57:43.514 [Test worker] DEBUG org.hibernate.boot.model.internal.PropertyBinder -- Building property project
    22:57:43.514 [Test worker] DEBUG org.hibernate.boot.model.internal.AnnotatedColumn -- Binding column: AnnotatedColumn()
    22:57:43.514 [Test worker] DEBUG org.hibernate.boot.model.internal.PropertyBinder -- MetadataSourceProcessor property role with lazy=false
    22:57:43.514 [Test worker] DEBUG org.hibernate.boot.model.internal.AbstractPropertyHolder -- Attempting to locate auto-apply AttributeConverter for property [com.taskflow.models.ProjectMember:role]
    22:57:43.514 [Test worker] DEBUG org.hibernate.boot.model.internal.BasicValueBinder -- building BasicValue for role
    22:57:43.514 [Test worker] DEBUG org.hibernate.mapping.BasicValue -- Skipping column re-registration: project_members.role
    22:57:43.514 [Test worker] DEBUG org.hibernate.boot.model.internal.PropertyBinder -- Building property role
    22:57:43.515 [Test worker] DEBUG org.hibernate.boot.model.internal.AnnotatedColumn -- Binding column: AnnotatedJoinColumn(column='user_id')
    22:57:43.515 [Test worker] DEBUG org.hibernate.boot.model.internal.AnnotatedColumn -- Binding column: AnnotatedColumn()
    22:57:43.515 [Test worker] DEBUG org.hibernate.boot.model.internal.PropertyBinder -- Building property user
    22:57:43.515 [Test worker] DEBUG org.hibernate.boot.model.internal.EntityBinder -- Binding entity from annotated class: com.taskflow.models.Attachment
    22:57:43.516 [Test worker] DEBUG org.hibernate.boot.model.internal.EntityBinder -- Import with entity name Attachment
    22:57:43.516 [Test worker] DEBUG org.hibernate.boot.model.internal.EntityBinder -- Bind entity com.taskflow.models.Attachment on table attachments
    22:57:43.516 [Test worker] DEBUG org.hibernate.boot.model.internal.AnnotatedColumn -- Binding column: AnnotatedDiscriminatorColumn(column='DTYPE')
    22:57:43.517 [Test worker] DEBUG org.hibernate.boot.model.internal.AnnotatedColumn -- Binding column: AnnotatedColumn()
    22:57:43.517 [Test worker] DEBUG org.hibernate.boot.internal.ClassLoaderAccessImpl -- Not known whether passed class name [com.taskflow.models.Attachment] is safe
    22:57:43.517 [Test worker] DEBUG org.hibernate.boot.internal.ClassLoaderAccessImpl -- No temp ClassLoader provided; using live ClassLoader for loading potentially unsafe class : com.taskflow.models.Attachment
    22:57:43.517 [Test worker] DEBUG org.hibernate.boot.model.internal.PropertyBinder -- MetadataSourceProcessor property id with lazy=false
    22:57:43.517 [Test worker] DEBUG org.hibernate.boot.model.internal.AbstractPropertyHolder -- Attempting to locate auto-apply AttributeConverter for property [com.taskflow.models.Attachment:id]
    22:57:43.517 [Test worker] DEBUG org.hibernate.boot.model.internal.BasicValueBinder -- building BasicValue for id
    22:57:43.517 [Test worker] DEBUG org.hibernate.mapping.BasicValue -- Skipping column re-registration: attachments.id
    22:57:43.517 [Test worker] DEBUG org.hibernate.boot.model.internal.PropertyBinder -- Building property id
    22:57:43.517 [Test worker] DEBUG org.hibernate.boot.model.internal.BinderHelper -- #makeIdGenerator(BasicValue([Column(id)]), id, identity, , ...)
    22:57:43.518 [Test worker] DEBUG org.hibernate.boot.model.internal.AnnotatedColumn -- Binding column: AnnotatedColumn(column='file_path')
    22:57:43.518 [Test worker] DEBUG org.hibernate.boot.model.internal.PropertyBinder -- MetadataSourceProcessor property filePath with lazy=false
    22:57:43.518 [Test worker] DEBUG org.hibernate.boot.model.internal.AbstractPropertyHolder -- Attempting to locate auto-apply AttributeConverter for property [com.taskflow.models.Attachment:filePath]
    22:57:43.518 [Test worker] DEBUG org.hibernate.boot.model.internal.BasicValueBinder -- building BasicValue for filePath
    22:57:43.518 [Test worker] DEBUG org.hibernate.mapping.BasicValue -- Skipping column re-registration: attachments.file_path
    22:57:43.518 [Test worker] DEBUG org.hibernate.boot.model.internal.PropertyBinder -- Building property filePath
    22:57:43.518 [Test worker] DEBUG org.hibernate.boot.model.internal.AnnotatedColumn -- Binding column: AnnotatedJoinColumn(column='task_id')
    22:57:43.518 [Test worker] DEBUG org.hibernate.boot.model.internal.AnnotatedColumn -- Binding column: AnnotatedColumn()
    22:57:43.518 [Test worker] DEBUG org.hibernate.boot.model.internal.PropertyBinder -- Building property task
    22:57:43.519 [Test worker] DEBUG org.hibernate.boot.model.internal.AnnotatedColumn -- Binding column: AnnotatedColumn(column='uploaded_at')
    22:57:43.519 [Test worker] DEBUG org.hibernate.boot.model.internal.PropertyBinder -- MetadataSourceProcessor property uploadedAt with lazy=false
    22:57:43.519 [Test worker] DEBUG org.hibernate.boot.model.internal.AbstractPropertyHolder -- Attempting to locate auto-apply AttributeConverter for property [com.taskflow.models.Attachment:uploadedAt]
    22:57:43.519 [Test worker] DEBUG org.hibernate.boot.model.internal.BasicValueBinder -- building BasicValue for uploadedAt
    22:57:43.519 [Test worker] DEBUG org.hibernate.mapping.BasicValue -- Skipping column re-registration: attachments.uploaded_at
    22:57:43.519 [Test worker] DEBUG org.hibernate.boot.model.internal.PropertyBinder -- Building property uploadedAt
    22:57:43.519 [Test worker] DEBUG org.hibernate.boot.model.internal.EntityBinder -- Binding entity from annotated class: com.taskflow.models.User
    22:57:43.519 [Test worker] DEBUG org.hibernate.boot.model.internal.EntityBinder -- Import with entity name User
    22:57:43.520 [Test worker] DEBUG org.hibernate.boot.model.internal.EntityBinder -- Bind entity com.taskflow.models.User on table users
    22:57:43.520 [Test worker] DEBUG org.hibernate.boot.model.internal.AnnotatedColumn -- Binding column: AnnotatedDiscriminatorColumn(column='DTYPE')
    22:57:43.521 [Test worker] DEBUG org.hibernate.boot.model.internal.AnnotatedColumn -- Binding column: AnnotatedColumn()
    22:57:43.521 [Test worker] DEBUG org.hibernate.boot.internal.ClassLoaderAccessImpl -- Not known whether passed class name [com.taskflow.models.User] is safe
    22:57:43.521 [Test worker] DEBUG org.hibernate.boot.internal.ClassLoaderAccessImpl -- No temp ClassLoader provided; using live ClassLoader for loading potentially unsafe class : com.taskflow.models.User
    22:57:43.521 [Test worker] DEBUG org.hibernate.boot.model.internal.PropertyBinder -- MetadataSourceProcessor property id with lazy=false
    22:57:43.521 [Test worker] DEBUG org.hibernate.boot.model.internal.AbstractPropertyHolder -- Attempting to locate auto-apply AttributeConverter for property [com.taskflow.models.User:id]
    22:57:43.521 [Test worker] DEBUG org.hibernate.boot.model.internal.BasicValueBinder -- building BasicValue for id
    22:57:43.521 [Test worker] DEBUG org.hibernate.mapping.BasicValue -- Skipping column re-registration: users.id
    22:57:43.521 [Test worker] DEBUG org.hibernate.boot.model.internal.PropertyBinder -- Building property id
    22:57:43.521 [Test worker] DEBUG org.hibernate.boot.model.internal.BinderHelper -- #makeIdGenerator(BasicValue([Column(id)]), id, identity, , ...)
    22:57:43.521 [Test worker] DEBUG org.hibernate.boot.model.internal.AnnotatedColumn -- Binding column: AnnotatedColumn(column='created_at')
    22:57:43.521 [Test worker] DEBUG org.hibernate.boot.model.internal.PropertyBinder -- MetadataSourceProcessor property createdAt with lazy=false
    22:57:43.521 [Test worker] DEBUG org.hibernate.boot.model.internal.AbstractPropertyHolder -- Attempting to locate auto-apply AttributeConverter for property [com.taskflow.models.User:createdAt]
    22:57:43.521 [Test worker] DEBUG org.hibernate.boot.model.internal.BasicValueBinder -- building BasicValue for createdAt
    22:57:43.521 [Test worker] DEBUG org.hibernate.mapping.BasicValue -- Skipping column re-registration: users.created_at
    22:57:43.522 [Test worker] DEBUG org.hibernate.boot.model.internal.PropertyBinder -- Building property createdAt
    22:57:43.522 [Test worker] DEBUG org.hibernate.boot.model.internal.AnnotatedColumn -- Binding column: AnnotatedColumn()
    22:57:43.522 [Test worker] DEBUG org.hibernate.boot.model.internal.PropertyBinder -- MetadataSourceProcessor property email with lazy=false
    22:57:43.522 [Test worker] DEBUG org.hibernate.boot.model.internal.AbstractPropertyHolder -- Attempting to locate auto-apply AttributeConverter for property [com.taskflow.models.User:email]
    22:57:43.522 [Test worker] DEBUG org.hibernate.boot.model.internal.BasicValueBinder -- building BasicValue for email
    22:57:43.522 [Test worker] DEBUG org.hibernate.mapping.BasicValue -- Skipping column re-registration: users.email
    22:57:43.522 [Test worker] DEBUG org.hibernate.boot.model.internal.PropertyBinder -- Building property email
    22:57:43.522 [Test worker] DEBUG org.hibernate.boot.model.internal.AnnotatedColumn -- Binding column: AnnotatedColumn()
    22:57:43.522 [Test worker] DEBUG org.hibernate.boot.model.internal.PropertyBinder -- MetadataSourceProcessor property password with lazy=false
    22:57:43.522 [Test worker] DEBUG org.hibernate.boot.model.internal.AbstractPropertyHolder -- Attempting to locate auto-apply AttributeConverter for property [com.taskflow.models.User:password]
    22:57:43.522 [Test worker] DEBUG org.hibernate.boot.model.internal.BasicValueBinder -- building BasicValue for password
    22:57:43.522 [Test worker] DEBUG org.hibernate.mapping.BasicValue -- Skipping column re-registration: users.password
    22:57:43.522 [Test worker] DEBUG org.hibernate.boot.model.internal.PropertyBinder -- Building property password
    22:57:43.522 [Test worker] DEBUG org.hibernate.boot.model.internal.AnnotatedColumn -- Binding column: AnnotatedColumn(column='updated_at')
    22:57:43.522 [Test worker] DEBUG org.hibernate.boot.model.internal.PropertyBinder -- MetadataSourceProcessor property updatedAt with lazy=false
    22:57:43.522 [Test worker] DEBUG org.hibernate.boot.model.internal.AbstractPropertyHolder -- Attempting to locate auto-apply AttributeConverter for property [com.taskflow.models.User:updatedAt]
    22:57:43.523 [Test worker] DEBUG org.hibernate.boot.model.internal.BasicValueBinder -- building BasicValue for updatedAt
    22:57:43.523 [Test worker] DEBUG org.hibernate.mapping.BasicValue -- Skipping column re-registration: users.updated_at
    22:57:43.523 [Test worker] DEBUG org.hibernate.boot.model.internal.PropertyBinder -- Building property updatedAt
    22:57:43.523 [Test worker] DEBUG org.hibernate.boot.model.internal.AnnotatedColumn -- Binding column: AnnotatedColumn()
    22:57:43.523 [Test worker] DEBUG org.hibernate.boot.model.internal.PropertyBinder -- MetadataSourceProcessor property username with lazy=false
    22:57:43.523 [Test worker] DEBUG org.hibernate.boot.model.internal.AbstractPropertyHolder -- Attempting to locate auto-apply AttributeConverter for property [com.taskflow.models.User:username]
    22:57:43.523 [Test worker] DEBUG org.hibernate.boot.model.internal.BasicValueBinder -- building BasicValue for username
    22:57:43.523 [Test worker] DEBUG org.hibernate.mapping.BasicValue -- Skipping column re-registration: users.username
    22:57:43.523 [Test worker] DEBUG org.hibernate.boot.model.internal.PropertyBinder -- Building property username
    22:57:43.524 [Test worker] DEBUG org.hibernate.boot.model.internal.EntityBinder -- Binding entity from annotated class: com.taskflow.models.Comment
    22:57:43.524 [Test worker] DEBUG org.hibernate.boot.model.internal.EntityBinder -- Import with entity name Comment
    22:57:43.524 [Test worker] DEBUG org.hibernate.boot.model.internal.EntityBinder -- Bind entity com.taskflow.models.Comment on table comments
    22:57:43.524 [Test worker] DEBUG org.hibernate.boot.model.internal.AnnotatedColumn -- Binding column: AnnotatedDiscriminatorColumn(column='DTYPE')
    22:57:43.525 [Test worker] DEBUG org.hibernate.boot.model.internal.AnnotatedColumn -- Binding column: AnnotatedColumn()
    22:57:43.525 [Test worker] DEBUG org.hibernate.boot.internal.ClassLoaderAccessImpl -- Not known whether passed class name [com.taskflow.models.Comment] is safe
    22:57:43.525 [Test worker] DEBUG org.hibernate.boot.internal.ClassLoaderAccessImpl -- No temp ClassLoader provided; using live ClassLoader for loading potentially unsafe class : com.taskflow.models.Comment
    22:57:43.525 [Test worker] DEBUG org.hibernate.boot.model.internal.PropertyBinder -- MetadataSourceProcessor property id with lazy=false
    22:57:43.525 [Test worker] DEBUG org.hibernate.boot.model.internal.AbstractPropertyHolder -- Attempting to locate auto-apply AttributeConverter for property [com.taskflow.models.Comment:id]
    22:57:43.525 [Test worker] DEBUG org.hibernate.boot.model.internal.BasicValueBinder -- building BasicValue for id
    22:57:43.525 [Test worker] DEBUG org.hibernate.mapping.BasicValue -- Skipping column re-registration: comments.id
    22:57:43.525 [Test worker] DEBUG org.hibernate.boot.model.internal.PropertyBinder -- Building property id
    22:57:43.525 [Test worker] DEBUG org.hibernate.boot.model.internal.BinderHelper -- #makeIdGenerator(BasicValue([Column(id)]), id, identity, , ...)
    22:57:43.525 [Test worker] DEBUG org.hibernate.boot.model.internal.AnnotatedColumn -- Binding column: AnnotatedColumn()
    22:57:43.526 [Test worker] DEBUG org.hibernate.boot.model.internal.PropertyBinder -- MetadataSourceProcessor property content with lazy=false
    22:57:43.526 [Test worker] DEBUG org.hibernate.boot.model.internal.AbstractPropertyHolder -- Attempting to locate auto-apply AttributeConverter for property [com.taskflow.models.Comment:content]
    22:57:43.526 [Test worker] DEBUG org.hibernate.boot.model.internal.BasicValueBinder -- building BasicValue for content
    22:57:43.526 [Test worker] DEBUG org.hibernate.mapping.BasicValue -- Skipping column re-registration: comments.content
    22:57:43.526 [Test worker] DEBUG org.hibernate.boot.model.internal.PropertyBinder -- Building property content
    22:57:43.526 [Test worker] DEBUG org.hibernate.boot.model.internal.AnnotatedColumn -- Binding column: AnnotatedColumn(column='created_at')
    22:57:43.526 [Test worker] DEBUG org.hibernate.boot.model.internal.PropertyBinder -- MetadataSourceProcessor property createdAt with lazy=false
    22:57:43.526 [Test worker] DEBUG org.hibernate.boot.model.internal.AbstractPropertyHolder -- Attempting to locate auto-apply AttributeConverter for property [com.taskflow.models.Comment:createdAt]
    22:57:43.526 [Test worker] DEBUG org.hibernate.boot.model.internal.BasicValueBinder -- building BasicValue for createdAt
    22:57:43.526 [Test worker] DEBUG org.hibernate.mapping.BasicValue -- Skipping column re-registration: comments.created_at
    22:57:43.526 [Test worker] DEBUG org.hibernate.boot.model.internal.PropertyBinder -- Building property createdAt
    22:57:43.526 [Test worker] DEBUG org.hibernate.boot.model.internal.AnnotatedColumn -- Binding column: AnnotatedJoinColumn(column='task_id')
    22:57:43.526 [Test worker] DEBUG org.hibernate.boot.model.internal.AnnotatedColumn -- Binding column: AnnotatedColumn()
    22:57:43.527 [Test worker] DEBUG org.hibernate.boot.model.internal.PropertyBinder -- Building property task
    22:57:43.527 [Test worker] DEBUG org.hibernate.boot.model.internal.AnnotatedColumn -- Binding column: AnnotatedJoinColumn(column='user_id')
    22:57:43.527 [Test worker] DEBUG org.hibernate.boot.model.internal.AnnotatedColumn -- Binding column: AnnotatedColumn()
    22:57:43.527 [Test worker] DEBUG org.hibernate.boot.model.internal.PropertyBinder -- Building property user
    22:57:43.527 [Test worker] DEBUG org.hibernate.boot.model.internal.EntityBinder -- Binding entity from annotated class: com.taskflow.models.TaskActivityLog
    22:57:43.528 [Test worker] DEBUG org.hibernate.boot.model.internal.EntityBinder -- Import with entity name TaskActivityLog
    22:57:43.528 [Test worker] DEBUG org.hibernate.boot.model.internal.EntityBinder -- Bind entity com.taskflow.models.TaskActivityLog on table task_activity_log
    22:57:43.528 [Test worker] DEBUG org.hibernate.boot.model.internal.AnnotatedColumn -- Binding column: AnnotatedDiscriminatorColumn(column='DTYPE')
    22:57:43.529 [Test worker] DEBUG org.hibernate.boot.model.internal.AnnotatedColumn -- Binding column: AnnotatedColumn()
    22:57:43.529 [Test worker] DEBUG org.hibernate.boot.internal.ClassLoaderAccessImpl -- Not known whether passed class name [com.taskflow.models.TaskActivityLog] is safe
    22:57:43.529 [Test worker] DEBUG org.hibernate.boot.internal.ClassLoaderAccessImpl -- No temp ClassLoader provided; using live ClassLoader for loading potentially unsafe class : com.taskflow.models.TaskActivityLog
    22:57:43.529 [Test worker] DEBUG org.hibernate.boot.model.internal.PropertyBinder -- MetadataSourceProcessor property id with lazy=false
    22:57:43.529 [Test worker] DEBUG org.hibernate.boot.model.internal.AbstractPropertyHolder -- Attempting to locate auto-apply AttributeConverter for property [com.taskflow.models.TaskActivityLog:id]
    22:57:43.529 [Test worker] DEBUG org.hibernate.boot.model.internal.BasicValueBinder -- building BasicValue for id
    22:57:43.529 [Test worker] DEBUG org.hibernate.mapping.BasicValue -- Skipping column re-registration: task_activity_log.id
    22:57:43.529 [Test worker] DEBUG org.hibernate.boot.model.internal.PropertyBinder -- Building property id
    22:57:43.529 [Test worker] DEBUG org.hibernate.boot.model.internal.BinderHelper -- #makeIdGenerator(BasicValue([Column(id)]), id, identity, , ...)
    22:57:43.529 [Test worker] DEBUG org.hibernate.boot.model.internal.AnnotatedColumn -- Binding column: AnnotatedColumn()
    22:57:43.529 [Test worker] DEBUG org.hibernate.boot.model.internal.PropertyBinder -- MetadataSourceProcessor property action with lazy=false
    22:57:43.529 [Test worker] DEBUG org.hibernate.boot.model.internal.AbstractPropertyHolder -- Attempting to locate auto-apply AttributeConverter for property [com.taskflow.models.TaskActivityLog:action]
    22:57:43.529 [Test worker] DEBUG org.hibernate.boot.model.internal.BasicValueBinder -- building BasicValue for action
    22:57:43.529 [Test worker] DEBUG org.hibernate.mapping.BasicValue -- Skipping column re-registration: task_activity_log.action
    22:57:43.530 [Test worker] DEBUG org.hibernate.boot.model.internal.PropertyBinder -- Building property action
    22:57:43.530 [Test worker] DEBUG org.hibernate.boot.model.internal.AnnotatedColumn -- Binding column: AnnotatedColumn(column='created_at')
    22:57:43.530 [Test worker] DEBUG org.hibernate.boot.model.internal.PropertyBinder -- MetadataSourceProcessor property createdAt with lazy=false
    22:57:43.530 [Test worker] DEBUG org.hibernate.boot.model.internal.AbstractPropertyHolder -- Attempting to locate auto-apply AttributeConverter for property [com.taskflow.models.TaskActivityLog:createdAt]
    22:57:43.530 [Test worker] DEBUG org.hibernate.boot.model.internal.BasicValueBinder -- building BasicValue for createdAt
    22:57:43.530 [Test worker] DEBUG org.hibernate.mapping.BasicValue -- Skipping column re-registration: task_activity_log.created_at
    22:57:43.530 [Test worker] DEBUG org.hibernate.boot.model.internal.PropertyBinder -- Building property createdAt
    22:57:43.530 [Test worker] DEBUG org.hibernate.boot.model.internal.AnnotatedColumn -- Binding column: AnnotatedColumn(column='new_value')
    22:57:43.530 [Test worker] DEBUG org.hibernate.boot.model.internal.PropertyBinder -- MetadataSourceProcessor property newValue with lazy=false
    22:57:43.530 [Test worker] DEBUG org.hibernate.boot.model.internal.AbstractPropertyHolder -- Attempting to locate auto-apply AttributeConverter for property [com.taskflow.models.TaskActivityLog:newValue]
    22:57:43.530 [Test worker] DEBUG org.hibernate.boot.model.internal.BasicValueBinder -- building BasicValue for newValue
    22:57:43.530 [Test worker] DEBUG org.hibernate.mapping.BasicValue -- Skipping column re-registration: task_activity_log.new_value
    22:57:43.530 [Test worker] DEBUG org.hibernate.boot.model.internal.PropertyBinder -- Building property newValue
    22:57:43.531 [Test worker] DEBUG org.hibernate.boot.model.internal.AnnotatedColumn -- Binding column: AnnotatedColumn(column='old_value')
    22:57:43.531 [Test worker] DEBUG org.hibernate.boot.model.internal.PropertyBinder -- MetadataSourceProcessor property oldValue with lazy=false
    22:57:43.531 [Test worker] DEBUG org.hibernate.boot.model.internal.AbstractPropertyHolder -- Attempting to locate auto-apply AttributeConverter for property [com.taskflow.models.TaskActivityLog:oldValue]
    22:57:43.531 [Test worker] DEBUG org.hibernate.boot.model.internal.BasicValueBinder -- building BasicValue for oldValue
    22:57:43.531 [Test worker] DEBUG org.hibernate.mapping.BasicValue -- Skipping column re-registration: task_activity_log.old_value
    22:57:43.531 [Test worker] DEBUG org.hibernate.boot.model.internal.PropertyBinder -- Building property oldValue
    22:57:43.531 [Test worker] DEBUG org.hibernate.boot.model.internal.AnnotatedColumn -- Binding column: AnnotatedJoinColumn(column='task_id')
    22:57:43.531 [Test worker] DEBUG org.hibernate.boot.model.internal.AnnotatedColumn -- Binding column: AnnotatedColumn()
    22:57:43.531 [Test worker] DEBUG org.hibernate.boot.model.internal.PropertyBinder -- Building property task
    22:57:43.531 [Test worker] DEBUG org.hibernate.boot.model.internal.AnnotatedColumn -- Binding column: AnnotatedJoinColumn(column='user_id')
    22:57:43.532 [Test worker] DEBUG org.hibernate.boot.model.internal.AnnotatedColumn -- Binding column: AnnotatedColumn()
    22:57:43.532 [Test worker] DEBUG org.hibernate.boot.model.internal.PropertyBinder -- Building property user
    22:57:43.532 [Test worker] DEBUG org.hibernate.boot.model.internal.EntityBinder -- Binding entity from annotated class: com.taskflow.models.Task
    22:57:43.532 [Test worker] DEBUG org.hibernate.boot.model.internal.EntityBinder -- Import with entity name Task
    22:57:43.533 [Test worker] DEBUG org.hibernate.boot.model.internal.EntityBinder -- Bind entity com.taskflow.models.Task on table tasks
    22:57:43.533 [Test worker] DEBUG org.hibernate.boot.model.internal.AnnotatedColumn -- Binding column: AnnotatedDiscriminatorColumn(column='DTYPE')
    22:57:43.536 [Test worker] DEBUG org.hibernate.boot.model.internal.AnnotatedColumn -- Binding column: AnnotatedColumn()
    22:57:43.536 [Test worker] DEBUG org.hibernate.boot.internal.ClassLoaderAccessImpl -- Not known whether passed class name [com.taskflow.models.Task] is safe
    22:57:43.536 [Test worker] DEBUG org.hibernate.boot.internal.ClassLoaderAccessImpl -- No temp ClassLoader provided; using live ClassLoader for loading potentially unsafe class : com.taskflow.models.Task
    22:57:43.536 [Test worker] DEBUG org.hibernate.boot.model.internal.PropertyBinder -- MetadataSourceProcessor property id with lazy=false
    22:57:43.536 [Test worker] DEBUG org.hibernate.boot.model.internal.AbstractPropertyHolder -- Attempting to locate auto-apply AttributeConverter for property [com.taskflow.models.Task:id]
    22:57:43.536 [Test worker] DEBUG org.hibernate.boot.model.internal.BasicValueBinder -- building BasicValue for id
    22:57:43.536 [Test worker] DEBUG org.hibernate.mapping.BasicValue -- Skipping column re-registration: tasks.id
    22:57:43.536 [Test worker] DEBUG org.hibernate.boot.model.internal.PropertyBinder -- Building property id
    22:57:43.537 [Test worker] DEBUG org.hibernate.boot.model.internal.BinderHelper -- #makeIdGenerator(BasicValue([Column(id)]), id, identity, , ...)
    22:57:43.537 [Test worker] DEBUG org.hibernate.boot.model.internal.AnnotatedColumn -- Binding column: AnnotatedJoinColumn(column='assigned_to')
    22:57:43.537 [Test worker] DEBUG org.hibernate.boot.model.internal.AnnotatedColumn -- Binding column: AnnotatedColumn()
    22:57:43.537 [Test worker] DEBUG org.hibernate.boot.model.internal.PropertyBinder -- Building property assignedTo
    22:57:43.537 [Test worker] DEBUG org.hibernate.boot.model.internal.AnnotatedColumn -- Binding column: AnnotatedJoinColumn()
    22:57:43.537 [Test worker] DEBUG org.hibernate.boot.model.internal.AnnotatedColumn -- Binding column: AnnotatedColumn()
    22:57:43.538 [Test worker] DEBUG org.hibernate.boot.model.internal.AnnotatedColumn -- Binding column: IndexColumn(column='attachments_ORDER')
    22:57:43.538 [Test worker] DEBUG org.hibernate.boot.model.internal.AnnotatedColumn -- Binding column: AnnotatedColumn()
    22:57:43.538 [Test worker] DEBUG org.hibernate.boot.model.internal.AnnotatedColumn -- Binding column: AnnotatedColumn(column='attachments_KEY')
    22:57:43.538 [Test worker] DEBUG org.hibernate.boot.model.internal.AnnotatedColumn -- Binding column: AnnotatedJoinColumn(column='attachments_KEY')
    22:57:43.538 [Test worker] DEBUG org.hibernate.boot.model.internal.AnnotatedColumn -- Binding column: AnnotatedJoinColumn()
    22:57:43.538 [Test worker] DEBUG org.hibernate.boot.model.internal.AnnotatedColumn -- Binding column: AnnotatedJoinColumn()
    22:57:43.538 [Test worker] DEBUG org.hibernate.boot.model.internal.CollectionBinder -- Collection role: com.taskflow.models.Task.attachments
    22:57:43.538 [Test worker] DEBUG org.hibernate.boot.model.internal.PropertyBinder -- Building property attachments
    22:57:43.538 [Test worker] DEBUG org.hibernate.boot.model.internal.AnnotatedColumn -- Binding column: AnnotatedJoinColumn()
    22:57:43.539 [Test worker] DEBUG org.hibernate.boot.model.internal.AnnotatedColumn -- Binding column: AnnotatedColumn()
    22:57:43.539 [Test worker] DEBUG org.hibernate.boot.model.internal.AnnotatedColumn -- Binding column: IndexColumn(column='comments_ORDER')
    22:57:43.539 [Test worker] DEBUG org.hibernate.boot.model.internal.AnnotatedColumn -- Binding column: AnnotatedColumn()
    22:57:43.539 [Test worker] DEBUG org.hibernate.boot.model.internal.AnnotatedColumn -- Binding column: AnnotatedColumn(column='comments_KEY')
    22:57:43.539 [Test worker] DEBUG org.hibernate.boot.model.internal.AnnotatedColumn -- Binding column: AnnotatedJoinColumn(column='comments_KEY')
    22:57:43.539 [Test worker] DEBUG org.hibernate.boot.model.internal.AnnotatedColumn -- Binding column: AnnotatedJoinColumn()
    22:57:43.539 [Test worker] DEBUG org.hibernate.boot.model.internal.AnnotatedColumn -- Binding column: AnnotatedJoinColumn()
    22:57:43.539 [Test worker] DEBUG org.hibernate.boot.model.internal.CollectionBinder -- Collection role: com.taskflow.models.Task.comments
    22:57:43.539 [Test worker] DEBUG org.hibernate.boot.model.internal.PropertyBinder -- Building property comments
    22:57:43.540 [Test worker] DEBUG org.hibernate.boot.model.internal.AnnotatedColumn -- Binding column: AnnotatedColumn(column='created_at')
    22:57:43.540 [Test worker] DEBUG org.hibernate.boot.model.internal.PropertyBinder -- MetadataSourceProcessor property createdAt with lazy=false
    22:57:43.540 [Test worker] DEBUG org.hibernate.boot.model.internal.AbstractPropertyHolder -- Attempting to locate auto-apply AttributeConverter for property [com.taskflow.models.Task:createdAt]
    22:57:43.540 [Test worker] DEBUG org.hibernate.boot.model.internal.BasicValueBinder -- building BasicValue for createdAt
    22:57:43.540 [Test worker] DEBUG org.hibernate.mapping.BasicValue -- Skipping column re-registration: tasks.created_at
    22:57:43.540 [Test worker] DEBUG org.hibernate.boot.model.internal.PropertyBinder -- Building property createdAt
    22:57:43.540 [Test worker] DEBUG org.hibernate.boot.model.internal.AnnotatedColumn -- Binding column: AnnotatedColumn()
    22:57:43.541 [Test worker] DEBUG org.hibernate.boot.model.internal.PropertyBinder -- MetadataSourceProcessor property description with lazy=false
    22:57:43.541 [Test worker] DEBUG org.hibernate.boot.model.internal.AbstractPropertyHolder -- Attempting to locate auto-apply AttributeConverter for property [com.taskflow.models.Task:description]
    22:57:43.541 [Test worker] DEBUG org.hibernate.boot.model.internal.BasicValueBinder -- building BasicValue for description
    22:57:43.541 [Test worker] DEBUG org.hibernate.mapping.BasicValue -- Skipping column re-registration: tasks.description
    22:57:43.541 [Test worker] DEBUG org.hibernate.boot.model.internal.PropertyBinder -- Building property description
    22:57:43.541 [Test worker] DEBUG org.hibernate.boot.model.internal.AnnotatedColumn -- Binding column: AnnotatedColumn(column='due_date')
    22:57:43.541 [Test worker] DEBUG org.hibernate.boot.model.internal.PropertyBinder -- MetadataSourceProcessor property dueDate with lazy=false
    22:57:43.541 [Test worker] DEBUG org.hibernate.boot.model.internal.AbstractPropertyHolder -- Attempting to locate auto-apply AttributeConverter for property [com.taskflow.models.Task:dueDate]
    22:57:43.541 [Test worker] DEBUG org.hibernate.boot.model.internal.BasicValueBinder -- building BasicValue for dueDate
    22:57:43.541 [Test worker] DEBUG org.hibernate.mapping.BasicValue -- Skipping column re-registration: tasks.due_date
    22:57:43.541 [Test worker] DEBUG org.hibernate.boot.model.internal.PropertyBinder -- Building property dueDate
    22:57:43.541 [Test worker] DEBUG org.hibernate.boot.model.internal.AnnotatedColumn -- Binding column: IndexColumn(column='labels_ORDER')
    22:57:43.542 [Test worker] DEBUG org.hibernate.boot.model.internal.AnnotatedColumn -- Binding column: AnnotatedColumn()
    22:57:43.542 [Test worker] DEBUG org.hibernate.boot.model.internal.AnnotatedColumn -- Binding column: AnnotatedColumn(column='labels_KEY')
    22:57:43.542 [Test worker] DEBUG org.hibernate.boot.model.internal.AnnotatedColumn -- Binding column: AnnotatedJoinColumn(column='labels_KEY')
    22:57:43.542 [Test worker] DEBUG org.hibernate.boot.model.internal.AnnotatedColumn -- Binding column: AnnotatedJoinColumn(column='task_id')
    22:57:43.542 [Test worker] DEBUG org.hibernate.boot.model.internal.AnnotatedColumn -- Binding column: AnnotatedJoinColumn(column='label_id')
    22:57:43.543 [Test worker] DEBUG org.hibernate.boot.model.internal.CollectionBinder -- Collection role: com.taskflow.models.Task.labels
    22:57:43.543 [Test worker] DEBUG org.hibernate.boot.model.internal.PropertyBinder -- Building property labels
    22:57:43.543 [Test worker] DEBUG org.hibernate.boot.model.internal.AnnotatedColumn -- Binding column: AnnotatedColumn()
    22:57:43.543 [Test worker] DEBUG org.hibernate.boot.model.internal.PropertyBinder -- MetadataSourceProcessor property priority with lazy=false
    22:57:43.543 [Test worker] DEBUG org.hibernate.boot.model.internal.AbstractPropertyHolder -- Attempting to locate auto-apply AttributeConverter for property [com.taskflow.models.Task:priority]
    22:57:43.543 [Test worker] DEBUG org.hibernate.boot.model.internal.BasicValueBinder -- building BasicValue for priority
    22:57:43.543 [Test worker] DEBUG org.hibernate.mapping.BasicValue -- Skipping column re-registration: tasks.priority
    22:57:43.543 [Test worker] DEBUG org.hibernate.boot.model.internal.PropertyBinder -- Building property priority
    22:57:43.543 [Test worker] DEBUG org.hibernate.boot.model.internal.AnnotatedColumn -- Binding column: AnnotatedJoinColumn(column='project_id')
    22:57:43.543 [Test worker] DEBUG org.hibernate.boot.model.internal.AnnotatedColumn -- Binding column: AnnotatedColumn()
    22:57:43.544 [Test worker] DEBUG org.hibernate.boot.model.internal.PropertyBinder -- Building property project
    22:57:43.544 [Test worker] DEBUG org.hibernate.boot.model.internal.AnnotatedColumn -- Binding column: AnnotatedColumn()
    22:57:43.544 [Test worker] DEBUG org.hibernate.boot.model.internal.PropertyBinder -- MetadataSourceProcessor property status with lazy=false
    22:57:43.544 [Test worker] DEBUG org.hibernate.boot.model.internal.AbstractPropertyHolder -- Attempting to locate auto-apply AttributeConverter for property [com.taskflow.models.Task:status]
    22:57:43.544 [Test worker] DEBUG org.hibernate.boot.model.internal.BasicValueBinder -- building BasicValue for status
    22:57:43.544 [Test worker] DEBUG org.hibernate.mapping.BasicValue -- Skipping column re-registration: tasks.status
    22:57:43.544 [Test worker] DEBUG org.hibernate.boot.model.internal.PropertyBinder -- Building property status
    22:57:43.544 [Test worker] DEBUG org.hibernate.boot.model.internal.AnnotatedColumn -- Binding column: AnnotatedColumn()
    22:57:43.544 [Test worker] DEBUG org.hibernate.boot.model.internal.PropertyBinder -- MetadataSourceProcessor property title with lazy=false
    22:57:43.544 [Test worker] DEBUG org.hibernate.boot.model.internal.AbstractPropertyHolder -- Attempting to locate auto-apply AttributeConverter for property [com.taskflow.models.Task:title]
    22:57:43.544 [Test worker] DEBUG org.hibernate.boot.model.internal.BasicValueBinder -- building BasicValue for title
    22:57:43.544 [Test worker] DEBUG org.hibernate.mapping.BasicValue -- Skipping column re-registration: tasks.title
    22:57:43.544 [Test worker] DEBUG org.hibernate.boot.model.internal.PropertyBinder -- Building property title
    22:57:43.544 [Test worker] DEBUG org.hibernate.boot.model.internal.AnnotatedColumn -- Binding column: AnnotatedColumn(column='updated_at')
    22:57:43.545 [Test worker] DEBUG org.hibernate.boot.model.internal.PropertyBinder -- MetadataSourceProcessor property updatedAt with lazy=false
    22:57:43.545 [Test worker] DEBUG org.hibernate.boot.model.internal.AbstractPropertyHolder -- Attempting to locate auto-apply AttributeConverter for property [com.taskflow.models.Task:updatedAt]
    22:57:43.545 [Test worker] DEBUG org.hibernate.boot.model.internal.BasicValueBinder -- building BasicValue for updatedAt
    22:57:43.545 [Test worker] DEBUG org.hibernate.mapping.BasicValue -- Skipping column re-registration: tasks.updated_at
    22:57:43.545 [Test worker] DEBUG org.hibernate.boot.model.internal.PropertyBinder -- Building property updatedAt
    22:57:43.546 [Test worker] DEBUG org.hibernate.boot.model.internal.EntityBinder -- Binding entity from annotated class: com.taskflow.models.Label
    22:57:43.546 [Test worker] DEBUG org.hibernate.boot.model.internal.EntityBinder -- Import with entity name Label
    22:57:43.546 [Test worker] DEBUG org.hibernate.boot.model.internal.EntityBinder -- Bind entity com.taskflow.models.Label on table labels
    22:57:43.546 [Test worker] DEBUG org.hibernate.boot.model.internal.AnnotatedColumn -- Binding column: AnnotatedDiscriminatorColumn(column='DTYPE')
    22:57:43.547 [Test worker] DEBUG org.hibernate.boot.model.internal.AnnotatedColumn -- Binding column: AnnotatedColumn()
    22:57:43.547 [Test worker] DEBUG org.hibernate.boot.internal.ClassLoaderAccessImpl -- Not known whether passed class name [com.taskflow.models.Label] is safe
    22:57:43.547 [Test worker] DEBUG org.hibernate.boot.internal.ClassLoaderAccessImpl -- No temp ClassLoader provided; using live ClassLoader for loading potentially unsafe class : com.taskflow.models.Label
    22:57:43.547 [Test worker] DEBUG org.hibernate.boot.model.internal.PropertyBinder -- MetadataSourceProcessor property id with lazy=false
    22:57:43.547 [Test worker] DEBUG org.hibernate.boot.model.internal.AbstractPropertyHolder -- Attempting to locate auto-apply AttributeConverter for property [com.taskflow.models.Label:id]
    22:57:43.547 [Test worker] DEBUG org.hibernate.boot.model.internal.BasicValueBinder -- building BasicValue for id
    22:57:43.547 [Test worker] DEBUG org.hibernate.mapping.BasicValue -- Skipping column re-registration: labels.id
    22:57:43.547 [Test worker] DEBUG org.hibernate.boot.model.internal.PropertyBinder -- Building property id
    22:57:43.547 [Test worker] DEBUG org.hibernate.boot.model.internal.BinderHelper -- #makeIdGenerator(BasicValue([Column(id)]), id, identity, , ...)
    22:57:43.547 [Test worker] DEBUG org.hibernate.boot.model.internal.AnnotatedColumn -- Binding column: AnnotatedColumn()
    22:57:43.547 [Test worker] DEBUG org.hibernate.boot.model.internal.PropertyBinder -- MetadataSourceProcessor property color with lazy=false
    22:57:43.547 [Test worker] DEBUG org.hibernate.boot.model.internal.AbstractPropertyHolder -- Attempting to locate auto-apply AttributeConverter for property [com.taskflow.models.Label:color]
    22:57:43.547 [Test worker] DEBUG org.hibernate.boot.model.internal.BasicValueBinder -- building BasicValue for color
    22:57:43.547 [Test worker] DEBUG org.hibernate.mapping.BasicValue -- Skipping column re-registration: labels.color
    22:57:43.548 [Test worker] DEBUG org.hibernate.boot.model.internal.PropertyBinder -- Building property color
    22:57:43.548 [Test worker] DEBUG org.hibernate.boot.model.internal.AnnotatedColumn -- Binding column: AnnotatedColumn(column='created_at')
    22:57:43.548 [Test worker] DEBUG org.hibernate.boot.model.internal.PropertyBinder -- MetadataSourceProcessor property createdAt with lazy=false
    22:57:43.548 [Test worker] DEBUG org.hibernate.boot.model.internal.AbstractPropertyHolder -- Attempting to locate auto-apply AttributeConverter for property [com.taskflow.models.Label:createdAt]
    22:57:43.548 [Test worker] DEBUG org.hibernate.boot.model.internal.BasicValueBinder -- building BasicValue for createdAt
    22:57:43.548 [Test worker] DEBUG org.hibernate.mapping.BasicValue -- Skipping column re-registration: labels.created_at
    22:57:43.548 [Test worker] DEBUG org.hibernate.boot.model.internal.PropertyBinder -- Building property createdAt
    22:57:43.548 [Test worker] DEBUG org.hibernate.boot.model.internal.AnnotatedColumn -- Binding column: AnnotatedColumn()
    22:57:43.548 [Test worker] DEBUG org.hibernate.boot.model.internal.PropertyBinder -- MetadataSourceProcessor property name with lazy=false
    22:57:43.548 [Test worker] DEBUG org.hibernate.boot.model.internal.AbstractPropertyHolder -- Attempting to locate auto-apply AttributeConverter for property [com.taskflow.models.Label:name]
    22:57:43.548 [Test worker] DEBUG org.hibernate.boot.model.internal.BasicValueBinder -- building BasicValue for name
    22:57:43.548 [Test worker] DEBUG org.hibernate.mapping.BasicValue -- Skipping column re-registration: labels.name
    22:57:43.548 [Test worker] DEBUG org.hibernate.boot.model.internal.PropertyBinder -- Building property name
    22:57:43.548 [Test worker] DEBUG org.hibernate.boot.model.internal.AnnotatedColumn -- Binding column: IndexColumn(column='tasks_ORDER')
    22:57:43.549 [Test worker] DEBUG org.hibernate.boot.model.internal.AnnotatedColumn -- Binding column: AnnotatedColumn()
    22:57:43.549 [Test worker] DEBUG org.hibernate.boot.model.internal.AnnotatedColumn -- Binding column: AnnotatedColumn(column='tasks_KEY')
    22:57:43.549 [Test worker] DEBUG org.hibernate.boot.model.internal.AnnotatedColumn -- Binding column: AnnotatedJoinColumn(column='tasks_KEY')
    22:57:43.549 [Test worker] DEBUG org.hibernate.boot.model.internal.AnnotatedColumn -- Binding column: AnnotatedJoinColumn()
    22:57:43.549 [Test worker] DEBUG org.hibernate.boot.model.internal.AnnotatedColumn -- Binding column: AnnotatedJoinColumn()
    22:57:43.549 [Test worker] DEBUG org.hibernate.boot.model.internal.CollectionBinder -- Collection role: com.taskflow.models.Label.tasks
    22:57:43.549 [Test worker] DEBUG org.hibernate.boot.model.internal.PropertyBinder -- Building property tasks
    22:57:43.550 [Test worker] DEBUG org.hibernate.boot.model.internal.BasicValueBinder -- Starting `BasicValueBinder#fillSimpleValue` for id
    22:57:43.551 [Test worker] DEBUG org.hibernate.boot.model.internal.BasicValueBinder -- Starting `BasicValueBinder#fillSimpleValue` for createdAt
    22:57:43.552 [Test worker] DEBUG org.hibernate.boot.model.internal.BasicValueBinder -- Starting `BasicValueBinder#fillSimpleValue` for description
    22:57:43.552 [Test worker] DEBUG org.hibernate.boot.model.internal.BasicValueBinder -- Starting `BasicValueBinder#fillSimpleValue` for name
    22:57:43.552 [Test worker] DEBUG org.hibernate.boot.model.internal.BasicValueBinder -- Starting `BasicValueBinder#fillSimpleValue` for updatedAt
    22:57:43.552 [Test worker] DEBUG org.hibernate.boot.model.internal.BasicValueBinder -- Starting `BasicValueBinder#fillSimpleValue` for id
    22:57:43.552 [Test worker] DEBUG org.hibernate.boot.model.internal.BasicValueBinder -- Starting `BasicValueBinder#fillSimpleValue` for createdAt
    22:57:43.552 [Test worker] DEBUG org.hibernate.boot.model.internal.BasicValueBinder -- Starting `BasicValueBinder#fillSimpleValue` for role
    22:57:43.552 [Test worker] DEBUG org.hibernate.boot.model.internal.BasicValueBinder -- Starting `BasicValueBinder#fillSimpleValue` for id
    22:57:43.552 [Test worker] DEBUG org.hibernate.boot.model.internal.BasicValueBinder -- Starting `BasicValueBinder#fillSimpleValue` for filePath
    22:57:43.552 [Test worker] DEBUG org.hibernate.boot.model.internal.BasicValueBinder -- Starting `BasicValueBinder#fillSimpleValue` for uploadedAt
    22:57:43.552 [Test worker] DEBUG org.hibernate.boot.model.internal.BasicValueBinder -- Starting `BasicValueBinder#fillSimpleValue` for id
    22:57:43.552 [Test worker] DEBUG org.hibernate.boot.model.internal.BasicValueBinder -- Starting `BasicValueBinder#fillSimpleValue` for createdAt
    22:57:43.552 [Test worker] DEBUG org.hibernate.boot.model.internal.BasicValueBinder -- Starting `BasicValueBinder#fillSimpleValue` for email
    22:57:43.552 [Test worker] DEBUG org.hibernate.boot.model.internal.BasicValueBinder -- Starting `BasicValueBinder#fillSimpleValue` for password
    22:57:43.552 [Test worker] DEBUG org.hibernate.boot.model.internal.BasicValueBinder -- Starting `BasicValueBinder#fillSimpleValue` for updatedAt
    22:57:43.552 [Test worker] DEBUG org.hibernate.boot.model.internal.BasicValueBinder -- Starting `BasicValueBinder#fillSimpleValue` for username
    22:57:43.552 [Test worker] DEBUG org.hibernate.boot.model.internal.BasicValueBinder -- Starting `BasicValueBinder#fillSimpleValue` for id
    22:57:43.552 [Test worker] DEBUG org.hibernate.boot.model.internal.BasicValueBinder -- Starting `BasicValueBinder#fillSimpleValue` for content
    22:57:43.552 [Test worker] DEBUG org.hibernate.boot.model.internal.BasicValueBinder -- Starting `BasicValueBinder#fillSimpleValue` for createdAt
    22:57:43.552 [Test worker] DEBUG org.hibernate.boot.model.internal.BasicValueBinder -- Starting `BasicValueBinder#fillSimpleValue` for id
    22:57:43.552 [Test worker] DEBUG org.hibernate.boot.model.internal.BasicValueBinder -- Starting `BasicValueBinder#fillSimpleValue` for action
    22:57:43.552 [Test worker] DEBUG org.hibernate.boot.model.internal.BasicValueBinder -- Starting `BasicValueBinder#fillSimpleValue` for createdAt
    22:57:43.552 [Test worker] DEBUG org.hibernate.boot.model.internal.BasicValueBinder -- Starting `BasicValueBinder#fillSimpleValue` for newValue
    22:57:43.553 [Test worker] DEBUG org.hibernate.boot.model.internal.BasicValueBinder -- Starting `BasicValueBinder#fillSimpleValue` for oldValue
    22:57:43.553 [Test worker] DEBUG org.hibernate.boot.model.internal.BasicValueBinder -- Starting `BasicValueBinder#fillSimpleValue` for id
    22:57:43.553 [Test worker] DEBUG org.hibernate.boot.model.internal.BasicValueBinder -- Starting `BasicValueBinder#fillSimpleValue` for createdAt
    22:57:43.553 [Test worker] DEBUG org.hibernate.boot.model.internal.BasicValueBinder -- Starting `BasicValueBinder#fillSimpleValue` for description
    22:57:43.553 [Test worker] DEBUG org.hibernate.boot.model.internal.BasicValueBinder -- Starting `BasicValueBinder#fillSimpleValue` for dueDate
    22:57:43.553 [Test worker] DEBUG org.hibernate.boot.model.internal.BasicValueBinder -- Starting `BasicValueBinder#fillSimpleValue` for priority
    22:57:43.553 [Test worker] DEBUG org.hibernate.boot.model.internal.BasicValueBinder -- Starting `BasicValueBinder#fillSimpleValue` for status
    22:57:43.553 [Test worker] DEBUG org.hibernate.boot.model.internal.BasicValueBinder -- Starting `BasicValueBinder#fillSimpleValue` for title
    22:57:43.553 [Test worker] DEBUG org.hibernate.boot.model.internal.BasicValueBinder -- Starting `BasicValueBinder#fillSimpleValue` for updatedAt
    22:57:43.553 [Test worker] DEBUG org.hibernate.boot.model.internal.BasicValueBinder -- Starting `BasicValueBinder#fillSimpleValue` for id
    22:57:43.553 [Test worker] DEBUG org.hibernate.boot.model.internal.BasicValueBinder -- Starting `BasicValueBinder#fillSimpleValue` for color
    22:57:43.553 [Test worker] DEBUG org.hibernate.boot.model.internal.BasicValueBinder -- Starting `BasicValueBinder#fillSimpleValue` for createdAt
    22:57:43.553 [Test worker] DEBUG org.hibernate.boot.model.internal.BasicValueBinder -- Starting `BasicValueBinder#fillSimpleValue` for name
    22:57:43.558 [Test worker] DEBUG org.hibernate.mapping.PrimaryKey -- Forcing column [id] to be non-null as it is part of the primary key for table [projects]
    22:57:43.558 [Test worker] DEBUG org.hibernate.mapping.PrimaryKey -- Forcing column [id] to be non-null as it is part of the primary key for table [project_members]
    22:57:43.559 [Test worker] DEBUG org.hibernate.mapping.PrimaryKey -- Forcing column [id] to be non-null as it is part of the primary key for table [attachments]
    22:57:43.559 [Test worker] DEBUG org.hibernate.mapping.PrimaryKey -- Forcing column [id] to be non-null as it is part of the primary key for table [users]
    22:57:43.559 [Test worker] DEBUG org.hibernate.mapping.PrimaryKey -- Forcing column [id] to be non-null as it is part of the primary key for table [comments]
    22:57:43.559 [Test worker] DEBUG org.hibernate.mapping.PrimaryKey -- Forcing column [id] to be non-null as it is part of the primary key for table [task_activity_log]
    22:57:43.559 [Test worker] DEBUG org.hibernate.mapping.PrimaryKey -- Forcing column [id] to be non-null as it is part of the primary key for table [tasks]
    22:57:43.559 [Test worker] DEBUG org.hibernate.mapping.PrimaryKey -- Forcing column [id] to be non-null as it is part of the primary key for table [labels]
    22:57:43.559 [Test worker] DEBUG org.hibernate.boot.model.internal.CollectionSecondPass -- Second pass for collection: com.taskflow.models.Task.labels
    22:57:43.559 [Test worker] DEBUG org.hibernate.boot.model.internal.CollectionBinder -- Binding a ManyToMany: com.taskflow.models.Task.labels
    22:57:43.564 [Test worker] DEBUG org.hibernate.mapping.PrimaryKey -- Forcing column [task_id] to be non-null as it is part of the primary key for table [task_labels]
    22:57:43.565 [Test worker] DEBUG org.hibernate.mapping.PrimaryKey -- Forcing column [label_id] to be non-null as it is part of the primary key for table [task_labels]
    22:57:43.565 [Test worker] DEBUG org.hibernate.boot.model.internal.CollectionSecondPass -- Mapped collection key: task_id, element: label_id
    22:57:43.565 [Test worker] DEBUG org.hibernate.boot.model.internal.CollectionSecondPass -- Second pass for collection: com.taskflow.models.Project.members
    22:57:43.569 [Test worker] DEBUG org.hibernate.boot.model.internal.CollectionBinder -- Binding a OneToMany: com.taskflow.models.Project.members through a foreign key
    22:57:43.569 [Test worker] DEBUG org.hibernate.boot.model.internal.CollectionBinder -- Mapping collection: com.taskflow.models.Project.members -> project_members
    22:57:43.570 [Test worker] DEBUG org.hibernate.boot.model.internal.TableBinder -- Retrieving property com.taskflow.models.ProjectMember.project
    22:57:43.570 [Test worker] DEBUG org.hibernate.boot.model.internal.CollectionSecondPass -- Mapped collection key: project_id, one-to-many: com.taskflow.models.ProjectMember
    22:57:43.570 [Test worker] DEBUG org.hibernate.boot.model.internal.CollectionSecondPass -- Second pass for collection: com.taskflow.models.Project.tasks
    22:57:43.570 [Test worker] DEBUG org.hibernate.boot.model.internal.CollectionBinder -- Binding a OneToMany: com.taskflow.models.Project.tasks through a foreign key
    22:57:43.570 [Test worker] DEBUG org.hibernate.boot.model.internal.CollectionBinder -- Mapping collection: com.taskflow.models.Project.tasks -> tasks
    22:57:43.570 [Test worker] DEBUG org.hibernate.boot.model.internal.TableBinder -- Retrieving property com.taskflow.models.Task.project
    22:57:43.571 [Test worker] DEBUG org.hibernate.boot.model.internal.CollectionSecondPass -- Mapped collection key: project_id, one-to-many: com.taskflow.models.Task
    22:57:43.571 [Test worker] DEBUG org.hibernate.boot.model.internal.CollectionSecondPass -- Second pass for collection: com.taskflow.models.Task.attachments
    22:57:43.571 [Test worker] DEBUG org.hibernate.boot.model.internal.CollectionBinder -- Binding a OneToMany: com.taskflow.models.Task.attachments through a foreign key
    22:57:43.571 [Test worker] DEBUG org.hibernate.boot.model.internal.CollectionBinder -- Mapping collection: com.taskflow.models.Task.attachments -> attachments
    22:57:43.571 [Test worker] DEBUG org.hibernate.boot.model.internal.TableBinder -- Retrieving property com.taskflow.models.Attachment.task
    22:57:43.571 [Test worker] DEBUG org.hibernate.boot.model.internal.CollectionSecondPass -- Mapped collection key: task_id, one-to-many: com.taskflow.models.Attachment
    22:57:43.571 [Test worker] DEBUG org.hibernate.boot.model.internal.CollectionSecondPass -- Second pass for collection: com.taskflow.models.Task.comments
    22:57:43.572 [Test worker] DEBUG org.hibernate.boot.model.internal.CollectionBinder -- Binding a OneToMany: com.taskflow.models.Task.comments through a foreign key
    22:57:43.572 [Test worker] DEBUG org.hibernate.boot.model.internal.CollectionBinder -- Mapping collection: com.taskflow.models.Task.comments -> comments
    22:57:43.572 [Test worker] DEBUG org.hibernate.boot.model.internal.TableBinder -- Retrieving property com.taskflow.models.Comment.task
    22:57:43.572 [Test worker] DEBUG org.hibernate.boot.model.internal.CollectionSecondPass -- Mapped collection key: task_id, one-to-many: com.taskflow.models.Comment
    22:57:43.572 [Test worker] DEBUG org.hibernate.boot.model.internal.CollectionSecondPass -- Second pass for collection: com.taskflow.models.Label.tasks
    22:57:43.572 [Test worker] DEBUG org.hibernate.boot.model.internal.CollectionBinder -- Binding a ManyToMany: com.taskflow.models.Label.tasks
    22:57:43.573 [Test worker] DEBUG org.hibernate.boot.model.internal.TableBinder -- Retrieving property com.taskflow.models.Task.labels
    22:57:43.573 [Test worker] DEBUG org.hibernate.boot.model.internal.CollectionSecondPass -- Mapped collection key: label_id, element: task_id
    22:57:43.573 [Test worker] DEBUG org.hibernate.boot.internal.InFlightMetadataCollectorImpl -- Resolving reference to class: com.taskflow.models.Task
    22:57:43.576 [Test worker] DEBUG org.hibernate.boot.internal.InFlightMetadataCollectorImpl -- Resolving reference to class: com.taskflow.models.Task
    22:57:43.576 [Test worker] DEBUG org.hibernate.boot.internal.InFlightMetadataCollectorImpl -- Resolving reference to class: com.taskflow.models.User
    22:57:43.576 [Test worker] DEBUG org.hibernate.boot.internal.InFlightMetadataCollectorImpl -- Resolving reference to class: com.taskflow.models.Project
    22:57:43.576 [Test worker] DEBUG org.hibernate.boot.internal.InFlightMetadataCollectorImpl -- Resolving reference to class: com.taskflow.models.User
    22:57:43.576 [Test worker] DEBUG org.hibernate.boot.internal.InFlightMetadataCollectorImpl -- Resolving reference to class: com.taskflow.models.User
    22:57:43.576 [Test worker] DEBUG org.hibernate.boot.internal.InFlightMetadataCollectorImpl -- Resolving reference to class: com.taskflow.models.Task
    22:57:43.577 [Test worker] DEBUG org.hibernate.boot.internal.InFlightMetadataCollectorImpl -- Resolving reference to class: com.taskflow.models.User
    22:57:43.577 [Test worker] DEBUG org.hibernate.boot.internal.InFlightMetadataCollectorImpl -- Resolving reference to class: com.taskflow.models.Label
    22:57:43.577 [Test worker] DEBUG org.hibernate.boot.internal.InFlightMetadataCollectorImpl -- Resolving reference to class: com.taskflow.models.Task
    22:57:43.577 [Test worker] DEBUG org.hibernate.boot.internal.InFlightMetadataCollectorImpl -- Resolving reference to class: com.taskflow.models.User
    22:57:43.577 [Test worker] DEBUG org.hibernate.boot.internal.InFlightMetadataCollectorImpl -- Resolving reference to class: com.taskflow.models.Project
    22:57:43.595 [Test worker] DEBUG org.hibernate.boot.internal.InFlightMetadataCollectorImpl -- Resolving reference to class: com.taskflow.models.Task
    22:57:43.595 [Test worker] DEBUG org.hibernate.boot.internal.InFlightMetadataCollectorImpl -- Resolving reference to class: com.taskflow.models.Task
    22:57:43.595 [Test worker] DEBUG org.hibernate.boot.internal.InFlightMetadataCollectorImpl -- Resolving reference to class: com.taskflow.models.User
    22:57:43.595 [Test worker] DEBUG org.hibernate.boot.internal.InFlightMetadataCollectorImpl -- Resolving reference to class: com.taskflow.models.Project
    22:57:43.595 [Test worker] DEBUG org.hibernate.boot.internal.InFlightMetadataCollectorImpl -- Resolving reference to class: com.taskflow.models.User
    22:57:43.595 [Test worker] DEBUG org.hibernate.boot.internal.InFlightMetadataCollectorImpl -- Resolving reference to class: com.taskflow.models.User
    22:57:43.595 [Test worker] DEBUG org.hibernate.boot.internal.InFlightMetadataCollectorImpl -- Resolving reference to class: com.taskflow.models.Task
    22:57:43.595 [Test worker] DEBUG org.hibernate.boot.internal.InFlightMetadataCollectorImpl -- Resolving reference to class: com.taskflow.models.User
    22:57:43.595 [Test worker] DEBUG org.hibernate.boot.internal.InFlightMetadataCollectorImpl -- Resolving reference to class: com.taskflow.models.Label
    22:57:43.595 [Test worker] DEBUG org.hibernate.boot.internal.InFlightMetadataCollectorImpl -- Resolving reference to class: com.taskflow.models.Task
    22:57:43.595 [Test worker] DEBUG org.hibernate.boot.internal.InFlightMetadataCollectorImpl -- Resolving reference to class: com.taskflow.models.User
    22:57:43.596 [Test worker] DEBUG org.hibernate.boot.internal.InFlightMetadataCollectorImpl -- Resolving reference to class: com.taskflow.models.Project
    22:57:43.604 [Test worker] DEBUG io.micronaut.context.lifecycle -- Created bean [org.hibernate.boot.internal.MetadataImpl@fe09383] from definition [Definition: io.micronaut.configuration.hibernate.jpa.conf.SessionFactoryPerDataSourceFactory] with qualifier [@Named('default')]
    22:57:43.713 [Test worker] DEBUG org.hibernate.bytecode.internal.BytecodeProviderInitiator -- HHH000021: Bytecode provider name : bytebuddy
    22:57:43.793 [Test worker] DEBUG io.micronaut.context.lifecycle -- Created bean [org.hibernate.boot.internal.SessionFactoryBuilderImpl@9e02f84] from definition [Definition: io.micronaut.configuration.hibernate.jpa.conf.SessionFactoryPerDataSourceFactory] with qualifier [@Named('default')]
    22:57:43.799 [Test worker] DEBUG org.hibernate.internal.SessionFactoryImpl -- Building session factory
    22:57:43.818 [Test worker] DEBUG org.hibernate.service.internal.SessionFactoryServiceRegistryImpl -- EventListenerRegistry access via ServiceRegistry is deprecated.  Use `sessionFactory.getEventEngine().getListenerRegistry()` instead
    22:57:43.818 [Test worker] DEBUG org.hibernate.internal.SessionFactoryImpl -- Instantiating SessionFactory with settings: {hibernate.format_sql=true, java.specification.version=21, hibernate.resource.beans.container=io.micronaut.configuration.hibernate.jpa.conf.settings.internal.MicronautContainerSettingsSupplier$1@3a0b6a, sun.jnu.encoding=UTF-8, hibernate.dialect=org.hibernate.dialect.H2Dialect, org.gradle.test.worker=28, java.class.path=/home/colton/.gradle/caches/8.9/workerMain/gradle-worker.jar:/home/colton/Repos/taskflow/backend/build/classes/kotlin/test:/home/colton/Repos/taskflow/backend/build/tmp/kapt3/classes/test:/home/colton/Repos/taskflow/backend/build/resources/test:/home/colton/Repos/taskflow/backend/build/classes/kotlin/main:/home/colton/Repos/taskflow/backend/build/tmp/kapt3/classes/main:/home/colton/Repos/taskflow/backend/build/resources/main:/home/colton/.gradle/caches/modules-2/files-2.1/io.micronaut.data/micronaut-data-hibernate-jpa/4.3.1/1309497d6984c955480a8ecbcfe2a93014ae5905/micronaut-data-hibernate-jpa-4.3.1.jar:/home/colton/.gradle/caches/modules-2/files-2.1/io.micronaut.flyway/micronaut-flyway/6.2.1/bc768500c60f809f721c6537aa2ec2bed5fa0901/micronaut-flyway-6.2.1.jar:/home/colton/.gradle/caches/modules-2/files-2.1/io.micronaut.kotlin/micronaut-kotlin-runtime/4.1.0/d06790ba44926aa67c34102bd826609485f86849/micronaut-kotlin-runtime-4.1.0.jar:/home/colton/.gradle/caches/modules-2/files-2.1/io.micronaut.sql/micronaut-jdbc-hikari/5.2.0/63ee1a3c1676c3b51d2d3b7d68fcc6a79fb89a41/micronaut-jdbc-hikari-5.2.0.jar:/home/colton/.gradle/caches/modules-2/files-2.1/io.micronaut.test/micronaut-test-junit5/4.1.1/dcc0aacccdfa780dbd2a3c4de0fac97d9ee6745b/micronaut-test-junit5-4.1.1.jar:/home/colton/.gradle/caches/modules-2/files-2.1/io.micronaut.sql/micronaut-hibernate-jpa/5.2.0/f68b69a6b37a3b049b98da651878db8c76735062/micronaut-hibernate-jpa-5.2.0.jar:/home/colton/.gradle/caches/modules-2/files-2.1/io.micronaut.validation/micronaut-validation/4.2.0/20dfed8b73d1c02255cf6b1b4ab6ce4de8bac7e6/micronaut-validation-4.2.0.jar:/home/colton/.gradle/caches/modules-2/files-2.1/io.micronaut.data/micronaut-data-jpa/4.3.1/11102b294a7d06f49d9c178fe0575872cd6f0b4d/micronaut-data-jpa-4.3.1.jar:/home/colton/.gradle/caches/modules-2/files-2.1/io.micronaut.data/micronaut-data-runtime/4.3.1/255babdd96fb1f68b20797ba02320c5ccd895256/micronaut-data-runtime-4.3.1.jar:/home/colton/.gradle/caches/modules-2/files-2.1/io.micronaut.data/micronaut-data-model/4.3.1/fa4ac59d85ea2acbf572e4329d056ea3f705d81d/micronaut-data-model-4.3.1.jar:/home/colton/.gradle/caches/modules-2/files-2.1/io.micronaut.data/micronaut-data-tx-hibernate/4.3.1/6f1cf10363f422dc05600211ac1eead18116d50/micronaut-data-tx-hibernate-4.3.1.jar:/home/colton/.gradle/caches/modules-2/files-2.1/io.micronaut.data/micronaut-data-tx-jdbc/4.3.1/3d99f5300870007b61ef0b73c0acb10b782efe8f/micronaut-data-tx-jdbc-4.3.1.jar:/home/colton/.gradle/caches/modules-2/files-2.1/io.micronaut.data/micronaut-data-connection-jdbc/4.3.1/fff9281653828ea96ded9a563cb83c12e440e4b6/micronaut-data-connection-jdbc-4.3.1.jar:/home/colton/.gradle/caches/modules-2/files-2.1/io.micronaut.sql/micronaut-jdbc/5.2.0/968572bd5f4a8574f70e70274c1f05961ef4d782/micronaut-jdbc-5.2.0.jar:/home/colton/.gradle/caches/modules-2/files-2.1/io.micronaut.reactor/micronaut-reactor/3.1.0/e888487cfd99f08067c90a8344e6ab66a3f12a80/micronaut-reactor-3.1.0.jar:/home/colton/.gradle/caches/modules-2/files-2.1/io.micronaut.test/micronaut-test-core/4.1.1/3e580112f23608715c566de53c24794ce7d92531/micronaut-test-core-4.1.1.jar:/home/colton/.gradle/caches/modules-2/files-2.1/io.micronaut.data/micronaut-data-tx/4.3.1/9ca86252599db99359ba12ed0c3a0071d4440e93/micronaut-data-tx-4.3.1.jar:/home/colton/.gradle/caches/modules-2/files-2.1/io.micronaut.data/micronaut-data-connection-hibernate/4.3.1/f8401cdea596e62282ac87778d6268948ce74983/micronaut-data-connection-hibernate-4.3.1.jar:/home/colton/.gradle/caches/modules-2/files-2.1/io.micronaut.data/micronaut-data-connection/4.3.1/5b65445ece6a095e943e6fd8f9280cb10099fc11/micronaut-data-connection-4.3.1.jar:/home/colton/.gradle/caches/modules-2/files-2.1/io.micronaut/micronaut-runtime/4.2.1/e53359858266d47a2d176f90cb09a5855f7af291/micronaut-runtime-4.2.1.jar:/home/colton/.gradle/caches/modules-2/files-2.1/io.micronaut/micronaut-http-client/4.2.1/93a2ee7eba6f57af16456a4826c708850a43b433/micronaut-http-client-4.2.1.jar:/home/colton/.gradle/caches/modules-2/files-2.1/io.micronaut/micronaut-websocket/4.2.1/61c8f84fd66872f7af6047d3cf6ecab81b6c160c/micronaut-websocket-4.2.1.jar:/home/colton/.gradle/caches/modules-2/files-2.1/io.micronaut/micronaut-http-client-core/4.2.1/39c6593216611ea2ef3f9e9ccdce8384f090726c/micronaut-http-client-core-4.2.1.jar:/home/colton/.gradle/caches/modules-2/files-2.1/io.micronaut/micronaut-management/4.2.1/15488755c9bf9995eb7f545c49385d53ec443c2a/micronaut-management-4.2.1.jar:/home/colton/.gradle/caches/modules-2/files-2.1/io.micronaut/micronaut-discovery-core/4.2.1/1cec2ccaacd0bb09a837ca9b32f0e0ea92c22584/micronaut-discovery-core-4.2.1.jar:/home/colton/.gradle/caches/modules-2/files-2.1/io.micronaut/micronaut-http-server-netty/4.2.1/66fd64ed96e202cb876ecee9ebb73266e4f4bc80/micronaut-http-server-netty-4.2.1.jar:/home/colton/.gradle/caches/modules-2/files-2.1/io.micronaut/micronaut-http-netty/4.2.1/81922b868590639e0fd0a76107af2fe282173e78/micronaut-http-netty-4.2.1.jar:/home/colton/.gradle/caches/modules-2/files-2.1/io.micronaut/micronaut-http-server/4.2.1/a92d689e67f877986ad9cb74b769135b0fb02dac/micronaut-http-server-4.2.1.jar:/home/colton/.gradle/caches/modules-2/files-2.1/io.micronaut/micronaut-jackson-databind/4.2.1/a91a8f91b653c40e29906a752bf6d97495579941/micronaut-jackson-databind-4.2.1.jar:/home/colton/.gradle/caches/modules-2/files-2.1/io.micronaut/micronaut-jackson-core/4.2.1/b48f9cf814117966665ecb783e5bcffecace38e7/micronaut-jackson-core-4.2.1.jar:/home/colton/.gradle/caches/modules-2/files-2.1/io.micronaut/micronaut-json-core/4.2.1/6587d06cb2c675760097fe3021b6bf705b1ea792/micronaut-json-core-4.2.1.jar:/home/colton/.gradle/caches/modules-2/files-2.1/io.micronaut/micronaut-router/4.2.1/ef94c85be84a614417097924580c29f2e6fbd63b/micronaut-router-4.2.1.jar:/home/colton/.gradle/caches/modules-2/files-2.1/io.micronaut/micronaut-http/4.2.1/e8b6bbd559a1b1bc928303a5eea8f63263a983c8/micronaut-http-4.2.1.jar:/home/colton/.gradle/caches/modules-2/files-2.1/io.micronaut/micronaut-context-propagation/4.2.1/8477e046a0f41d778bdc281e7e03c5b2fd13beff/micronaut-context-propagation-4.2.1.jar:/home/colton/.gradle/caches/modules-2/files-2.1/io.micronaut/micronaut-retry/4.2.1/4a6a5d523b19c955ae75b093f8357dbe5fe62a68/micronaut-retry-4.2.1.jar:/home/colton/.gradle/caches/modules-2/files-2.1/io.micronaut/micronaut-context/4.2.1/c4e121ae623bcacc943ff53d101631ca5d6508a9/micronaut-context-4.2.1.jar:/home/colton/.gradle/caches/modules-2/files-2.1/io.micronaut/micronaut-aop/4.2.1/d813d7cc7d6d05ba392913b5c5a7b30604e23fca/micronaut-aop-4.2.1.jar:/home/colton/.gradle/caches/modules-2/files-2.1/io.micronaut/micronaut-buffer-netty/4.2.1/a23b2806c0f0a73904bebeaec8b7a4fdf72d38f3/micronaut-buffer-netty-4.2.1.jar:/home/colton/.gradle/caches/modules-2/files-2.1/io.micronaut/micronaut-inject/4.2.1/c8ddd7e2d28665c31691020a26557f254244acdc/micronaut-inject-4.2.1.jar:/home/colton/.gradle/caches/modules-2/files-2.1/io.mockk/mockk-jvm/1.13.8/eac6861e0fe27adfd0bdf1109893b91806105cba/mockk-jvm-1.13.8.jar:/home/colton/.gradle/caches/modules-2/files-2.1/io.mockk/mockk-dsl-jvm/1.13.8/221f6638f7b4216b08266e6ab826f22dff46e0fa/mockk-dsl-jvm-1.13.8.jar:/home/colton/.gradle/caches/modules-2/files-2.1/io.mockk/mockk-agent-jvm/1.13.8/79d1017369f8ce49ac5cc08400c6b652d263490b/mockk-agent-jvm-1.13.8.jar:/home/colton/.gradle/caches/modules-2/files-2.1/io.mockk/mockk-core-jvm/1.13.8/4d7b2de28a0384827272fef9266172d73c3bbd36/mockk-core-jvm-1.13.8.jar:/home/colton/.gradle/caches/modules-2/files-2.1/org.jetbrains.kotlin/kotlin-reflect/1.9.23/ab01e1cc8428c2140891318838ad7039f6fa389a/kotlin-reflect-1.9.23.jar:/home/colton/.gradle/caches/modules-2/files-2.1/org.jetbrains.kotlin/kotlin-test-junit5/1.9.23/2e91005f3f1e9ccf31ebe498dce63199963ff1f1/kotlin-test-junit5-1.9.23.jar:/home/colton/.gradle/caches/modules-2/files-2.1/org.jetbrains.kotlin/kotlin-test/1.9.23/c0bfb6d288568761c098f08b74d078175a9aa40b/kotlin-test-1.9.23.jar:/home/colton/.gradle/caches/modules-2/files-2.1/io.mockk/mockk-agent-api-jvm/1.13.8/be15c6ed2a3a5c4660972da44ebe7b01add2d72e/mockk-agent-api-jvm-1.13.8.jar:/home/colton/.gradle/caches/modules-2/files-2.1/org.jetbrains.kotlinx/kotlinx-coroutines-core-jvm/1.7.3/2b09627576f0989a436a00a4a54b55fa5026fb86/kotlinx-coroutines-core-jvm-1.7.3.jar:/home/colton/.gradle/caches/modules-2/files-2.1/org.jetbrains.kotlin/kotlin-stdlib-jdk8/1.9.21/290a25c998941b1c904d2cef480fd56be7ae9d7/kotlin-stdlib-jdk8-1.9.21.jar:/home/colton/.gradle/caches/modules-2/files-2.1/org.jetbrains.kotlin/kotlin-stdlib-jdk7/1.9.21/2d2c2b1d441e48ed37383e42f133339691436425/kotlin-stdlib-jdk7-1.9.21.jar:/home/colton/.gradle/caches/modules-2/files-2.1/org.jetbrains.kotlin/kotlin-stdlib/1.9.23/dbaadea1f5e68f790d242a91a38355a83ec38747/kotlin-stdlib-1.9.23.jar:/home/colton/.gradle/caches/modules-2/files-2.1/jakarta.annotation/jakarta.annotation-api/2.1.1/48b9bda22b091b1f48b13af03fe36db3be6e1ae3/jakarta.annotation-api-2.1.1.jar:/home/colton/.gradle/caches/modules-2/files-2.1/org.yaml/snakeyaml/2.0/3aab2116756442bf0d4cd1c089b24d34c3baa253/snakeyaml-2.0.jar:/home/colton/.gradle/caches/modules-2/files-2.1/ch.qos.logback/logback-classic/1.4.13/8cc74dbbf8d31fb32862dfe19793fff9a54c22b0/logback-classic-1.4.13.jar:/home/colton/.gradle/caches/modules-2/files-2.1/org.postgresql/postgresql/42.6.0/7614cfce466145b84972781ab0079b8dea49e363/postgresql-42.6.0.jar:/home/colton/.gradle/caches/modules-2/files-2.1/org.graalvm.buildtools/junit-platform-native/0.9.28/8080b84eee8ed37d8a937d8a0f22184071b7867a/junit-platform-native-0.9.28.jar:/home/colton/.gradle/caches/modules-2/files-2.1/org.junit.jupiter/junit-jupiter/5.10.1/6e5c7dd668d6349cb99e52ab8321e73479a309bc/junit-jupiter-5.10.1.jar:/home/colton/.gradle/caches/modules-2/files-2.1/org.junit.jupiter/junit-jupiter-engine/5.10.1/6c9ff773f9aa842b91d1f2fe4658973252ce2428/junit-jupiter-engine-5.10.1.jar:/home/colton/.gradle/caches/modules-2/files-2.1/org.junit.platform/junit-platform-console/1.10.1/cc33ad8f6e905de50c2f788cea59ff3902e3ec65/junit-platform-console-1.10.1.jar:/home/colton/.gradle/caches/modules-2/files-2.1/org.junit.platform/junit-platform-reporting/1.10.1/e465355693e34644500c7153a6f3657c29f400f5/junit-platform-reporting-1.10.1.jar:/home/colton/.gradle/caches/modules-2/files-2.1/org.junit.platform/junit-platform-launcher/1.10.1/ce85bf5e38bee0989ded9bd468dd4ff78dc0cfa8/junit-platform-launcher-1.10.1.jar:/home/colton/.gradle/caches/modules-2/files-2.1/org.junit.platform/junit-platform-engine/1.10.1/f32ae4af74fde68414b8a3d2b7cf1fb43824a83a/junit-platform-engine-1.10.1.jar:/home/colton/.gradle/caches/modules-2/files-2.1/org.junit.jupiter/junit-jupiter-params/5.10.1/c8f15d4e99940c4564098af78c10809c00fdca06/junit-jupiter-params-5.10.1.jar:/home/colton/.gradle/caches/modules-2/files-2.1/org.junit.platform/junit-platform-commons/1.10.1/2bfcd4a4e38b10c671b6916d7e543c20afe25579/junit-platform-commons-1.10.1.jar:/home/colton/.gradle/caches/modules-2/files-2.1/org.junit.jupiter/junit-jupiter-api/5.10.1/eb90c7d8bfaae8fdc97b225733fcb595ddd72843/junit-jupiter-api-5.10.1.jar:/home/colton/.gradle/caches/modules-2/files-2.1/com.h2database/h2/2.2.224/7bdade27d8cd197d9b5ce9dc251f41d2edc5f7ad/h2-2.2.224.jar:/home/colton/.gradle/caches/modules-2/files-2.1/org.jetbrains/annotations/23.0.0/8cc20c07506ec18e0834947b84a864bfc094484e/annotations-23.0.0.jar:/home/colton/.gradle/caches/modules-2/files-2.1/com.fasterxml.jackson.module/jackson-module-kotlin/2.15.3/36ea7813ada694e67f562ff1dc6f3b47883e373/jackson-module-kotlin-2.15.3.jar:/home/colton/.gradle/caches/modules-2/files-2.1/org.flywaydb/flyway-core/9.22.3/76519923a547892f0108b99d1e7b06dcb4727ecd/flyway-core-9.22.3.jar:/home/colton/.gradle/caches/modules-2/files-2.1/com.fasterxml.jackson.dataformat/jackson-dataformat-toml/2.15.3/94d1222e3ee02f8d44a0ad6a5f7476d0833e654a/jackson-dataformat-toml-2.15.3.jar:/home/colton/.gradle/caches/modules-2/files-2.1/com.fasterxml.jackson.datatype/jackson-datatype-jdk8/2.15.3/80158cb020c7bd4e4ba94d8d752a65729dc943b2/jackson-datatype-jdk8-2.15.3.jar:/home/colton/.gradle/caches/modules-2/files-2.1/com.fasterxml.jackson.datatype/jackson-datatype-jsr310/2.15.3/4a20a0e104931bfa72f24ef358c2eb63f1ef2aaf/jackson-datatype-jsr310-2.15.3.jar:/home/colton/.gradle/caches/modules-2/files-2.1/com.fasterxml.jackson.core/jackson-databind/2.15.3/a734bc2c47a9453c4efa772461a3aeb273c010d9/jackson-databind-2.15.3.jar:/home/colton/.gradle/caches/modules-2/files-2.1/com.fasterxml.jackson.core/jackson-annotations/2.15.3/79baf4e605eb3bbb60b1c475d44a7aecceea1d60/jackson-annotations-2.15.3.jar:/home/colton/.gradle/caches/modules-2/files-2.1/com.fasterxml.jackson.core/jackson-core/2.15.3/60d600567c1862840397bf9ff5a92398edc5797b/jackson-core-2.15.3.jar:/home/colton/.gradle/caches/modules-2/files-2.1/io.netty/netty-handler-proxy/4.1.101.Final/c198ee61abba7ae6b3cb6b1033f04fb0ae79d512/netty-handler-proxy-4.1.101.Final.jar:/home/colton/.gradle/caches/modules-2/files-2.1/io.netty/netty-codec-http2/4.1.101.Final/40590da6c615b852384542051330e9fd51d4c4b1/netty-codec-http2-4.1.101.Final.jar:/home/colton/.gradle/caches/modules-2/files-2.1/io.netty/netty-codec-http/4.1.101.Final/c648f863b301e3fc62d0de098ec61be7628b8ea2/netty-codec-http-4.1.101.Final.jar:/home/colton/.gradle/caches/modules-2/files-2.1/io.netty/netty-codec-socks/4.1.101.Final/cbaac9e2c2d7b86e4c1bda220cde49949c9bcaee/netty-codec-socks-4.1.101.Final.jar:/home/colton/.gradle/caches/modules-2/files-2.1/io.netty/netty-handler/4.1.101.Final/7800aea949bf95f63df73166d144e49405b279dd/netty-handler-4.1.101.Final.jar:/home/colton/.gradle/caches/modules-2/files-2.1/io.netty/netty-codec/4.1.101.Final/642523c57c4be15b8b461be7b1532262d193bbb3/netty-codec-4.1.101.Final.jar:/home/colton/.gradle/caches/modules-2/files-2.1/io.netty/netty-transport-native-unix-common/4.1.101.Final/d0697ef1d71c6111a1b18a387fa985fd6398ace2/netty-transport-native-unix-common-4.1.101.Final.jar:/home/colton/.gradle/caches/modules-2/files-2.1/io.netty/netty-transport/4.1.101.Final/b36cc2337b4a4135df7ee2f2d77431c3b541dc5/netty-transport-4.1.101.Final.jar:/home/colton/.gradle/caches/modules-2/files-2.1/io.netty/netty-buffer/4.1.101.Final/a4d94fd6cdf7a37b15237e32434afd6b955cc591/netty-buffer-4.1.101.Final.jar:/home/colton/.gradle/caches/modules-2/files-2.1/io.projectreactor/reactor-core/3.5.11/db2299757f562261eb775d13658e86ff06f91e8a/reactor-core-3.5.11.jar:/home/colton/.gradle/caches/modules-2/files-2.1/io.micronaut/micronaut-core-reactive/4.2.1/37c8635fef2a449225c9ccf1d79fdc9354d4f19a/micronaut-core-reactive-4.2.1.jar:/home/colton/.gradle/caches/modules-2/files-2.1/org.reactivestreams/reactive-streams/1.0.4/3864a1320d97d7b045f729a326e1e077661f31b7/reactive-streams-1.0.4.jar:/home/colton/.gradle/caches/modules-2/files-2.1/io.micronaut/micronaut-core/4.2.1/a744d64e9e45502780b6628cff2c91d79529c81f/micronaut-core-4.2.1.jar:/home/colton/.gradle/caches/modules-2/files-2.1/org.hibernate.orm/hibernate-core/6.2.13.Final/de458672b40154ab9ecfe7466987ad1772167af8/hibernate-core-6.2.13.Final.jar:/home/colton/.gradle/caches/modules-2/files-2.1/jakarta.persistence/jakarta.persistence-api/3.1.0/66901fa1c373c6aff65c13791cc11da72060a8d6/jakarta.persistence-api-3.1.0.jar:/home/colton/.gradle/caches/modules-2/files-2.1/jakarta.transaction/jakarta.transaction-api/2.0.1/51a520e3fae406abb84e2e1148e6746ce3f80a1a/jakarta.transaction-api-2.0.1.jar:/home/colton/.gradle/caches/modules-2/files-2.1/ch.qos.logback/logback-core/1.4.13/df492b2a46869d739eb0e4922eae39ec5ba8cdcf/logback-core-1.4.13.jar:/home/colton/.gradle/caches/modules-2/files-2.1/com.zaxxer/HikariCP/5.1.0/8c96e36c14461fc436bb02b264b96ef3ca5dca8c/HikariCP-5.1.0.jar:/home/colton/.gradle/caches/modules-2/files-2.1/org.slf4j/slf4j-api/2.0.9/7cf2726fdcfbc8610f9a71fb3ed639871f315340/slf4j-api-2.0.9.jar:/home/colton/.gradle/caches/modules-2/files-2.1/jakarta.validation/jakarta.validation-api/3.0.2/92b6631659ba35ca09e44874d3eb936edfeee532/jakarta.validation-api-3.0.2.jar:/home/colton/.gradle/caches/modules-2/files-2.1/junit/junit/4.13.2/8ac9e16d933b6fb43bc7f576336b8f4d7eb5ba12/junit-4.13.2.jar:/home/colton/.gradle/caches/modules-2/files-2.1/org.opentest4j/opentest4j/1.3.0/152ea56b3a72f655d4fd677fc0ef2596c3dd5e6e/opentest4j-1.3.0.jar:/home/colton/.gradle/caches/modules-2/files-2.1/io.netty/netty-resolver/4.1.101.Final/5e7eddfa4dfffcbd375d265d1fd08297df94f82f/netty-resolver-4.1.101.Final.jar:/home/colton/.gradle/caches/modules-2/files-2.1/io.netty/netty-common/4.1.101.Final/bdb16e4d308b5757123decc886896815d1daf7a3/netty-common-4.1.101.Final.jar:/home/colton/.gradle/caches/modules-2/files-2.1/jakarta.inject/jakarta.inject-api/2.0.1/4c28afe1991a941d7702fe1362c365f0a8641d1e/jakarta.inject-api-2.0.1.jar:/home/colton/.gradle/caches/modules-2/files-2.1/com.typesafe/config/1.4.3/b57e0fbdc7270d8ea59c1ba367457a5cc7ba0e98/config-1.4.3.jar:/home/colton/.gradle/caches/modules-2/files-2.1/org.checkerframework/checker-qual/3.31.0/eeefd4af42e2f4221d145c1791582f91868f99ab/checker-qual-3.31.0.jar:/home/colton/.gradle/caches/modules-2/files-2.1/org.hamcrest/hamcrest-core/1.3/42a25dc3219429f0e5d060061f71acb49bf010a0/hamcrest-core-1.3.jar:/home/colton/.gradle/caches/modules-2/files-2.1/org.jboss.logging/jboss-logging/3.5.0.Final/c19307cc11f28f5e2679347e633a3294d865334d/jboss-logging-3.5.0.Final.jar:/home/colton/.gradle/caches/modules-2/files-2.1/org.hibernate.common/hibernate-commons-annotations/6.0.6.Final/77a5f94b56d49508e0ee334751db5b78e5ccd50c/hibernate-commons-annotations-6.0.6.Final.jar:/home/colton/.gradle/caches/modules-2/files-2.1/io.smallrye/jandex/3.0.5/c548a4871b552292dbdd65409d3fda145c8925c1/jandex-3.0.5.jar:/home/colton/.gradle/caches/modules-2/files-2.1/com.fasterxml/classmate/1.5.1/3fe0bed568c62df5e89f4f174c101eab25345b6c/classmate-1.5.1.jar:/home/colton/.gradle/caches/modules-2/files-2.1/net.bytebuddy/byte-buddy/1.14.7/34efde5f0bb93afc94aaf9d400521899c4806873/byte-buddy-1.14.7.jar:/home/colton/.gradle/caches/modules-2/files-2.1/org.glassfish.jaxb/jaxb-runtime/4.0.2/e4e4e0c5b0d42054d00dc4023901572a60d368c7/jaxb-runtime-4.0.2.jar:/home/colton/.gradle/caches/modules-2/files-2.1/org.glassfish.jaxb/jaxb-core/4.0.2/8c29249f6c10f4ee08967783831580b0f5c5360/jaxb-core-4.0.2.jar:/home/colton/.gradle/caches/modules-2/files-2.1/jakarta.xml.bind/jakarta.xml.bind-api/4.0.0/bbb399208d288b15ec101fa4fcfc4bd77cedc97a/jakarta.xml.bind-api-4.0.0.jar:/home/colton/.gradle/caches/modules-2/files-2.1/org.antlr/antlr4-runtime/4.10.1/10839f875928f59c622d675091d51a43ea0dc5f7/antlr4-runtime-4.10.1.jar:/home/colton/.gradle/caches/modules-2/files-2.1/com.google.code.gson/gson/2.10.1/b3add478d4382b78ea20b1671390a858002feb6c/gson-2.10.1.jar:/home/colton/.gradle/caches/modules-2/files-2.1/org.objenesis/objenesis/3.3/1049c09f1de4331e8193e579448d0916d75b7631/objenesis-3.3.jar:/home/colton/.gradle/caches/modules-2/files-2.1/net.bytebuddy/byte-buddy-agent/1.14.6/46e2545d7a97b6ccb195621650c5957279eb4812/byte-buddy-agent-1.14.6.jar:/home/colton/.gradle/caches/modules-2/files-2.1/org.eclipse.angus/angus-activation/2.0.0/72369f4e2314d38de2dcbb277141ef0226f73151/angus-activation-2.0.0.jar:/home/colton/.gradle/caches/modules-2/files-2.1/jakarta.activation/jakarta.activation-api/2.1.1/88c774ab863a21fb2fc4219af95379fafe499a31/jakarta.activation-api-2.1.1.jar:/home/colton/.gradle/caches/modules-2/files-2.1/org.glassfish.jaxb/txw2/4.0.2/24e167be69c29ebb7ee0a3b1f9b546f1dfd111fc/txw2-4.0.2.jar:/home/colton/.gradle/caches/modules-2/files-2.1/com.sun.istack/istack-commons-runtime/4.1.1/9b3769c76235bc283b060da4fae2318c6d53f07e/istack-commons-runtime-4.1.1.jar, java.vm.vendor=Ubuntu, sun.arch.data.model=64, user.variant=, java.vendor.url=https://ubuntu.com/, user.timezone=America/Chicago, hibernate.session_factory_name=default, java.vm.specification.version=21, os.name=Linux, user.country=US, sun.java.launcher=SUN_STANDARD, sun.boot.library.path=/usr/lib/jvm/java-21-openjdk-amd64/lib, sun.java.command=worker.org.gradle.process.internal.worker.GradleWorkerMain 'Gradle Test Executor 28', jdk.debug=release, sun.cpu.endian=little, user.home=/home/colton, hibernate.id.db_structure_naming_strategy=legacy, user.language=en, javax.persistence.validation.factory=io.micronaut.validation.validator.DefaultValidatorFactory@7e2f86e6, java.specification.vendor=Oracle Corporation, java.version.date=2026-01-20, java.home=/usr/lib/jvm/java-21-openjdk-amd64, file.separator=/, java.vm.compressedOopsMode=32-bit, line.separator=
    , java.vm.specification.vendor=Oracle Corporation, java.specification.name=Java Platform API Specification, hibernate.session_factory_name_is_jndi=false, hibernate.hbm2ddl.auto=update, junit.platform.listeners.uid.tracking.enabled=true, sun.management.compiler=HotSpot 64-Bit Tiered Compilers, junit.platform.listeners.uid.tracking.output.dir=/home/colton/Repos/taskflow/backend/build/test-results/test/testlist, java.runtime.version=21.0.10+7-Ubuntu-125.10, user.name=colton, stdout.encoding=UTF-8, path.separator=:, os.version=6.17.0-19-generic, java.runtime.name=OpenJDK Runtime Environment, file.encoding=UTF-8, java.vm.name=OpenJDK 64-Bit Server VM, hibernate.show_sql=true, hibernate.current_session_context_class=io.micronaut.transaction.hibernate.MicronautSessionContext, micronaut.classloader.logging=true, java.vendor.url.bug=https://bugs.launchpad.net/ubuntu/+source/openjdk-21, java.io.tmpdir=/tmp, com.zaxxer.hikari.pool_number=1, java.version=21.0.10, hibernate.physical_naming_strategy=io.micronaut.data.hibernate.naming.DefaultPhysicalNamingStrategy@4e73b552, user.dir=/home/colton/Repos/taskflow/backend, os.arch=amd64, java.vm.specification.name=Java Virtual Machine Specification, org.gradle.internal.worker.tmpdir=/home/colton/Repos/taskflow/backend/build/tmp/test/work, hibernate.boot.CfgXmlAccessService.key=org.hibernate.boot.cfgxml.spi.LoadedConfig@539c4830, native.encoding=UTF-8, java.library.path=/usr/java/packages/lib:/usr/lib/x86_64-linux-gnu/jni:/lib/x86_64-linux-gnu:/usr/lib/x86_64-linux-gnu:/usr/lib/jni:/lib:/usr/lib, stderr.encoding=UTF-8, java.vendor=Ubuntu, java.vm.info=mixed mode, sharing, java.vm.version=21.0.10+7-Ubuntu-125.10, hibernate.bytecode.use_reflection_optimizer=true, sun.io.unicode.encoding=UnicodeLittle, hibernate.connection.datasource=HikariDataSource (HikariPool-1), java.class.version=65.0}
    22:57:43.820 [Test worker] DEBUG org.hibernate.internal.SessionFactoryImpl -- Session factory constructed with filter configurations : {}
    22:57:43.823 [Test worker] DEBUG org.hibernate.boot.internal.ClassLoaderAccessImpl -- Not known whether passed class name [com.taskflow.models.Comment] is safe
    22:57:43.823 [Test worker] DEBUG org.hibernate.boot.internal.ClassLoaderAccessImpl -- No temp ClassLoader provided; using live ClassLoader for loading potentially unsafe class : com.taskflow.models.Comment
    22:57:43.823 [Test worker] DEBUG io.micronaut.core.beans.DefaultBeanIntrospector -- Found BeanIntrospection for type: class com.taskflow.models.Comment,
    22:57:43.824 [Test worker] DEBUG org.hibernate.boot.internal.ClassLoaderAccessImpl -- Not known whether passed class name [com.taskflow.models.Task] is safe
    22:57:43.824 [Test worker] DEBUG org.hibernate.boot.internal.ClassLoaderAccessImpl -- No temp ClassLoader provided; using live ClassLoader for loading potentially unsafe class : com.taskflow.models.Task
    22:57:43.824 [Test worker] DEBUG io.micronaut.core.beans.DefaultBeanIntrospector -- Found BeanIntrospection for type: class com.taskflow.models.Task,
    22:57:43.824 [Test worker] DEBUG org.hibernate.boot.internal.ClassLoaderAccessImpl -- Not known whether passed class name [com.taskflow.models.ProjectMember] is safe
    22:57:43.824 [Test worker] DEBUG org.hibernate.boot.internal.ClassLoaderAccessImpl -- No temp ClassLoader provided; using live ClassLoader for loading potentially unsafe class : com.taskflow.models.ProjectMember
    22:57:43.824 [Test worker] DEBUG io.micronaut.core.beans.DefaultBeanIntrospector -- Found BeanIntrospection for type: class com.taskflow.models.ProjectMember,
    22:57:43.824 [Test worker] DEBUG org.hibernate.boot.internal.ClassLoaderAccessImpl -- Not known whether passed class name [com.taskflow.models.TaskActivityLog] is safe
    22:57:43.824 [Test worker] DEBUG org.hibernate.boot.internal.ClassLoaderAccessImpl -- No temp ClassLoader provided; using live ClassLoader for loading potentially unsafe class : com.taskflow.models.TaskActivityLog
    22:57:43.824 [Test worker] DEBUG io.micronaut.core.beans.DefaultBeanIntrospector -- Found BeanIntrospection for type: class com.taskflow.models.TaskActivityLog,
    22:57:43.824 [Test worker] DEBUG org.hibernate.boot.internal.ClassLoaderAccessImpl -- Not known whether passed class name [com.taskflow.models.Label] is safe
    22:57:43.824 [Test worker] DEBUG org.hibernate.boot.internal.ClassLoaderAccessImpl -- No temp ClassLoader provided; using live ClassLoader for loading potentially unsafe class : com.taskflow.models.Label
    22:57:43.824 [Test worker] DEBUG io.micronaut.core.beans.DefaultBeanIntrospector -- Found BeanIntrospection for type: class com.taskflow.models.Label,
    22:57:43.824 [Test worker] DEBUG org.hibernate.boot.internal.ClassLoaderAccessImpl -- Not known whether passed class name [com.taskflow.models.Project] is safe
    22:57:43.825 [Test worker] DEBUG org.hibernate.boot.internal.ClassLoaderAccessImpl -- No temp ClassLoader provided; using live ClassLoader for loading potentially unsafe class : com.taskflow.models.Project
    22:57:43.825 [Test worker] DEBUG io.micronaut.core.beans.DefaultBeanIntrospector -- Found BeanIntrospection for type: class com.taskflow.models.Project,
    22:57:43.825 [Test worker] DEBUG org.hibernate.boot.internal.ClassLoaderAccessImpl -- Not known whether passed class name [com.taskflow.models.User] is safe
    22:57:43.825 [Test worker] DEBUG org.hibernate.boot.internal.ClassLoaderAccessImpl -- No temp ClassLoader provided; using live ClassLoader for loading potentially unsafe class : com.taskflow.models.User
    22:57:43.825 [Test worker] DEBUG io.micronaut.core.beans.DefaultBeanIntrospector -- Found BeanIntrospection for type: class com.taskflow.models.User,
    22:57:43.825 [Test worker] DEBUG org.hibernate.boot.internal.ClassLoaderAccessImpl -- Not known whether passed class name [com.taskflow.models.Attachment] is safe
    22:57:43.825 [Test worker] DEBUG org.hibernate.boot.internal.ClassLoaderAccessImpl -- No temp ClassLoader provided; using live ClassLoader for loading potentially unsafe class : com.taskflow.models.Attachment
    22:57:43.825 [Test worker] DEBUG io.micronaut.core.beans.DefaultBeanIntrospector -- Found BeanIntrospection for type: class com.taskflow.models.Attachment,
    22:57:43.825 [Test worker] DEBUG org.hibernate.service.internal.SessionFactoryServiceRegistryImpl -- EventListenerRegistry access via ServiceRegistry is deprecated.  Use `sessionFactory.getEventEngine().getListenerRegistry()` instead
    22:57:43.826 [Test worker] DEBUG org.hibernate.service.internal.SessionFactoryServiceRegistryImpl -- EventListenerRegistry access via ServiceRegistry is deprecated.  Use `sessionFactory.getEventEngine().getListenerRegistry()` instead
    22:57:43.826 [Test worker] DEBUG org.hibernate.event.service.internal.EventListenerGroupImpl -- Checking incoming listener [`io.micronaut.data.hibernate.event.EventIntegrator$$Lambda/0x000076e93499e820@71531dd7`] for match against existing listener [`org.hibernate.boot.beanvalidation.BeanValidationEventListener@20256a0b`]
    22:57:43.826 [Test worker] DEBUG org.hibernate.event.service.internal.EventListenerGroupImpl -- Checking incoming listener [`io.micronaut.data.hibernate.event.EventIntegrator$$Lambda/0x000076e93499e820@71531dd7`] for match against existing listener [`org.hibernate.boot.beanvalidation.BeanValidationEventListener@20256a0b`]
    22:57:43.826 [Test worker] DEBUG org.hibernate.event.service.internal.EventListenerGroupImpl -- Checking incoming listener [`io.micronaut.data.hibernate.event.EventIntegrator$1@27e199ce`] for match against existing listener [`org.hibernate.event.internal.PostInsertEventListenerStandardImpl@1c3b6963`]
    22:57:43.826 [Test worker] DEBUG org.hibernate.event.service.internal.EventListenerGroupImpl -- Checking incoming listener [`io.micronaut.data.hibernate.event.EventIntegrator$1@27e199ce`] for match against existing listener [`org.hibernate.event.internal.PostInsertEventListenerStandardImpl@1c3b6963`]
    22:57:43.826 [Test worker] DEBUG org.hibernate.event.service.internal.EventListenerGroupImpl -- Checking incoming listener [`io.micronaut.data.hibernate.event.EventIntegrator$$Lambda/0x000076e93499ec98@7ea42c82`] for match against existing listener [`org.hibernate.boot.beanvalidation.BeanValidationEventListener@20256a0b`]
    22:57:43.826 [Test worker] DEBUG org.hibernate.event.service.internal.EventListenerGroupImpl -- Checking incoming listener [`io.micronaut.data.hibernate.event.EventIntegrator$$Lambda/0x000076e93499ec98@7ea42c82`] for match against existing listener [`org.hibernate.boot.beanvalidation.BeanValidationEventListener@20256a0b`]
    22:57:43.827 [Test worker] DEBUG org.hibernate.event.service.internal.EventListenerGroupImpl -- Checking incoming listener [`io.micronaut.data.hibernate.event.EventIntegrator$2@106c988`] for match against existing listener [`org.hibernate.event.internal.PostDeleteEventListenerStandardImpl@21274afe`]
    22:57:43.827 [Test worker] DEBUG org.hibernate.event.service.internal.EventListenerGroupImpl -- Checking incoming listener [`io.micronaut.data.hibernate.event.EventIntegrator$2@106c988`] for match against existing listener [`org.hibernate.event.internal.PostDeleteEventListenerStandardImpl@21274afe`]
    22:57:43.827 [Test worker] DEBUG org.hibernate.event.service.internal.EventListenerGroupImpl -- Checking incoming listener [`io.micronaut.data.hibernate.event.EventIntegrator$$Lambda/0x000076e93499f110@5627cb29`] for match against existing listener [`org.hibernate.boot.beanvalidation.BeanValidationEventListener@20256a0b`]
    22:57:43.827 [Test worker] DEBUG org.hibernate.event.service.internal.EventListenerGroupImpl -- Checking incoming listener [`io.micronaut.data.hibernate.event.EventIntegrator$$Lambda/0x000076e93499f110@5627cb29`] for match against existing listener [`org.hibernate.boot.beanvalidation.BeanValidationEventListener@20256a0b`]
    22:57:43.827 [Test worker] DEBUG org.hibernate.event.service.internal.EventListenerGroupImpl -- Checking incoming listener [`io.micronaut.data.hibernate.event.EventIntegrator$3@79ca7bea`] for match against existing listener [`org.hibernate.event.internal.PostUpdateEventListenerStandardImpl@54f6b629`]
    22:57:43.827 [Test worker] DEBUG org.hibernate.event.service.internal.EventListenerGroupImpl -- Checking incoming listener [`io.micronaut.data.hibernate.event.EventIntegrator$3@79ca7bea`] for match against existing listener [`org.hibernate.event.internal.PostUpdateEventListenerStandardImpl@54f6b629`]
    22:57:43.827 [Test worker] DEBUG org.hibernate.event.service.internal.EventListenerGroupImpl -- Checking incoming listener [`io.micronaut.data.hibernate.event.EventIntegrator$$Lambda/0x000076e93499f7d0@70c29356`] for match against existing listener [`org.hibernate.event.internal.DefaultPostLoadEventListener@5122e4bf`]
    22:57:43.827 [Test worker] DEBUG org.hibernate.event.service.internal.EventListenerGroupImpl -- Checking incoming listener [`io.micronaut.data.hibernate.event.EventIntegrator$$Lambda/0x000076e93499f7d0@70c29356`] for match against existing listener [`org.hibernate.event.internal.DefaultPostLoadEventListener@5122e4bf`]
    22:57:43.845 [Test worker] DEBUG org.hibernate.query.sqm.function.SqmFunctionRegistry -- Registered SqmFunctionTemplate [NamedSqmFunctionTemplate(max)] under max; prior registration was null
    22:57:43.845 [Test worker] DEBUG org.hibernate.query.sqm.function.SqmFunctionRegistry -- Registered SqmFunctionTemplate [NamedSqmFunctionTemplate(min)] under min; prior registration was null
    22:57:43.845 [Test worker] DEBUG org.hibernate.query.sqm.function.SqmFunctionRegistry -- Registered SqmFunctionTemplate [NamedSqmFunctionTemplate(sum)] under sum; prior registration was null
    22:57:43.846 [Test worker] DEBUG org.hibernate.query.sqm.function.SqmFunctionRegistry -- Registered SqmFunctionTemplate [NamedSqmFunctionTemplate(avg)] under avg; prior registration was null
    22:57:43.846 [Test worker] DEBUG org.hibernate.query.sqm.function.SqmFunctionRegistry -- Registered SqmFunctionTemplate [org.hibernate.dialect.function.CountFunction@70fede7d] under count; prior registration was null
    22:57:43.847 [Test worker] DEBUG org.hibernate.query.sqm.function.SqmFunctionRegistry -- Registered SqmFunctionTemplate [org.hibernate.dialect.function.EveryAnyEmulation@2bba35ef] under every; prior registration was null
    22:57:43.847 [Test worker] DEBUG org.hibernate.query.sqm.function.SqmFunctionRegistry -- Registered SqmFunctionTemplate [org.hibernate.dialect.function.EveryAnyEmulation@26c7b1c6] under any; prior registration was null
    22:57:43.847 [Test worker] DEBUG org.hibernate.query.sqm.function.SqmFunctionRegistry -- Registered SqmFunctionTemplate [NamedSqmFunctionTemplate(floor)] under floor; prior registration was null
    22:57:43.847 [Test worker] DEBUG org.hibernate.query.sqm.function.SqmFunctionRegistry -- Registered SqmFunctionTemplate [NamedSqmFunctionTemplate(ceiling)] under ceiling; prior registration was null
    22:57:43.847 [Test worker] DEBUG org.hibernate.query.sqm.function.SqmFunctionRegistry -- Registered SqmFunctionTemplate [NamedSqmFunctionTemplate(mod)] under mod; prior registration was null
    22:57:43.847 [Test worker] DEBUG org.hibernate.query.sqm.function.SqmFunctionRegistry -- Registered SqmFunctionTemplate [NamedSqmFunctionTemplate(abs)] under abs; prior registration was null
    22:57:43.847 [Test worker] DEBUG org.hibernate.query.sqm.function.SqmFunctionRegistry -- Registered SqmFunctionTemplate [NamedSqmFunctionTemplate(sign)] under sign; prior registration was null
    22:57:43.847 [Test worker] DEBUG org.hibernate.query.sqm.function.SqmFunctionRegistry -- Registered SqmFunctionTemplate [NamedSqmFunctionTemplate(sqrt)] under sqrt; prior registration was null
    22:57:43.847 [Test worker] DEBUG org.hibernate.query.sqm.function.SqmFunctionRegistry -- Registered SqmFunctionTemplate [NamedSqmFunctionTemplate(ln)] under ln; prior registration was null
    22:57:43.847 [Test worker] DEBUG org.hibernate.query.sqm.function.SqmFunctionRegistry -- Registered SqmFunctionTemplate [NamedSqmFunctionTemplate(exp)] under exp; prior registration was null
    22:57:43.847 [Test worker] DEBUG org.hibernate.query.sqm.function.SqmFunctionRegistry -- Registered SqmFunctionTemplate [NamedSqmFunctionTemplate(power)] under power; prior registration was null
    22:57:43.847 [Test worker] DEBUG org.hibernate.query.sqm.function.SqmFunctionRegistry -- Registered SqmFunctionTemplate [NamedSqmFunctionTemplate(round)] under round; prior registration was null
    22:57:43.847 [Test worker] DEBUG org.hibernate.query.sqm.function.SqmFunctionRegistry -- Registered SqmFunctionTemplate [NamedSqmFunctionTemplate(sin)] under sin; prior registration was null
    22:57:43.847 [Test worker] DEBUG org.hibernate.query.sqm.function.SqmFunctionRegistry -- Registered SqmFunctionTemplate [NamedSqmFunctionTemplate(cos)] under cos; prior registration was null
    22:57:43.847 [Test worker] DEBUG org.hibernate.query.sqm.function.SqmFunctionRegistry -- Registered SqmFunctionTemplate [NamedSqmFunctionTemplate(tan)] under tan; prior registration was null
    22:57:43.847 [Test worker] DEBUG org.hibernate.query.sqm.function.SqmFunctionRegistry -- Registered SqmFunctionTemplate [NamedSqmFunctionTemplate(asin)] under asin; prior registration was null
    22:57:43.847 [Test worker] DEBUG org.hibernate.query.sqm.function.SqmFunctionRegistry -- Registered SqmFunctionTemplate [NamedSqmFunctionTemplate(acos)] under acos; prior registration was null
    22:57:43.847 [Test worker] DEBUG org.hibernate.query.sqm.function.SqmFunctionRegistry -- Registered SqmFunctionTemplate [NamedSqmFunctionTemplate(atan)] under atan; prior registration was null
    22:57:43.847 [Test worker] DEBUG org.hibernate.query.sqm.function.SqmFunctionRegistry -- Registered SqmFunctionTemplate [NamedSqmFunctionTemplate(atan2)] under atan2; prior registration was null
    22:57:43.849 [Test worker] DEBUG org.hibernate.query.sqm.function.SqmFunctionRegistry -- Registered SqmFunctionTemplate [org.hibernate.query.sqm.function.PatternBasedSqmFunctionDescriptor@24a4e2c5] under sinh; prior registration was null
    22:57:43.849 [Test worker] DEBUG org.hibernate.query.sqm.function.SqmFunctionRegistry -- Registered SqmFunctionTemplate [org.hibernate.query.sqm.function.PatternBasedSqmFunctionDescriptor@27da994b] under cosh; prior registration was null
    22:57:43.849 [Test worker] DEBUG org.hibernate.query.sqm.function.SqmFunctionRegistry -- Registered SqmFunctionTemplate [org.hibernate.query.sqm.function.PatternBasedSqmFunctionDescriptor@70f148dc] under tanh; prior registration was null
    22:57:43.849 [Test worker] DEBUG org.hibernate.query.sqm.function.SqmFunctionRegistry -- Registered SqmFunctionTemplate [org.hibernate.query.sqm.function.PatternBasedSqmFunctionDescriptor@3360283] under pi; prior registration was null
    22:57:43.849 [Test worker] DEBUG org.hibernate.query.sqm.function.SqmFunctionRegistry -- Registered SqmFunctionTemplate [org.hibernate.query.sqm.function.PatternBasedSqmFunctionDescriptor@77aea] under log; prior registration was null
    22:57:43.849 [Test worker] DEBUG org.hibernate.query.sqm.function.SqmFunctionRegistry -- Registered SqmFunctionTemplate [NamedSqmFunctionTemplate(coalesce)] under coalesce; prior registration was null
    22:57:43.849 [Test worker] DEBUG org.hibernate.query.sqm.function.SqmFunctionRegistry -- Registered SqmFunctionTemplate [NamedSqmFunctionTemplate(nullif)] under nullif; prior registration was null
    22:57:43.849 [Test worker] DEBUG org.hibernate.query.sqm.function.SqmFunctionRegistry -- Registered SqmFunctionTemplate [NamedSqmFunctionTemplate(left)] under left; prior registration was null
    22:57:43.850 [Test worker] DEBUG org.hibernate.query.sqm.function.SqmFunctionRegistry -- Registered SqmFunctionTemplate [NamedSqmFunctionTemplate(right)] under right; prior registration was null
    22:57:43.850 [Test worker] DEBUG org.hibernate.query.sqm.function.SqmFunctionRegistry -- Registered SqmFunctionTemplate [NamedSqmFunctionTemplate(replace)] under replace; prior registration was null
    22:57:43.850 [Test worker] DEBUG org.hibernate.query.sqm.function.SqmFunctionRegistry -- Registered SqmFunctionTemplate [NamedSqmFunctionTemplate(concat)] under concat; prior registration was null
    22:57:43.850 [Test worker] DEBUG org.hibernate.query.sqm.function.SqmFunctionRegistry -- Registered SqmFunctionTemplate [NamedSqmFunctionTemplate(lower)] under lower; prior registration was null
    22:57:43.850 [Test worker] DEBUG org.hibernate.query.sqm.function.SqmFunctionRegistry -- Registered SqmFunctionTemplate [NamedSqmFunctionTemplate(upper)] under upper; prior registration was null
    22:57:43.850 [Test worker] DEBUG org.hibernate.query.sqm.function.SqmFunctionRegistry -- Registered SqmFunctionTemplate [NamedSqmFunctionTemplate(substring)] under substring; prior registration was null
    22:57:43.850 [Test worker] DEBUG org.hibernate.query.sqm.function.SqmFunctionRegistry -- Registered SqmFunctionTemplate [NamedSqmFunctionTemplate(locate)] under locate; prior registration was null
    22:57:43.850 [Test worker] DEBUG org.hibernate.query.sqm.function.SqmFunctionRegistry -- Registered SqmFunctionTemplate [NamedSqmFunctionTemplate(character_length)] under character_length; prior registration was null
    22:57:43.850 [Test worker] DEBUG org.hibernate.query.sqm.function.SqmFunctionRegistry -- Registering alternate key : length -> character_length
    22:57:43.851 [Test worker] DEBUG org.hibernate.query.sqm.function.SqmFunctionRegistry -- Registered SqmFunctionTemplate [org.hibernate.dialect.function.LocatePositionEmulation@433ef204] under position; prior registration was null
    22:57:43.852 [Test worker] DEBUG org.hibernate.query.sqm.function.SqmFunctionRegistry -- Registered SqmFunctionTemplate [org.hibernate.dialect.function.InsertSubstringOverlayEmulation@5b0902b4] under overlay; prior registration was null
    22:57:43.852 [Test worker] DEBUG org.hibernate.query.sqm.function.SqmFunctionRegistry -- Registered SqmFunctionTemplate [org.hibernate.dialect.function.TrimFunction@103c97ff] under trim; prior registration was null
    22:57:43.852 [Test worker] DEBUG org.hibernate.query.sqm.function.SqmFunctionRegistry -- Registered SqmFunctionTemplate [org.hibernate.dialect.function.CastFunction@40a1b6d4] under cast; prior registration was null
    22:57:43.853 [Test worker] DEBUG org.hibernate.query.sqm.function.SqmFunctionRegistry -- Registered SqmFunctionTemplate [org.hibernate.query.sqm.function.PatternBasedSqmFunctionDescriptor@175581eb] under collate; prior registration was null
    22:57:43.853 [Test worker] DEBUG org.hibernate.query.sqm.function.SqmFunctionRegistry -- Registered SqmFunctionTemplate [org.hibernate.dialect.function.ExtractFunction@5d14e99e] under extract; prior registration was null
    22:57:43.853 [Test worker] DEBUG org.hibernate.query.sqm.function.SqmFunctionRegistry -- Registered SqmFunctionTemplate [NamedSqmFunctionTemplate(least)] under least; prior registration was null
    22:57:43.853 [Test worker] DEBUG org.hibernate.query.sqm.function.SqmFunctionRegistry -- Registered SqmFunctionTemplate [NamedSqmFunctionTemplate(greatest)] under greatest; prior registration was null
    22:57:43.853 [Test worker] DEBUG org.hibernate.query.sqm.function.SqmFunctionRegistry -- Registered SqmFunctionTemplate [org.hibernate.dialect.function.CoalesceIfnullEmulation@5f0f70c7] under ifnull; prior registration was null
    22:57:43.853 [Test worker] DEBUG org.hibernate.query.sqm.function.SqmFunctionRegistry -- Registered SqmFunctionTemplate [NamedSqmFunctionTemplate(lpad)] under lpad; prior registration was null
    22:57:43.853 [Test worker] DEBUG org.hibernate.query.sqm.function.SqmFunctionRegistry -- Registered SqmFunctionTemplate [NamedSqmFunctionTemplate(rpad)] under rpad; prior registration was null
    22:57:43.854 [Test worker] DEBUG org.hibernate.query.sqm.function.SqmFunctionRegistry -- Registered SqmFunctionTemplate [org.hibernate.dialect.function.LpadRpadPadEmulation@283ab206] under pad; prior registration was null
    22:57:43.854 [Test worker] DEBUG org.hibernate.query.sqm.function.SqmFunctionRegistry -- Registered SqmFunctionTemplate [org.hibernate.dialect.function.CastStrEmulation@74e497ae] under str; prior registration was null
    22:57:43.854 [Test worker] DEBUG org.hibernate.query.sqm.function.SqmFunctionRegistry -- Registered SqmFunctionTemplate [org.hibernate.dialect.function.FormatFunction@6568f998] under format; prior registration was null
    22:57:43.855 [Test worker] DEBUG org.hibernate.query.sqm.function.SqmFunctionRegistry -- Registered SqmFunctionTemplate [org.hibernate.dialect.function.TimestampaddFunction@37314843] under timestampadd; prior registration was null
    22:57:43.855 [Test worker] DEBUG org.hibernate.query.sqm.function.SqmFunctionRegistry -- Registered SqmFunctionTemplate [org.hibernate.dialect.function.TimestampdiffFunction@1d91fa02] under timestampdiff; prior registration was null
    22:57:43.855 [Test worker] DEBUG org.hibernate.query.sqm.function.SqmFunctionRegistry -- Registering alternate key : dateadd -> timestampadd
    22:57:43.855 [Test worker] DEBUG org.hibernate.query.sqm.function.SqmFunctionRegistry -- Registering alternate key : datediff -> timestampdiff
    22:57:43.855 [Test worker] DEBUG org.hibernate.query.sqm.function.SqmFunctionRegistry -- Registered SqmFunctionTemplate [org.hibernate.dialect.function.CurrentFunction@1b30a54e] under current_date; prior registration was null
    22:57:43.855 [Test worker] DEBUG org.hibernate.query.sqm.function.SqmFunctionRegistry -- Registered SqmFunctionTemplate [org.hibernate.dialect.function.CurrentFunction@26275b46] under current_time; prior registration was null
    22:57:43.855 [Test worker] DEBUG org.hibernate.query.sqm.function.SqmFunctionRegistry -- Registered SqmFunctionTemplate [org.hibernate.dialect.function.CurrentFunction@3e9beef2] under current_timestamp; prior registration was null
    22:57:43.855 [Test worker] DEBUG org.hibernate.query.sqm.function.SqmFunctionRegistry -- Registering alternate key : current date -> current_date
    22:57:43.855 [Test worker] DEBUG org.hibernate.query.sqm.function.SqmFunctionRegistry -- Registering alternate key : current time -> current_time
    22:57:43.855 [Test worker] DEBUG org.hibernate.query.sqm.function.SqmFunctionRegistry -- Registering alternate key : current timestamp -> current_timestamp
    22:57:43.855 [Test worker] DEBUG org.hibernate.query.sqm.function.SqmFunctionRegistry -- Registered SqmFunctionTemplate [org.hibernate.dialect.function.CurrentFunction@2f15a964] under local_date; prior registration was null
    22:57:43.855 [Test worker] DEBUG org.hibernate.query.sqm.function.SqmFunctionRegistry -- Registered SqmFunctionTemplate [org.hibernate.dialect.function.CurrentFunction@3111631d] under local_time; prior registration was null
    22:57:43.855 [Test worker] DEBUG org.hibernate.query.sqm.function.SqmFunctionRegistry -- Registered SqmFunctionTemplate [org.hibernate.dialect.function.CurrentFunction@2d70f312] under local_datetime; prior registration was null
    22:57:43.855 [Test worker] DEBUG org.hibernate.query.sqm.function.SqmFunctionRegistry -- Registered SqmFunctionTemplate [org.hibernate.dialect.function.CurrentFunction@4c7d7430] under offset_datetime; prior registration was null
    22:57:43.855 [Test worker] DEBUG org.hibernate.query.sqm.function.SqmFunctionRegistry -- Registering alternate key : local date -> local_date
    22:57:43.855 [Test worker] DEBUG org.hibernate.query.sqm.function.SqmFunctionRegistry -- Registering alternate key : local time -> local_time
    22:57:43.855 [Test worker] DEBUG org.hibernate.query.sqm.function.SqmFunctionRegistry -- Registering alternate key : local datetime -> local_datetime
    22:57:43.855 [Test worker] DEBUG org.hibernate.query.sqm.function.SqmFunctionRegistry -- Registering alternate key : offset datetime -> offset_datetime
    22:57:43.855 [Test worker] DEBUG org.hibernate.query.sqm.function.SqmFunctionRegistry -- Registered SqmFunctionTemplate [org.hibernate.dialect.function.CurrentFunction@4ea1aa52] under instant; prior registration was null
    22:57:43.855 [Test worker] DEBUG org.hibernate.query.sqm.function.SqmFunctionRegistry -- Registering alternate key : current_instant -> instant
    22:57:43.856 [Test worker] DEBUG org.hibernate.query.sqm.function.SqmFunctionRegistry -- Registered SqmFunctionTemplate [org.hibernate.dialect.function.SqlFunction@3a9b41a0] under sql; prior registration was null
    22:57:43.856 [Test worker] DEBUG org.hibernate.query.sqm.function.SqmFunctionRegistry -- Registered SqmFunctionTemplate [NamedSqmFunctionTemplate(max)] under max; prior registration was NamedSqmFunctionTemplate(max)
    22:57:43.856 [Test worker] DEBUG org.hibernate.query.sqm.function.SqmFunctionRegistry -- Registered SqmFunctionTemplate [NamedSqmFunctionTemplate(min)] under min; prior registration was NamedSqmFunctionTemplate(min)
    22:57:43.856 [Test worker] DEBUG org.hibernate.query.sqm.function.SqmFunctionRegistry -- Registered SqmFunctionTemplate [NamedSqmFunctionTemplate(sum)] under sum; prior registration was NamedSqmFunctionTemplate(sum)
    22:57:43.856 [Test worker] DEBUG org.hibernate.query.sqm.function.SqmFunctionRegistry -- Registered SqmFunctionTemplate [NamedSqmFunctionTemplate(avg)] under avg; prior registration was NamedSqmFunctionTemplate(avg)
    22:57:43.856 [Test worker] DEBUG org.hibernate.query.sqm.function.SqmFunctionRegistry -- Registered SqmFunctionTemplate [org.hibernate.dialect.function.CountFunction@5fe46d52] under count; prior registration was org.hibernate.dialect.function.CountFunction@70fede7d
    22:57:43.856 [Test worker] DEBUG org.hibernate.query.sqm.function.SqmFunctionRegistry -- Registered SqmFunctionTemplate [org.hibernate.dialect.function.AvgFunction@3dfd7eaa] under avg; prior registration was NamedSqmFunctionTemplate(avg)
    22:57:43.856 [Test worker] DEBUG org.hibernate.query.sqm.function.SqmFunctionRegistry -- Registered SqmFunctionTemplate [NamedSqmFunctionTemplate(pi)] under pi; prior registration was org.hibernate.query.sqm.function.PatternBasedSqmFunctionDescriptor@3360283
    22:57:43.856 [Test worker] DEBUG org.hibernate.query.sqm.function.SqmFunctionRegistry -- Registered SqmFunctionTemplate [NamedSqmFunctionTemplate(cot)] under cot; prior registration was null
    22:57:43.856 [Test worker] DEBUG org.hibernate.query.sqm.function.SqmFunctionRegistry -- Registered SqmFunctionTemplate [NamedSqmFunctionTemplate(radians)] under radians; prior registration was null
    22:57:43.856 [Test worker] DEBUG org.hibernate.query.sqm.function.SqmFunctionRegistry -- Registered SqmFunctionTemplate [NamedSqmFunctionTemplate(degrees)] under degrees; prior registration was null
    22:57:43.856 [Test worker] DEBUG org.hibernate.query.sqm.function.SqmFunctionRegistry -- Registered SqmFunctionTemplate [NamedSqmFunctionTemplate(log10)] under log10; prior registration was null
    22:57:43.856 [Test worker] DEBUG org.hibernate.query.sqm.function.SqmFunctionRegistry -- Registered SqmFunctionTemplate [org.hibernate.query.sqm.function.PatternBasedSqmFunctionDescriptor@7c9beb51] under mod; prior registration was NamedSqmFunctionTemplate(mod)
    22:57:43.856 [Test worker] DEBUG org.hibernate.query.sqm.function.SqmFunctionRegistry -- Registered SqmFunctionTemplate [NamedSqmFunctionTemplate(rand)] under rand; prior registration was null
    22:57:43.856 [Test worker] DEBUG org.hibernate.query.sqm.function.SqmFunctionRegistry -- Registered SqmFunctionTemplate [NamedSqmFunctionTemplate(soundex)] under soundex; prior registration was null
    22:57:43.856 [Test worker] DEBUG org.hibernate.query.sqm.function.SqmFunctionRegistry -- Registered SqmFunctionTemplate [NamedSqmFunctionTemplate(translate)] under translate; prior registration was null
    22:57:43.856 [Test worker] DEBUG org.hibernate.query.sqm.function.SqmFunctionRegistry -- Registered SqmFunctionTemplate [NamedSqmFunctionTemplate(bitand)] under bitand; prior registration was null
    22:57:43.856 [Test worker] DEBUG org.hibernate.query.sqm.function.SqmFunctionRegistry -- Registered SqmFunctionTemplate [NamedSqmFunctionTemplate(bitor)] under bitor; prior registration was null
    22:57:43.856 [Test worker] DEBUG org.hibernate.query.sqm.function.SqmFunctionRegistry -- Registered SqmFunctionTemplate [NamedSqmFunctionTemplate(bitxor)] under bitxor; prior registration was null
    22:57:43.856 [Test worker] DEBUG org.hibernate.query.sqm.function.SqmFunctionRegistry -- Registered SqmFunctionTemplate [NamedSqmFunctionTemplate(bit_and)] under bit_and; prior registration was null
    22:57:43.856 [Test worker] DEBUG org.hibernate.query.sqm.function.SqmFunctionRegistry -- Registered SqmFunctionTemplate [NamedSqmFunctionTemplate(bit_or)] under bit_or; prior registration was null
    22:57:43.856 [Test worker] DEBUG org.hibernate.query.sqm.function.SqmFunctionRegistry -- Registered SqmFunctionTemplate [NamedSqmFunctionTemplate(day)] under day; prior registration was null
    22:57:43.856 [Test worker] DEBUG org.hibernate.query.sqm.function.SqmFunctionRegistry -- Registered SqmFunctionTemplate [NamedSqmFunctionTemplate(month)] under month; prior registration was null
    22:57:43.856 [Test worker] DEBUG org.hibernate.query.sqm.function.SqmFunctionRegistry -- Registered SqmFunctionTemplate [NamedSqmFunctionTemplate(year)] under year; prior registration was null
    22:57:43.856 [Test worker] DEBUG org.hibernate.query.sqm.function.SqmFunctionRegistry -- Registered SqmFunctionTemplate [NamedSqmFunctionTemplate(hour)] under hour; prior registration was null
    22:57:43.856 [Test worker] DEBUG org.hibernate.query.sqm.function.SqmFunctionRegistry -- Registered SqmFunctionTemplate [NamedSqmFunctionTemplate(minute)] under minute; prior registration was null
    22:57:43.856 [Test worker] DEBUG org.hibernate.query.sqm.function.SqmFunctionRegistry -- Registered SqmFunctionTemplate [NamedSqmFunctionTemplate(second)] under second; prior registration was null
    22:57:43.856 [Test worker] DEBUG org.hibernate.query.sqm.function.SqmFunctionRegistry -- Registered SqmFunctionTemplate [NamedSqmFunctionTemplate(microsecond)] under microsecond; prior registration was null
    22:57:43.856 [Test worker] DEBUG org.hibernate.query.sqm.function.SqmFunctionRegistry -- Registered SqmFunctionTemplate [NamedSqmFunctionTemplate(day_of_week)] under day_of_week; prior registration was null
    22:57:43.856 [Test worker] DEBUG org.hibernate.query.sqm.function.SqmFunctionRegistry -- Registered SqmFunctionTemplate [NamedSqmFunctionTemplate(day_of_month)] under day_of_month; prior registration was null
    22:57:43.856 [Test worker] DEBUG org.hibernate.query.sqm.function.SqmFunctionRegistry -- Registering alternate key : day -> day_of_month
    22:57:43.856 [Test worker] DEBUG org.hibernate.query.sqm.function.SqmFunctionRegistry -- Registered SqmFunctionTemplate [NamedSqmFunctionTemplate(day_of_year)] under day_of_year; prior registration was null
    22:57:43.856 [Test worker] DEBUG org.hibernate.query.sqm.function.SqmFunctionRegistry -- Registered SqmFunctionTemplate [NamedSqmFunctionTemplate(week)] under week; prior registration was null
    22:57:43.857 [Test worker] DEBUG org.hibernate.query.sqm.function.SqmFunctionRegistry -- Registered SqmFunctionTemplate [NamedSqmFunctionTemplate(quarter)] under quarter; prior registration was null
    22:57:43.857 [Test worker] DEBUG org.hibernate.query.sqm.function.SqmFunctionRegistry -- Registered SqmFunctionTemplate [NamedSqmFunctionTemplate(monthname)] under monthname; prior registration was null
    22:57:43.857 [Test worker] DEBUG org.hibernate.query.sqm.function.SqmFunctionRegistry -- Registered SqmFunctionTemplate [NamedSqmFunctionTemplate(dayname)] under dayname; prior registration was null
    22:57:43.857 [Test worker] DEBUG org.hibernate.query.sqm.function.SqmFunctionRegistry -- Registered SqmFunctionTemplate [NamedSqmFunctionTemplate(localtime)] under localtime; prior registration was null
    22:57:43.857 [Test worker] DEBUG org.hibernate.query.sqm.function.SqmFunctionRegistry -- Registered SqmFunctionTemplate [NamedSqmFunctionTemplate(localtimestamp)] under localtimestamp; prior registration was null
    22:57:43.857 [Test worker] DEBUG org.hibernate.query.sqm.function.SqmFunctionRegistry -- Registered SqmFunctionTemplate [NamedSqmFunctionTemplate(localtime)] under local_time; prior registration was org.hibernate.dialect.function.CurrentFunction@3111631d
    22:57:43.857 [Test worker] DEBUG org.hibernate.query.sqm.function.SqmFunctionRegistry -- Registered SqmFunctionTemplate [NamedSqmFunctionTemplate(localtimestamp)] under local_datetime; prior registration was org.hibernate.dialect.function.CurrentFunction@2d70f312
    22:57:43.858 [Test worker] DEBUG org.hibernate.query.sqm.function.SqmFunctionRegistry -- Registered SqmFunctionTemplate [org.hibernate.dialect.function.TruncFunction@783b3aa0] under trunc; prior registration was null
    22:57:43.858 [Test worker] DEBUG org.hibernate.query.sqm.function.SqmFunctionRegistry -- Registering alternate key : truncate -> trunc
    22:57:43.858 [Test worker] DEBUG org.hibernate.query.sqm.function.SqmFunctionRegistry -- Registered SqmFunctionTemplate [org.hibernate.query.sqm.function.PatternBasedSqmFunctionDescriptor@2ec85a25] under date_trunc; prior registration was null
    22:57:43.858 [Test worker] DEBUG org.hibernate.query.sqm.function.SqmFunctionRegistry -- Registered SqmFunctionTemplate [NamedSqmFunctionTemplate(bit_length)] under bit_length; prior registration was null
    22:57:43.858 [Test worker] DEBUG org.hibernate.query.sqm.function.SqmFunctionRegistry -- Registered SqmFunctionTemplate [NamedSqmFunctionTemplate(octet_length)] under octet_length; prior registration was null
    22:57:43.858 [Test worker] DEBUG org.hibernate.query.sqm.function.SqmFunctionRegistry -- Registered SqmFunctionTemplate [NamedSqmFunctionTemplate(ascii)] under ascii; prior registration was null
    22:57:43.858 [Test worker] DEBUG org.hibernate.query.sqm.function.SqmFunctionRegistry -- Registered SqmFunctionTemplate [NamedSqmFunctionTemplate(octet_length)] under octet_length; prior registration was NamedSqmFunctionTemplate(octet_length)
    22:57:43.858 [Test worker] DEBUG org.hibernate.query.sqm.function.SqmFunctionRegistry -- Registered SqmFunctionTemplate [NamedSqmFunctionTemplate(space)] under space; prior registration was null
    22:57:43.858 [Test worker] DEBUG org.hibernate.query.sqm.function.SqmFunctionRegistry -- Registered SqmFunctionTemplate [NamedSqmFunctionTemplate(repeat)] under repeat; prior registration was null
    22:57:43.858 [Test worker] DEBUG org.hibernate.query.sqm.function.SqmFunctionRegistry -- Registered SqmFunctionTemplate [NamedSqmFunctionTemplate(char)] under char; prior registration was null
    22:57:43.858 [Test worker] DEBUG org.hibernate.query.sqm.function.SqmFunctionRegistry -- Registering alternate key : chr -> char
    22:57:43.858 [Test worker] DEBUG org.hibernate.query.sqm.function.SqmFunctionRegistry -- Registered SqmFunctionTemplate [NamedSqmFunctionTemplate(instr)] under instr; prior registration was null
    22:57:43.858 [Test worker] DEBUG org.hibernate.query.sqm.function.SqmFunctionRegistry -- Registered SqmFunctionTemplate [NamedSqmFunctionTemplate(substr)] under substr; prior registration was null
    22:57:43.858 [Test worker] DEBUG org.hibernate.query.sqm.function.SqmFunctionRegistry -- Registered SqmFunctionTemplate [org.hibernate.query.sqm.function.PatternBasedSqmFunctionDescriptor@4c176ff1] under position; prior registration was org.hibernate.dialect.function.LocatePositionEmulation@433ef204
    22:57:43.859 [Test worker] DEBUG org.hibernate.query.sqm.function.SqmFunctionRegistry -- Registered SqmFunctionTemplate [NamedSqmFunctionTemplate(ltrim)] under ltrim; prior registration was null
    22:57:43.859 [Test worker] DEBUG org.hibernate.query.sqm.function.SqmFunctionRegistry -- Registered SqmFunctionTemplate [NamedSqmFunctionTemplate(rtrim)] under rtrim; prior registration was null
    22:57:43.859 [Test worker] DEBUG org.hibernate.query.sqm.function.SqmFunctionRegistry -- Registered SqmFunctionTemplate [org.hibernate.query.sqm.function.PatternBasedSqmFunctionDescriptor@27c53c32] under concat; prior registration was NamedSqmFunctionTemplate(concat)
    22:57:43.859 [Test worker] DEBUG org.hibernate.query.sqm.function.SqmFunctionRegistry -- Registered SqmFunctionTemplate [NamedSqmFunctionTemplate(curtime)] under curtime; prior registration was null
    22:57:43.859 [Test worker] DEBUG org.hibernate.query.sqm.function.SqmFunctionRegistry -- Registered SqmFunctionTemplate [NamedSqmFunctionTemplate(curdate)] under curdate; prior registration was null
    22:57:43.859 [Test worker] DEBUG org.hibernate.query.sqm.function.SqmFunctionRegistry -- Registered SqmFunctionTemplate [NamedSqmFunctionTemplate(now)] under now; prior registration was null
    22:57:43.859 [Test worker] DEBUG org.hibernate.query.sqm.function.SqmFunctionRegistry -- Registered SqmFunctionTemplate [NamedSqmFunctionTemplate(sysdate)] under sysdate; prior registration was null
    22:57:43.859 [Test worker] DEBUG org.hibernate.query.sqm.function.SqmFunctionRegistry -- Registered SqmFunctionTemplate [NamedSqmFunctionTemplate(insert)] under insert; prior registration was null
    22:57:43.859 [Test worker] DEBUG org.hibernate.query.sqm.function.SqmFunctionRegistry -- Registered SqmFunctionTemplate [NamedSqmFunctionTemplate(bool_and)] under bool_and; prior registration was null
    22:57:43.859 [Test worker] DEBUG org.hibernate.query.sqm.function.SqmFunctionRegistry -- Registering alternate key : every -> bool_and
    22:57:43.859 [Test worker] DEBUG org.hibernate.query.sqm.function.SqmFunctionRegistry -- Registered SqmFunctionTemplate [NamedSqmFunctionTemplate(bool_or)] under bool_or; prior registration was null
    22:57:43.859 [Test worker] DEBUG org.hibernate.query.sqm.function.SqmFunctionRegistry -- Registering alternate key : any -> bool_or
    22:57:43.859 [Test worker] DEBUG org.hibernate.query.sqm.function.SqmFunctionRegistry -- Registered SqmFunctionTemplate [NamedSqmFunctionTemplate(median)] under median; prior registration was null
    22:57:43.859 [Test worker] DEBUG org.hibernate.query.sqm.function.SqmFunctionRegistry -- Registered SqmFunctionTemplate [NamedSqmFunctionTemplate(stddev_pop)] under stddev_pop; prior registration was null
    22:57:43.859 [Test worker] DEBUG org.hibernate.query.sqm.function.SqmFunctionRegistry -- Registered SqmFunctionTemplate [NamedSqmFunctionTemplate(stddev_samp)] under stddev_samp; prior registration was null
    22:57:43.859 [Test worker] DEBUG org.hibernate.query.sqm.function.SqmFunctionRegistry -- Registered SqmFunctionTemplate [NamedSqmFunctionTemplate(var_pop)] under var_pop; prior registration was null
    22:57:43.859 [Test worker] DEBUG org.hibernate.query.sqm.function.SqmFunctionRegistry -- Registered SqmFunctionTemplate [NamedSqmFunctionTemplate(var_samp)] under var_samp; prior registration was null
    22:57:43.859 [Test worker] DEBUG org.hibernate.query.sqm.function.SqmFunctionRegistry -- Registered SqmFunctionTemplate [org.hibernate.dialect.function.FormatFunction@68aec50] under format; prior registration was org.hibernate.dialect.function.FormatFunction@6568f998
    22:57:43.859 [Test worker] DEBUG org.hibernate.query.sqm.function.SqmFunctionRegistry -- Registered SqmFunctionTemplate [NamedSqmFunctionTemplate(rownum)] under rownum; prior registration was null
    22:57:43.859 [Test worker] DEBUG org.hibernate.query.sqm.function.SqmFunctionRegistry -- Registered SqmFunctionTemplate [NamedSqmFunctionTemplate(row_number)] under row_number; prior registration was null
    22:57:43.859 [Test worker] DEBUG org.hibernate.query.sqm.function.SqmFunctionRegistry -- Registered SqmFunctionTemplate [NamedSqmFunctionTemplate(lag)] under lag; prior registration was null
    22:57:43.859 [Test worker] DEBUG org.hibernate.query.sqm.function.SqmFunctionRegistry -- Registered SqmFunctionTemplate [NamedSqmFunctionTemplate(lead)] under lead; prior registration was null
    22:57:43.859 [Test worker] DEBUG org.hibernate.query.sqm.function.SqmFunctionRegistry -- Registered SqmFunctionTemplate [NamedSqmFunctionTemplate(first_value)] under first_value; prior registration was null
    22:57:43.859 [Test worker] DEBUG org.hibernate.query.sqm.function.SqmFunctionRegistry -- Registered SqmFunctionTemplate [NamedSqmFunctionTemplate(last_value)] under last_value; prior registration was null
    22:57:43.859 [Test worker] DEBUG org.hibernate.query.sqm.function.SqmFunctionRegistry -- Registered SqmFunctionTemplate [NamedSqmFunctionTemplate(nth_value)] under nth_value; prior registration was null
    22:57:43.860 [Test worker] DEBUG org.hibernate.query.sqm.function.SqmFunctionRegistry -- Registered SqmFunctionTemplate [org.hibernate.dialect.function.InverseDistributionFunction@230232b0] under mode; prior registration was null
    22:57:43.860 [Test worker] DEBUG org.hibernate.query.sqm.function.SqmFunctionRegistry -- Registered SqmFunctionTemplate [org.hibernate.dialect.function.InverseDistributionFunction@44fd7ba4] under percentile_cont; prior registration was null
    22:57:43.860 [Test worker] DEBUG org.hibernate.query.sqm.function.SqmFunctionRegistry -- Registered SqmFunctionTemplate [org.hibernate.dialect.function.InverseDistributionFunction@22f8adc2] under percentile_disc; prior registration was null
    22:57:43.861 [Test worker] DEBUG org.hibernate.query.sqm.function.SqmFunctionRegistry -- Registered SqmFunctionTemplate [org.hibernate.dialect.function.HypotheticalSetFunction@130a6eb9] under rank; prior registration was null
    22:57:43.861 [Test worker] DEBUG org.hibernate.query.sqm.function.SqmFunctionRegistry -- Registered SqmFunctionTemplate [org.hibernate.dialect.function.HypotheticalSetFunction@722531ab] under dense_rank; prior registration was null
    22:57:43.861 [Test worker] DEBUG org.hibernate.query.sqm.function.SqmFunctionRegistry -- Registered SqmFunctionTemplate [org.hibernate.dialect.function.HypotheticalSetFunction@8f57e4c] under percent_rank; prior registration was null
    22:57:43.861 [Test worker] DEBUG org.hibernate.query.sqm.function.SqmFunctionRegistry -- Registered SqmFunctionTemplate [org.hibernate.dialect.function.HypotheticalSetFunction@26fadd98] under cume_dist; prior registration was null
    22:57:43.861 [Test worker] DEBUG org.hibernate.query.sqm.function.SqmFunctionRegistry -- Registered SqmFunctionTemplate [org.hibernate.dialect.function.ListaggFunction@6ef4cbe1] under listagg; prior registration was null
    22:57:43.863 [Test worker] DEBUG org.hibernate.HQL_FUNCTIONS -- abs(NUMERIC arg)
    22:57:43.863 [Test worker] DEBUG org.hibernate.HQL_FUNCTIONS -- Double acos(NUMERIC arg)
    22:57:43.863 [Test worker] DEBUG org.hibernate.HQL_FUNCTIONS -- Boolean any(BOOLEAN predicate)
    22:57:43.863 [Test worker] DEBUG org.hibernate.HQL_FUNCTIONS -- Integer ascii(STRING arg)
    22:57:43.863 [Test worker] DEBUG org.hibernate.HQL_FUNCTIONS -- Double asin(NUMERIC arg)
    22:57:43.863 [Test worker] DEBUG org.hibernate.HQL_FUNCTIONS -- Double atan(NUMERIC arg)
    22:57:43.864 [Test worker] DEBUG org.hibernate.HQL_FUNCTIONS -- Double atan2(NUMERIC arg0, NUMERIC arg1)
    22:57:43.864 [Test worker] DEBUG org.hibernate.HQL_FUNCTIONS -- Double avg(NUMERIC arg)
    22:57:43.864 [Test worker] DEBUG org.hibernate.HQL_FUNCTIONS -- bit_and(arg)
    22:57:43.864 [Test worker] DEBUG org.hibernate.HQL_FUNCTIONS -- Integer bit_length(STRING_OR_CLOB arg)
    22:57:43.864 [Test worker] DEBUG org.hibernate.HQL_FUNCTIONS -- bit_or(arg)
    22:57:43.864 [Test worker] DEBUG org.hibernate.HQL_FUNCTIONS -- bitand(arg0, arg1)
    22:57:43.864 [Test worker] DEBUG org.hibernate.HQL_FUNCTIONS -- bitor(arg0, arg1)
    22:57:43.864 [Test worker] DEBUG org.hibernate.HQL_FUNCTIONS -- bitxor(arg0, arg1)
    22:57:43.864 [Test worker] DEBUG org.hibernate.HQL_FUNCTIONS -- Boolean bool_and(BOOLEAN predicate)
    22:57:43.864 [Test worker] DEBUG org.hibernate.HQL_FUNCTIONS -- Boolean bool_or(BOOLEAN predicate)
    22:57:43.864 [Test worker] DEBUG org.hibernate.HQL_FUNCTIONS -- cast(arg as Type)
    22:57:43.864 [Test worker] DEBUG org.hibernate.HQL_FUNCTIONS -- ceiling(NUMERIC arg)
    22:57:43.864 [Test worker] DEBUG org.hibernate.HQL_FUNCTIONS -- Character char(INTEGER arg)
    22:57:43.864 [Test worker] DEBUG org.hibernate.HQL_FUNCTIONS -- Integer character_length(STRING_OR_CLOB arg)
    22:57:43.864 [Test worker] DEBUG org.hibernate.HQL_FUNCTIONS -- Character chr(INTEGER arg)
    22:57:43.864 [Test worker] DEBUG org.hibernate.HQL_FUNCTIONS -- coalesce(arg0[, arg1[, ...]])
    22:57:43.864 [Test worker] DEBUG org.hibernate.HQL_FUNCTIONS -- String collate(STRING string as COLLATION collation)
    22:57:43.864 [Test worker] DEBUG org.hibernate.HQL_FUNCTIONS -- String concat(STRING string0[, STRING string1[, ...]])
    22:57:43.864 [Test worker] DEBUG org.hibernate.HQL_FUNCTIONS -- Double cos(NUMERIC arg)
    22:57:43.864 [Test worker] DEBUG org.hibernate.HQL_FUNCTIONS -- Double cosh(NUMERIC arg)
    22:57:43.864 [Test worker] DEBUG org.hibernate.HQL_FUNCTIONS -- Double cot(NUMERIC arg)
    22:57:43.864 [Test worker] DEBUG org.hibernate.HQL_FUNCTIONS -- Long count([distinct ]{arg|*})
    22:57:43.864 [Test worker] DEBUG org.hibernate.HQL_FUNCTIONS -- Double cume_dist([arg0[, ...]])
    22:57:43.864 [Test worker] DEBUG org.hibernate.HQL_FUNCTIONS -- Date curdate()
    22:57:43.864 [Test worker] DEBUG org.hibernate.HQL_FUNCTIONS -- Date current date
    22:57:43.864 [Test worker] DEBUG org.hibernate.HQL_FUNCTIONS -- Time current time
    22:57:43.864 [Test worker] DEBUG org.hibernate.HQL_FUNCTIONS -- Timestamp current timestamp
    22:57:43.864 [Test worker] DEBUG org.hibernate.HQL_FUNCTIONS -- Date current_date
    22:57:43.864 [Test worker] DEBUG org.hibernate.HQL_FUNCTIONS -- Instant current_instant
    22:57:43.864 [Test worker] DEBUG org.hibernate.HQL_FUNCTIONS -- Time current_time
    22:57:43.864 [Test worker] DEBUG org.hibernate.HQL_FUNCTIONS -- Timestamp current_timestamp
    22:57:43.864 [Test worker] DEBUG org.hibernate.HQL_FUNCTIONS -- Time curtime()
    22:57:43.864 [Test worker] DEBUG org.hibernate.HQL_FUNCTIONS -- date_trunc(STRING field, TEMPORAL datetime)
    22:57:43.864 [Test worker] DEBUG org.hibernate.HQL_FUNCTIONS -- dateadd(TEMPORAL_UNIT field, INTEGER magnitude, TEMPORAL datetime)
    22:57:43.864 [Test worker] DEBUG org.hibernate.HQL_FUNCTIONS -- basicType@2(java.lang.Long,-5)|basicType@15(java.lang.Double,8) datediff(TEMPORAL_UNIT field, TEMPORAL start, TEMPORAL end)
    22:57:43.864 [Test worker] DEBUG org.hibernate.HQL_FUNCTIONS -- Integer day(DATE arg)
    22:57:43.864 [Test worker] DEBUG org.hibernate.HQL_FUNCTIONS -- Integer day_of_month(DATE arg)
    22:57:43.864 [Test worker] DEBUG org.hibernate.HQL_FUNCTIONS -- Integer day_of_week(DATE arg)
    22:57:43.865 [Test worker] DEBUG org.hibernate.HQL_FUNCTIONS -- Integer day_of_year(DATE arg)
    22:57:43.865 [Test worker] DEBUG org.hibernate.HQL_FUNCTIONS -- String dayname(DATE arg)
    22:57:43.865 [Test worker] DEBUG org.hibernate.HQL_FUNCTIONS -- Double degrees(NUMERIC arg)
    22:57:43.865 [Test worker] DEBUG org.hibernate.HQL_FUNCTIONS -- Long dense_rank([arg0[, ...]])
    22:57:43.865 [Test worker] DEBUG org.hibernate.HQL_FUNCTIONS -- Boolean every(BOOLEAN predicate)
    22:57:43.865 [Test worker] DEBUG org.hibernate.HQL_FUNCTIONS -- Double exp(NUMERIC arg)
    22:57:43.865 [Test worker] DEBUG org.hibernate.HQL_FUNCTIONS -- extract(TEMPORAL_UNIT field from TEMPORAL arg)
    22:57:43.865 [Test worker] DEBUG org.hibernate.HQL_FUNCTIONS -- first_valueANY value
    22:57:43.865 [Test worker] DEBUG org.hibernate.HQL_FUNCTIONS -- floor(NUMERIC arg)
    22:57:43.865 [Test worker] DEBUG org.hibernate.HQL_FUNCTIONS -- String format(TEMPORAL datetime as STRING pattern)
    22:57:43.865 [Test worker] DEBUG org.hibernate.HQL_FUNCTIONS -- greatest(COMPARABLE arg0, COMPARABLE arg1[, arg2[, ...]])
    22:57:43.865 [Test worker] DEBUG org.hibernate.HQL_FUNCTIONS -- Integer hour(TIME arg)
    22:57:43.865 [Test worker] DEBUG org.hibernate.HQL_FUNCTIONS -- ifnull(arg0, arg1)
    22:57:43.865 [Test worker] DEBUG org.hibernate.HQL_FUNCTIONS -- String insert(STRING string, INTEGER start, INTEGER length, STRING replacement)
    22:57:43.865 [Test worker] DEBUG org.hibernate.HQL_FUNCTIONS -- Instant instant
    22:57:43.865 [Test worker] DEBUG org.hibernate.HQL_FUNCTIONS -- Integer instr(STRING string, STRING pattern[, INTEGER start[, INTEGER occurrence]])
    22:57:43.865 [Test worker] DEBUG org.hibernate.HQL_FUNCTIONS -- lagANY value[, INTEGER offset[, ANY default]]
    22:57:43.865 [Test worker] DEBUG org.hibernate.HQL_FUNCTIONS -- last_valueANY value
    22:57:43.865 [Test worker] DEBUG org.hibernate.HQL_FUNCTIONS -- leadANY value[, INTEGER offset[, ANY default]]
    22:57:43.865 [Test worker] DEBUG org.hibernate.HQL_FUNCTIONS -- least(COMPARABLE arg0, COMPARABLE arg1[, arg2[, ...]])
    22:57:43.865 [Test worker] DEBUG org.hibernate.HQL_FUNCTIONS -- String left(STRING string, INTEGER length)
    22:57:43.865 [Test worker] DEBUG org.hibernate.HQL_FUNCTIONS -- Integer length(STRING_OR_CLOB arg)
    22:57:43.865 [Test worker] DEBUG org.hibernate.HQL_FUNCTIONS -- String listagg(STRING arg0, STRING arg1)
    22:57:43.865 [Test worker] DEBUG org.hibernate.HQL_FUNCTIONS -- Double ln(NUMERIC arg)
    22:57:43.865 [Test worker] DEBUG org.hibernate.HQL_FUNCTIONS -- LocalDate local date
    22:57:43.865 [Test worker] DEBUG org.hibernate.HQL_FUNCTIONS -- LocalDateTime local datetime
    22:57:43.865 [Test worker] DEBUG org.hibernate.HQL_FUNCTIONS -- LocalTime local time
    22:57:43.865 [Test worker] DEBUG org.hibernate.HQL_FUNCTIONS -- LocalDate local_date
    22:57:43.865 [Test worker] DEBUG org.hibernate.HQL_FUNCTIONS -- LocalDateTime local_datetime
    22:57:43.865 [Test worker] DEBUG org.hibernate.HQL_FUNCTIONS -- LocalTime local_time
    22:57:43.865 [Test worker] DEBUG org.hibernate.HQL_FUNCTIONS -- Time localtime
    22:57:43.865 [Test worker] DEBUG org.hibernate.HQL_FUNCTIONS -- Timestamp localtimestamp
    22:57:43.865 [Test worker] DEBUG org.hibernate.HQL_FUNCTIONS -- Integer locate(STRING pattern, STRING string[, INTEGER start])
    22:57:43.865 [Test worker] DEBUG org.hibernate.HQL_FUNCTIONS -- Double log(NUMERIC base, NUMERIC arg)
    22:57:43.865 [Test worker] DEBUG org.hibernate.HQL_FUNCTIONS -- Double log10(NUMERIC arg)
    22:57:43.865 [Test worker] DEBUG org.hibernate.HQL_FUNCTIONS -- String lower(STRING string)
    22:57:43.865 [Test worker] DEBUG org.hibernate.HQL_FUNCTIONS -- String lpad(STRING string, INTEGER length[, STRING padding])
    22:57:43.865 [Test worker] DEBUG org.hibernate.HQL_FUNCTIONS -- String ltrim(STRING string)
    22:57:43.865 [Test worker] DEBUG org.hibernate.HQL_FUNCTIONS -- max(COMPARABLE arg)
    22:57:43.865 [Test worker] DEBUG org.hibernate.HQL_FUNCTIONS -- Double median(NUMERIC arg)
    22:57:43.865 [Test worker] DEBUG org.hibernate.HQL_FUNCTIONS -- Integer microsecond(TIME arg)
    22:57:43.865 [Test worker] DEBUG org.hibernate.HQL_FUNCTIONS -- min(COMPARABLE arg)
    22:57:43.865 [Test worker] DEBUG org.hibernate.HQL_FUNCTIONS -- Integer minute(TIME arg)
    22:57:43.865 [Test worker] DEBUG org.hibernate.HQL_FUNCTIONS -- Integer mod(INTEGER arg0, INTEGER arg1)
    22:57:43.865 [Test worker] DEBUG org.hibernate.HQL_FUNCTIONS -- mode()
    22:57:43.865 [Test worker] DEBUG org.hibernate.HQL_FUNCTIONS -- Integer month(DATE arg)
    22:57:43.865 [Test worker] DEBUG org.hibernate.HQL_FUNCTIONS -- String monthname(DATE arg)
    22:57:43.865 [Test worker] DEBUG org.hibernate.HQL_FUNCTIONS -- Timestamp now()
    22:57:43.865 [Test worker] DEBUG org.hibernate.HQL_FUNCTIONS -- nth_valueANY value, INTEGER nth
    22:57:43.866 [Test worker] DEBUG org.hibernate.HQL_FUNCTIONS -- nullif(arg0, arg1)
    22:57:43.866 [Test worker] DEBUG org.hibernate.HQL_FUNCTIONS -- Integer octet_length(STRING_OR_CLOB arg)
    22:57:43.866 [Test worker] DEBUG org.hibernate.HQL_FUNCTIONS -- OffsetDateTime offset datetime
    22:57:43.866 [Test worker] DEBUG org.hibernate.HQL_FUNCTIONS -- OffsetDateTime offset_datetime
    22:57:43.866 [Test worker] DEBUG org.hibernate.HQL_FUNCTIONS -- String overlay(STRING string placing STRING replacement from INTEGER start[ for INTEGER length])
    22:57:43.866 [Test worker] DEBUG org.hibernate.HQL_FUNCTIONS -- String pad(STRING string with INTEGER length {leading|trailing}[ STRING character])
    22:57:43.866 [Test worker] DEBUG org.hibernate.HQL_FUNCTIONS -- Double percent_rank([arg0[, ...]])
    22:57:43.866 [Test worker] DEBUG org.hibernate.HQL_FUNCTIONS -- percentile_cont(NUMERIC arg)
    22:57:43.866 [Test worker] DEBUG org.hibernate.HQL_FUNCTIONS -- percentile_disc(NUMERIC arg)
    22:57:43.866 [Test worker] DEBUG org.hibernate.HQL_FUNCTIONS -- Double pi
    22:57:43.866 [Test worker] DEBUG org.hibernate.HQL_FUNCTIONS -- Integer position(STRING pattern in STRING string)
    22:57:43.866 [Test worker] DEBUG org.hibernate.HQL_FUNCTIONS -- Double power(NUMERIC arg0, NUMERIC arg1)
    22:57:43.866 [Test worker] DEBUG org.hibernate.HQL_FUNCTIONS -- Integer quarter(DATE arg)
    22:57:43.866 [Test worker] DEBUG org.hibernate.HQL_FUNCTIONS -- Double radians(NUMERIC arg)
    22:57:43.866 [Test worker] DEBUG org.hibernate.HQL_FUNCTIONS -- Double rand([INTEGER seed])
    22:57:43.866 [Test worker] DEBUG org.hibernate.HQL_FUNCTIONS -- Long rank([arg0[, ...]])
    22:57:43.866 [Test worker] DEBUG org.hibernate.HQL_FUNCTIONS -- String repeat(STRING string, INTEGER times)
    22:57:43.866 [Test worker] DEBUG org.hibernate.HQL_FUNCTIONS -- String replace(STRING string, STRING pattern, STRING replacement)
    22:57:43.866 [Test worker] DEBUG org.hibernate.HQL_FUNCTIONS -- String right(STRING string, INTEGER length)
    22:57:43.866 [Test worker] DEBUG org.hibernate.HQL_FUNCTIONS -- round(NUMERIC number[, INTEGER places])
    22:57:43.866 [Test worker] DEBUG org.hibernate.HQL_FUNCTIONS -- Long row_number()
    22:57:43.866 [Test worker] DEBUG org.hibernate.HQL_FUNCTIONS -- Long rownum()
    22:57:43.866 [Test worker] DEBUG org.hibernate.HQL_FUNCTIONS -- String rpad(STRING string, INTEGER length[, STRING padding])
    22:57:43.866 [Test worker] DEBUG org.hibernate.HQL_FUNCTIONS -- String rtrim(STRING string)
    22:57:43.866 [Test worker] DEBUG org.hibernate.HQL_FUNCTIONS -- Integer second(TIME arg)
    22:57:43.866 [Test worker] DEBUG org.hibernate.HQL_FUNCTIONS -- Integer sign(NUMERIC arg)
    22:57:43.866 [Test worker] DEBUG org.hibernate.HQL_FUNCTIONS -- Double sin(NUMERIC arg)
    22:57:43.866 [Test worker] DEBUG org.hibernate.HQL_FUNCTIONS -- Double sinh(NUMERIC arg)
    22:57:43.866 [Test worker] DEBUG org.hibernate.HQL_FUNCTIONS -- String soundex(arg)
    22:57:43.866 [Test worker] DEBUG org.hibernate.HQL_FUNCTIONS -- String space(INTEGER arg)
    22:57:43.866 [Test worker] DEBUG org.hibernate.HQL_FUNCTIONS -- Object sql
    22:57:43.866 [Test worker] DEBUG org.hibernate.HQL_FUNCTIONS -- Double sqrt(NUMERIC arg)
    22:57:43.866 [Test worker] DEBUG org.hibernate.HQL_FUNCTIONS -- Double stddev_pop(NUMERIC arg)
    22:57:43.866 [Test worker] DEBUG org.hibernate.HQL_FUNCTIONS -- Double stddev_samp(NUMERIC arg)
    22:57:43.866 [Test worker] DEBUG org.hibernate.HQL_FUNCTIONS -- String str(arg)
    22:57:43.866 [Test worker] DEBUG org.hibernate.HQL_FUNCTIONS -- String substr(STRING string, INTEGER start[, INTEGER length])
    22:57:43.866 [Test worker] DEBUG org.hibernate.HQL_FUNCTIONS -- String substring(STRING string{ from|,} INTEGER start[{ for|,} INTEGER length])
    22:57:43.866 [Test worker] DEBUG org.hibernate.HQL_FUNCTIONS -- sum(arg)
    22:57:43.866 [Test worker] DEBUG org.hibernate.HQL_FUNCTIONS -- Timestamp sysdate
    22:57:43.866 [Test worker] DEBUG org.hibernate.HQL_FUNCTIONS -- Double tan(NUMERIC arg)
    22:57:43.866 [Test worker] DEBUG org.hibernate.HQL_FUNCTIONS -- Double tanh(NUMERIC arg)
    22:57:43.866 [Test worker] DEBUG org.hibernate.HQL_FUNCTIONS -- timestampadd(TEMPORAL_UNIT field, INTEGER magnitude, TEMPORAL datetime)
    22:57:43.866 [Test worker] DEBUG org.hibernate.HQL_FUNCTIONS -- basicType@2(java.lang.Long,-5)|basicType@15(java.lang.Double,8) timestampdiff(TEMPORAL_UNIT field, TEMPORAL start, TEMPORAL end)
    22:57:43.866 [Test worker] DEBUG org.hibernate.HQL_FUNCTIONS -- String translate(STRING arg0, STRING arg1, STRING arg2)
    22:57:43.866 [Test worker] DEBUG org.hibernate.HQL_FUNCTIONS -- String trim([[{leading|trailing|both} ][STRING arg0 ]from] STRING arg1)
    22:57:43.866 [Test worker] DEBUG org.hibernate.HQL_FUNCTIONS -- trunc( ... )
    22:57:43.866 [Test worker] DEBUG org.hibernate.HQL_FUNCTIONS -- truncate( ... )
    22:57:43.866 [Test worker] DEBUG org.hibernate.HQL_FUNCTIONS -- String upper(STRING string)
    22:57:43.866 [Test worker] DEBUG org.hibernate.HQL_FUNCTIONS -- Double var_pop(NUMERIC arg)
    22:57:43.866 [Test worker] DEBUG org.hibernate.HQL_FUNCTIONS -- Double var_samp(NUMERIC arg)
    22:57:43.866 [Test worker] DEBUG org.hibernate.HQL_FUNCTIONS -- Integer week(DATE arg)
    22:57:43.866 [Test worker] DEBUG org.hibernate.HQL_FUNCTIONS -- Integer year(DATE arg)
    22:57:43.874 [Test worker] DEBUG org.hibernate.orm.query.plan.cache -- Starting QueryPlanCache(2048)
    22:57:43.917 [Test worker] DEBUG org.hibernate.service.internal.SessionFactoryServiceRegistryImpl -- EventListenerRegistry access via ServiceRegistry is deprecated.  Use `sessionFactory.getEventEngine().getListenerRegistry()` instead
    22:57:43.918 [Test worker] DEBUG org.hibernate.event.internal.EntityCopyObserverFactoryInitiator -- Configured EntityCopyObserver strategy: disallow
    22:57:43.953 [Test worker] DEBUG org.hibernate.boot.internal.ClassLoaderAccessImpl -- Not known whether passed class name [com.taskflow.models.Comment] is safe
    22:57:43.953 [Test worker] DEBUG org.hibernate.boot.internal.ClassLoaderAccessImpl -- No temp ClassLoader provided; using live ClassLoader for loading potentially unsafe class : com.taskflow.models.Comment
    22:57:43.958 [Test worker] DEBUG org.hibernate.bytecode.internal.bytebuddy.BytecodeProviderImpl -- HHH000513: Unable to create the ReflectionOptimizer for [com.taskflow.models.Comment]: private accessor [content]
    22:57:43.959 [Test worker] INFO org.hibernate.metamodel.internal.EntityInstantiatorPojoStandard -- HHH000182: No default (no-argument) constructor for class: com.taskflow.models.Comment (class must be instantiated by Interceptor)
    22:57:43.978 [Test worker] DEBUG org.hibernate.boot.internal.ClassLoaderAccessImpl -- Not known whether passed class name [com.taskflow.models.Task] is safe
    22:57:43.978 [Test worker] DEBUG org.hibernate.boot.internal.ClassLoaderAccessImpl -- No temp ClassLoader provided; using live ClassLoader for loading potentially unsafe class : com.taskflow.models.Task
    22:57:43.978 [Test worker] DEBUG org.hibernate.bytecode.internal.bytebuddy.BytecodeProviderImpl -- HHH000513: Unable to create the ReflectionOptimizer for [com.taskflow.models.Task]: private accessor [assignedTo]
    22:57:43.978 [Test worker] INFO org.hibernate.metamodel.internal.EntityInstantiatorPojoStandard -- HHH000182: No default (no-argument) constructor for class: com.taskflow.models.Task (class must be instantiated by Interceptor)
    22:57:43.979 [Test worker] DEBUG org.hibernate.boot.internal.ClassLoaderAccessImpl -- Not known whether passed class name [com.taskflow.models.ProjectMember] is safe
    22:57:43.979 [Test worker] DEBUG org.hibernate.boot.internal.ClassLoaderAccessImpl -- No temp ClassLoader provided; using live ClassLoader for loading potentially unsafe class : com.taskflow.models.ProjectMember
    22:57:43.979 [Test worker] DEBUG org.hibernate.bytecode.internal.bytebuddy.BytecodeProviderImpl -- HHH000513: Unable to create the ReflectionOptimizer for [com.taskflow.models.ProjectMember]: private accessor [createdAt]
    22:57:43.979 [Test worker] INFO org.hibernate.metamodel.internal.EntityInstantiatorPojoStandard -- HHH000182: No default (no-argument) constructor for class: com.taskflow.models.ProjectMember (class must be instantiated by Interceptor)
    22:57:43.980 [Test worker] DEBUG org.hibernate.boot.internal.ClassLoaderAccessImpl -- Not known whether passed class name [com.taskflow.models.TaskActivityLog] is safe
    22:57:43.980 [Test worker] DEBUG org.hibernate.boot.internal.ClassLoaderAccessImpl -- No temp ClassLoader provided; using live ClassLoader for loading potentially unsafe class : com.taskflow.models.TaskActivityLog
    22:57:43.980 [Test worker] DEBUG org.hibernate.bytecode.internal.bytebuddy.BytecodeProviderImpl -- HHH000513: Unable to create the ReflectionOptimizer for [com.taskflow.models.TaskActivityLog]: private accessor [action]
    22:57:43.980 [Test worker] INFO org.hibernate.metamodel.internal.EntityInstantiatorPojoStandard -- HHH000182: No default (no-argument) constructor for class: com.taskflow.models.TaskActivityLog (class must be instantiated by Interceptor)
    22:57:43.981 [Test worker] DEBUG org.hibernate.boot.internal.ClassLoaderAccessImpl -- Not known whether passed class name [com.taskflow.models.Label] is safe
    22:57:43.981 [Test worker] DEBUG org.hibernate.boot.internal.ClassLoaderAccessImpl -- No temp ClassLoader provided; using live ClassLoader for loading potentially unsafe class : com.taskflow.models.Label
    22:57:43.981 [Test worker] DEBUG org.hibernate.bytecode.internal.bytebuddy.BytecodeProviderImpl -- HHH000513: Unable to create the ReflectionOptimizer for [com.taskflow.models.Label]: private accessor [color]
    22:57:43.981 [Test worker] INFO org.hibernate.metamodel.internal.EntityInstantiatorPojoStandard -- HHH000182: No default (no-argument) constructor for class: com.taskflow.models.Label (class must be instantiated by Interceptor)
    22:57:43.981 [Test worker] DEBUG org.hibernate.boot.internal.ClassLoaderAccessImpl -- Not known whether passed class name [com.taskflow.models.Project] is safe
    22:57:43.981 [Test worker] DEBUG org.hibernate.boot.internal.ClassLoaderAccessImpl -- No temp ClassLoader provided; using live ClassLoader for loading potentially unsafe class : com.taskflow.models.Project
    22:57:43.981 [Test worker] DEBUG org.hibernate.bytecode.internal.bytebuddy.BytecodeProviderImpl -- HHH000513: Unable to create the ReflectionOptimizer for [com.taskflow.models.Project]: private accessor [createdAt]
    22:57:43.981 [Test worker] INFO org.hibernate.metamodel.internal.EntityInstantiatorPojoStandard -- HHH000182: No default (no-argument) constructor for class: com.taskflow.models.Project (class must be instantiated by Interceptor)
    22:57:43.982 [Test worker] DEBUG org.hibernate.boot.internal.ClassLoaderAccessImpl -- Not known whether passed class name [com.taskflow.models.User] is safe
    22:57:43.982 [Test worker] DEBUG org.hibernate.boot.internal.ClassLoaderAccessImpl -- No temp ClassLoader provided; using live ClassLoader for loading potentially unsafe class : com.taskflow.models.User
    22:57:43.982 [Test worker] DEBUG org.hibernate.bytecode.internal.bytebuddy.BytecodeProviderImpl -- HHH000513: Unable to create the ReflectionOptimizer for [com.taskflow.models.User]: private accessor [createdAt]
    22:57:43.982 [Test worker] INFO org.hibernate.metamodel.internal.EntityInstantiatorPojoStandard -- HHH000182: No default (no-argument) constructor for class: com.taskflow.models.User (class must be instantiated by Interceptor)
    22:57:43.983 [Test worker] DEBUG org.hibernate.boot.internal.ClassLoaderAccessImpl -- Not known whether passed class name [com.taskflow.models.Attachment] is safe
    22:57:43.983 [Test worker] DEBUG org.hibernate.boot.internal.ClassLoaderAccessImpl -- No temp ClassLoader provided; using live ClassLoader for loading potentially unsafe class : com.taskflow.models.Attachment
    22:57:43.983 [Test worker] DEBUG org.hibernate.bytecode.internal.bytebuddy.BytecodeProviderImpl -- HHH000513: Unable to create the ReflectionOptimizer for [com.taskflow.models.Attachment]: private accessor [filePath]
    22:57:43.983 [Test worker] INFO org.hibernate.metamodel.internal.EntityInstantiatorPojoStandard -- HHH000182: No default (no-argument) constructor for class: com.taskflow.models.Attachment (class must be instantiated by Interceptor)
    22:57:43.994 [Test worker] DEBUG org.hibernate.orm.jdbc.mutation -- Skipping collection (re)creation - com.taskflow.models.Project.tasks
    22:57:43.995 [Test worker] DEBUG org.hibernate.orm.jdbc.mutation -- Skipping collection row deletions - com.taskflow.models.Project.tasks
    22:57:43.995 [Test worker] DEBUG org.hibernate.orm.jdbc.mutation -- Skipping collection removals - com.taskflow.models.Project.tasks
    22:57:43.995 [Test worker] DEBUG org.hibernate.orm.jdbc.mutation -- Skipping collection (re)creation - com.taskflow.models.Task.attachments
    22:57:43.996 [Test worker] DEBUG org.hibernate.orm.jdbc.mutation -- Skipping collection row deletions - com.taskflow.models.Task.attachments
    22:57:43.996 [Test worker] DEBUG org.hibernate.orm.jdbc.mutation -- Skipping collection removals - com.taskflow.models.Task.attachments
    22:57:43.996 [Test worker] DEBUG org.hibernate.orm.jdbc.mutation -- Skipping collection (re)creation - com.taskflow.models.Task.comments
    22:57:43.996 [Test worker] DEBUG org.hibernate.orm.jdbc.mutation -- Skipping collection row deletions - com.taskflow.models.Task.comments
    22:57:43.996 [Test worker] DEBUG org.hibernate.orm.jdbc.mutation -- Skipping collection removals - com.taskflow.models.Task.comments
    22:57:43.997 [Test worker] DEBUG org.hibernate.orm.jdbc.mutation -- Skipping collection inserts - com.taskflow.models.Label.tasks
    22:57:43.997 [Test worker] DEBUG org.hibernate.orm.jdbc.mutation -- Skipping collection row updates - com.taskflow.models.Label.tasks
    22:57:43.997 [Test worker] DEBUG org.hibernate.orm.jdbc.mutation -- Skipping collection row deletions - com.taskflow.models.Label.tasks
    22:57:43.997 [Test worker] DEBUG org.hibernate.orm.jdbc.mutation -- Skipping collection removals - com.taskflow.models.Label.tasks
    22:57:43.997 [Test worker] DEBUG org.hibernate.orm.jdbc.mutation -- Skipping collection (re)creation - com.taskflow.models.Project.members
    22:57:43.997 [Test worker] DEBUG org.hibernate.orm.jdbc.mutation -- Skipping collection row deletions - com.taskflow.models.Project.members
    22:57:43.997 [Test worker] DEBUG org.hibernate.orm.jdbc.mutation -- Skipping collection removals - com.taskflow.models.Project.members
    22:57:43.998 [Test worker] DEBUG org.hibernate.orm.jdbc.mutation -- Skipping collection row updates - com.taskflow.models.Task.labels
    22:57:44.017 [Test worker] DEBUG org.hibernate.orm.model.mapping.creation -- Starting post-init callbacks
    22:57:44.017 [Test worker] DEBUG org.hibernate.orm.model.mapping.creation -- Starting PostInitCallbackEntry : To-one key - NavigableRole[com.taskflow.models.Comment.task]
    22:57:44.020 [Test worker] DEBUG org.hibernate.orm.model.mapping.creation -- Starting PostInitCallbackEntry : To-one key - NavigableRole[com.taskflow.models.Comment.user]
    22:57:44.020 [Test worker] DEBUG org.hibernate.orm.model.mapping.creation -- Starting PostInitCallbackEntry : Entity(com.taskflow.models.Comment) `staticFetchableList` generator
    22:57:44.020 [Test worker] DEBUG org.hibernate.orm.model.mapping.creation -- Starting PostInitCallbackEntry : To-one key - NavigableRole[com.taskflow.models.Task.assignedTo]
    22:57:44.020 [Test worker] DEBUG org.hibernate.orm.model.mapping.creation -- Starting PostInitCallbackEntry : PluralAttributeMapping( NavigableRole[com.taskflow.models.Task.attachments#{element}]) - element descriptor
    22:57:44.020 [Test worker] DEBUG org.hibernate.orm.model.mapping.creation -- Starting PostInitCallbackEntry : PluralAttributeMapping(com.taskflow.models.Task.attachments)#finishInitialization
    22:57:44.020 [Test worker] DEBUG org.hibernate.orm.model.mapping.creation -- Starting PostInitCallbackEntry : PluralAttributeMapping(com.taskflow.models.Task.attachments) - key descriptor
    22:57:44.020 [Test worker] DEBUG org.hibernate.orm.model.mapping.creation -- Starting PostInitCallbackEntry : PluralAttributeMapping( NavigableRole[com.taskflow.models.Task.comments#{element}]) - element descriptor
    22:57:44.020 [Test worker] DEBUG org.hibernate.orm.model.mapping.creation -- Starting PostInitCallbackEntry : PluralAttributeMapping(com.taskflow.models.Task.comments)#finishInitialization
    22:57:44.020 [Test worker] DEBUG org.hibernate.orm.model.mapping.creation -- Starting PostInitCallbackEntry : PluralAttributeMapping(com.taskflow.models.Task.comments) - key descriptor
    22:57:44.020 [Test worker] DEBUG org.hibernate.orm.model.mapping.creation -- Starting PostInitCallbackEntry : PluralAttributeMapping( NavigableRole[com.taskflow.models.Task.labels#{element}]) - element descriptor
    22:57:44.020 [Test worker] DEBUG org.hibernate.orm.model.mapping.creation -- Starting PostInitCallbackEntry : PluralAttributeMapping(com.taskflow.models.Task.labels)#finishInitialization
    22:57:44.020 [Test worker] DEBUG org.hibernate.orm.model.mapping.creation -- Starting PostInitCallbackEntry : PluralAttributeMapping(com.taskflow.models.Task.labels) - key descriptor
    22:57:44.021 [Test worker] DEBUG org.hibernate.orm.model.mapping.creation -- Starting PostInitCallbackEntry : To-one key - NavigableRole[com.taskflow.models.Task.project]
    22:57:44.021 [Test worker] DEBUG org.hibernate.orm.model.mapping.creation -- Starting PostInitCallbackEntry : Entity(com.taskflow.models.Task) `staticFetchableList` generator
    22:57:44.021 [Test worker] DEBUG org.hibernate.orm.model.mapping.creation -- Starting PostInitCallbackEntry : To-one key - NavigableRole[com.taskflow.models.ProjectMember.project]
    22:57:44.021 [Test worker] DEBUG org.hibernate.orm.model.mapping.creation -- Starting PostInitCallbackEntry : To-one key - NavigableRole[com.taskflow.models.ProjectMember.user]
    22:57:44.021 [Test worker] DEBUG org.hibernate.orm.model.mapping.creation -- Starting PostInitCallbackEntry : Entity(com.taskflow.models.ProjectMember) `staticFetchableList` generator
    22:57:44.021 [Test worker] DEBUG org.hibernate.orm.model.mapping.creation -- Starting PostInitCallbackEntry : To-one key - NavigableRole[com.taskflow.models.TaskActivityLog.task]
    22:57:44.021 [Test worker] DEBUG org.hibernate.orm.model.mapping.creation -- Starting PostInitCallbackEntry : To-one key - NavigableRole[com.taskflow.models.TaskActivityLog.user]
    22:57:44.021 [Test worker] DEBUG org.hibernate.orm.model.mapping.creation -- Starting PostInitCallbackEntry : Entity(com.taskflow.models.TaskActivityLog) `staticFetchableList` generator
    22:57:44.021 [Test worker] DEBUG org.hibernate.orm.model.mapping.creation -- Starting PostInitCallbackEntry : PluralAttributeMapping( NavigableRole[com.taskflow.models.Label.tasks#{element}]) - element descriptor
    22:57:44.021 [Test worker] DEBUG org.hibernate.orm.model.mapping.creation -- Starting PostInitCallbackEntry : PluralAttributeMapping(com.taskflow.models.Label.tasks)#finishInitialization
    22:57:44.021 [Test worker] DEBUG org.hibernate.orm.model.mapping.creation -- Starting PostInitCallbackEntry : PluralAttributeMapping(com.taskflow.models.Label.tasks) - key descriptor
    22:57:44.021 [Test worker] DEBUG org.hibernate.orm.model.mapping.creation -- Starting PostInitCallbackEntry : Entity(com.taskflow.models.Label) `staticFetchableList` generator
    22:57:44.021 [Test worker] DEBUG org.hibernate.orm.model.mapping.creation -- Starting PostInitCallbackEntry : PluralAttributeMapping( NavigableRole[com.taskflow.models.Project.members#{element}]) - element descriptor
    22:57:44.021 [Test worker] DEBUG org.hibernate.orm.model.mapping.creation -- Starting PostInitCallbackEntry : PluralAttributeMapping(com.taskflow.models.Project.members)#finishInitialization
    22:57:44.021 [Test worker] DEBUG org.hibernate.orm.model.mapping.creation -- Starting PostInitCallbackEntry : PluralAttributeMapping(com.taskflow.models.Project.members) - key descriptor
    22:57:44.021 [Test worker] DEBUG org.hibernate.orm.model.mapping.creation -- Starting PostInitCallbackEntry : To-one key - NavigableRole[com.taskflow.models.Project.owner]
    22:57:44.021 [Test worker] DEBUG org.hibernate.orm.model.mapping.creation -- Starting PostInitCallbackEntry : PluralAttributeMapping( NavigableRole[com.taskflow.models.Project.tasks#{element}]) - element descriptor
    22:57:44.021 [Test worker] DEBUG org.hibernate.orm.model.mapping.creation -- Starting PostInitCallbackEntry : PluralAttributeMapping(com.taskflow.models.Project.tasks)#finishInitialization
    22:57:44.021 [Test worker] DEBUG org.hibernate.orm.model.mapping.creation -- Starting PostInitCallbackEntry : PluralAttributeMapping(com.taskflow.models.Project.tasks) - key descriptor
    22:57:44.021 [Test worker] DEBUG org.hibernate.orm.model.mapping.creation -- Starting PostInitCallbackEntry : Entity(com.taskflow.models.Project) `staticFetchableList` generator
    22:57:44.021 [Test worker] DEBUG org.hibernate.orm.model.mapping.creation -- Starting PostInitCallbackEntry : Entity(com.taskflow.models.User) `staticFetchableList` generator
    22:57:44.021 [Test worker] DEBUG org.hibernate.orm.model.mapping.creation -- Starting PostInitCallbackEntry : To-one key - NavigableRole[com.taskflow.models.Attachment.task]
    22:57:44.021 [Test worker] DEBUG org.hibernate.orm.model.mapping.creation -- Starting PostInitCallbackEntry : Entity(com.taskflow.models.Attachment) `staticFetchableList` generator
    22:57:44.021 [Test worker] DEBUG org.hibernate.orm.model.mapping.creation -- Starting PostInitCallbackEntry : PluralAttributeMapping( NavigableRole[com.taskflow.models.Task.attachments#{element}]) - element descriptor
    22:57:44.021 [Test worker] DEBUG org.hibernate.orm.model.mapping.creation -- Starting PostInitCallbackEntry : PluralAttributeMapping( NavigableRole[com.taskflow.models.Task.comments#{element}]) - element descriptor
    22:57:44.021 [Test worker] DEBUG org.hibernate.orm.model.mapping.creation -- Starting PostInitCallbackEntry : PluralAttributeMapping( NavigableRole[com.taskflow.models.Project.members#{element}]) - element descriptor
    22:57:44.021 [Test worker] DEBUG org.hibernate.orm.model.mapping.creation -- Starting PostInitCallbackEntry : PluralAttributeMapping( NavigableRole[com.taskflow.models.Project.tasks#{element}]) - element descriptor
    22:57:44.047 [Test worker] DEBUG org.hibernate.persister.entity.AbstractEntityPersister -- Static SQL for entity: com.taskflow.models.Comment
    22:57:44.047 [Test worker] DEBUG org.hibernate.persister.entity.AbstractEntityPersister --  Version select: select id from comments where id=?
    22:57:44.047 [Test worker] DEBUG org.hibernate.persister.entity.AbstractEntityPersister --  Insert (0): insert into comments (content,created_at,task_id,user_id,id) values (?,?,?,?,default)
    22:57:44.047 [Test worker] DEBUG org.hibernate.persister.entity.AbstractEntityPersister --  Update (0): update comments set content=?,task_id=?,user_id=? where id=?
    22:57:44.047 [Test worker] DEBUG org.hibernate.persister.entity.AbstractEntityPersister --  Delete (0): delete from comments where id=?
    22:57:44.053 [Test worker] DEBUG org.hibernate.orm.sql.ast.create -- Created new SQL alias : c1_0
    22:57:44.054 [Test worker] DEBUG org.hibernate.orm.sql.ast.create -- Registration of TableGroup [StandardTableGroup(com.taskflow.models.Comment)] with identifierForTableGroup [com.taskflow.models.Comment] for NavigablePath [com.taskflow.models.Comment] 
    22:57:44.060 [Test worker] DEBUG org.hibernate.orm.sql.ast.create -- Registration of TableGroup [org.hibernate.sql.ast.tree.from.LazyTableGroup@2109a691] with identifierForTableGroup [com.taskflow.models.Comment.task] for NavigablePath [com.taskflow.models.Comment.task] 
    22:57:44.061 [Test worker] DEBUG org.hibernate.orm.sql.ast.create -- Registration of TableGroup [org.hibernate.sql.ast.tree.from.LazyTableGroup@636dbfe7] with identifierForTableGroup [com.taskflow.models.Comment.user] for NavigablePath [com.taskflow.models.Comment.user] 
    22:57:44.065 [Test worker] DEBUG org.hibernate.orm.results.graph.AST -- DomainResult Graph:
     \-EntityResultImpl [com.taskflow.models.Comment]
     |  +-BasicFetch [com.taskflow.models.Comment.content]
     |  +-BasicFetch [com.taskflow.models.Comment.createdAt]
     |  +-EntityFetchSelectImpl [com.taskflow.models.Comment.task]
     |  \-EntityFetchSelectImpl [com.taskflow.models.Comment.user]

    22:57:44.067 [Test worker] DEBUG org.hibernate.orm.sql.ast.tree -- SQL AST Tree:
        SelectStatement {
          FromClause {
            StandardTableGroup (c1 : com.taskflow.models.Comment) {
              primaryTableReference : comments as c1_0
              TableGroupJoins {
                left  join LazyTableGroup (t1 : com.taskflow.models.Comment.task) {
                }
                left  join LazyTableGroup (u1 : com.taskflow.models.Comment.user) {
                }
              }
            }
          }
        }

    22:57:44.071 [Test worker] DEBUG org.hibernate.persister.entity.AbstractEntityPersister -- Static SQL for entity: com.taskflow.models.Task
    22:57:44.071 [Test worker] DEBUG org.hibernate.persister.entity.AbstractEntityPersister --  Version select: select id from tasks where id=?
    22:57:44.071 [Test worker] DEBUG org.hibernate.persister.entity.AbstractEntityPersister --  Insert (0): insert into tasks (assigned_to,created_at,description,due_date,priority,project_id,status,title,updated_at,id) values (?,?,?,?,?,?,?,?,?,default)
    22:57:44.071 [Test worker] DEBUG org.hibernate.persister.entity.AbstractEntityPersister --  Update (0): update tasks set assigned_to=?,description=?,due_date=?,priority=?,project_id=?,status=?,title=?,updated_at=? where id=?
    22:57:44.071 [Test worker] DEBUG org.hibernate.persister.entity.AbstractEntityPersister --  Delete (0): delete from tasks where id=?
    22:57:44.071 [Test worker] DEBUG org.hibernate.orm.sql.ast.create -- Created new SQL alias : t1_0
    22:57:44.071 [Test worker] DEBUG org.hibernate.orm.sql.ast.create -- Registration of TableGroup [StandardTableGroup(com.taskflow.models.Task)] with identifierForTableGroup [com.taskflow.models.Task] for NavigablePath [com.taskflow.models.Task] 
    22:57:44.071 [Test worker] DEBUG org.hibernate.orm.sql.ast.create -- Registration of TableGroup [org.hibernate.sql.ast.tree.from.LazyTableGroup@63262071] with identifierForTableGroup [com.taskflow.models.Task.assignedTo] for NavigablePath [com.taskflow.models.Task.assignedTo] 
    22:57:44.071 [Test worker] DEBUG org.hibernate.orm.sql.ast.create -- Registration of TableGroup [org.hibernate.sql.ast.tree.from.LazyTableGroup@33187485] with identifierForTableGroup [com.taskflow.models.Task.project] for NavigablePath [com.taskflow.models.Task.project] 
    22:57:44.072 [Test worker] DEBUG org.hibernate.orm.results.graph.AST -- DomainResult Graph:
     \-EntityResultImpl [com.taskflow.models.Task]
     |  +-EntityFetchSelectImpl [com.taskflow.models.Task.assignedTo]
     |  +-DelayedCollectionFetch [com.taskflow.models.Task.attachments]
     |  +-DelayedCollectionFetch [com.taskflow.models.Task.comments]
     |  +-BasicFetch [com.taskflow.models.Task.createdAt]
     |  +-BasicFetch [com.taskflow.models.Task.description]
     |  +-BasicFetch [com.taskflow.models.Task.dueDate]
     |  +-DelayedCollectionFetch [com.taskflow.models.Task.labels]
     |  +-BasicFetch [com.taskflow.models.Task.priority]
     |  +-EntityFetchSelectImpl [com.taskflow.models.Task.project]
     |  +-BasicFetch [com.taskflow.models.Task.status]
     |  +-BasicFetch [com.taskflow.models.Task.title]
     |  \-BasicFetch [com.taskflow.models.Task.updatedAt]

    22:57:44.072 [Test worker] DEBUG org.hibernate.orm.sql.ast.tree -- SQL AST Tree:
        SelectStatement {
          FromClause {
            StandardTableGroup (t1 : com.taskflow.models.Task) {
              primaryTableReference : tasks as t1_0
              TableGroupJoins {
                left  join LazyTableGroup (a1 : com.taskflow.models.Task.assignedTo) {
                }
                left  join LazyTableGroup (p1 : com.taskflow.models.Task.project) {
                }
              }
            }
          }
        }

    22:57:44.072 [Test worker] DEBUG org.hibernate.persister.entity.AbstractEntityPersister -- Static SQL for entity: com.taskflow.models.ProjectMember
    22:57:44.072 [Test worker] DEBUG org.hibernate.persister.entity.AbstractEntityPersister --  Version select: select id from project_members where id=?
    22:57:44.072 [Test worker] DEBUG org.hibernate.persister.entity.AbstractEntityPersister --  Insert (0): insert into project_members (created_at,project_id,role,user_id,id) values (?,?,?,?,default)
    22:57:44.072 [Test worker] DEBUG org.hibernate.persister.entity.AbstractEntityPersister --  Update (0): update project_members set project_id=?,role=?,user_id=? where id=?
    22:57:44.072 [Test worker] DEBUG org.hibernate.persister.entity.AbstractEntityPersister --  Delete (0): delete from project_members where id=?
    22:57:44.072 [Test worker] DEBUG org.hibernate.orm.sql.ast.create -- Created new SQL alias : p1_0
    22:57:44.072 [Test worker] DEBUG org.hibernate.orm.sql.ast.create -- Registration of TableGroup [StandardTableGroup(com.taskflow.models.ProjectMember)] with identifierForTableGroup [com.taskflow.models.ProjectMember] for NavigablePath [com.taskflow.models.ProjectMember] 
    22:57:44.073 [Test worker] DEBUG org.hibernate.orm.sql.ast.create -- Registration of TableGroup [org.hibernate.sql.ast.tree.from.LazyTableGroup@6caa4dc5] with identifierForTableGroup [com.taskflow.models.ProjectMember.project] for NavigablePath [com.taskflow.models.ProjectMember.project] 
    22:57:44.073 [Test worker] DEBUG org.hibernate.orm.sql.ast.create -- Registration of TableGroup [org.hibernate.sql.ast.tree.from.LazyTableGroup@6ed51944] with identifierForTableGroup [com.taskflow.models.ProjectMember.user] for NavigablePath [com.taskflow.models.ProjectMember.user] 
    22:57:44.073 [Test worker] DEBUG org.hibernate.orm.results.graph.AST -- DomainResult Graph:
     \-EntityResultImpl [com.taskflow.models.ProjectMember]
     |  +-BasicFetch [com.taskflow.models.ProjectMember.createdAt]
     |  +-EntityFetchSelectImpl [com.taskflow.models.ProjectMember.project]
     |  +-BasicFetch [com.taskflow.models.ProjectMember.role]
     |  \-EntityFetchSelectImpl [com.taskflow.models.ProjectMember.user]

    22:57:44.073 [Test worker] DEBUG org.hibernate.orm.sql.ast.tree -- SQL AST Tree:
        SelectStatement {
          FromClause {
            StandardTableGroup (p1 : com.taskflow.models.ProjectMember) {
              primaryTableReference : project_members as p1_0
              TableGroupJoins {
                left  join LazyTableGroup (p2 : com.taskflow.models.ProjectMember.project) {
                }
                left  join LazyTableGroup (u1 : com.taskflow.models.ProjectMember.user) {
                }
              }
            }
          }
        }

    22:57:44.073 [Test worker] DEBUG org.hibernate.persister.entity.AbstractEntityPersister -- Static SQL for entity: com.taskflow.models.TaskActivityLog
    22:57:44.073 [Test worker] DEBUG org.hibernate.persister.entity.AbstractEntityPersister --  Version select: select id from task_activity_log where id=?
    22:57:44.073 [Test worker] DEBUG org.hibernate.persister.entity.AbstractEntityPersister --  Insert (0): insert into task_activity_log (action,created_at,new_value,old_value,task_id,user_id,id) values (?,?,?,?,?,?,default)
    22:57:44.073 [Test worker] DEBUG org.hibernate.persister.entity.AbstractEntityPersister --  Update (0): update task_activity_log set action=?,new_value=?,old_value=?,task_id=?,user_id=? where id=?
    22:57:44.074 [Test worker] DEBUG org.hibernate.persister.entity.AbstractEntityPersister --  Delete (0): delete from task_activity_log where id=?
    22:57:44.074 [Test worker] DEBUG org.hibernate.orm.sql.ast.create -- Created new SQL alias : t1_0
    22:57:44.074 [Test worker] DEBUG org.hibernate.orm.sql.ast.create -- Registration of TableGroup [StandardTableGroup(com.taskflow.models.TaskActivityLog)] with identifierForTableGroup [com.taskflow.models.TaskActivityLog] for NavigablePath [com.taskflow.models.TaskActivityLog] 
    22:57:44.074 [Test worker] DEBUG org.hibernate.orm.sql.ast.create -- Registration of TableGroup [org.hibernate.sql.ast.tree.from.LazyTableGroup@26463a6] with identifierForTableGroup [com.taskflow.models.TaskActivityLog.task] for NavigablePath [com.taskflow.models.TaskActivityLog.task] 
    22:57:44.074 [Test worker] DEBUG org.hibernate.orm.sql.ast.create -- Registration of TableGroup [org.hibernate.sql.ast.tree.from.LazyTableGroup@6c5ae8fd] with identifierForTableGroup [com.taskflow.models.TaskActivityLog.user] for NavigablePath [com.taskflow.models.TaskActivityLog.user] 
    22:57:44.074 [Test worker] DEBUG org.hibernate.orm.results.graph.AST -- DomainResult Graph:
     \-EntityResultImpl [com.taskflow.models.TaskActivityLog]
     |  +-BasicFetch [com.taskflow.models.TaskActivityLog.action]
     |  +-BasicFetch [com.taskflow.models.TaskActivityLog.createdAt]
     |  +-BasicFetch [com.taskflow.models.TaskActivityLog.newValue]
     |  +-BasicFetch [com.taskflow.models.TaskActivityLog.oldValue]
     |  +-EntityFetchSelectImpl [com.taskflow.models.TaskActivityLog.task]
     |  \-EntityFetchSelectImpl [com.taskflow.models.TaskActivityLog.user]

    22:57:44.074 [Test worker] DEBUG org.hibernate.orm.sql.ast.tree -- SQL AST Tree:
        SelectStatement {
          FromClause {
            StandardTableGroup (t1 : com.taskflow.models.TaskActivityLog) {
              primaryTableReference : task_activity_log as t1_0
              TableGroupJoins {
                left  join LazyTableGroup (t2 : com.taskflow.models.TaskActivityLog.task) {
                }
                left  join LazyTableGroup (u1 : com.taskflow.models.TaskActivityLog.user) {
                }
              }
            }
          }
        }

    22:57:44.075 [Test worker] DEBUG org.hibernate.persister.entity.AbstractEntityPersister -- Static SQL for entity: com.taskflow.models.Label
    22:57:44.075 [Test worker] DEBUG org.hibernate.persister.entity.AbstractEntityPersister --  Version select: select id from labels where id=?
    22:57:44.075 [Test worker] DEBUG org.hibernate.persister.entity.AbstractEntityPersister --  Insert (0): insert into labels (color,created_at,name,id) values (?,?,?,default)
    22:57:44.075 [Test worker] DEBUG org.hibernate.persister.entity.AbstractEntityPersister --  Update (0): update labels set color=?,name=? where id=?
    22:57:44.075 [Test worker] DEBUG org.hibernate.persister.entity.AbstractEntityPersister --  Delete (0): delete from labels where id=?
    22:57:44.075 [Test worker] DEBUG org.hibernate.orm.sql.ast.create -- Created new SQL alias : l1_0
    22:57:44.075 [Test worker] DEBUG org.hibernate.orm.sql.ast.create -- Registration of TableGroup [StandardTableGroup(com.taskflow.models.Label)] with identifierForTableGroup [com.taskflow.models.Label] for NavigablePath [com.taskflow.models.Label] 
    22:57:44.075 [Test worker] DEBUG org.hibernate.orm.results.graph.AST -- DomainResult Graph:
     \-EntityResultImpl [com.taskflow.models.Label]
     |  +-BasicFetch [com.taskflow.models.Label.color]
     |  +-BasicFetch [com.taskflow.models.Label.createdAt]
     |  +-BasicFetch [com.taskflow.models.Label.name]
     |  \-DelayedCollectionFetch [com.taskflow.models.Label.tasks]

    22:57:44.075 [Test worker] DEBUG org.hibernate.orm.sql.ast.tree -- SQL AST Tree:
        SelectStatement {
          FromClause {
            StandardTableGroup (l1 : com.taskflow.models.Label) {
              primaryTableReference : labels as l1_0
            }
          }
        }

    22:57:44.075 [Test worker] DEBUG org.hibernate.persister.entity.AbstractEntityPersister -- Static SQL for entity: com.taskflow.models.Project
    22:57:44.075 [Test worker] DEBUG org.hibernate.persister.entity.AbstractEntityPersister --  Version select: select id from projects where id=?
    22:57:44.075 [Test worker] DEBUG org.hibernate.persister.entity.AbstractEntityPersister --  Insert (0): insert into projects (created_at,description,name,owner_id,updated_at,id) values (?,?,?,?,?,default)
    22:57:44.075 [Test worker] DEBUG org.hibernate.persister.entity.AbstractEntityPersister --  Update (0): update projects set description=?,name=?,owner_id=?,updated_at=? where id=?
    22:57:44.075 [Test worker] DEBUG org.hibernate.persister.entity.AbstractEntityPersister --  Delete (0): delete from projects where id=?
    22:57:44.075 [Test worker] DEBUG org.hibernate.orm.sql.ast.create -- Created new SQL alias : p1_0
    22:57:44.076 [Test worker] DEBUG org.hibernate.orm.sql.ast.create -- Registration of TableGroup [StandardTableGroup(com.taskflow.models.Project)] with identifierForTableGroup [com.taskflow.models.Project] for NavigablePath [com.taskflow.models.Project] 
    22:57:44.076 [Test worker] DEBUG org.hibernate.orm.sql.ast.create -- Registration of TableGroup [org.hibernate.sql.ast.tree.from.LazyTableGroup@674aa626] with identifierForTableGroup [com.taskflow.models.Project.owner] for NavigablePath [com.taskflow.models.Project.owner] 
    22:57:44.076 [Test worker] DEBUG org.hibernate.orm.results.graph.AST -- DomainResult Graph:
     \-EntityResultImpl [com.taskflow.models.Project]
     |  +-BasicFetch [com.taskflow.models.Project.createdAt]
     |  +-BasicFetch [com.taskflow.models.Project.description]
     |  +-DelayedCollectionFetch [com.taskflow.models.Project.members]
     |  +-BasicFetch [com.taskflow.models.Project.name]
     |  +-EntityFetchSelectImpl [com.taskflow.models.Project.owner]
     |  +-DelayedCollectionFetch [com.taskflow.models.Project.tasks]
     |  \-BasicFetch [com.taskflow.models.Project.updatedAt]

    22:57:44.076 [Test worker] DEBUG org.hibernate.orm.sql.ast.tree -- SQL AST Tree:
        SelectStatement {
          FromClause {
            StandardTableGroup (p1 : com.taskflow.models.Project) {
              primaryTableReference : projects as p1_0
              TableGroupJoins {
                left  join LazyTableGroup (o1 : com.taskflow.models.Project.owner) {
                }
              }
            }
          }
        }

    22:57:44.076 [Test worker] DEBUG org.hibernate.persister.entity.AbstractEntityPersister -- Static SQL for entity: com.taskflow.models.User
    22:57:44.076 [Test worker] DEBUG org.hibernate.persister.entity.AbstractEntityPersister --  Version select: select id from users where id=?
    22:57:44.076 [Test worker] DEBUG org.hibernate.persister.entity.AbstractEntityPersister --  Insert (0): insert into users (created_at,email,password,updated_at,username,id) values (?,?,?,?,?,default)
    22:57:44.076 [Test worker] DEBUG org.hibernate.persister.entity.AbstractEntityPersister --  Update (0): update users set email=?,password=?,updated_at=?,username=? where id=?
    22:57:44.076 [Test worker] DEBUG org.hibernate.persister.entity.AbstractEntityPersister --  Delete (0): delete from users where id=?
    22:57:44.076 [Test worker] DEBUG org.hibernate.orm.sql.ast.create -- Created new SQL alias : u1_0
    22:57:44.076 [Test worker] DEBUG org.hibernate.orm.sql.ast.create -- Registration of TableGroup [StandardTableGroup(com.taskflow.models.User)] with identifierForTableGroup [com.taskflow.models.User] for NavigablePath [com.taskflow.models.User] 
    22:57:44.077 [Test worker] DEBUG org.hibernate.orm.results.graph.AST -- DomainResult Graph:
     \-EntityResultImpl [com.taskflow.models.User]
     |  +-BasicFetch [com.taskflow.models.User.createdAt]
     |  +-BasicFetch [com.taskflow.models.User.email]
     |  +-BasicFetch [com.taskflow.models.User.password]
     |  +-BasicFetch [com.taskflow.models.User.updatedAt]
     |  \-BasicFetch [com.taskflow.models.User.username]

    22:57:44.077 [Test worker] DEBUG org.hibernate.orm.sql.ast.tree -- SQL AST Tree:
        SelectStatement {
          FromClause {
            StandardTableGroup (u1 : com.taskflow.models.User) {
              primaryTableReference : users as u1_0
            }
          }
        }

    22:57:44.077 [Test worker] DEBUG org.hibernate.persister.entity.AbstractEntityPersister -- Static SQL for entity: com.taskflow.models.Attachment
    22:57:44.077 [Test worker] DEBUG org.hibernate.persister.entity.AbstractEntityPersister --  Version select: select id from attachments where id=?
    22:57:44.077 [Test worker] DEBUG org.hibernate.persister.entity.AbstractEntityPersister --  Insert (0): insert into attachments (file_path,task_id,uploaded_at,id) values (?,?,?,default)
    22:57:44.077 [Test worker] DEBUG org.hibernate.persister.entity.AbstractEntityPersister --  Update (0): update attachments set file_path=?,task_id=? where id=?
    22:57:44.077 [Test worker] DEBUG org.hibernate.persister.entity.AbstractEntityPersister --  Delete (0): delete from attachments where id=?
    22:57:44.077 [Test worker] DEBUG org.hibernate.orm.sql.ast.create -- Created new SQL alias : a1_0
    22:57:44.077 [Test worker] DEBUG org.hibernate.orm.sql.ast.create -- Registration of TableGroup [StandardTableGroup(com.taskflow.models.Attachment)] with identifierForTableGroup [com.taskflow.models.Attachment] for NavigablePath [com.taskflow.models.Attachment] 
    22:57:44.077 [Test worker] DEBUG org.hibernate.orm.sql.ast.create -- Registration of TableGroup [org.hibernate.sql.ast.tree.from.LazyTableGroup@6d3163a6] with identifierForTableGroup [com.taskflow.models.Attachment.task] for NavigablePath [com.taskflow.models.Attachment.task] 
    22:57:44.077 [Test worker] DEBUG org.hibernate.orm.results.graph.AST -- DomainResult Graph:
     \-EntityResultImpl [com.taskflow.models.Attachment]
     |  +-BasicFetch [com.taskflow.models.Attachment.filePath]
     |  +-EntityFetchSelectImpl [com.taskflow.models.Attachment.task]
     |  \-BasicFetch [com.taskflow.models.Attachment.uploadedAt]

    22:57:44.078 [Test worker] DEBUG org.hibernate.orm.sql.ast.tree -- SQL AST Tree:
        SelectStatement {
          FromClause {
            StandardTableGroup (a1 : com.taskflow.models.Attachment) {
              primaryTableReference : attachments as a1_0
              TableGroupJoins {
                left  join LazyTableGroup (t1 : com.taskflow.models.Attachment.task) {
                }
              }
            }
          }
        }

    22:57:44.079 [Test worker] DEBUG org.hibernate.orm.sql.ast.create -- Created new SQL alias : t1_0
    22:57:44.079 [Test worker] DEBUG org.hibernate.orm.sql.ast.create -- Registration of TableGroup [org.hibernate.sql.ast.tree.from.OneToManyTableGroup@1bfa3893] with identifierForTableGroup [com.taskflow.models.Project.tasks] for NavigablePath [com.taskflow.models.Project.tasks] 
    22:57:44.079 [Test worker] DEBUG org.hibernate.orm.sql.ast.create -- Registration of TableGroup [StandardTableGroup(com.taskflow.models.Project.tasks.{element})] with identifierForTableGroup [com.taskflow.models.Project.tasks.{element}] for NavigablePath [com.taskflow.models.Project.tasks.{element}] 
    22:57:44.081 [Test worker] DEBUG org.hibernate.orm.sql.ast.create -- Registration of TableGroup [org.hibernate.sql.ast.tree.from.LazyTableGroup@5871a482] with identifierForTableGroup [com.taskflow.models.Project.tasks.{element}.assignedTo] for NavigablePath [com.taskflow.models.Project.tasks.{element}.assignedTo] 
    22:57:44.083 [Test worker] DEBUG org.hibernate.orm.sql.ast.create -- Registration of TableGroup [org.hibernate.sql.ast.tree.from.LazyTableGroup@df7d1d4] with identifierForTableGroup [com.taskflow.models.Project.tasks.{element}.project] for NavigablePath [com.taskflow.models.Project.tasks.{element}.project] 
    22:57:44.084 [Test worker] DEBUG org.hibernate.orm.results.graph.AST -- DomainResult Graph:
     \-CollectionDomainResult [com.taskflow.models.Project.tasks]

    22:57:44.084 [Test worker] DEBUG org.hibernate.orm.sql.ast.tree -- SQL AST Tree:
        SelectStatement {
          FromClause {
            OneToManyTableGroup (t1 : com.taskflow.models.Project.tasks) {
              primaryTableReference : tasks as t1_0
              TableGroupJoins {
                left  join LazyTableGroup (a1 : com.taskflow.models.Project.tasks.{element}.assignedTo) {
                }
                left  join LazyTableGroup (p1 : com.taskflow.models.Project.tasks.{element}.project) {
                }
              }
            }
          }
        }

    22:57:44.084 [Test worker] DEBUG org.hibernate.orm.jdbc.mutation -- Static SQL for collection: com.taskflow.models.Project.tasks
    22:57:44.085 [Test worker] DEBUG org.hibernate.orm.sql.ast.create -- Created new SQL alias : a1_0
    22:57:44.085 [Test worker] DEBUG org.hibernate.orm.sql.ast.create -- Registration of TableGroup [org.hibernate.sql.ast.tree.from.OneToManyTableGroup@6f8ac8d5] with identifierForTableGroup [com.taskflow.models.Task.attachments] for NavigablePath [com.taskflow.models.Task.attachments] 
    22:57:44.085 [Test worker] DEBUG org.hibernate.orm.sql.ast.create -- Registration of TableGroup [StandardTableGroup(com.taskflow.models.Task.attachments.{element})] with identifierForTableGroup [com.taskflow.models.Task.attachments.{element}] for NavigablePath [com.taskflow.models.Task.attachments.{element}] 
    22:57:44.085 [Test worker] DEBUG org.hibernate.orm.sql.ast.create -- Registration of TableGroup [org.hibernate.sql.ast.tree.from.LazyTableGroup@370225c7] with identifierForTableGroup [com.taskflow.models.Task.attachments.{element}.task] for NavigablePath [com.taskflow.models.Task.attachments.{element}.task] 
    22:57:44.085 [Test worker] DEBUG org.hibernate.orm.results.graph.AST -- DomainResult Graph:
     \-CollectionDomainResult [com.taskflow.models.Task.attachments]

    22:57:44.085 [Test worker] DEBUG org.hibernate.orm.sql.ast.tree -- SQL AST Tree:
        SelectStatement {
          FromClause {
            OneToManyTableGroup (a1 : com.taskflow.models.Task.attachments) {
              primaryTableReference : attachments as a1_0
              TableGroupJoins {
                left  join LazyTableGroup (t1 : com.taskflow.models.Task.attachments.{element}.task) {
                }
              }
            }
          }
        }

    22:57:44.085 [Test worker] DEBUG org.hibernate.orm.jdbc.mutation -- Static SQL for collection: com.taskflow.models.Task.attachments
    22:57:44.085 [Test worker] DEBUG org.hibernate.orm.sql.ast.create -- Created new SQL alias : c1_0
    22:57:44.085 [Test worker] DEBUG org.hibernate.orm.sql.ast.create -- Registration of TableGroup [org.hibernate.sql.ast.tree.from.OneToManyTableGroup@156324b] with identifierForTableGroup [com.taskflow.models.Task.comments] for NavigablePath [com.taskflow.models.Task.comments] 
    22:57:44.085 [Test worker] DEBUG org.hibernate.orm.sql.ast.create -- Registration of TableGroup [StandardTableGroup(com.taskflow.models.Task.comments.{element})] with identifierForTableGroup [com.taskflow.models.Task.comments.{element}] for NavigablePath [com.taskflow.models.Task.comments.{element}] 
    22:57:44.086 [Test worker] DEBUG org.hibernate.orm.sql.ast.create -- Registration of TableGroup [org.hibernate.sql.ast.tree.from.LazyTableGroup@38a38ed4] with identifierForTableGroup [com.taskflow.models.Task.comments.{element}.task] for NavigablePath [com.taskflow.models.Task.comments.{element}.task] 
    22:57:44.086 [Test worker] DEBUG org.hibernate.orm.sql.ast.create -- Registration of TableGroup [org.hibernate.sql.ast.tree.from.LazyTableGroup@1e29a81a] with identifierForTableGroup [com.taskflow.models.Task.comments.{element}.user] for NavigablePath [com.taskflow.models.Task.comments.{element}.user] 
    22:57:44.086 [Test worker] DEBUG org.hibernate.orm.results.graph.AST -- DomainResult Graph:
     \-CollectionDomainResult [com.taskflow.models.Task.comments]

    22:57:44.086 [Test worker] DEBUG org.hibernate.orm.sql.ast.tree -- SQL AST Tree:
        SelectStatement {
          FromClause {
            OneToManyTableGroup (c1 : com.taskflow.models.Task.comments) {
              primaryTableReference : comments as c1_0
              TableGroupJoins {
                left  join LazyTableGroup (t1 : com.taskflow.models.Task.comments.{element}.task) {
                }
                left  join LazyTableGroup (u1 : com.taskflow.models.Task.comments.{element}.user) {
                }
              }
            }
          }
        }

    22:57:44.086 [Test worker] DEBUG org.hibernate.orm.jdbc.mutation -- Static SQL for collection: com.taskflow.models.Task.comments
    22:57:44.086 [Test worker] DEBUG org.hibernate.orm.sql.ast.create -- Created new SQL alias : t1_0
    22:57:44.088 [Test worker] DEBUG org.hibernate.orm.sql.ast.create -- Registration of TableGroup [CollectionTableGroup(com.taskflow.models.Label.tasks)] with identifierForTableGroup [com.taskflow.models.Label.tasks] for NavigablePath [com.taskflow.models.Label.tasks] 
    22:57:44.088 [Test worker] DEBUG org.hibernate.orm.sql.ast.create -- Registration of TableGroup [org.hibernate.sql.ast.tree.from.LazyTableGroup@2a425cf5] with identifierForTableGroup [com.taskflow.models.Label.tasks.{element}] for NavigablePath [com.taskflow.models.Label.tasks.{element}] 
    22:57:44.088 [Test worker] DEBUG org.hibernate.orm.sql.ast.create -- Created new SQL alias : t1_1
    22:57:44.089 [Test worker] DEBUG org.hibernate.orm.sql.ast.create -- Registration of TableGroup [org.hibernate.sql.ast.tree.from.LazyTableGroup@17d76ebb] with identifierForTableGroup [com.taskflow.models.Label.tasks.{element}.assignedTo] for NavigablePath [com.taskflow.models.Label.tasks.{element}.assignedTo] 
    22:57:44.089 [Test worker] DEBUG org.hibernate.orm.sql.ast.create -- Registration of TableGroup [org.hibernate.sql.ast.tree.from.LazyTableGroup@40b31a16] with identifierForTableGroup [com.taskflow.models.Label.tasks.{element}.project] for NavigablePath [com.taskflow.models.Label.tasks.{element}.project] 
    22:57:44.090 [Test worker] DEBUG org.hibernate.orm.results.graph.AST -- DomainResult Graph:
     \-CollectionDomainResult [com.taskflow.models.Label.tasks]

    22:57:44.091 [Test worker] DEBUG org.hibernate.orm.sql.ast.tree -- SQL AST Tree:
        SelectStatement {
          FromClause {
            CollectionTableGroup (t1 : com.taskflow.models.Label.tasks) {
              primaryTableReference : task_labels as t1_0
              NestedTableGroupJoins {
                 join LazyTableGroup (t1 : com.taskflow.models.Label.tasks.{element}) {
                  primaryTableReference : tasks as t1_1
                  TableGroupJoins {
                    left  join LazyTableGroup (a1 : com.taskflow.models.Label.tasks.{element}.assignedTo) {
                    }
                    left  join LazyTableGroup (p1 : com.taskflow.models.Label.tasks.{element}.project) {
                    }
                  }
                }
              }
            }
          }
        }

    22:57:44.091 [Test worker] DEBUG org.hibernate.orm.jdbc.mutation -- Static SQL for collection: com.taskflow.models.Label.tasks
    22:57:44.092 [Test worker] DEBUG org.hibernate.orm.sql.ast.create -- Created new SQL alias : m1_0
    22:57:44.092 [Test worker] DEBUG org.hibernate.orm.sql.ast.create -- Registration of TableGroup [org.hibernate.sql.ast.tree.from.OneToManyTableGroup@43755e2f] with identifierForTableGroup [com.taskflow.models.Project.members] for NavigablePath [com.taskflow.models.Project.members] 
    22:57:44.092 [Test worker] DEBUG org.hibernate.orm.sql.ast.create -- Registration of TableGroup [StandardTableGroup(com.taskflow.models.Project.members.{element})] with identifierForTableGroup [com.taskflow.models.Project.members.{element}] for NavigablePath [com.taskflow.models.Project.members.{element}] 
    22:57:44.092 [Test worker] DEBUG org.hibernate.orm.sql.ast.create -- Registration of TableGroup [org.hibernate.sql.ast.tree.from.LazyTableGroup@3d71e10b] with identifierForTableGroup [com.taskflow.models.Project.members.{element}.project] for NavigablePath [com.taskflow.models.Project.members.{element}.project] 
    22:57:44.092 [Test worker] DEBUG org.hibernate.orm.sql.ast.create -- Registration of TableGroup [org.hibernate.sql.ast.tree.from.LazyTableGroup@71139e77] with identifierForTableGroup [com.taskflow.models.Project.members.{element}.user] for NavigablePath [com.taskflow.models.Project.members.{element}.user] 
    22:57:44.092 [Test worker] DEBUG org.hibernate.orm.results.graph.AST -- DomainResult Graph:
     \-CollectionDomainResult [com.taskflow.models.Project.members]

    22:57:44.093 [Test worker] DEBUG org.hibernate.orm.sql.ast.tree -- SQL AST Tree:
        SelectStatement {
          FromClause {
            OneToManyTableGroup (m1 : com.taskflow.models.Project.members) {
              primaryTableReference : project_members as m1_0
              TableGroupJoins {
                left  join LazyTableGroup (p1 : com.taskflow.models.Project.members.{element}.project) {
                }
                left  join LazyTableGroup (u1 : com.taskflow.models.Project.members.{element}.user) {
                }
              }
            }
          }
        }

    22:57:44.093 [Test worker] DEBUG org.hibernate.orm.jdbc.mutation -- Static SQL for collection: com.taskflow.models.Project.members
    22:57:44.093 [Test worker] DEBUG org.hibernate.orm.sql.ast.create -- Created new SQL alias : l1_0
    22:57:44.093 [Test worker] DEBUG org.hibernate.orm.sql.ast.create -- Registration of TableGroup [CollectionTableGroup(com.taskflow.models.Task.labels)] with identifierForTableGroup [com.taskflow.models.Task.labels] for NavigablePath [com.taskflow.models.Task.labels] 
    22:57:44.093 [Test worker] DEBUG org.hibernate.orm.sql.ast.create -- Registration of TableGroup [org.hibernate.sql.ast.tree.from.LazyTableGroup@2404abe2] with identifierForTableGroup [com.taskflow.models.Task.labels.{element}] for NavigablePath [com.taskflow.models.Task.labels.{element}] 
    22:57:44.093 [Test worker] DEBUG org.hibernate.orm.sql.ast.create -- Created new SQL alias : l1_1
    22:57:44.093 [Test worker] DEBUG org.hibernate.orm.results.graph.AST -- DomainResult Graph:
     \-CollectionDomainResult [com.taskflow.models.Task.labels]

    22:57:44.094 [Test worker] DEBUG org.hibernate.orm.sql.ast.tree -- SQL AST Tree:
        SelectStatement {
          FromClause {
            CollectionTableGroup (l1 : com.taskflow.models.Task.labels) {
              primaryTableReference : task_labels as l1_0
              NestedTableGroupJoins {
                 join LazyTableGroup (l1 : com.taskflow.models.Task.labels.{element}) {
                  primaryTableReference : labels as l1_1
                }
              }
            }
          }
        }

    22:57:44.094 [Test worker] DEBUG org.hibernate.orm.jdbc.mutation -- Static SQL for collection: com.taskflow.models.Task.labels
    22:57:44.095 [Test worker] DEBUG org.hibernate.orm.jdbc.mutation --  Row insert: insert into task_labels (task_id,label_id) values (?,?)
    22:57:44.096 [Test worker] DEBUG org.hibernate.orm.jdbc.mutation --  Row delete: delete from task_labels where task_id=? and label_id=?
    22:57:44.096 [Test worker] DEBUG org.hibernate.orm.jdbc.mutation --  One-shot delete: delete from task_labels where task_id=?
    22:57:44.113 [Test worker] DEBUG org.hibernate.type.spi.TypeConfiguration$Scope -- Scoping TypeConfiguration [org.hibernate.type.spi.TypeConfiguration@47b11ec7] to SessionFactoryImplementor [org.hibernate.internal.SessionFactoryImpl@6253e59a]
    22:57:44.114 [Test worker] DEBUG org.hibernate.query.named.NamedObjectRepository -- Checking 0 named HQL queries
    22:57:44.114 [Test worker] DEBUG org.hibernate.query.named.NamedObjectRepository -- Checking 0 named SQL queries
    22:57:44.138 [Test worker] DEBUG org.hibernate.SQL -- 
        create table attachments (
            id bigint generated by default as identity,
            file_path varchar(255) not null,
            uploaded_at timestamp(6),
            task_id bigint not null,
            primary key (id)
        )
    Hibernate: 
        create table attachments (
            id bigint generated by default as identity,
            file_path varchar(255) not null,
            uploaded_at timestamp(6),
            task_id bigint not null,
            primary key (id)
        )
    22:57:44.143 [Test worker] DEBUG org.hibernate.SQL -- 
        create table comments (
            id bigint generated by default as identity,
            content TEXT not null,
            created_at timestamp(6),
            task_id bigint not null,
            user_id bigint not null,
            primary key (id)
        )
    Hibernate: 
        create table comments (
            id bigint generated by default as identity,
            content TEXT not null,
            created_at timestamp(6),
            task_id bigint not null,
            user_id bigint not null,
            primary key (id)
        )
    22:57:44.145 [Test worker] DEBUG org.hibernate.SQL -- 
        create table labels (
            id bigint generated by default as identity,
            color varchar(20),
            created_at timestamp(6),
            name varchar(255) not null,
            primary key (id)
        )
    Hibernate: 
        create table labels (
            id bigint generated by default as identity,
            color varchar(20),
            created_at timestamp(6),
            name varchar(255) not null,
            primary key (id)
        )
    22:57:44.146 [Test worker] DEBUG org.hibernate.SQL -- 
        create table project_members (
            id bigint generated by default as identity,
            created_at timestamp(6),
            role varchar(255) not null,
            project_id bigint not null,
            user_id bigint not null,
            primary key (id)
        )
    Hibernate: 
        create table project_members (
            id bigint generated by default as identity,
            created_at timestamp(6),
            role varchar(255) not null,
            project_id bigint not null,
            user_id bigint not null,
            primary key (id)
        )
    22:57:44.146 [Test worker] DEBUG org.hibernate.SQL -- 
        create table projects (
            id bigint generated by default as identity,
            created_at timestamp(6),
            description TEXT,
            name varchar(255) not null,
            updated_at timestamp(6),
            owner_id bigint not null,
            primary key (id)
        )
    Hibernate: 
        create table projects (
            id bigint generated by default as identity,
            created_at timestamp(6),
            description TEXT,
            name varchar(255) not null,
            updated_at timestamp(6),
            owner_id bigint not null,
            primary key (id)
        )
    22:57:44.147 [Test worker] DEBUG org.hibernate.SQL -- 
        create table task_activity_log (
            id bigint generated by default as identity,
            action varchar(255) not null,
            created_at timestamp(6),
            new_value TEXT,
            old_value TEXT,
            task_id bigint not null,
            user_id bigint not null,
            primary key (id)
        )
    Hibernate: 
        create table task_activity_log (
            id bigint generated by default as identity,
            action varchar(255) not null,
            created_at timestamp(6),
            new_value TEXT,
            old_value TEXT,
            task_id bigint not null,
            user_id bigint not null,
            primary key (id)
        )
    22:57:44.148 [Test worker] DEBUG org.hibernate.SQL -- 
        create table task_labels (
            task_id bigint not null,
            label_id bigint not null,
            primary key (task_id, label_id)
        )
    Hibernate: 
        create table task_labels (
            task_id bigint not null,
            label_id bigint not null,
            primary key (task_id, label_id)
        )
    22:57:44.149 [Test worker] DEBUG org.hibernate.SQL -- 
        create table tasks (
            id bigint generated by default as identity,
            created_at timestamp(6),
            description TEXT,
            due_date timestamp(6),
            priority integer not null,
            status varchar(255) not null,
            title varchar(255) not null,
            updated_at timestamp(6),
            assigned_to bigint,
            project_id bigint not null,
            primary key (id)
        )
    Hibernate: 
        create table tasks (
            id bigint generated by default as identity,
            created_at timestamp(6),
            description TEXT,
            due_date timestamp(6),
            priority integer not null,
            status varchar(255) not null,
            title varchar(255) not null,
            updated_at timestamp(6),
            assigned_to bigint,
            project_id bigint not null,
            primary key (id)
        )
    22:57:44.151 [Test worker] DEBUG org.hibernate.SQL -- 
        create table users (
            id bigint generated by default as identity,
            created_at timestamp(6),
            email varchar(255) not null,
            password varchar(255) not null,
            updated_at timestamp(6),
            username varchar(255) not null,
            primary key (id)
        )
    Hibernate: 
        create table users (
            id bigint generated by default as identity,
            created_at timestamp(6),
            email varchar(255) not null,
            password varchar(255) not null,
            updated_at timestamp(6),
            username varchar(255) not null,
            primary key (id)
        )
    22:57:44.152 [Test worker] DEBUG org.hibernate.SQL -- 
        alter table if exists labels 
           drop constraint if exists UK_otpirygk7h1hmo02w999f7kmp
    Hibernate: 
        alter table if exists labels 
           drop constraint if exists UK_otpirygk7h1hmo02w999f7kmp
    22:57:44.153 [Test worker] DEBUG org.hibernate.SQL -- 
        alter table if exists labels 
           add constraint UK_otpirygk7h1hmo02w999f7kmp unique (name)
    Hibernate: 
        alter table if exists labels 
           add constraint UK_otpirygk7h1hmo02w999f7kmp unique (name)
    22:57:44.155 [Test worker] DEBUG org.hibernate.SQL -- 
        alter table if exists users 
           drop constraint if exists UK_6dotkott2kjsp8vw4d0m25fb7
    Hibernate: 
        alter table if exists users 
           drop constraint if exists UK_6dotkott2kjsp8vw4d0m25fb7
    22:57:44.155 [Test worker] DEBUG org.hibernate.SQL -- 
        alter table if exists users 
           add constraint UK_6dotkott2kjsp8vw4d0m25fb7 unique (email)
    Hibernate: 
        alter table if exists users 
           add constraint UK_6dotkott2kjsp8vw4d0m25fb7 unique (email)
    22:57:44.156 [Test worker] DEBUG org.hibernate.SQL -- 
        alter table if exists users 
           drop constraint if exists UK_r43af9ap4edm43mmtq01oddj6
    Hibernate: 
        alter table if exists users 
           drop constraint if exists UK_r43af9ap4edm43mmtq01oddj6
    22:57:44.156 [Test worker] DEBUG org.hibernate.SQL -- 
        alter table if exists users 
           add constraint UK_r43af9ap4edm43mmtq01oddj6 unique (username)
    Hibernate: 
        alter table if exists users 
           add constraint UK_r43af9ap4edm43mmtq01oddj6 unique (username)
    22:57:44.157 [Test worker] DEBUG org.hibernate.SQL -- 
        alter table if exists attachments 
           add constraint FKq4u9ne3x0xtpc5d2jdddv1ii7 
           foreign key (task_id) 
           references tasks
    Hibernate: 
        alter table if exists attachments 
           add constraint FKq4u9ne3x0xtpc5d2jdddv1ii7 
           foreign key (task_id) 
           references tasks
    22:57:44.163 [Test worker] DEBUG org.hibernate.SQL -- 
        alter table if exists comments 
           add constraint FKi7pp0331nbiwd2844kg78kfwb 
           foreign key (task_id) 
           references tasks
    Hibernate: 
        alter table if exists comments 
           add constraint FKi7pp0331nbiwd2844kg78kfwb 
           foreign key (task_id) 
           references tasks
    22:57:44.164 [Test worker] DEBUG org.hibernate.SQL -- 
        alter table if exists comments 
           add constraint FK8omq0tc18jd43bu5tjh6jvraq 
           foreign key (user_id) 
           references users
    Hibernate: 
        alter table if exists comments 
           add constraint FK8omq0tc18jd43bu5tjh6jvraq 
           foreign key (user_id) 
           references users
    22:57:44.167 [Test worker] DEBUG org.hibernate.SQL -- 
        alter table if exists project_members 
           add constraint FKdki1sp2homqsdcvqm9yrix31g 
           foreign key (project_id) 
           references projects
    Hibernate: 
        alter table if exists project_members 
           add constraint FKdki1sp2homqsdcvqm9yrix31g 
           foreign key (project_id) 
           references projects
    22:57:44.169 [Test worker] DEBUG org.hibernate.SQL -- 
        alter table if exists project_members 
           add constraint FKgul2el0qjk5lsvig3wgajwm77 
           foreign key (user_id) 
           references users
    Hibernate: 
        alter table if exists project_members 
           add constraint FKgul2el0qjk5lsvig3wgajwm77 
           foreign key (user_id) 
           references users
    22:57:44.170 [Test worker] DEBUG org.hibernate.SQL -- 
        alter table if exists projects 
           add constraint FKmueqy6cpcwpfl8gnnag4idjt9 
           foreign key (owner_id) 
           references users
    Hibernate: 
        alter table if exists projects 
           add constraint FKmueqy6cpcwpfl8gnnag4idjt9 
           foreign key (owner_id) 
           references users
    22:57:44.172 [Test worker] DEBUG org.hibernate.SQL -- 
        alter table if exists task_activity_log 
           add constraint FK9bokh8cf94933em4l9milmbf8 
           foreign key (task_id) 
           references tasks
    Hibernate: 
        alter table if exists task_activity_log 
           add constraint FK9bokh8cf94933em4l9milmbf8 
           foreign key (task_id) 
           references tasks
    22:57:44.174 [Test worker] DEBUG org.hibernate.SQL -- 
        alter table if exists task_activity_log 
           add constraint FK3wfmbsgehy4rkb8gcc0p37d6m 
           foreign key (user_id) 
           references users
    Hibernate: 
        alter table if exists task_activity_log 
           add constraint FK3wfmbsgehy4rkb8gcc0p37d6m 
           foreign key (user_id) 
           references users
    22:57:44.176 [Test worker] DEBUG org.hibernate.SQL -- 
        alter table if exists task_labels 
           add constraint FKlr49cbsj797rym78wepiid0sh 
           foreign key (label_id) 
           references labels
    Hibernate: 
        alter table if exists task_labels 
           add constraint FKlr49cbsj797rym78wepiid0sh 
           foreign key (label_id) 
           references labels
    22:57:44.177 [Test worker] DEBUG org.hibernate.SQL -- 
        alter table if exists task_labels 
           add constraint FK7wi3dfqb8gx9kiysuy980sbus 
           foreign key (task_id) 
           references tasks
    Hibernate: 
        alter table if exists task_labels 
           add constraint FK7wi3dfqb8gx9kiysuy980sbus 
           foreign key (task_id) 
           references tasks
    22:57:44.178 [Test worker] DEBUG org.hibernate.SQL -- 
        alter table if exists tasks 
           add constraint FK2vjo8mbre3rvpbd6e7976b54m 
           foreign key (assigned_to) 
           references users
    Hibernate: 
        alter table if exists tasks 
           add constraint FK2vjo8mbre3rvpbd6e7976b54m 
           foreign key (assigned_to) 
           references users
    22:57:44.180 [Test worker] DEBUG org.hibernate.SQL -- 
        alter table if exists tasks 
           add constraint FKsfhn82y57i3k9uxww1s007acc 
           foreign key (project_id) 
           references projects
    Hibernate: 
        alter table if exists tasks 
           add constraint FKsfhn82y57i3k9uxww1s007acc 
           foreign key (project_id) 
           references projects
    22:57:44.183 [Test worker] DEBUG org.hibernate.internal.SessionFactoryRegistry -- Initializing SessionFactoryRegistry : org.hibernate.internal.SessionFactoryRegistry@21a9f95b
    22:57:44.183 [Test worker] DEBUG org.hibernate.internal.SessionFactoryRegistry -- Registering SessionFactory: 2d3aae71-613a-4680-9a4b-b0062c030961 (default)
    22:57:44.183 [Test worker] DEBUG org.hibernate.internal.SessionFactoryRegistry -- Not binding SessionFactory to JNDI, no JNDI name configured
    22:57:44.183 [Test worker] DEBUG org.hibernate.internal.SessionFactoryImpl -- Instantiated SessionFactory
    22:57:44.183 [Test worker] DEBUG io.micronaut.context.lifecycle -- Created bean [org.hibernate.internal.SessionFactoryImpl@6253e59a] from definition [Definition: io.micronaut.configuration.hibernate.jpa.conf.SessionFactoryPerDataSourceFactory] with qualifier [@Named('default')]
    22:57:44.183 [Test worker] DEBUG io.micronaut.context.DefaultBeanContext -- Finding candidate beans for type: ReactorConfiguration configuration
    22:57:44.184 [Test worker] DEBUG io.micronaut.context.DefaultBeanContext --   class io.micronaut.reactor.config.ReactorConfiguration null Definition: io.micronaut.reactor.config.ReactorConfiguration
    22:57:44.184 [Test worker] DEBUG io.micronaut.context.DefaultBeanContext -- Found concrete candidate [Definition: io.micronaut.reactor.config.ReactorConfiguration] for type: configuration 
    22:57:44.184 [Test worker] DEBUG io.micronaut.context.lifecycle -- Created bean [ReactorConfiguration[enableAutomaticContextPropagation=null, enableScheduleHookContextPropagation=null]] from definition [Definition: io.micronaut.reactor.config.ReactorConfiguration] with qualifier [null]
    22:57:44.188 [Test worker] DEBUG reactor.util.Loggers -- Using Slf4j logging framework
    22:57:44.188 [Test worker] DEBUG io.micronaut.context.lifecycle -- Created bean [io.micronaut.reactor.instrument.ReactorInstrumentation@4c50cd7d] from definition [Definition: io.micronaut.reactor.instrument.ReactorInstrumentation] with qualifier [null]
    22:57:44.189 [Test worker] DEBUG io.micronaut.context.DefaultBeanContext -- Finding candidate beans for type: EmbeddedServer
    22:57:44.190 [Test worker] DEBUG io.micronaut.context.DefaultBeanContext --   interface io.micronaut.http.server.netty.NettyEmbeddedServer null Definition: io.micronaut.http.server.netty.DefaultNettyEmbeddedServerFactory
    22:57:44.194 [Test worker] DEBUG io.micronaut.context.DefaultBeanContext -- Finding candidate beans for type: DiscoveryClient
    22:57:44.194 [Test worker] DEBUG io.micronaut.context.DefaultBeanContext --   class io.micronaut.discovery.DefaultCompositeDiscoveryClient null Definition: io.micronaut.discovery.DefaultCompositeDiscoveryClient
    22:57:44.195 [Test worker] DEBUG io.micronaut.context.condition.Condition -- Bean [Definition: io.micronaut.health.HeartbeatTask] will not be loaded due to failing conditions:
    22:57:44.195 [Test worker] DEBUG io.micronaut.context.condition.Condition -- * Heartbeat not enabled since no Discovery client active
    22:57:44.195 [Test worker] DEBUG io.micronaut.context.condition.Condition -- * Custom condition [class io.micronaut.health.HeartbeatDiscoveryClientCondition] failed evaluation
    22:57:44.195 [Test worker] DEBUG io.micronaut.context.DefaultBeanContext -- Resolving beans for type: <Scheduled> io.micronaut.context.processor.ExecutableMethodProcessor 
    22:57:44.195 [Test worker] DEBUG io.micronaut.context.DefaultBeanContext -- Finding candidate beans for type: ExecutableMethodProcessor
    22:57:44.198 [Test worker] DEBUG io.micronaut.context.DefaultBeanContext --   class io.micronaut.data.runtime.event.EntityEventRegistry null Definition: io.micronaut.data.runtime.event.EntityEventRegistry
    22:57:44.199 [Test worker] DEBUG io.micronaut.context.DefaultBeanContext --   class io.micronaut.runtime.beans.MapperMethodProcessor null Definition: io.micronaut.runtime.beans.MapperMethodProcessor
    22:57:44.199 [Test worker] DEBUG io.micronaut.context.DefaultBeanContext --   class io.micronaut.management.endpoint.processors.WriteEndpointRouteBuilder null Definition: io.micronaut.management.endpoint.processors.WriteEndpointRouteBuilder
    22:57:44.199 [Test worker] DEBUG io.micronaut.context.DefaultBeanContext --   class io.micronaut.scheduling.processor.ScheduledMethodProcessor null Definition: io.micronaut.scheduling.processor.ScheduledMethodProcessor
    22:57:44.199 [Test worker] DEBUG io.micronaut.context.DefaultBeanContext --   class io.micronaut.management.endpoint.EndpointSensitivityProcessor null Definition: io.micronaut.management.endpoint.EndpointSensitivityProcessor
    22:57:44.199 [Test worker] DEBUG io.micronaut.context.DefaultBeanContext --   class io.micronaut.web.router.AnnotatedMethodRouteBuilder null Definition: io.micronaut.web.router.AnnotatedMethodRouteBuilder
    22:57:44.199 [Test worker] DEBUG io.micronaut.context.DefaultBeanContext --   class io.micronaut.http.client.filter.DefaultHttpClientFilterResolver null Definition: io.micronaut.http.client.filter.DefaultHttpClientFilterResolver
    22:57:44.199 [Test worker] DEBUG io.micronaut.context.DefaultBeanContext --   class io.micronaut.management.endpoint.processors.DeleteEndpointRouteBuilder null Definition: io.micronaut.management.endpoint.processors.DeleteEndpointRouteBuilder
    22:57:44.199 [Test worker] DEBUG io.micronaut.context.DefaultBeanContext --   class io.micronaut.management.endpoint.processors.ReadEndpointRouteBuilder null Definition: io.micronaut.management.endpoint.processors.ReadEndpointRouteBuilder
    22:57:44.199 [Test worker] DEBUG io.micronaut.context.DefaultBeanContext --   class io.micronaut.http.server.websocket.ServerWebSocketProcessor null Definition: io.micronaut.http.server.websocket.ServerWebSocketProcessor
    22:57:44.199 [Test worker] DEBUG io.micronaut.context.DefaultBeanContext --   class io.micronaut.web.router.ServerFilterRouteBuilder null Definition: io.micronaut.web.router.ServerFilterRouteBuilder
    22:57:44.200 [Test worker] DEBUG io.micronaut.context.DefaultBeanContext -- Finding candidate beans for type: ConversionService T
    22:57:44.200 [Test worker] DEBUG io.micronaut.context.DefaultBeanContext --   class io.micronaut.context.env.DefaultEnvironment @Primary io.micronaut.context.DefaultRuntimeBeanDefinition@3ac04654
    22:57:44.200 [Test worker] DEBUG io.micronaut.context.DefaultBeanContext -- Found concrete candidate [io.micronaut.context.DefaultRuntimeBeanDefinition@3ac04654] for type: T 
    22:57:44.201 [Test worker] DEBUG io.micronaut.context.DefaultBeanContext -- Finding candidate beans for type: TaskExceptionHandler taskExceptionHandler
    22:57:44.201 [Test worker] DEBUG io.micronaut.context.DefaultBeanContext --   class io.micronaut.scheduling.DefaultTaskExceptionHandler null Definition: io.micronaut.scheduling.DefaultTaskExceptionHandler
    22:57:44.201 [Test worker] DEBUG io.micronaut.context.DefaultBeanContext -- Found concrete candidate [Definition: io.micronaut.scheduling.DefaultTaskExceptionHandler] for type: taskExceptionHandler 
    22:57:44.201 [Test worker] DEBUG io.micronaut.context.lifecycle -- Created bean [io.micronaut.scheduling.DefaultTaskExceptionHandler@2e1ba142] from definition [Definition: io.micronaut.scheduling.DefaultTaskExceptionHandler] with qualifier [null]
    22:57:44.202 [Test worker] DEBUG io.micronaut.context.DefaultBeanContext -- Finding candidate beans for qualifier: @Scheduled
    22:57:44.202 [Test worker] DEBUG io.micronaut.context.lifecycle -- Created bean [io.micronaut.scheduling.processor.ScheduledMethodProcessor@63c84d31] from definition [Definition: io.micronaut.scheduling.processor.ScheduledMethodProcessor] with qualifier [null]
    22:57:44.203 [Test worker] DEBUG io.micronaut.context.DefaultBeanContext -- Found a registration BeanRegistration: io.micronaut.scheduling.processor.ScheduledMethodProcessor@63c84d31 for candidate: Definition: io.micronaut.scheduling.processor.ScheduledMethodProcessor with qualifier: <Scheduled>
    22:57:44.205 [Test worker] DEBUG io.micronaut.context.DefaultBeanContext -- Loaded active configurations: io.micronaut.jackson,io.micronaut.configuration.jdbc.hikari,io.micronaut.configuration.hibernate.jpa,io.micronaut.management.endpoint,io.micronaut.flyway,io.micronaut.http.client
    22:57:44.205 [Test worker] DEBUG io.micronaut.context.DefaultBeanContext -- BeanContext Started.
    22:57:44.205 [Test worker] DEBUG io.micronaut.context.DefaultBeanContext -- Finding candidate beans for type: ApplicationEventPublisher
    22:57:44.205 [Test worker] DEBUG io.micronaut.context.DefaultBeanContext --   interface io.micronaut.context.event.ApplicationEventPublisher null io.micronaut.context.event.ApplicationEventPublisherFactory@526c3eb8
    22:57:44.205 [Test worker] DEBUG io.micronaut.context.DefaultBeanContext -- Found concrete candidate [io.micronaut.context.event.ApplicationEventPublisherFactory@526c3eb8] for type: applicationEventPublisher 
    22:57:44.206 [Test worker] DEBUG io.micronaut.context.lifecycle -- Created bean [io.micronaut.context.event.ApplicationEventPublisherFactory$2@5feb82b3] from definition [io.micronaut.context.event.ApplicationEventPublisherFactory@526c3eb8] with qualifier [null]
    22:57:44.206 [Test worker] DEBUG io.micronaut.context.event.ApplicationEventPublisher -- Publishing event: io.micronaut.context.event.StartupEvent[source=io.micronaut.context.DefaultApplicationContext@54e0f76f]
    22:57:44.206 [Test worker] DEBUG io.micronaut.context.DefaultBeanContext -- Resolving beans for type: <StartupEvent> io.micronaut.context.event.ApplicationEventListener 
    22:57:44.206 [Test worker] DEBUG io.micronaut.context.DefaultBeanContext -- Finding candidate beans for type: ApplicationEventListener
    22:57:44.207 [Test worker] DEBUG io.micronaut.context.DefaultBeanContext -- Finding candidate beans for type: ServiceHttpClientConfiguration
    22:57:44.209 [Test worker] DEBUG io.micronaut.context.DefaultBeanContext -- No bean candidates found for type: ServiceHttpClientConfiguration
    22:57:44.209 [ForkJoinPool.commonPool-worker-5] DEBUG io.micronaut.context.DefaultBeanContext -- Finding candidate beans for type: TaskScheduler
    22:57:44.210 [Test worker] DEBUG io.micronaut.context.DefaultBeanContext -- Finding candidate beans for type: HealthEndpoint
    22:57:44.210 [ForkJoinPool.commonPool-worker-5] DEBUG io.micronaut.context.DefaultBeanContext --   class io.micronaut.scheduling.ScheduledExecutorTaskScheduler @Named('scheduled') and @Primary Definition: io.micronaut.scheduling.ScheduledExecutorTaskScheduler
    22:57:44.210 [ForkJoinPool.commonPool-worker-5] DEBUG io.micronaut.context.DefaultBeanContext -- Qualifying bean [taskScheduler] for qualifier: @Named('scheduled') 
    22:57:44.211 [ForkJoinPool.commonPool-worker-5] DEBUG io.micronaut.context.DefaultBeanContext -- Found concrete candidate [Definition: io.micronaut.scheduling.ScheduledExecutorTaskScheduler] for type: @Named('scheduled') taskScheduler 
    22:57:44.211 [ForkJoinPool.commonPool-worker-5] DEBUG io.micronaut.context.DefaultBeanContext -- Finding candidate beans for type: ExecutorService executorService
    22:57:44.211 [ForkJoinPool.commonPool-worker-5] DEBUG io.micronaut.context.DefaultBeanContext -- Finding candidate beans for type: EventLoopGroupConfiguration
    22:57:44.211 [Test worker] DEBUG io.micronaut.context.DefaultBeanContext --   class io.micronaut.management.endpoint.health.HealthEndpoint null Definition: io.micronaut.management.endpoint.health.HealthEndpoint
    22:57:44.212 [ForkJoinPool.commonPool-worker-5] DEBUG io.micronaut.context.DefaultBeanContext --   class io.micronaut.http.server.netty.configuration.NettyHttpServerConfiguration$Worker @Named('netty-server-worker-event-loop') Definition: io.micronaut.http.server.netty.configuration.NettyHttpServerConfiguration$Worker
    22:57:44.212 [ForkJoinPool.commonPool-worker-5] DEBUG io.micronaut.context.DefaultBeanContext --   class io.micronaut.http.server.netty.configuration.NettyHttpServerConfiguration$Parent @Named('netty-server-parent-event-loop') Definition: io.micronaut.http.server.netty.configuration.NettyHttpServerConfiguration$Parent
    22:57:44.212 [ForkJoinPool.commonPool-worker-5] DEBUG io.micronaut.context.DefaultBeanContext -- Finding candidate beans for type: ExecutorConfiguration
    22:57:44.212 [ForkJoinPool.commonPool-worker-5] DEBUG io.micronaut.context.DefaultBeanContext --   interface io.micronaut.scheduling.executor.ExecutorConfiguration @Named('virtual') Definition: io.micronaut.scheduling.executor.IOExecutorServiceConfig
    22:57:44.212 [ForkJoinPool.commonPool-worker-5] DEBUG io.micronaut.context.DefaultBeanContext --   interface io.micronaut.scheduling.executor.ExecutorConfiguration @Named('scheduled') Definition: io.micronaut.scheduling.executor.ScheduledExecutorServiceConfig
    22:57:44.212 [ForkJoinPool.commonPool-worker-5] DEBUG io.micronaut.context.DefaultBeanContext --   interface io.micronaut.scheduling.executor.ExecutorConfiguration @Named('io') Definition: io.micronaut.scheduling.executor.IOExecutorServiceConfig
    22:57:44.212 [ForkJoinPool.commonPool-worker-5] DEBUG io.micronaut.context.DefaultBeanContext --   interface java.util.concurrent.ExecutorService @Named('io') Definition: io.micronaut.scheduling.executor.ExecutorFactory
    22:57:44.212 [ForkJoinPool.commonPool-worker-5] DEBUG io.micronaut.context.DefaultBeanContext --   interface java.util.concurrent.ExecutorService @Named('virtual') Definition: io.micronaut.scheduling.executor.ExecutorFactory
    22:57:44.212 [ForkJoinPool.commonPool-worker-5] DEBUG io.micronaut.context.DefaultBeanContext --   interface java.util.concurrent.ExecutorService @Named('blocking') Definition: io.micronaut.scheduling.executor.IOExecutorServiceConfig
    22:57:44.212 [ForkJoinPool.commonPool-worker-5] DEBUG io.micronaut.context.DefaultBeanContext --   interface io.netty.channel.EventLoopGroup @Named('netty-server-worker-event-loop') Definition: io.micronaut.http.netty.channel.DefaultEventLoopGroupRegistry
    22:57:44.212 [ForkJoinPool.commonPool-worker-5] DEBUG io.micronaut.context.DefaultBeanContext --   interface io.netty.channel.EventLoopGroup @Named('netty-server-parent-event-loop') Definition: io.micronaut.http.netty.channel.DefaultEventLoopGroupRegistry
    22:57:44.213 [ForkJoinPool.commonPool-worker-5] DEBUG io.micronaut.context.DefaultBeanContext --   interface java.util.concurrent.ExecutorService @Named('scheduled') Definition: io.micronaut.scheduling.executor.ExecutorFactory
    22:57:44.213 [ForkJoinPool.commonPool-worker-5] DEBUG io.micronaut.context.DefaultBeanContext -- Qualifying bean [executorService] for qualifier: @Named('scheduled') 
    22:57:44.213 [ForkJoinPool.commonPool-worker-5] DEBUG io.micronaut.context.DefaultBeanContext -- Found concrete candidate [Definition: io.micronaut.scheduling.executor.ExecutorFactory] for type: @Named('scheduled') executorService 
    22:57:44.213 [ForkJoinPool.commonPool-worker-5] DEBUG io.micronaut.context.DefaultBeanContext -- Finding candidate beans for type: ExecutorFactory
    22:57:44.213 [ForkJoinPool.commonPool-worker-5] DEBUG io.micronaut.context.DefaultBeanContext --   class io.micronaut.scheduling.executor.ExecutorFactory null Definition: io.micronaut.scheduling.executor.ExecutorFactory
    22:57:44.213 [ForkJoinPool.commonPool-worker-5] DEBUG io.micronaut.context.DefaultBeanContext -- Found concrete candidate [Definition: io.micronaut.scheduling.executor.ExecutorFactory] for type: executorFactory 
    22:57:44.213 [ForkJoinPool.commonPool-worker-5] DEBUG io.micronaut.context.DefaultBeanContext -- Finding candidate beans for type: ThreadFactory threadFactory
    22:57:44.214 [Test worker] DEBUG io.micronaut.context.condition.Condition -- Bean [Definition: io.micronaut.http.server.netty.ssl.CertificateProvidedSslBuilder] will not be loaded due to failing conditions:
    22:57:44.214 [Test worker] DEBUG io.micronaut.context.condition.Condition -- * Neither the old deprecated micronaut.ssl.build-self-signed, nor the new micronaut.server.ssl.build-self-signed were enabled.
    22:57:44.214 [Test worker] DEBUG io.micronaut.context.condition.Condition -- * Custom condition [class io.micronaut.http.server.netty.ssl.SslEnabledCondition] failed evaluation
    22:57:44.214 [ForkJoinPool.commonPool-worker-5] DEBUG io.micronaut.context.DefaultBeanContext -- Finding candidate beans for type: ExecutorConfiguration
    22:57:44.215 [ForkJoinPool.commonPool-worker-5] DEBUG io.micronaut.context.DefaultBeanContext --   interface io.micronaut.scheduling.executor.ExecutorConfiguration @Named('virtual') Definition: io.micronaut.scheduling.executor.IOExecutorServiceConfig
    22:57:44.215 [ForkJoinPool.commonPool-worker-5] DEBUG io.micronaut.context.DefaultBeanContext --   interface io.micronaut.scheduling.executor.ExecutorConfiguration @Named('scheduled') Definition: io.micronaut.scheduling.executor.ScheduledExecutorServiceConfig
    22:57:44.215 [ForkJoinPool.commonPool-worker-5] DEBUG io.micronaut.context.DefaultBeanContext --   interface io.micronaut.scheduling.executor.ExecutorConfiguration @Named('io') Definition: io.micronaut.scheduling.executor.IOExecutorServiceConfig
    22:57:44.215 [ForkJoinPool.commonPool-worker-5] DEBUG io.micronaut.context.DefaultBeanContext --   interface java.util.concurrent.ThreadFactory @Named('netty') Definition: io.micronaut.http.netty.channel.NettyThreadFactory
    22:57:44.215 [ForkJoinPool.commonPool-worker-5] DEBUG io.micronaut.context.DefaultBeanContext --   interface java.util.concurrent.ThreadFactory @Named('virtual') Definition: io.micronaut.scheduling.executor.ExecutorFactory
    22:57:44.215 [ForkJoinPool.commonPool-worker-5] DEBUG io.micronaut.context.DefaultBeanContext --   interface java.util.concurrent.ThreadFactory @Named('scheduled') Definition: io.micronaut.scheduling.executor.ExecutorFactory
    22:57:44.215 [ForkJoinPool.commonPool-worker-5] DEBUG io.micronaut.context.DefaultBeanContext --   interface java.util.concurrent.ThreadFactory @Named('io') Definition: io.micronaut.scheduling.executor.ExecutorFactory
    22:57:44.215 [ForkJoinPool.commonPool-worker-5] DEBUG io.micronaut.context.DefaultBeanContext --   interface java.util.concurrent.ThreadFactory null Definition: io.micronaut.scheduling.executor.DefaultThreadFactory
    22:57:44.215 [ForkJoinPool.commonPool-worker-5] DEBUG io.micronaut.context.DefaultBeanContext -- Searching for @Primary for type [threadFactory] from candidates: [Definition: io.micronaut.http.netty.channel.NettyThreadFactory, Definition: io.micronaut.scheduling.executor.ExecutorFactory, Definition: io.micronaut.scheduling.executor.ExecutorFactory, Definition: io.micronaut.scheduling.executor.ExecutorFactory, Definition: io.micronaut.scheduling.executor.DefaultThreadFactory] 
    22:57:44.215 [ForkJoinPool.commonPool-worker-5] DEBUG io.micronaut.context.DefaultBeanContext -- Found concrete candidate [Definition: io.micronaut.scheduling.executor.DefaultThreadFactory] for type: threadFactory 
    22:57:44.215 [ForkJoinPool.commonPool-worker-5] DEBUG io.micronaut.context.DefaultBeanContext -- Finding candidate beans for type: DefaultThreadFactory
    22:57:44.216 [ForkJoinPool.commonPool-worker-5] DEBUG io.micronaut.context.DefaultBeanContext --   class io.micronaut.scheduling.executor.DefaultThreadFactory null Definition: io.micronaut.scheduling.executor.DefaultThreadFactory
    22:57:44.216 [ForkJoinPool.commonPool-worker-5] DEBUG io.micronaut.context.DefaultBeanContext -- Found concrete candidate [Definition: io.micronaut.scheduling.executor.DefaultThreadFactory] for type: defaultThreadFactory 
    22:57:44.216 [ForkJoinPool.commonPool-worker-5] DEBUG io.micronaut.context.lifecycle -- Created bean [io.micronaut.scheduling.executor.DefaultThreadFactory@665e432] from definition [Definition: io.micronaut.scheduling.executor.DefaultThreadFactory] with qualifier [null]
    22:57:44.216 [ForkJoinPool.commonPool-worker-5] DEBUG io.micronaut.context.lifecycle -- Created bean [java.util.concurrent.Executors$DefaultThreadFactory@46949489] from definition [Definition: io.micronaut.scheduling.executor.DefaultThreadFactory] with qualifier [null]
    22:57:44.216 [ForkJoinPool.commonPool-worker-5] DEBUG io.micronaut.context.lifecycle -- Created bean [io.micronaut.scheduling.executor.ExecutorFactory@4bfd7015] from definition [Definition: io.micronaut.scheduling.executor.ExecutorFactory] with qualifier [null]
    22:57:44.216 [ForkJoinPool.commonPool-worker-5] DEBUG io.micronaut.context.DefaultBeanContext -- Finding candidate beans for type: ExecutorConfiguration executorConfiguration
    22:57:44.216 [ForkJoinPool.commonPool-worker-5] DEBUG io.micronaut.context.DefaultBeanContext --   interface io.micronaut.scheduling.executor.ExecutorConfiguration @Named('virtual') Definition: io.micronaut.scheduling.executor.IOExecutorServiceConfig
    22:57:44.217 [ForkJoinPool.commonPool-worker-5] DEBUG io.micronaut.context.DefaultBeanContext --   interface io.micronaut.scheduling.executor.ExecutorConfiguration @Named('scheduled') Definition: io.micronaut.scheduling.executor.ScheduledExecutorServiceConfig
    22:57:44.217 [ForkJoinPool.commonPool-worker-5] DEBUG io.micronaut.context.DefaultBeanContext --   interface io.micronaut.scheduling.executor.ExecutorConfiguration @Named('io') Definition: io.micronaut.scheduling.executor.IOExecutorServiceConfig
    22:57:44.217 [Test worker] DEBUG io.micronaut.context.DefaultBeanContext --   class io.micronaut.http.server.netty.discovery.NettyServiceDiscovery$ApplicationEventListener$onStart1$Intercepted null Definition: io.micronaut.http.server.netty.discovery.NettyServiceDiscovery$ApplicationEventListener$onStart1$Intercepted
    22:57:44.217 [ForkJoinPool.commonPool-worker-5] DEBUG io.micronaut.context.DefaultBeanContext -- Qualifying bean [executorConfiguration] for qualifier: @Named('scheduled') 
    22:57:44.217 [Test worker] DEBUG io.micronaut.context.DefaultBeanContext --   class io.micronaut.http.client.netty.DefaultNettyHttpClientRegistry null Definition: io.micronaut.http.client.netty.DefaultNettyHttpClientRegistry
    22:57:44.217 [Test worker] DEBUG io.micronaut.context.DefaultBeanContext --   interface io.micronaut.http.server.netty.NettyEmbeddedServer null Definition: io.micronaut.http.server.netty.DefaultNettyEmbeddedServerFactory
    22:57:44.217 [ForkJoinPool.commonPool-worker-5] DEBUG io.micronaut.context.DefaultBeanContext -- Found concrete candidate [Definition: io.micronaut.scheduling.executor.ScheduledExecutorServiceConfig] for type: @Named('scheduled') executorConfiguration 
    22:57:44.217 [Test worker] DEBUG io.micronaut.context.DefaultBeanContext --   class io.micronaut.runtime.http.scope.RequestCustomScope null Definition: io.micronaut.runtime.http.scope.RequestCustomScope
    22:57:44.217 [Test worker] DEBUG io.micronaut.context.DefaultBeanContext --   class io.micronaut.runtime.context.scope.refresh.RefreshScope null Definition: io.micronaut.runtime.context.scope.refresh.RefreshScope
    22:57:44.217 [Test worker] DEBUG io.micronaut.context.DefaultBeanContext --   class io.micronaut.http.server.netty.discovery.NettyServiceDiscovery$ApplicationEventListener$onStop2$Intercepted null Definition: io.micronaut.http.server.netty.discovery.NettyServiceDiscovery$ApplicationEventListener$onStop2$Intercepted
    22:57:44.217 [Test worker] DEBUG io.micronaut.context.DefaultBeanContext --   class io.micronaut.management.health.indicator.service.ServiceReadyHealthIndicator$ApplicationEventListener$onServiceStarted1$Intercepted null Definition: io.micronaut.management.health.indicator.service.ServiceReadyHealthIndicator$ApplicationEventListener$onServiceStarted1$Intercepted
    22:57:44.217 [Test worker] DEBUG io.micronaut.context.DefaultBeanContext --   class io.micronaut.management.health.indicator.service.ServiceReadyHealthIndicator$ApplicationEventListener$onServerStarted2$Intercepted null Definition: io.micronaut.management.health.indicator.service.ServiceReadyHealthIndicator$ApplicationEventListener$onServerStarted2$Intercepted
    22:57:44.217 [ForkJoinPool.commonPool-worker-5] DEBUG io.micronaut.context.DefaultBeanContext -- Finding candidate beans for type: ScheduledExecutorServiceConfig
    22:57:44.217 [Test worker] DEBUG io.micronaut.context.DefaultBeanContext -- Resolving beans for type: io.micronaut.test.context.TestExecutionListener
    22:57:44.217 [Test worker] DEBUG io.micronaut.context.DefaultBeanContext -- Finding candidate beans for type: TestExecutionListener
    22:57:44.217 [ForkJoinPool.commonPool-worker-5] DEBUG io.micronaut.context.DefaultBeanContext --   class io.micronaut.scheduling.executor.ScheduledExecutorServiceConfig null Definition: io.micronaut.scheduling.executor.ScheduledExecutorServiceConfig
    22:57:44.217 [ForkJoinPool.commonPool-worker-5] DEBUG io.micronaut.context.DefaultBeanContext -- Found concrete candidate [Definition: io.micronaut.scheduling.executor.ScheduledExecutorServiceConfig] for type: scheduledExecutorServiceConfig 
    22:57:44.217 [ForkJoinPool.commonPool-worker-5] DEBUG io.micronaut.context.lifecycle -- Created bean [io.micronaut.scheduling.executor.ScheduledExecutorServiceConfig@1569236f] from definition [Definition: io.micronaut.scheduling.executor.ScheduledExecutorServiceConfig] with qualifier [null]
    22:57:44.218 [Test worker] DEBUG io.micronaut.context.DefaultBeanContext -- Finding candidate beans for type: TransactionOperations
    22:57:44.218 [ForkJoinPool.commonPool-worker-5] DEBUG io.micronaut.context.lifecycle -- Created bean [io.micronaut.scheduling.executor.UserExecutorConfiguration@f9c22b2] from definition [Definition: io.micronaut.scheduling.executor.ScheduledExecutorServiceConfig] with qualifier [@Named('scheduled')]
    22:57:44.219 [ForkJoinPool.commonPool-worker-5] DEBUG io.micronaut.context.DefaultBeanContext -- Finding candidate beans for type: ThreadFactory
    22:57:44.219 [Test worker] DEBUG io.micronaut.context.DefaultBeanContext -- Finding candidate beans for type: DataSource
    22:57:44.219 [Test worker] DEBUG io.micronaut.context.DefaultBeanContext -- Finding candidate beans for type: DatasourceConfiguration
    22:57:44.220 [ForkJoinPool.commonPool-worker-5] DEBUG io.micronaut.context.DefaultBeanContext -- Finding candidate beans for type: ExecutorConfiguration
    22:57:44.220 [Test worker] DEBUG io.micronaut.context.DefaultBeanContext --   class io.micronaut.configuration.jdbc.hikari.DatasourceConfiguration @Named('default') Definition: io.micronaut.configuration.jdbc.hikari.DatasourceConfiguration
    22:57:44.220 [Test worker] DEBUG io.micronaut.context.DefaultBeanContext --   interface javax.sql.DataSource @Named('default') Definition: io.micronaut.configuration.jdbc.hikari.DatasourceFactory
    22:57:44.220 [ForkJoinPool.commonPool-worker-5] DEBUG io.micronaut.context.DefaultBeanContext --   interface io.micronaut.scheduling.executor.ExecutorConfiguration @Named('virtual') Definition: io.micronaut.scheduling.executor.IOExecutorServiceConfig
    22:57:44.220 [ForkJoinPool.commonPool-worker-5] DEBUG io.micronaut.context.DefaultBeanContext --   interface io.micronaut.scheduling.executor.ExecutorConfiguration @Named('scheduled') Definition: io.micronaut.scheduling.executor.ScheduledExecutorServiceConfig
    22:57:44.220 [ForkJoinPool.commonPool-worker-5] DEBUG io.micronaut.context.DefaultBeanContext --   interface io.micronaut.scheduling.executor.ExecutorConfiguration @Named('io') Definition: io.micronaut.scheduling.executor.IOExecutorServiceConfig
    22:57:44.220 [ForkJoinPool.commonPool-worker-5] DEBUG io.micronaut.context.DefaultBeanContext --   interface java.util.concurrent.ThreadFactory @Named('netty') Definition: io.micronaut.http.netty.channel.NettyThreadFactory
    22:57:44.220 [ForkJoinPool.commonPool-worker-5] DEBUG io.micronaut.context.DefaultBeanContext --   interface java.util.concurrent.ThreadFactory @Named('virtual') Definition: io.micronaut.scheduling.executor.ExecutorFactory
    22:57:44.220 [ForkJoinPool.commonPool-worker-5] DEBUG io.micronaut.context.DefaultBeanContext --   interface java.util.concurrent.ThreadFactory @Named('scheduled') Definition: io.micronaut.scheduling.executor.ExecutorFactory
    22:57:44.220 [ForkJoinPool.commonPool-worker-5] DEBUG io.micronaut.context.DefaultBeanContext --   interface java.util.concurrent.ThreadFactory @Named('io') Definition: io.micronaut.scheduling.executor.ExecutorFactory
    22:57:44.220 [ForkJoinPool.commonPool-worker-5] DEBUG io.micronaut.context.DefaultBeanContext --   interface java.util.concurrent.ThreadFactory null Definition: io.micronaut.scheduling.executor.DefaultThreadFactory
    22:57:44.220 [ForkJoinPool.commonPool-worker-5] DEBUG io.micronaut.context.DefaultBeanContext -- Qualifying bean [threadFactory] for qualifier: @Named('scheduled') 
    22:57:44.220 [ForkJoinPool.commonPool-worker-5] DEBUG io.micronaut.context.DefaultBeanContext -- Found concrete candidate [Definition: io.micronaut.scheduling.executor.ExecutorFactory] for type: @Named('scheduled') threadFactory 
    22:57:44.221 [Test worker] DEBUG io.micronaut.context.DefaultBeanContext -- Finding candidate beans for type: DataSource
    22:57:44.221 [Test worker] DEBUG io.micronaut.context.DefaultBeanContext -- Finding candidate beans for type: DatasourceConfiguration
    22:57:44.221 [Test worker] DEBUG io.micronaut.context.DefaultBeanContext --   class io.micronaut.configuration.jdbc.hikari.DatasourceConfiguration @Named('default') Definition: io.micronaut.configuration.jdbc.hikari.DatasourceConfiguration
    22:57:44.222 [Test worker] DEBUG io.micronaut.context.DefaultBeanContext --   interface javax.sql.DataSource @Named('default') Definition: io.micronaut.configuration.jdbc.hikari.DatasourceFactory
    22:57:44.222 [ForkJoinPool.commonPool-worker-5] DEBUG io.micronaut.context.lifecycle -- Created bean [io.micronaut.scheduling.executor.NamedThreadFactory@4a016e91] from definition [Definition: io.micronaut.scheduling.executor.ExecutorFactory] with qualifier [@Named('scheduled')]
    22:57:44.222 [ForkJoinPool.commonPool-worker-5] DEBUG io.micronaut.core.reflect.ClassUtils -- Attempting to dynamically load class io.micronaut.context.annotation.Prototype
    22:57:44.222 [ForkJoinPool.commonPool-worker-5] DEBUG io.micronaut.core.reflect.ClassUtils -- Successfully loaded class io.micronaut.context.annotation.Prototype
    22:57:44.222 [ForkJoinPool.commonPool-worker-5] DEBUG io.micronaut.context.lifecycle -- Created bean [io.micronaut.context.propagation.instrument.execution.ExecutorServiceInstrumenter@26843315] from definition [Definition: io.micronaut.context.propagation.instrument.execution.ExecutorServiceInstrumenter] with qualifier [null]
    22:57:44.223 [Test worker] DEBUG io.micronaut.context.DefaultBeanContext -- Bean [class io.micronaut.transaction.hibernate.HibernateTransactionManager] replaces existing bean of type [class io.micronaut.transaction.jdbc.DataSourceTransactionManager]
    22:57:44.223 [Test worker] DEBUG io.micronaut.context.DefaultBeanContext --   class io.micronaut.transaction.hibernate.HibernateTransactionManager @Named('default') Definition: io.micronaut.transaction.hibernate.HibernateTransactionManager
    22:57:44.223 [ForkJoinPool.commonPool-worker-5] DEBUG io.micronaut.context.lifecycle -- Created bean [io.micronaut.context.propagation.instrument.execution.ExecutorServiceInstrumenter$1@97226c7] from definition [Definition: io.micronaut.scheduling.executor.ExecutorFactory] with qualifier [@Named('scheduled')]
    22:57:44.223 [ForkJoinPool.commonPool-worker-5] DEBUG io.micronaut.context.lifecycle -- Created bean [io.micronaut.scheduling.ScheduledExecutorTaskScheduler@3da1a80e] from definition [Definition: io.micronaut.scheduling.ScheduledExecutorTaskScheduler] with qualifier [@Named('scheduled')]
    22:57:44.224 [Test worker] DEBUG io.micronaut.context.DefaultBeanContext --   class io.micronaut.transaction.test.DefaultTestTransactionExecutionListener @Named('default') Definition: io.micronaut.transaction.test.DefaultTestTransactionExecutionListener
    22:57:44.224 [Test worker] DEBUG io.micronaut.context.DefaultBeanContext -- Finding candidate beans for type: TransactionOperations transactionManager
    22:57:44.224 [Test worker] DEBUG io.micronaut.context.DefaultBeanContext -- Finding candidate beans for type: DataSource
    22:57:44.224 [Test worker] DEBUG io.micronaut.context.DefaultBeanContext -- Finding candidate beans for type: DatasourceConfiguration
    22:57:44.224 [ForkJoinPool.commonPool-worker-5] DEBUG io.micronaut.scheduling.TaskScheduler -- Scheduling fixed delay task [PT1M] for method: void monitor()
    22:57:44.225 [Test worker] DEBUG io.micronaut.context.DefaultBeanContext --   class io.micronaut.configuration.jdbc.hikari.DatasourceConfiguration @Named('default') Definition: io.micronaut.configuration.jdbc.hikari.DatasourceConfiguration
    22:57:44.225 [Test worker] DEBUG io.micronaut.context.DefaultBeanContext --   interface javax.sql.DataSource @Named('default') Definition: io.micronaut.configuration.jdbc.hikari.DatasourceFactory
    22:57:44.226 [Test worker] DEBUG io.micronaut.context.DefaultBeanContext -- Finding candidate beans for type: DataSource
    22:57:44.226 [Test worker] DEBUG io.micronaut.context.DefaultBeanContext -- Finding candidate beans for type: DatasourceConfiguration
    22:57:44.226 [Test worker] DEBUG io.micronaut.context.DefaultBeanContext --   class io.micronaut.configuration.jdbc.hikari.DatasourceConfiguration @Named('default') Definition: io.micronaut.configuration.jdbc.hikari.DatasourceConfiguration
    22:57:44.226 [Test worker] DEBUG io.micronaut.context.DefaultBeanContext --   interface javax.sql.DataSource @Named('default') Definition: io.micronaut.configuration.jdbc.hikari.DatasourceFactory
    22:57:44.227 [Test worker] DEBUG io.micronaut.context.DefaultBeanContext -- Bean [class io.micronaut.transaction.hibernate.HibernateTransactionManager] replaces existing bean of type [class io.micronaut.transaction.jdbc.DataSourceTransactionManager]
    22:57:44.227 [Test worker] DEBUG io.micronaut.context.DefaultBeanContext --   class io.micronaut.transaction.hibernate.HibernateTransactionManager @Named('default') Definition: io.micronaut.transaction.hibernate.HibernateTransactionManager
    22:57:44.227 [Test worker] DEBUG io.micronaut.context.DefaultBeanContext -- Qualifying bean [transactionManager] for qualifier: @Named('default') 
    22:57:44.227 [Test worker] DEBUG io.micronaut.context.DefaultBeanContext -- Found concrete candidate [Definition: io.micronaut.transaction.hibernate.HibernateTransactionManager] for type: @Named('default') transactionManager 
    22:57:44.227 [Test worker] DEBUG io.micronaut.context.DefaultBeanContext -- Finding candidate beans for type: ConnectionOperations connectionOperations
    22:57:44.228 [Test worker] DEBUG io.micronaut.context.DefaultBeanContext -- Finding candidate beans for type: SessionFactory
    22:57:44.228 [Test worker] DEBUG io.micronaut.context.DefaultBeanContext -- Finding candidate beans for type: SessionFactoryPerDataSourceFactory
    22:57:44.229 [Test worker] DEBUG io.micronaut.context.DefaultBeanContext --   class io.micronaut.configuration.hibernate.jpa.conf.SessionFactoryPerDataSourceFactory null Definition: io.micronaut.configuration.hibernate.jpa.conf.SessionFactoryPerDataSourceFactory
    22:57:44.229 [Test worker] DEBUG io.micronaut.context.condition.Condition -- Bean [Definition: io.micronaut.configuration.hibernate.jpa.conf.SessionFactoryPerJpaConfigurationFactory] will not be loaded due to failing conditions:
    22:57:44.229 [Test worker] DEBUG io.micronaut.context.condition.Condition -- * Existing bean [io.micronaut.configuration.hibernate.jpa.conf.SessionFactoryPerDataSourceFactory] of type [class io.micronaut.configuration.hibernate.jpa.conf.SessionFactoryPerDataSourceFactory] registered in context
    22:57:44.229 [Test worker] DEBUG io.micronaut.core.reflect.ClassUtils -- Attempting to dynamically load class org.hibernate.reactive.provider.ReactiveServiceRegistryBuilder
    22:57:44.230 [Test worker] DEBUG io.micronaut.core.reflect.ClassUtils -- Class org.hibernate.reactive.provider.ReactiveServiceRegistryBuilder is not present
    22:57:44.230 [Test worker] DEBUG io.micronaut.context.DefaultBeanContext -- Finding candidate beans for type: SessionFactoryBuilder
    22:57:44.230 [Test worker] DEBUG io.micronaut.context.DefaultBeanContext -- Finding candidate beans for type: Metadata
    22:57:44.230 [Test worker] DEBUG io.micronaut.context.DefaultBeanContext -- Finding candidate beans for type: MetadataSources
    22:57:44.230 [Test worker] DEBUG io.micronaut.context.DefaultBeanContext -- Finding candidate beans for type: ServiceRegistry
    22:57:44.230 [Test worker] DEBUG io.micronaut.context.DefaultBeanContext -- Finding candidate beans for type: DataSource
    22:57:44.230 [Test worker] DEBUG io.micronaut.context.DefaultBeanContext -- Finding candidate beans for type: DatasourceConfiguration
    22:57:44.231 [Test worker] DEBUG io.micronaut.context.DefaultBeanContext --   class io.micronaut.configuration.jdbc.hikari.DatasourceConfiguration @Named('default') Definition: io.micronaut.configuration.jdbc.hikari.DatasourceConfiguration
    22:57:44.231 [Test worker] DEBUG io.micronaut.context.DefaultBeanContext --   interface javax.sql.DataSource @Named('default') Definition: io.micronaut.configuration.jdbc.hikari.DatasourceFactory
    22:57:44.231 [Test worker] DEBUG io.micronaut.core.reflect.ClassUtils -- Attempting to dynamically load class org.hibernate.reactive.provider.ReactiveServiceRegistryBuilder
    22:57:44.232 [Test worker] DEBUG io.micronaut.core.reflect.ClassUtils -- Class org.hibernate.reactive.provider.ReactiveServiceRegistryBuilder is not present
    22:57:44.233 [Test worker] DEBUG io.micronaut.context.DefaultBeanContext --   interface org.hibernate.service.ServiceRegistry @Named('default') Definition: io.micronaut.configuration.hibernate.jpa.conf.SessionFactoryPerDataSourceFactory
    22:57:44.233 [Test worker] DEBUG io.micronaut.core.reflect.ClassUtils -- Attempting to dynamically load class org.hibernate.reactive.provider.ReactiveServiceRegistryBuilder
    22:57:44.233 [Test worker] DEBUG io.micronaut.core.reflect.ClassUtils -- Class org.hibernate.reactive.provider.ReactiveServiceRegistryBuilder is not present
    22:57:44.233 [Test worker] DEBUG io.micronaut.context.DefaultBeanContext --   class org.hibernate.boot.MetadataSources @Named('default') Definition: io.micronaut.configuration.hibernate.jpa.conf.SessionFactoryPerDataSourceFactory
    22:57:44.233 [Test worker] DEBUG io.micronaut.core.reflect.ClassUtils -- Attempting to dynamically load class org.hibernate.reactive.provider.ReactiveServiceRegistryBuilder
    22:57:44.234 [Test worker] DEBUG io.micronaut.core.reflect.ClassUtils -- Class org.hibernate.reactive.provider.ReactiveServiceRegistryBuilder is not present
    22:57:44.234 [Test worker] DEBUG io.micronaut.context.DefaultBeanContext --   interface org.hibernate.boot.Metadata @Named('default') Definition: io.micronaut.configuration.hibernate.jpa.conf.SessionFactoryPerDataSourceFactory
    22:57:44.234 [Test worker] DEBUG io.micronaut.core.reflect.ClassUtils -- Attempting to dynamically load class org.hibernate.reactive.provider.ReactiveServiceRegistryBuilder
    22:57:44.234 [Test worker] DEBUG io.micronaut.core.reflect.ClassUtils -- Class org.hibernate.reactive.provider.ReactiveServiceRegistryBuilder is not present
    22:57:44.235 [Test worker] DEBUG io.micronaut.context.DefaultBeanContext --   interface org.hibernate.boot.SessionFactoryBuilder @Named('default') Definition: io.micronaut.configuration.hibernate.jpa.conf.SessionFactoryPerDataSourceFactory
    22:57:44.235 [Test worker] DEBUG io.micronaut.core.reflect.ClassUtils -- Attempting to dynamically load class org.hibernate.reactive.provider.ReactiveServiceRegistryBuilder
    22:57:44.235 [Test worker] DEBUG io.micronaut.core.reflect.ClassUtils -- Class org.hibernate.reactive.provider.ReactiveServiceRegistryBuilder is not present
    22:57:44.235 [Test worker] DEBUG io.micronaut.context.DefaultBeanContext --   interface org.hibernate.SessionFactory @Named('default') Definition: io.micronaut.configuration.hibernate.jpa.conf.SessionFactoryPerDataSourceFactory
    22:57:44.236 [Test worker] DEBUG io.micronaut.context.DefaultBeanContext --   class io.micronaut.data.hibernate.connection.HibernateConnectionOperations @Named('default') Definition: io.micronaut.data.hibernate.connection.HibernateConnectionOperations
    22:57:44.236 [Test worker] DEBUG io.micronaut.context.DefaultBeanContext -- Qualifying bean [connectionOperations] for qualifier: @Named('default') 
    22:57:44.236 [Test worker] DEBUG io.micronaut.context.DefaultBeanContext -- Found concrete candidate [Definition: io.micronaut.data.hibernate.connection.HibernateConnectionOperations] for type: @Named('default') connectionOperations 
    22:57:44.238 [Test worker] DEBUG io.micronaut.context.DefaultBeanContext -- Finding candidate beans for type: Interceptor entityInterceptor
    22:57:44.239 [Test worker] DEBUG io.micronaut.context.DefaultBeanContext -- No bean candidates found for type: Interceptor entityInterceptor
    22:57:44.239 [Test worker] DEBUG io.micronaut.context.lifecycle -- Created bean [io.micronaut.data.hibernate.connection.HibernateConnectionOperations@553fbe94] from definition [Definition: io.micronaut.data.hibernate.connection.HibernateConnectionOperations] with qualifier [@Named('default')]
    22:57:44.239 [Test worker] DEBUG io.micronaut.context.DefaultBeanContext -- Finding candidate beans for type: SynchronousConnectionManager synchronousConnectionManager
    22:57:44.239 [Test worker] DEBUG io.micronaut.context.DefaultBeanContext -- Finding candidate beans for type: SessionFactory
    22:57:44.239 [Test worker] DEBUG io.micronaut.context.DefaultBeanContext -- Finding candidate beans for type: SessionFactoryBuilder
    22:57:44.240 [Test worker] DEBUG io.micronaut.context.DefaultBeanContext -- Finding candidate beans for type: Metadata
    22:57:44.240 [Test worker] DEBUG io.micronaut.context.DefaultBeanContext -- Finding candidate beans for type: MetadataSources
    22:57:44.240 [Test worker] DEBUG io.micronaut.context.DefaultBeanContext -- Finding candidate beans for type: ServiceRegistry
    22:57:44.240 [Test worker] DEBUG io.micronaut.context.DefaultBeanContext -- Finding candidate beans for type: DataSource
    22:57:44.240 [Test worker] DEBUG io.micronaut.context.DefaultBeanContext -- Finding candidate beans for type: DatasourceConfiguration
    22:57:44.240 [Test worker] DEBUG io.micronaut.context.DefaultBeanContext --   class io.micronaut.configuration.jdbc.hikari.DatasourceConfiguration @Named('default') Definition: io.micronaut.configuration.jdbc.hikari.DatasourceConfiguration
    22:57:44.241 [Test worker] DEBUG io.micronaut.context.DefaultBeanContext --   interface javax.sql.DataSource @Named('default') Definition: io.micronaut.configuration.jdbc.hikari.DatasourceFactory
    22:57:44.241 [Test worker] DEBUG io.micronaut.core.reflect.ClassUtils -- Attempting to dynamically load class org.hibernate.reactive.provider.ReactiveServiceRegistryBuilder
    22:57:44.241 [Test worker] DEBUG io.micronaut.core.reflect.ClassUtils -- Class org.hibernate.reactive.provider.ReactiveServiceRegistryBuilder is not present
    22:57:44.241 [Test worker] DEBUG io.micronaut.context.DefaultBeanContext --   interface org.hibernate.service.ServiceRegistry @Named('default') Definition: io.micronaut.configuration.hibernate.jpa.conf.SessionFactoryPerDataSourceFactory
    22:57:44.242 [Test worker] DEBUG io.micronaut.core.reflect.ClassUtils -- Attempting to dynamically load class org.hibernate.reactive.provider.ReactiveServiceRegistryBuilder
    22:57:44.242 [Test worker] DEBUG io.micronaut.core.reflect.ClassUtils -- Class org.hibernate.reactive.provider.ReactiveServiceRegistryBuilder is not present
    22:57:44.242 [Test worker] DEBUG io.micronaut.context.DefaultBeanContext --   class org.hibernate.boot.MetadataSources @Named('default') Definition: io.micronaut.configuration.hibernate.jpa.conf.SessionFactoryPerDataSourceFactory
    22:57:44.242 [Test worker] DEBUG io.micronaut.core.reflect.ClassUtils -- Attempting to dynamically load class org.hibernate.reactive.provider.ReactiveServiceRegistryBuilder
    22:57:44.242 [Test worker] DEBUG io.micronaut.core.reflect.ClassUtils -- Class org.hibernate.reactive.provider.ReactiveServiceRegistryBuilder is not present
    22:57:44.242 [Test worker] DEBUG io.micronaut.context.DefaultBeanContext --   interface org.hibernate.boot.Metadata @Named('default') Definition: io.micronaut.configuration.hibernate.jpa.conf.SessionFactoryPerDataSourceFactory
    22:57:44.242 [Test worker] DEBUG io.micronaut.core.reflect.ClassUtils -- Attempting to dynamically load class org.hibernate.reactive.provider.ReactiveServiceRegistryBuilder
    22:57:44.242 [Test worker] DEBUG io.micronaut.core.reflect.ClassUtils -- Class org.hibernate.reactive.provider.ReactiveServiceRegistryBuilder is not present
    22:57:44.242 [Test worker] DEBUG io.micronaut.context.DefaultBeanContext --   interface org.hibernate.boot.SessionFactoryBuilder @Named('default') Definition: io.micronaut.configuration.hibernate.jpa.conf.SessionFactoryPerDataSourceFactory
    22:57:44.242 [Test worker] DEBUG io.micronaut.core.reflect.ClassUtils -- Attempting to dynamically load class org.hibernate.reactive.provider.ReactiveServiceRegistryBuilder
    22:57:44.243 [Test worker] DEBUG io.micronaut.core.reflect.ClassUtils -- Class org.hibernate.reactive.provider.ReactiveServiceRegistryBuilder is not present
    22:57:44.243 [Test worker] DEBUG io.micronaut.context.DefaultBeanContext --   interface org.hibernate.SessionFactory @Named('default') Definition: io.micronaut.configuration.hibernate.jpa.conf.SessionFactoryPerDataSourceFactory
    22:57:44.243 [Test worker] DEBUG io.micronaut.context.DefaultBeanContext --   class io.micronaut.data.hibernate.connection.HibernateConnectionOperations @Named('default') Definition: io.micronaut.data.hibernate.connection.HibernateConnectionOperations
    22:57:44.243 [Test worker] DEBUG io.micronaut.context.DefaultBeanContext -- Qualifying bean [synchronousConnectionManager] for qualifier: @Named('default') 
    22:57:44.243 [Test worker] DEBUG io.micronaut.context.DefaultBeanContext -- Found concrete candidate [Definition: io.micronaut.data.hibernate.connection.HibernateConnectionOperations] for type: @Named('default') synchronousConnectionManager 
    22:57:44.244 [Test worker] DEBUG io.micronaut.context.lifecycle -- Created bean [io.micronaut.transaction.hibernate.HibernateTransactionManager@7b3c2ae0] from definition [Definition: io.micronaut.transaction.hibernate.HibernateTransactionManager] with qualifier [@Named('default')]
    22:57:44.245 [Test worker] DEBUG io.micronaut.context.lifecycle -- Created bean [io.micronaut.transaction.test.DefaultTestTransactionExecutionListener@5d3b6585] from definition [Definition: io.micronaut.transaction.test.DefaultTestTransactionExecutionListener] with qualifier [@Named('default')]
    22:57:44.245 [Test worker] DEBUG io.micronaut.context.DefaultBeanContext -- Found a registration BeanRegistration: io.micronaut.transaction.test.DefaultTestTransactionExecutionListener@5d3b6585 for candidate: Definition: io.micronaut.transaction.test.DefaultTestTransactionExecutionListener with qualifier: null
    22:57:44.245 [Test worker] DEBUG io.micronaut.context.DefaultBeanContext -- Resolving beans for type: io.micronaut.test.context.TestMethodInterceptor
    22:57:44.245 [Test worker] DEBUG io.micronaut.context.DefaultBeanContext -- Finding candidate beans for type: TestMethodInterceptor
    22:57:44.245 [Test worker] DEBUG io.micronaut.context.DefaultBeanContext -- Finding candidate beans for type: TransactionOperations
    22:57:44.245 [Test worker] DEBUG io.micronaut.context.DefaultBeanContext -- Finding candidate beans for type: DataSource
    22:57:44.245 [Test worker] DEBUG io.micronaut.context.DefaultBeanContext -- Finding candidate beans for type: DatasourceConfiguration
    22:57:44.245 [Test worker] DEBUG io.micronaut.context.DefaultBeanContext --   class io.micronaut.configuration.jdbc.hikari.DatasourceConfiguration @Named('default') Definition: io.micronaut.configuration.jdbc.hikari.DatasourceConfiguration
    22:57:44.246 [Test worker] DEBUG io.micronaut.context.DefaultBeanContext --   interface javax.sql.DataSource @Named('default') Definition: io.micronaut.configuration.jdbc.hikari.DatasourceFactory
    22:57:44.246 [Test worker] DEBUG io.micronaut.context.DefaultBeanContext -- Finding candidate beans for type: DataSource
    22:57:44.246 [Test worker] DEBUG io.micronaut.context.DefaultBeanContext -- Finding candidate beans for type: DatasourceConfiguration
    22:57:44.246 [Test worker] DEBUG io.micronaut.context.DefaultBeanContext --   class io.micronaut.configuration.jdbc.hikari.DatasourceConfiguration @Named('default') Definition: io.micronaut.configuration.jdbc.hikari.DatasourceConfiguration
    22:57:44.246 [Test worker] DEBUG io.micronaut.context.DefaultBeanContext --   interface javax.sql.DataSource @Named('default') Definition: io.micronaut.configuration.jdbc.hikari.DatasourceFactory
    22:57:44.247 [Test worker] DEBUG io.micronaut.context.DefaultBeanContext -- Bean [class io.micronaut.transaction.hibernate.HibernateTransactionManager] replaces existing bean of type [class io.micronaut.transaction.jdbc.DataSourceTransactionManager]
    22:57:44.247 [Test worker] DEBUG io.micronaut.context.DefaultBeanContext --   class io.micronaut.transaction.hibernate.HibernateTransactionManager @Named('default') Definition: io.micronaut.transaction.hibernate.HibernateTransactionManager
    22:57:44.247 [Test worker] DEBUG io.micronaut.context.DefaultBeanContext --   class io.micronaut.transaction.test.DefaultTestTransactionExecutionListener @Named('default') Definition: io.micronaut.transaction.test.DefaultTestTransactionExecutionListener
    22:57:44.247 [Test worker] DEBUG io.micronaut.context.DefaultBeanContext -- Found a registration BeanRegistration: io.micronaut.transaction.test.DefaultTestTransactionExecutionListener@5d3b6585 for candidate: Definition: io.micronaut.transaction.test.DefaultTestTransactionExecutionListener with qualifier: null
    22:57:44.247 [Test worker] DEBUG io.micronaut.context.DefaultBeanContext -- Finding candidate beans for type: TaskControllerTest
    22:57:44.248 [Test worker] DEBUG io.micronaut.context.DefaultBeanContext --   class com.taskflow.controller.TaskControllerTest null Definition: com.taskflow.controller.TaskControllerTest
    22:57:44.248 [Test worker] DEBUG io.micronaut.context.DefaultBeanContext -- Found concrete candidate [Definition: com.taskflow.controller.TaskControllerTest] for type: taskControllerTest 
    22:57:44.248 [Test worker] DEBUG io.micronaut.context.DefaultBeanContext -- Finding candidate beans for type: EmbeddedApplication
    22:57:44.248 [Test worker] DEBUG io.micronaut.context.DefaultBeanContext --   interface io.micronaut.http.server.netty.NettyEmbeddedServer null Definition: io.micronaut.http.server.netty.DefaultNettyEmbeddedServerFactory
    22:57:44.248 [Test worker] DEBUG io.micronaut.context.DefaultBeanContext -- Finding candidate beans for type: EmbeddedApplication
    22:57:44.249 [Test worker] DEBUG io.micronaut.context.DefaultBeanContext --   interface io.micronaut.http.server.netty.NettyEmbeddedServer null Definition: io.micronaut.http.server.netty.DefaultNettyEmbeddedServerFactory
    22:57:44.249 [Test worker] DEBUG io.micronaut.context.DefaultBeanContext -- Found concrete candidate [Definition: io.micronaut.http.server.netty.DefaultNettyEmbeddedServerFactory] for type: embeddedApplication 
    22:57:44.249 [Test worker] DEBUG io.micronaut.context.DefaultBeanContext -- Finding candidate beans for type: DefaultNettyEmbeddedServerFactory
    22:57:44.250 [Test worker] DEBUG io.micronaut.context.DefaultBeanContext --   class io.micronaut.http.server.netty.DefaultNettyEmbeddedServerFactory null Definition: io.micronaut.http.server.netty.DefaultNettyEmbeddedServerFactory
    22:57:44.250 [Test worker] DEBUG io.micronaut.context.DefaultBeanContext -- Found concrete candidate [Definition: io.micronaut.http.server.netty.DefaultNettyEmbeddedServerFactory] for type: defaultNettyEmbeddedServerFactory 
    22:57:44.250 [Test worker] DEBUG io.micronaut.context.DefaultBeanContext -- Finding candidate beans for type: RouteExecutor routeExecutor
    22:57:44.251 [Test worker] DEBUG io.micronaut.context.DefaultBeanContext --   class io.micronaut.http.server.RouteExecutor null Definition: io.micronaut.http.server.RouteExecutor
    22:57:44.251 [Test worker] DEBUG io.micronaut.context.DefaultBeanContext -- Found concrete candidate [Definition: io.micronaut.http.server.RouteExecutor] for type: routeExecutor 
    22:57:44.252 [Test worker] DEBUG io.micronaut.context.DefaultBeanContext -- Finding candidate beans for type: Router router
    22:57:44.254 [Test worker] DEBUG io.micronaut.context.DefaultBeanContext --   class io.micronaut.web.router.DefaultRouter null Definition: io.micronaut.web.router.DefaultRouter
    22:57:44.254 [Test worker] DEBUG io.micronaut.context.DefaultBeanContext -- Found concrete candidate [Definition: io.micronaut.web.router.DefaultRouter] for type: router 
    22:57:44.255 [Test worker] DEBUG io.micronaut.context.DefaultBeanContext -- Resolving beans for type: io.micronaut.web.router.RouteBuilder
    22:57:44.255 [Test worker] DEBUG io.micronaut.context.DefaultBeanContext -- Finding candidate beans for type: RouteBuilder E
    22:57:44.256 [Test worker] DEBUG io.micronaut.context.DefaultBeanContext --   class io.micronaut.web.router.AnnotatedFilterRouteBuilder null Definition: io.micronaut.web.router.AnnotatedFilterRouteBuilder
    22:57:44.256 [Test worker] DEBUG io.micronaut.context.DefaultBeanContext --   class io.micronaut.management.endpoint.processors.WriteEndpointRouteBuilder null Definition: io.micronaut.management.endpoint.processors.WriteEndpointRouteBuilder
    22:57:44.256 [Test worker] DEBUG io.micronaut.context.DefaultBeanContext --   class io.micronaut.web.router.AnnotatedMethodRouteBuilder null Definition: io.micronaut.web.router.AnnotatedMethodRouteBuilder
    22:57:44.256 [Test worker] DEBUG io.micronaut.context.DefaultBeanContext --   class io.micronaut.management.endpoint.processors.DeleteEndpointRouteBuilder null Definition: io.micronaut.management.endpoint.processors.DeleteEndpointRouteBuilder
    22:57:44.256 [Test worker] DEBUG io.micronaut.context.DefaultBeanContext --   class io.micronaut.management.endpoint.processors.ReadEndpointRouteBuilder null Definition: io.micronaut.management.endpoint.processors.ReadEndpointRouteBuilder
    22:57:44.256 [Test worker] DEBUG io.micronaut.context.DefaultBeanContext --   class io.micronaut.http.server.websocket.ServerWebSocketProcessor null Definition: io.micronaut.http.server.websocket.ServerWebSocketProcessor
    22:57:44.256 [Test worker] DEBUG io.micronaut.context.DefaultBeanContext --   class io.micronaut.web.router.ServerFilterRouteBuilder null Definition: io.micronaut.web.router.ServerFilterRouteBuilder
    22:57:44.258 [Test worker] DEBUG io.micronaut.context.DefaultBeanContext -- Finding candidate beans for type: UriNamingStrategy uriNamingStrategy
    22:57:44.263 [Test worker] DEBUG io.micronaut.context.DefaultBeanContext --   class io.micronaut.web.router.naming.HyphenatedUriNamingStrategy null Definition: io.micronaut.web.router.naming.HyphenatedUriNamingStrategy
    22:57:44.263 [Test worker] DEBUG io.micronaut.context.DefaultBeanContext -- Found concrete candidate [Definition: io.micronaut.web.router.naming.HyphenatedUriNamingStrategy] for type: uriNamingStrategy 
    22:57:44.263 [Test worker] DEBUG io.micronaut.context.lifecycle -- Created bean [io.micronaut.web.router.naming.HyphenatedUriNamingStrategy@49e0b123] from definition [Definition: io.micronaut.web.router.naming.HyphenatedUriNamingStrategy] with qualifier [null]
    22:57:44.263 [Test worker] DEBUG io.micronaut.context.DefaultBeanContext -- Finding candidate beans for type: ServerContextPathProvider contextPathProvider
    22:57:44.265 [Test worker] DEBUG io.micronaut.context.DefaultBeanContext -- Bean [class io.micronaut.http.server.netty.configuration.NettyHttpServerConfiguration] replaces existing bean of type [class io.micronaut.http.server.HttpServerConfiguration]
    22:57:44.265 [Test worker] DEBUG io.micronaut.context.DefaultBeanContext --   class io.micronaut.http.server.netty.configuration.NettyHttpServerConfiguration null Definition: io.micronaut.http.server.netty.configuration.NettyHttpServerConfiguration
    22:57:44.265 [Test worker] DEBUG io.micronaut.context.DefaultBeanContext -- Found concrete candidate [Definition: io.micronaut.http.server.netty.configuration.NettyHttpServerConfiguration] for type: contextPathProvider 
    22:57:44.265 [Test worker] DEBUG io.micronaut.context.DefaultBeanContext -- Finding candidate beans for type: ApplicationConfiguration applicationConfiguration
    22:57:44.266 [Test worker] DEBUG io.micronaut.context.DefaultBeanContext --   class io.micronaut.runtime.ApplicationConfiguration null Definition: io.micronaut.runtime.ApplicationConfiguration
    22:57:44.266 [Test worker] DEBUG io.micronaut.context.DefaultBeanContext -- Found concrete candidate [Definition: io.micronaut.runtime.ApplicationConfiguration] for type: applicationConfiguration 
    22:57:44.266 [Test worker] DEBUG io.micronaut.context.lifecycle -- Created bean [io.micronaut.runtime.ApplicationConfiguration@768f4b42] from definition [Definition: io.micronaut.runtime.ApplicationConfiguration] with qualifier [null]
    22:57:44.266 [Test worker] DEBUG io.micronaut.context.DefaultBeanContext -- Resolving beans for type: io.micronaut.http.netty.channel.ChannelPipelineListener
    22:57:44.266 [Test worker] DEBUG io.micronaut.context.DefaultBeanContext -- Finding candidate beans for type: ChannelPipelineListener E
    22:57:44.266 [Test worker] DEBUG io.micronaut.context.DefaultBeanContext -- No bean candidates found for type: ChannelPipelineListener E
    22:57:44.270 [Test worker] DEBUG io.micronaut.context.DefaultBeanContext -- Finding candidate beans for type: FileTypeHandlerConfiguration fileTypeHandlerConfiguration
    22:57:44.271 [Test worker] DEBUG io.micronaut.context.DefaultBeanContext --   class io.micronaut.http.server.netty.configuration.NettyHttpServerConfiguration$FileTypeHandlerConfiguration null Definition: io.micronaut.http.server.netty.configuration.NettyHttpServerConfiguration$FileTypeHandlerConfiguration
    22:57:44.271 [Test worker] DEBUG io.micronaut.context.DefaultBeanContext -- Found concrete candidate [Definition: io.micronaut.http.server.netty.configuration.NettyHttpServerConfiguration$FileTypeHandlerConfiguration] for type: fileTypeHandlerConfiguration 
    22:57:44.271 [Test worker] DEBUG io.micronaut.context.lifecycle -- Created bean [io.micronaut.http.server.netty.configuration.NettyHttpServerConfiguration$FileTypeHandlerConfiguration@19ec5357] from definition [Definition: io.micronaut.http.server.netty.configuration.NettyHttpServerConfiguration$FileTypeHandlerConfiguration] with qualifier [null]
    22:57:44.271 [Test worker] DEBUG io.micronaut.context.lifecycle -- Created bean [io.micronaut.http.server.netty.configuration.NettyHttpServerConfiguration@351d93bd] from definition [Definition: io.micronaut.http.server.netty.configuration.NettyHttpServerConfiguration] with qualifier [null]
    22:57:44.271 [Test worker] DEBUG io.micronaut.context.DefaultBeanContext -- Finding candidate beans for type: ExecutorSelector
    22:57:44.271 [Test worker] DEBUG io.micronaut.context.DefaultBeanContext --   class io.micronaut.scheduling.executor.DefaultExecutorSelector null Definition: io.micronaut.scheduling.executor.DefaultExecutorSelector
    22:57:44.272 [Test worker] DEBUG io.micronaut.context.DefaultBeanContext -- Found concrete candidate [Definition: io.micronaut.scheduling.executor.DefaultExecutorSelector] for type: executorSelector 
    22:57:44.272 [Test worker] DEBUG io.micronaut.context.DefaultBeanContext -- Finding candidate beans for type: BeanProvider ioExecutor
    22:57:44.272 [Test worker] DEBUG io.micronaut.context.DefaultBeanContext --   interface io.micronaut.context.BeanProvider null io.micronaut.inject.provider.BeanProviderDefinition@58df6bef
    22:57:44.272 [Test worker] DEBUG io.micronaut.context.DefaultBeanContext -- Qualifying bean [ioExecutor] for qualifier: @Named('io') 
    22:57:44.272 [Test worker] DEBUG io.micronaut.context.DefaultBeanContext -- Found concrete candidate [io.micronaut.inject.provider.BeanProviderDefinition@58df6bef] for type: @Named('io') ioExecutor 
    22:57:44.272 [Test worker] DEBUG io.micronaut.context.lifecycle -- Created bean [io.micronaut.inject.provider.BeanProviderDefinition$1@6df37f7a] from definition [io.micronaut.inject.provider.BeanProviderDefinition@58df6bef] with qualifier [@Named('io')]
    22:57:44.272 [Test worker] DEBUG io.micronaut.context.DefaultBeanContext -- Finding candidate beans for type: BeanProvider blockingExecutor
    22:57:44.272 [Test worker] DEBUG io.micronaut.context.DefaultBeanContext --   interface io.micronaut.context.BeanProvider null io.micronaut.inject.provider.BeanProviderDefinition@58df6bef
    22:57:44.272 [Test worker] DEBUG io.micronaut.context.DefaultBeanContext -- Qualifying bean [blockingExecutor] for qualifier: @Named('blocking') 
    22:57:44.272 [Test worker] DEBUG io.micronaut.context.DefaultBeanContext -- Found concrete candidate [io.micronaut.inject.provider.BeanProviderDefinition@58df6bef] for type: @Named('blocking') blockingExecutor 
    22:57:44.272 [Test worker] DEBUG io.micronaut.context.lifecycle -- Created bean [io.micronaut.inject.provider.BeanProviderDefinition$1@39514976] from definition [io.micronaut.inject.provider.BeanProviderDefinition@58df6bef] with qualifier [@Named('blocking')]
    22:57:44.273 [Test worker] DEBUG io.micronaut.context.lifecycle -- Created bean [io.micronaut.scheduling.executor.DefaultExecutorSelector@1fbd5e0] from definition [Definition: io.micronaut.scheduling.executor.DefaultExecutorSelector] with qualifier [null]
    22:57:44.273 [Test worker] DEBUG io.micronaut.context.DefaultBeanContext -- Finding candidate beans for type: MessageBodyHandlerRegistry
    22:57:44.273 [Test worker] DEBUG io.micronaut.context.DefaultBeanContext --   class io.micronaut.http.body.DefaultMessageBodyHandlerRegistry null Definition: io.micronaut.http.body.DefaultMessageBodyHandlerRegistry
    22:57:44.273 [Test worker] DEBUG io.micronaut.context.DefaultBeanContext -- Found concrete candidate [Definition: io.micronaut.http.body.DefaultMessageBodyHandlerRegistry] for type: messageBodyHandlerRegistry 
    22:57:44.274 [Test worker] DEBUG io.micronaut.context.DefaultBeanContext -- Resolving beans for type: io.micronaut.http.codec.CodecConfiguration
    22:57:44.274 [Test worker] DEBUG io.micronaut.context.DefaultBeanContext -- Finding candidate beans for type: CodecConfiguration E
    22:57:44.275 [Test worker] DEBUG io.micronaut.context.DefaultBeanContext -- No bean candidates found for type: CodecConfiguration E
    22:57:44.275 [Test worker] DEBUG io.micronaut.context.DefaultBeanContext -- Resolving beans for type: io.micronaut.http.body.RawMessageBodyHandler<java.lang.Object>
    22:57:44.275 [Test worker] DEBUG io.micronaut.context.DefaultBeanContext -- Finding candidate beans for type: RawMessageBodyHandler E
    22:57:44.276 [Test worker] DEBUG io.micronaut.context.DefaultBeanContext -- Finding candidate beans for type: ByteBufferFactory
    22:57:44.277 [Test worker] DEBUG io.micronaut.context.DefaultBeanContext --   class io.micronaut.buffer.netty.NettyByteBufferFactory null Definition: io.micronaut.buffer.netty.NettyByteBufferFactory
    22:57:44.277 [Test worker] DEBUG io.micronaut.context.DefaultBeanContext -- Bean [class io.micronaut.http.netty.body.NettyWritableBodyWriter] replaces existing bean of type [class io.micronaut.http.body.WritableBodyWriter]
    22:57:44.277 [Test worker] DEBUG io.micronaut.context.DefaultBeanContext --   class io.micronaut.http.body.RawMessageBodyHandlerRegistry$RawStringHandler null Definition: io.micronaut.http.body.RawMessageBodyHandlerRegistry$RawStringHandler
    22:57:44.277 [Test worker] DEBUG io.micronaut.context.DefaultBeanContext --   class io.micronaut.http.body.RawMessageBodyHandlerRegistry$RawByteBufferHandler null Definition: io.micronaut.http.body.RawMessageBodyHandlerRegistry$RawByteBufferHandler
    22:57:44.277 [Test worker] DEBUG io.micronaut.context.DefaultBeanContext --   class io.micronaut.http.netty.body.ByteBufRawMessageBodyHandler null Definition: io.micronaut.http.netty.body.ByteBufRawMessageBodyHandler
    22:57:44.277 [Test worker] DEBUG io.micronaut.context.DefaultBeanContext --   class io.micronaut.http.body.RawMessageBodyHandlerRegistry$RawByteArrayHandler null Definition: io.micronaut.http.body.RawMessageBodyHandlerRegistry$RawByteArrayHandler
    22:57:44.277 [Test worker] DEBUG io.micronaut.context.DefaultBeanContext --   class io.micronaut.http.netty.body.NettyWritableBodyWriter null Definition: io.micronaut.http.netty.body.NettyWritableBodyWriter
    22:57:44.277 [Test worker] DEBUG io.micronaut.context.lifecycle -- Created bean [io.micronaut.http.body.RawMessageBodyHandlerRegistry$RawStringHandler@11f3400c] from definition [Definition: io.micronaut.http.body.RawMessageBodyHandlerRegistry$RawStringHandler] with qualifier [null]
    22:57:44.277 [Test worker] DEBUG io.micronaut.context.DefaultBeanContext -- Found a registration BeanRegistration: io.micronaut.http.body.RawMessageBodyHandlerRegistry$RawStringHandler@11f3400c for candidate: Definition: io.micronaut.http.body.RawMessageBodyHandlerRegistry$RawStringHandler with qualifier: null
    22:57:44.277 [Test worker] DEBUG io.micronaut.context.DefaultBeanContext -- Finding candidate beans for type: ByteBufferFactory byteBufferFactory
    22:57:44.278 [Test worker] DEBUG io.micronaut.context.DefaultBeanContext --   class io.micronaut.buffer.netty.NettyByteBufferFactory null Definition: io.micronaut.buffer.netty.NettyByteBufferFactory
    22:57:44.278 [Test worker] DEBUG io.micronaut.context.DefaultBeanContext -- Found concrete candidate [Definition: io.micronaut.buffer.netty.NettyByteBufferFactory] for type: byteBufferFactory 
    22:57:44.278 [Test worker] DEBUG io.micronaut.context.lifecycle -- Created bean [io.micronaut.http.body.RawMessageBodyHandlerRegistry$RawByteBufferHandler@2558f65c] from definition [Definition: io.micronaut.http.body.RawMessageBodyHandlerRegistry$RawByteBufferHandler] with qualifier [null]
    22:57:44.278 [Test worker] DEBUG io.micronaut.context.DefaultBeanContext -- Found a registration BeanRegistration: io.micronaut.http.body.RawMessageBodyHandlerRegistry$RawByteBufferHandler@2558f65c for candidate: Definition: io.micronaut.http.body.RawMessageBodyHandlerRegistry$RawByteBufferHandler with qualifier: null
    22:57:44.278 [Test worker] DEBUG io.micronaut.context.lifecycle -- Created bean [io.micronaut.http.netty.body.ByteBufRawMessageBodyHandler@1a3b1f7e] from definition [Definition: io.micronaut.http.netty.body.ByteBufRawMessageBodyHandler] with qualifier [null]
    22:57:44.278 [Test worker] DEBUG io.micronaut.context.DefaultBeanContext -- Found a registration BeanRegistration: io.micronaut.http.netty.body.ByteBufRawMessageBodyHandler@1a3b1f7e for candidate: Definition: io.micronaut.http.netty.body.ByteBufRawMessageBodyHandler with qualifier: null
    22:57:44.278 [Test worker] DEBUG io.micronaut.context.lifecycle -- Created bean [io.micronaut.http.body.RawMessageBodyHandlerRegistry$RawByteArrayHandler@40017e98] from definition [Definition: io.micronaut.http.body.RawMessageBodyHandlerRegistry$RawByteArrayHandler] with qualifier [null]
    22:57:44.278 [Test worker] DEBUG io.micronaut.context.DefaultBeanContext -- Found a registration BeanRegistration: io.micronaut.http.body.RawMessageBodyHandlerRegistry$RawByteArrayHandler@40017e98 for candidate: Definition: io.micronaut.http.body.RawMessageBodyHandlerRegistry$RawByteArrayHandler with qualifier: null
    22:57:44.280 [Test worker] DEBUG io.micronaut.context.lifecycle -- Created bean [io.micronaut.http.netty.body.NettyWritableBodyWriter@42d174ad] from definition [Definition: io.micronaut.http.netty.body.NettyWritableBodyWriter] with qualifier [null]
    22:57:44.280 [Test worker] DEBUG io.micronaut.context.DefaultBeanContext -- Found a registration BeanRegistration: io.micronaut.http.netty.body.NettyWritableBodyWriter@42d174ad for candidate: Definition: io.micronaut.http.netty.body.NettyWritableBodyWriter with qualifier: null
    22:57:44.281 [Test worker] DEBUG io.micronaut.context.lifecycle -- Created bean [io.micronaut.http.body.DefaultMessageBodyHandlerRegistry@6fc0e448] from definition [Definition: io.micronaut.http.body.DefaultMessageBodyHandlerRegistry] with qualifier [null]
    22:57:44.281 [Test worker] DEBUG io.micronaut.context.DefaultBeanContext -- Finding candidate beans for qualifier: @Filter
    22:57:44.282 [Test worker] DEBUG io.micronaut.context.lifecycle -- Created bean [io.micronaut.web.router.AnnotatedFilterRouteBuilder@1f48fa72] from definition [Definition: io.micronaut.web.router.AnnotatedFilterRouteBuilder] with qualifier [null]
    22:57:44.282 [Test worker] DEBUG io.micronaut.context.DefaultBeanContext -- Found a registration BeanRegistration: io.micronaut.web.router.AnnotatedFilterRouteBuilder@1f48fa72 for candidate: Definition: io.micronaut.web.router.AnnotatedFilterRouteBuilder with qualifier: null
    22:57:44.282 [Test worker] DEBUG io.micronaut.context.DefaultBeanContext -- Finding candidate beans for type: EndpointDefaultConfiguration endpointDefaultConfiguration
    22:57:44.283 [Test worker] DEBUG io.micronaut.context.DefaultBeanContext --   class io.micronaut.management.endpoint.EndpointDefaultConfiguration null Definition: io.micronaut.management.endpoint.EndpointDefaultConfiguration
    22:57:44.283 [Test worker] DEBUG io.micronaut.context.DefaultBeanContext -- Found concrete candidate [Definition: io.micronaut.management.endpoint.EndpointDefaultConfiguration] for type: endpointDefaultConfiguration 
    22:57:44.283 [Test worker] DEBUG io.micronaut.context.lifecycle -- Created bean [io.micronaut.management.endpoint.EndpointDefaultConfiguration@58bad46f] from definition [Definition: io.micronaut.management.endpoint.EndpointDefaultConfiguration] with qualifier [null]
    22:57:44.283 [Test worker] DEBUG io.micronaut.context.DefaultBeanContext -- Finding candidate beans for qualifier: @Endpoint
    22:57:44.284 [Test worker] DEBUG io.micronaut.context.condition.Condition -- Bean [Definition: io.micronaut.management.endpoint.loggers.LoggersEndpoint] will not be loaded due to failing conditions:
    22:57:44.284 [Test worker] DEBUG io.micronaut.context.condition.Condition -- * Custom condition [class io.micronaut.management.endpoint.EndpointEnabledCondition] failed evaluation
    22:57:44.285 [Test worker] DEBUG io.micronaut.context.condition.Condition -- Bean [Definition: io.micronaut.management.endpoint.stop.ServerStopEndpoint] will not be loaded due to failing conditions:
    22:57:44.285 [Test worker] DEBUG io.micronaut.context.condition.Condition -- * Custom condition [class io.micronaut.management.endpoint.EndpointEnabledCondition] failed evaluation
    22:57:44.286 [Test worker] DEBUG io.micronaut.context.condition.Condition -- Bean [Definition: io.micronaut.management.endpoint.env.EnvironmentEndpoint] will not be loaded due to failing conditions:
    22:57:44.286 [Test worker] DEBUG io.micronaut.context.condition.Condition -- * Custom condition [class io.micronaut.management.endpoint.EndpointEnabledCondition] failed evaluation
    22:57:44.288 [Test worker] DEBUG io.micronaut.context.DefaultBeanContext -- Finding candidate beans for type: RefreshEndpoint
    22:57:44.289 [Test worker] DEBUG io.micronaut.context.DefaultBeanContext --   class io.micronaut.management.endpoint.refresh.RefreshEndpoint null Definition: io.micronaut.management.endpoint.refresh.RefreshEndpoint
    22:57:44.289 [Test worker] DEBUG io.micronaut.context.DefaultBeanContext -- Found concrete candidate [Definition: io.micronaut.management.endpoint.refresh.RefreshEndpoint] for type: refreshEndpoint 
    22:57:44.295 [Test worker] DEBUG io.micronaut.web.router.DefaultRouteBuilder -- Created Route to @Endpoint io.micronaut.management.endpoint.refresh.RefreshEndpoint: POST /refresh -> RefreshEndpoint#refresh ()
    22:57:44.295 [Test worker] DEBUG io.micronaut.context.lifecycle -- Created bean [io.micronaut.management.endpoint.processors.WriteEndpointRouteBuilder@5b0e9e0c] from definition [Definition: io.micronaut.management.endpoint.processors.WriteEndpointRouteBuilder] with qualifier [null]
    22:57:44.296 [Test worker] DEBUG io.micronaut.context.DefaultBeanContext -- Found a registration BeanRegistration: io.micronaut.management.endpoint.processors.WriteEndpointRouteBuilder@5b0e9e0c for candidate: Definition: io.micronaut.management.endpoint.processors.WriteEndpointRouteBuilder with qualifier: null
    22:57:44.297 [Test worker] DEBUG io.micronaut.context.DefaultBeanContext -- Finding candidate beans for qualifier: @Controller
    22:57:44.301 [Test worker] DEBUG io.micronaut.web.router.DefaultRouteBuilder -- Created Route: GET /tasks -> TaskController#listTasks (application/json)
    22:57:44.301 [Test worker] DEBUG io.micronaut.web.router.DefaultRouteBuilder -- Created Route: HEAD /tasks -> TaskController#listTasks (application/json)
    22:57:44.301 [Test worker] DEBUG io.micronaut.web.router.DefaultRouteBuilder -- Created Route: GET /tasks/{id} -> TaskController#getTask (application/json)
    22:57:44.302 [Test worker] DEBUG io.micronaut.web.router.DefaultRouteBuilder -- Created Route: HEAD /tasks/{id} -> TaskController#getTask (application/json)
    22:57:44.302 [Test worker] DEBUG io.micronaut.web.router.DefaultRouteBuilder -- Created Route: POST /tasks -> TaskController#createTask (application/json)
    22:57:44.302 [Test worker] DEBUG io.micronaut.web.router.DefaultRouteBuilder -- Created Route: DELETE /tasks/{id} -> TaskController#deleteTask (application/json)
    22:57:44.302 [Test worker] DEBUG io.micronaut.context.lifecycle -- Created bean [io.micronaut.web.router.AnnotatedMethodRouteBuilder@5bde6148] from definition [Definition: io.micronaut.web.router.AnnotatedMethodRouteBuilder] with qualifier [null]
    22:57:44.302 [Test worker] DEBUG io.micronaut.context.DefaultBeanContext -- Found a registration BeanRegistration: io.micronaut.web.router.AnnotatedMethodRouteBuilder@5bde6148 for candidate: Definition: io.micronaut.web.router.AnnotatedMethodRouteBuilder with qualifier: null
    22:57:44.302 [Test worker] DEBUG io.micronaut.context.DefaultBeanContext -- Finding candidate beans for qualifier: @Endpoint
    22:57:44.303 [Test worker] DEBUG io.micronaut.context.condition.Condition -- Bean [Definition: io.micronaut.management.endpoint.loggers.LoggersEndpoint] will not be loaded due to failing conditions:
    22:57:44.303 [Test worker] DEBUG io.micronaut.context.condition.Condition -- * Custom condition [class io.micronaut.management.endpoint.EndpointEnabledCondition] failed evaluation
    22:57:44.303 [Test worker] DEBUG io.micronaut.context.condition.Condition -- Bean [Definition: io.micronaut.management.endpoint.stop.ServerStopEndpoint] will not be loaded due to failing conditions:
    22:57:44.303 [Test worker] DEBUG io.micronaut.context.condition.Condition -- * Custom condition [class io.micronaut.management.endpoint.EndpointEnabledCondition] failed evaluation
    22:57:44.303 [Test worker] DEBUG io.micronaut.context.condition.Condition -- Bean [Definition: io.micronaut.management.endpoint.env.EnvironmentEndpoint] will not be loaded due to failing conditions:
    22:57:44.303 [Test worker] DEBUG io.micronaut.context.condition.Condition -- * Custom condition [class io.micronaut.management.endpoint.EndpointEnabledCondition] failed evaluation
    22:57:44.304 [Test worker] DEBUG io.micronaut.context.lifecycle -- Created bean [io.micronaut.management.endpoint.processors.DeleteEndpointRouteBuilder@2976ef56] from definition [Definition: io.micronaut.management.endpoint.processors.DeleteEndpointRouteBuilder] with qualifier [null]
    22:57:44.304 [Test worker] DEBUG io.micronaut.context.DefaultBeanContext -- Found a registration BeanRegistration: io.micronaut.management.endpoint.processors.DeleteEndpointRouteBuilder@2976ef56 for candidate: Definition: io.micronaut.management.endpoint.processors.DeleteEndpointRouteBuilder with qualifier: null
    22:57:44.304 [Test worker] DEBUG io.micronaut.context.DefaultBeanContext -- Finding candidate beans for qualifier: @Endpoint
    22:57:44.304 [Test worker] DEBUG io.micronaut.context.condition.Condition -- Bean [Definition: io.micronaut.management.endpoint.loggers.LoggersEndpoint] will not be loaded due to failing conditions:
    22:57:44.304 [Test worker] DEBUG io.micronaut.context.condition.Condition -- * Custom condition [class io.micronaut.management.endpoint.EndpointEnabledCondition] failed evaluation
    22:57:44.304 [Test worker] DEBUG io.micronaut.context.condition.Condition -- Bean [Definition: io.micronaut.management.endpoint.stop.ServerStopEndpoint] will not be loaded due to failing conditions:
    22:57:44.304 [Test worker] DEBUG io.micronaut.context.condition.Condition -- * Custom condition [class io.micronaut.management.endpoint.EndpointEnabledCondition] failed evaluation
    22:57:44.304 [Test worker] DEBUG io.micronaut.context.condition.Condition -- Bean [Definition: io.micronaut.management.endpoint.env.EnvironmentEndpoint] will not be loaded due to failing conditions:
    22:57:44.304 [Test worker] DEBUG io.micronaut.context.condition.Condition -- * Custom condition [class io.micronaut.management.endpoint.EndpointEnabledCondition] failed evaluation
    22:57:44.305 [Test worker] DEBUG io.micronaut.context.DefaultBeanContext -- Finding candidate beans for type: FlywayEndpoint
    22:57:44.305 [Test worker] DEBUG io.micronaut.context.DefaultBeanContext --   class io.micronaut.flyway.endpoint.FlywayEndpoint null Definition: io.micronaut.flyway.endpoint.FlywayEndpoint
    22:57:44.305 [Test worker] DEBUG io.micronaut.context.DefaultBeanContext -- Found concrete candidate [Definition: io.micronaut.flyway.endpoint.FlywayEndpoint] for type: flywayEndpoint 
    22:57:44.306 [Test worker] DEBUG io.micronaut.web.router.DefaultRouteBuilder -- Created Route to @Endpoint io.micronaut.flyway.endpoint.FlywayEndpoint: GET /flyway -> FlywayEndpoint#flywayMigrations (application/json)
    22:57:44.306 [Test worker] DEBUG io.micronaut.web.router.DefaultRouteBuilder -- Created Route to @Endpoint io.micronaut.flyway.endpoint.FlywayEndpoint: HEAD /flyway -> FlywayEndpoint#flywayMigrations (application/json)
    22:57:44.306 [Test worker] DEBUG io.micronaut.context.DefaultBeanContext -- Finding candidate beans for type: BeansEndpoint
    22:57:44.306 [Test worker] DEBUG io.micronaut.context.DefaultBeanContext --   class io.micronaut.management.endpoint.beans.BeansEndpoint null Definition: io.micronaut.management.endpoint.beans.BeansEndpoint
    22:57:44.306 [Test worker] DEBUG io.micronaut.context.DefaultBeanContext -- Found concrete candidate [Definition: io.micronaut.management.endpoint.beans.BeansEndpoint] for type: beansEndpoint 
    22:57:44.306 [Test worker] DEBUG io.micronaut.web.router.DefaultRouteBuilder -- Created Route to @Endpoint io.micronaut.management.endpoint.beans.BeansEndpoint: GET /beans -> BeansEndpoint#getBeans (application/json)
    22:57:44.306 [Test worker] DEBUG io.micronaut.web.router.DefaultRouteBuilder -- Created Route to @Endpoint io.micronaut.management.endpoint.beans.BeansEndpoint: HEAD /beans -> BeansEndpoint#getBeans (application/json)
    22:57:44.306 [Test worker] DEBUG io.micronaut.context.DefaultBeanContext -- Finding candidate beans for type: ThreadDumpEndpoint
    22:57:44.307 [Test worker] DEBUG io.micronaut.context.DefaultBeanContext --   class io.micronaut.management.endpoint.threads.ThreadDumpEndpoint null Definition: io.micronaut.management.endpoint.threads.ThreadDumpEndpoint
    22:57:44.307 [Test worker] DEBUG io.micronaut.context.DefaultBeanContext -- Found concrete candidate [Definition: io.micronaut.management.endpoint.threads.ThreadDumpEndpoint] for type: threadDumpEndpoint 
    22:57:44.307 [Test worker] DEBUG io.micronaut.web.router.DefaultRouteBuilder -- Created Route to @Endpoint io.micronaut.management.endpoint.threads.ThreadDumpEndpoint: GET /threaddump -> ThreadDumpEndpoint#getThreadDump (application/json)
    22:57:44.307 [Test worker] DEBUG io.micronaut.web.router.DefaultRouteBuilder -- Created Route to @Endpoint io.micronaut.management.endpoint.threads.ThreadDumpEndpoint: HEAD /threaddump -> ThreadDumpEndpoint#getThreadDump (application/json)
    22:57:44.307 [Test worker] DEBUG io.micronaut.context.DefaultBeanContext -- Finding candidate beans for type: InfoEndpoint
    22:57:44.307 [Test worker] DEBUG io.micronaut.context.DefaultBeanContext --   class io.micronaut.management.endpoint.info.InfoEndpoint null Definition: io.micronaut.management.endpoint.info.InfoEndpoint
    22:57:44.307 [Test worker] DEBUG io.micronaut.context.DefaultBeanContext -- Found concrete candidate [Definition: io.micronaut.management.endpoint.info.InfoEndpoint] for type: infoEndpoint 
    22:57:44.308 [Test worker] DEBUG io.micronaut.web.router.DefaultRouteBuilder -- Created Route to @Endpoint io.micronaut.management.endpoint.info.InfoEndpoint: GET /info -> InfoEndpoint#getInfo (application/json)
    22:57:44.308 [Test worker] DEBUG io.micronaut.web.router.DefaultRouteBuilder -- Created Route to @Endpoint io.micronaut.management.endpoint.info.InfoEndpoint: HEAD /info -> InfoEndpoint#getInfo (application/json)
    22:57:44.308 [Test worker] DEBUG io.micronaut.context.DefaultBeanContext -- Finding candidate beans for type: RoutesEndpoint
    22:57:44.308 [Test worker] DEBUG io.micronaut.context.DefaultBeanContext --   class io.micronaut.management.endpoint.routes.RoutesEndpoint null Definition: io.micronaut.management.endpoint.routes.RoutesEndpoint
    22:57:44.308 [Test worker] DEBUG io.micronaut.context.DefaultBeanContext -- Found concrete candidate [Definition: io.micronaut.management.endpoint.routes.RoutesEndpoint] for type: routesEndpoint 
    22:57:44.308 [Test worker] DEBUG io.micronaut.web.router.DefaultRouteBuilder -- Created Route to @Endpoint io.micronaut.management.endpoint.routes.RoutesEndpoint: GET /routes -> RoutesEndpoint#getRoutes (application/json)
    22:57:44.308 [Test worker] DEBUG io.micronaut.web.router.DefaultRouteBuilder -- Created Route to @Endpoint io.micronaut.management.endpoint.routes.RoutesEndpoint: HEAD /routes -> RoutesEndpoint#getRoutes (application/json)
    22:57:44.308 [Test worker] DEBUG io.micronaut.context.DefaultBeanContext -- Finding candidate beans for type: HealthEndpoint
    22:57:44.309 [Test worker] DEBUG io.micronaut.context.DefaultBeanContext --   class io.micronaut.management.endpoint.health.HealthEndpoint null Definition: io.micronaut.management.endpoint.health.HealthEndpoint
    22:57:44.309 [Test worker] DEBUG io.micronaut.context.DefaultBeanContext -- Found concrete candidate [Definition: io.micronaut.management.endpoint.health.HealthEndpoint] for type: healthEndpoint 
    22:57:44.309 [Test worker] DEBUG io.micronaut.web.router.DefaultRouteBuilder -- Created Route to @Endpoint io.micronaut.management.endpoint.health.HealthEndpoint: GET /health -> HealthEndpoint#getHealth (application/json)
    22:57:44.309 [Test worker] DEBUG io.micronaut.web.router.DefaultRouteBuilder -- Created Route to @Endpoint io.micronaut.management.endpoint.health.HealthEndpoint: HEAD /health -> HealthEndpoint#getHealth (application/json)
    22:57:44.309 [Test worker] DEBUG io.micronaut.web.router.DefaultRouteBuilder -- Created Route to @Endpoint io.micronaut.management.endpoint.health.HealthEndpoint: GET /health/{selector} -> HealthEndpoint#getHealth (application/json)
    22:57:44.309 [Test worker] DEBUG io.micronaut.web.router.DefaultRouteBuilder -- Created Route to @Endpoint io.micronaut.management.endpoint.health.HealthEndpoint: HEAD /health/{selector} -> HealthEndpoint#getHealth (application/json)
    22:57:44.309 [Test worker] DEBUG io.micronaut.context.lifecycle -- Created bean [io.micronaut.management.endpoint.processors.ReadEndpointRouteBuilder@6e49b011] from definition [Definition: io.micronaut.management.endpoint.processors.ReadEndpointRouteBuilder] with qualifier [null]
    22:57:44.309 [Test worker] DEBUG io.micronaut.context.DefaultBeanContext -- Found a registration BeanRegistration: io.micronaut.management.endpoint.processors.ReadEndpointRouteBuilder@6e49b011 for candidate: Definition: io.micronaut.management.endpoint.processors.ReadEndpointRouteBuilder with qualifier: null
    22:57:44.310 [Test worker] DEBUG io.micronaut.context.DefaultBeanContext -- Finding candidate beans for qualifier: @ServerWebSocket
    22:57:44.310 [Test worker] DEBUG io.micronaut.context.lifecycle -- Created bean [io.micronaut.http.server.websocket.ServerWebSocketProcessor@19a7906c] from definition [Definition: io.micronaut.http.server.websocket.ServerWebSocketProcessor] with qualifier [null]
    22:57:44.310 [Test worker] DEBUG io.micronaut.context.DefaultBeanContext -- Found a registration BeanRegistration: io.micronaut.http.server.websocket.ServerWebSocketProcessor@19a7906c for candidate: Definition: io.micronaut.http.server.websocket.ServerWebSocketProcessor with qualifier: null
    22:57:44.311 [Test worker] DEBUG io.micronaut.context.DefaultBeanContext -- Finding candidate beans for type: RequestBinderRegistry
    22:57:44.313 [Test worker] DEBUG io.micronaut.context.DefaultBeanContext --   class io.micronaut.http.server.netty.binders.NettyServerRequestBinderRegistry null Definition: io.micronaut.http.server.netty.binders.NettyServerRequestBinderRegistry
    22:57:44.313 [Test worker] DEBUG io.micronaut.context.DefaultBeanContext --   class io.micronaut.http.bind.DefaultRequestBinderRegistry null Definition: io.micronaut.http.bind.DefaultRequestBinderRegistry
    22:57:44.313 [Test worker] DEBUG io.micronaut.context.DefaultBeanContext -- Searching for @Primary for type [requestBinderRegistry] from candidates: [Definition: io.micronaut.http.server.netty.binders.NettyServerRequestBinderRegistry, Definition: io.micronaut.http.bind.DefaultRequestBinderRegistry] 
    22:57:44.313 [Test worker] DEBUG io.micronaut.context.DefaultBeanContext -- Picked bean Definition: io.micronaut.http.bind.DefaultRequestBinderRegistry with the highest precedence for type RequestBinderRegistry and qualifier null
    22:57:44.313 [Test worker] DEBUG io.micronaut.context.DefaultBeanContext -- Found concrete candidate [Definition: io.micronaut.http.bind.DefaultRequestBinderRegistry] for type: requestBinderRegistry 
    22:57:44.314 [Test worker] DEBUG io.micronaut.context.DefaultBeanContext -- Resolving beans for type: io.micronaut.http.bind.binders.RequestArgumentBinder<java.lang.Object>
    22:57:44.315 [Test worker] DEBUG io.micronaut.context.DefaultBeanContext -- Finding candidate beans for type: RequestArgumentBinder E
    22:57:44.315 [Test worker] DEBUG io.micronaut.context.DefaultBeanContext --   class io.micronaut.http.server.binding.LocaleArgumentBinder null Definition: io.micronaut.http.server.binding.LocaleArgumentBinder
    22:57:44.315 [Test worker] DEBUG io.micronaut.context.DefaultBeanContext --   class io.micronaut.http.bind.binders.DefaultBodyAnnotationBinder null Definition: io.micronaut.http.bind.binders.DefaultBodyAnnotationBinder
    22:57:44.315 [Test worker] DEBUG io.micronaut.context.DefaultBeanContext --   class io.micronaut.data.runtime.http.PageableRequestArgumentBinder null Definition: io.micronaut.data.runtime.http.PageableRequestArgumentBinder
    22:57:44.315 [Test worker] DEBUG io.micronaut.context.DefaultBeanContext --   class io.micronaut.http.server.binding.BasicAuthArgumentBinder null Definition: io.micronaut.http.server.binding.BasicAuthArgumentBinder
    22:57:44.316 [Test worker] DEBUG io.micronaut.context.DefaultBeanContext -- Finding candidate beans for type: HttpLocaleResolver localeResolver
    22:57:44.316 [Test worker] DEBUG io.micronaut.context.DefaultBeanContext --   class io.micronaut.http.server.util.locale.CompositeHttpLocaleResolver null Definition: io.micronaut.http.server.util.locale.CompositeHttpLocaleResolver
    22:57:44.316 [Test worker] DEBUG io.micronaut.context.DefaultBeanContext --   class io.micronaut.http.server.util.locale.RequestLocaleResolver null Definition: io.micronaut.http.server.util.locale.RequestLocaleResolver
    22:57:44.316 [Test worker] DEBUG io.micronaut.context.DefaultBeanContext -- Searching for @Primary for type [localeResolver] from candidates: [Definition: io.micronaut.http.server.util.locale.CompositeHttpLocaleResolver, Definition: io.micronaut.http.server.util.locale.RequestLocaleResolver] 
    22:57:44.316 [Test worker] DEBUG io.micronaut.context.DefaultBeanContext -- Found concrete candidate [Definition: io.micronaut.http.server.util.locale.CompositeHttpLocaleResolver] for type: localeResolver 
    22:57:44.316 [Test worker] DEBUG io.micronaut.context.DefaultBeanContext -- Resolving beans for type: io.micronaut.http.server.util.locale.HttpLocaleResolver
    22:57:44.316 [Test worker] DEBUG io.micronaut.context.DefaultBeanContext -- Finding candidate beans for type: HttpLocaleResolver
    22:57:44.316 [Test worker] DEBUG io.micronaut.context.DefaultBeanContext --   class io.micronaut.http.server.util.locale.CompositeHttpLocaleResolver null Definition: io.micronaut.http.server.util.locale.CompositeHttpLocaleResolver
    22:57:44.316 [Test worker] DEBUG io.micronaut.context.DefaultBeanContext --   class io.micronaut.http.server.util.locale.RequestLocaleResolver null Definition: io.micronaut.http.server.util.locale.RequestLocaleResolver
    22:57:44.316 [Test worker] DEBUG io.micronaut.context.DefaultBeanContext -- Finding candidate beans for type: HttpLocaleResolutionConfiguration httpLocaleResolutionConfiguration
    22:57:44.317 [Test worker] DEBUG io.micronaut.context.DefaultBeanContext --   class io.micronaut.http.server.HttpServerConfiguration$HttpLocaleResolutionConfigurationProperties null Definition: io.micronaut.http.server.HttpServerConfiguration$HttpLocaleResolutionConfigurationProperties
    22:57:44.317 [Test worker] DEBUG io.micronaut.context.DefaultBeanContext -- Found concrete candidate [Definition: io.micronaut.http.server.HttpServerConfiguration$HttpLocaleResolutionConfigurationProperties] for type: httpLocaleResolutionConfiguration 
    22:57:44.317 [Test worker] DEBUG io.micronaut.context.lifecycle -- Created bean [io.micronaut.http.server.HttpServerConfiguration$HttpLocaleResolutionConfigurationProperties@32c0fecc] from definition [Definition: io.micronaut.http.server.HttpServerConfiguration$HttpLocaleResolutionConfigurationProperties] with qualifier [null]
    22:57:44.317 [Test worker] DEBUG io.micronaut.context.lifecycle -- Created bean [io.micronaut.http.server.util.locale.RequestLocaleResolver@35ceec81] from definition [Definition: io.micronaut.http.server.util.locale.RequestLocaleResolver] with qualifier [null]
    22:57:44.317 [Test worker] DEBUG io.micronaut.context.DefaultBeanContext -- Found a registration BeanRegistration: io.micronaut.http.server.util.locale.RequestLocaleResolver@35ceec81 for candidate: Definition: io.micronaut.http.server.util.locale.RequestLocaleResolver with qualifier: null
    22:57:44.317 [Test worker] DEBUG io.micronaut.context.lifecycle -- Created bean [io.micronaut.http.server.util.locale.CompositeHttpLocaleResolver@d13379e] from definition [Definition: io.micronaut.http.server.util.locale.CompositeHttpLocaleResolver] with qualifier [null]
    22:57:44.317 [Test worker] DEBUG io.micronaut.context.lifecycle -- Created bean [io.micronaut.http.server.binding.LocaleArgumentBinder@7c8df667] from definition [Definition: io.micronaut.http.server.binding.LocaleArgumentBinder] with qualifier [null]
    22:57:44.318 [Test worker] DEBUG io.micronaut.context.DefaultBeanContext -- Found a registration BeanRegistration: io.micronaut.http.server.binding.LocaleArgumentBinder@7c8df667 for candidate: Definition: io.micronaut.http.server.binding.LocaleArgumentBinder with qualifier: null
    22:57:44.318 [Test worker] DEBUG io.micronaut.context.lifecycle -- Created bean [io.micronaut.http.bind.binders.DefaultBodyAnnotationBinder@ca2be53] from definition [Definition: io.micronaut.http.bind.binders.DefaultBodyAnnotationBinder] with qualifier [null]
    22:57:44.318 [Test worker] DEBUG io.micronaut.context.DefaultBeanContext -- Found a registration BeanRegistration: io.micronaut.http.bind.binders.DefaultBodyAnnotationBinder@ca2be53 for candidate: Definition: io.micronaut.http.bind.binders.DefaultBodyAnnotationBinder with qualifier: null
    22:57:44.318 [Test worker] DEBUG io.micronaut.context.DefaultBeanContext -- Finding candidate beans for type: PageableConfiguration configuration
    22:57:44.319 [Test worker] DEBUG io.micronaut.context.DefaultBeanContext --   class io.micronaut.data.runtime.config.DataConfiguration$PageableConfiguration null Definition: io.micronaut.data.runtime.config.DataConfiguration$PageableConfiguration
    22:57:44.319 [Test worker] DEBUG io.micronaut.context.DefaultBeanContext -- Found concrete candidate [Definition: io.micronaut.data.runtime.config.DataConfiguration$PageableConfiguration] for type: configuration 
    22:57:44.319 [Test worker] DEBUG io.micronaut.context.lifecycle -- Created bean [io.micronaut.data.runtime.config.DataConfiguration$PageableConfiguration@1d622556] from definition [Definition: io.micronaut.data.runtime.config.DataConfiguration$PageableConfiguration] with qualifier [null]
    22:57:44.319 [Test worker] DEBUG io.micronaut.context.lifecycle -- Created bean [io.micronaut.data.runtime.http.PageableRequestArgumentBinder@2e0652ab] from definition [Definition: io.micronaut.data.runtime.http.PageableRequestArgumentBinder] with qualifier [null]
    22:57:44.320 [Test worker] DEBUG io.micronaut.context.DefaultBeanContext -- Found a registration BeanRegistration: io.micronaut.data.runtime.http.PageableRequestArgumentBinder@2e0652ab for candidate: Definition: io.micronaut.data.runtime.http.PageableRequestArgumentBinder with qualifier: null
    22:57:44.320 [Test worker] DEBUG io.micronaut.context.lifecycle -- Created bean [io.micronaut.http.server.binding.BasicAuthArgumentBinder@129b69b2] from definition [Definition: io.micronaut.http.server.binding.BasicAuthArgumentBinder] with qualifier [null]
    22:57:44.320 [Test worker] DEBUG io.micronaut.context.DefaultBeanContext -- Found a registration BeanRegistration: io.micronaut.http.server.binding.BasicAuthArgumentBinder@129b69b2 for candidate: Definition: io.micronaut.http.server.binding.BasicAuthArgumentBinder with qualifier: null
    22:57:44.320 [Test worker] DEBUG io.micronaut.context.DefaultBeanContext -- Finding candidate beans for type: DefaultBodyAnnotationBinder bodyAnnotationBinder
    22:57:44.320 [Test worker] DEBUG io.micronaut.context.DefaultBeanContext --   class io.micronaut.http.bind.binders.DefaultBodyAnnotationBinder null Definition: io.micronaut.http.bind.binders.DefaultBodyAnnotationBinder
    22:57:44.320 [Test worker] DEBUG io.micronaut.context.DefaultBeanContext -- Found concrete candidate [Definition: io.micronaut.http.bind.binders.DefaultBodyAnnotationBinder] for type: bodyAnnotationBinder 
    22:57:44.324 [Test worker] DEBUG io.micronaut.core.reflect.ClassUtils -- Attempting to dynamically load class kotlinx.coroutines.reactor.ReactorContext
    22:57:44.324 [Test worker] DEBUG io.micronaut.core.reflect.ClassUtils -- Class kotlinx.coroutines.reactor.ReactorContext is not present
    22:57:44.327 [Test worker] DEBUG io.micronaut.context.lifecycle -- Created bean [io.micronaut.http.bind.DefaultRequestBinderRegistry@1a819901] from definition [Definition: io.micronaut.http.bind.DefaultRequestBinderRegistry] with qualifier [null]
    22:57:44.328 [Test worker] DEBUG io.micronaut.context.DefaultBeanContext -- Finding candidate beans for qualifier: @ServerFilter
    22:57:44.328 [Test worker] DEBUG io.micronaut.context.DefaultBeanContext -- Finding candidate beans for type: EndpointSensitivityHandler
    22:57:44.329 [Test worker] DEBUG io.micronaut.context.DefaultBeanContext -- No bean candidates found for type: EndpointSensitivityHandler
    22:57:44.335 [Test worker] DEBUG io.micronaut.context.lifecycle -- Created bean [io.micronaut.web.router.ServerFilterRouteBuilder@356fa0d1] from definition [Definition: io.micronaut.web.router.ServerFilterRouteBuilder] with qualifier [null]
    22:57:44.335 [Test worker] DEBUG io.micronaut.context.DefaultBeanContext -- Found a registration BeanRegistration: io.micronaut.web.router.ServerFilterRouteBuilder@356fa0d1 for candidate: Definition: io.micronaut.web.router.ServerFilterRouteBuilder with qualifier: null
    22:57:44.341 [Test worker] DEBUG io.micronaut.core.reflect.ClassUtils -- Attempting to dynamically load class io.reactivex.Observable
    22:57:44.341 [Test worker] DEBUG io.micronaut.core.reflect.ClassUtils -- Class io.reactivex.Observable is not present
    22:57:44.341 [Test worker] DEBUG io.micronaut.core.reflect.ClassUtils -- Attempting to dynamically load class reactor.core.publisher.Flux
    22:57:44.372 [Test worker] DEBUG io.micronaut.core.reflect.ClassUtils -- Successfully loaded class reactor.core.publisher.Flux
    22:57:44.373 [Test worker] DEBUG io.micronaut.core.reflect.ClassUtils -- Attempting to dynamically load class kotlinx.coroutines.flow.Flow
    22:57:44.373 [Test worker] DEBUG io.micronaut.core.reflect.ClassUtils -- Successfully loaded class kotlinx.coroutines.flow.Flow
    22:57:44.373 [Test worker] DEBUG io.micronaut.core.reflect.ClassUtils -- Attempting to dynamically load class io.reactivex.rxjava3.core.Flowable
    22:57:44.373 [Test worker] DEBUG io.micronaut.core.reflect.ClassUtils -- Class io.reactivex.rxjava3.core.Flowable is not present
    22:57:44.373 [Test worker] DEBUG io.micronaut.core.reflect.ClassUtils -- Attempting to dynamically load class io.reactivex.rxjava3.core.Observable
    22:57:44.373 [Test worker] DEBUG io.micronaut.core.reflect.ClassUtils -- Class io.reactivex.rxjava3.core.Observable is not present
    22:57:44.373 [Test worker] DEBUG io.micronaut.core.reflect.ClassUtils -- Attempting to dynamically load class io.micronaut.core.async.publisher.CompletableFuturePublisher
    22:57:44.373 [Test worker] DEBUG io.micronaut.core.reflect.ClassUtils -- Successfully loaded class io.micronaut.core.async.publisher.CompletableFuturePublisher
    22:57:44.374 [Test worker] DEBUG io.micronaut.core.reflect.ClassUtils -- Attempting to dynamically load class io.micronaut.core.async.publisher.Publishers$JustPublisher
    22:57:44.374 [Test worker] DEBUG io.micronaut.core.reflect.ClassUtils -- Successfully loaded class io.micronaut.core.async.publisher.Publishers$JustPublisher
    22:57:44.374 [Test worker] DEBUG io.micronaut.core.reflect.ClassUtils -- Attempting to dynamically load class io.micronaut.core.async.publisher.Publishers$JustThrowPublisher
    22:57:44.374 [Test worker] DEBUG io.micronaut.core.reflect.ClassUtils -- Successfully loaded class io.micronaut.core.async.publisher.Publishers$JustThrowPublisher
    22:57:44.374 [Test worker] DEBUG io.micronaut.core.reflect.ClassUtils -- Attempting to dynamically load class io.reactivex.Single
    22:57:44.374 [Test worker] DEBUG io.micronaut.core.reflect.ClassUtils -- Class io.reactivex.Single is not present
    22:57:44.374 [Test worker] DEBUG io.micronaut.core.reflect.ClassUtils -- Attempting to dynamically load class reactor.core.publisher.Mono
    22:57:44.390 [Test worker] DEBUG io.micronaut.core.reflect.ClassUtils -- Successfully loaded class reactor.core.publisher.Mono
    22:57:44.390 [Test worker] DEBUG io.micronaut.core.reflect.ClassUtils -- Attempting to dynamically load class io.reactivex.Maybe
    22:57:44.390 [Test worker] DEBUG io.micronaut.core.reflect.ClassUtils -- Class io.reactivex.Maybe is not present
    22:57:44.390 [Test worker] DEBUG io.micronaut.core.reflect.ClassUtils -- Attempting to dynamically load class io.reactivex.rxjava3.core.Single
    22:57:44.391 [Test worker] DEBUG io.micronaut.core.reflect.ClassUtils -- Class io.reactivex.rxjava3.core.Single is not present
    22:57:44.391 [Test worker] DEBUG io.micronaut.core.reflect.ClassUtils -- Attempting to dynamically load class io.reactivex.rxjava3.core.Maybe
    22:57:44.391 [Test worker] DEBUG io.micronaut.core.reflect.ClassUtils -- Class io.reactivex.rxjava3.core.Maybe is not present
    22:57:44.391 [Test worker] DEBUG io.micronaut.core.reflect.ClassUtils -- Attempting to dynamically load class io.reactivex.Completable
    22:57:44.391 [Test worker] DEBUG io.micronaut.core.reflect.ClassUtils -- Class io.reactivex.Completable is not present
    22:57:44.391 [Test worker] DEBUG io.micronaut.core.reflect.ClassUtils -- Attempting to dynamically load class io.reactivex.rxjava3.core.Completable
    22:57:44.391 [Test worker] DEBUG io.micronaut.core.reflect.ClassUtils -- Class io.reactivex.rxjava3.core.Completable is not present
    22:57:44.391 [Test worker] DEBUG io.micronaut.core.reflect.ClassUtils -- Attempting to dynamically load class io.micronaut.core.async.subscriber.Completable
    22:57:44.391 [Test worker] DEBUG io.micronaut.core.reflect.ClassUtils -- Successfully loaded class io.micronaut.core.async.subscriber.Completable
    22:57:44.392 [Test worker] DEBUG io.micronaut.context.DefaultBeanContext -- Finding candidate beans for type: MessageBodyWriter
    22:57:44.393 [Test worker] DEBUG io.micronaut.context.DefaultBeanContext -- Finding candidate beans for type: JsonMapper
    22:57:44.394 [Test worker] DEBUG io.micronaut.context.DefaultBeanContext --   class io.micronaut.jackson.databind.JacksonDatabindMapper null Definition: io.micronaut.jackson.databind.JacksonDatabindMapper
    22:57:44.395 [Test worker] DEBUG io.micronaut.context.DefaultBeanContext -- Bean [class io.micronaut.http.netty.body.NettyJsonHandler] replaces existing bean of type [class io.micronaut.json.body.JsonMessageHandler]
    22:57:44.395 [Test worker] DEBUG io.micronaut.context.DefaultBeanContext -- Bean [class io.micronaut.http.netty.body.NettyTextPlainHandler] replaces existing bean of type [class io.micronaut.http.body.TextPlainHandler]
    22:57:44.395 [Test worker] DEBUG io.micronaut.context.DefaultBeanContext --   class io.micronaut.http.server.netty.body.InputStreamBodyWriter null Definition: io.micronaut.http.server.netty.body.InputStreamBodyWriter
    22:57:44.395 [Test worker] DEBUG io.micronaut.context.DefaultBeanContext --   class io.micronaut.http.server.netty.body.StreamFileBodyWriter null Definition: io.micronaut.http.server.netty.body.StreamFileBodyWriter
    22:57:44.395 [Test worker] DEBUG io.micronaut.context.DefaultBeanContext --   class io.micronaut.http.server.netty.body.SystemFileBodyWriter null Definition: io.micronaut.http.server.netty.body.SystemFileBodyWriter
    22:57:44.395 [Test worker] DEBUG io.micronaut.context.DefaultBeanContext --   class io.micronaut.http.body.TextStreamBodyWriter null Definition: io.micronaut.http.body.TextStreamBodyWriter
    22:57:44.395 [Test worker] DEBUG io.micronaut.context.DefaultBeanContext --   class io.micronaut.http.server.netty.body.FileBodyWriter null Definition: io.micronaut.http.server.netty.body.FileBodyWriter
    22:57:44.395 [Test worker] DEBUG io.micronaut.context.DefaultBeanContext --   class io.micronaut.http.body.CharSequenceBodyWriter null Definition: io.micronaut.http.body.CharSequenceBodyWriter
    22:57:44.395 [Test worker] DEBUG io.micronaut.context.DefaultBeanContext --   class io.micronaut.http.netty.body.NettyTextPlainHandler null Definition: io.micronaut.http.netty.body.NettyTextPlainHandler
    22:57:44.395 [Test worker] DEBUG io.micronaut.context.DefaultBeanContext --   class io.micronaut.http.netty.body.NettyJsonHandler null Definition: io.micronaut.http.netty.body.NettyJsonHandler
    22:57:44.395 [Test worker] DEBUG io.micronaut.context.DefaultBeanContext --   class io.micronaut.http.netty.body.NettyJsonStreamHandler null Definition: io.micronaut.http.netty.body.NettyJsonStreamHandler
    22:57:44.398 [Test worker] DEBUG io.micronaut.context.DefaultBeanContext -- Finding candidate beans for type: JsonMapper jsonMapper
    22:57:44.398 [Test worker] DEBUG io.micronaut.context.DefaultBeanContext --   class io.micronaut.jackson.databind.JacksonDatabindMapper null Definition: io.micronaut.jackson.databind.JacksonDatabindMapper
    22:57:44.398 [Test worker] DEBUG io.micronaut.context.DefaultBeanContext -- Found concrete candidate [Definition: io.micronaut.jackson.databind.JacksonDatabindMapper] for type: jsonMapper 
    22:57:44.399 [Test worker] DEBUG io.micronaut.context.DefaultBeanContext -- Finding candidate beans for type: ObjectMapper objectMapper
    22:57:44.400 [Test worker] DEBUG io.micronaut.context.DefaultBeanContext --   class com.fasterxml.jackson.databind.ObjectMapper @Primary and @Named('json') Definition: io.micronaut.jackson.ObjectMapperFactory
    22:57:44.400 [Test worker] DEBUG io.micronaut.context.DefaultBeanContext -- Found concrete candidate [Definition: io.micronaut.jackson.ObjectMapperFactory] for type: objectMapper 
    22:57:44.400 [Test worker] DEBUG io.micronaut.context.DefaultBeanContext -- Finding candidate beans for type: ObjectMapperFactory
    22:57:44.401 [Test worker] DEBUG io.micronaut.context.DefaultBeanContext --   class io.micronaut.jackson.ObjectMapperFactory null Definition: io.micronaut.jackson.ObjectMapperFactory
    22:57:44.401 [Test worker] DEBUG io.micronaut.context.DefaultBeanContext -- Found concrete candidate [Definition: io.micronaut.jackson.ObjectMapperFactory] for type: objectMapperFactory 
    22:57:44.402 [Test worker] DEBUG io.micronaut.context.DefaultBeanContext -- Resolving beans for type: com.fasterxml.jackson.databind.Module
    22:57:44.402 [Test worker] DEBUG io.micronaut.context.DefaultBeanContext -- Finding candidate beans for type: Module
    22:57:44.402 [Test worker] DEBUG io.micronaut.context.DefaultBeanContext --   class io.micronaut.jackson.modules.BeanIntrospectionModule null Definition: io.micronaut.jackson.modules.BeanIntrospectionModule
    22:57:44.402 [Test worker] DEBUG io.micronaut.context.DefaultBeanContext --   class io.micronaut.jackson.serialize.ResourceModule null Definition: io.micronaut.jackson.serialize.ResourceModule
    22:57:44.404 [Test worker] DEBUG io.micronaut.context.DefaultBeanContext -- Finding candidate beans for type: JacksonDeserializationPreInstantiateCallback preInstantiateCallback
    22:57:44.404 [Test worker] DEBUG io.micronaut.context.DefaultBeanContext -- Finding candidate beans for type: Validator
    22:57:44.404 [Test worker] DEBUG io.micronaut.context.DefaultBeanContext --   class io.micronaut.validation.validator.DefaultValidator null Definition: io.micronaut.validation.validator.DefaultValidator
    22:57:44.405 [Test worker] DEBUG io.micronaut.context.DefaultBeanContext --   class io.micronaut.jackson.validation.ValidationJacksonDeserializationPreInstantiateCallback null Definition: io.micronaut.jackson.validation.ValidationJacksonDeserializationPreInstantiateCallback
    22:57:44.405 [Test worker] DEBUG io.micronaut.context.DefaultBeanContext -- Found concrete candidate [Definition: io.micronaut.jackson.validation.ValidationJacksonDeserializationPreInstantiateCallback] for type: preInstantiateCallback 
    22:57:44.405 [Test worker] DEBUG io.micronaut.context.DefaultBeanContext -- Finding candidate beans for type: Validator validator
    22:57:44.405 [Test worker] DEBUG io.micronaut.context.DefaultBeanContext --   class io.micronaut.validation.validator.DefaultValidator null Definition: io.micronaut.validation.validator.DefaultValidator
    22:57:44.405 [Test worker] DEBUG io.micronaut.context.DefaultBeanContext -- Found concrete candidate [Definition: io.micronaut.validation.validator.DefaultValidator] for type: validator 
    22:57:44.405 [Test worker] DEBUG io.micronaut.context.lifecycle -- Created bean [io.micronaut.jackson.validation.ValidationJacksonDeserializationPreInstantiateCallback@71285693] from definition [Definition: io.micronaut.jackson.validation.ValidationJacksonDeserializationPreInstantiateCallback] with qualifier [null]
    22:57:44.408 [Test worker] DEBUG io.micronaut.context.lifecycle -- Created bean [io.micronaut.jackson.modules.BeanIntrospectionModule@2f166d61] from definition [Definition: io.micronaut.jackson.modules.BeanIntrospectionModule] with qualifier [null]
    22:57:44.408 [Test worker] DEBUG io.micronaut.context.DefaultBeanContext -- Found a registration BeanRegistration: io.micronaut.jackson.modules.BeanIntrospectionModule@2f166d61 for candidate: Definition: io.micronaut.jackson.modules.BeanIntrospectionModule with qualifier: null
    22:57:44.408 [Test worker] DEBUG io.micronaut.context.lifecycle -- Created bean [io.micronaut.jackson.serialize.ResourceModule@570ed9c] from definition [Definition: io.micronaut.jackson.serialize.ResourceModule] with qualifier [null]
    22:57:44.408 [Test worker] DEBUG io.micronaut.context.DefaultBeanContext -- Found a registration BeanRegistration: io.micronaut.jackson.serialize.ResourceModule@570ed9c for candidate: Definition: io.micronaut.jackson.serialize.ResourceModule with qualifier: null
    22:57:44.408 [Test worker] DEBUG io.micronaut.context.DefaultBeanContext -- Resolving beans for type: com.fasterxml.jackson.databind.JsonSerializer
    22:57:44.408 [Test worker] DEBUG io.micronaut.context.DefaultBeanContext -- Finding candidate beans for type: JsonSerializer
    22:57:44.409 [Test worker] DEBUG io.micronaut.context.DefaultBeanContext --   class io.micronaut.jackson.serialize.ConvertibleMultiValuesSerializer null Definition: io.micronaut.jackson.serialize.ConvertibleMultiValuesSerializer
    22:57:44.409 [Test worker] DEBUG io.micronaut.context.DefaultBeanContext --   class io.micronaut.jackson.serialize.JsonNodeSerializer null Definition: io.micronaut.jackson.serialize.JsonNodeSerializer
    22:57:44.409 [Test worker] DEBUG io.micronaut.context.DefaultBeanContext --   class io.micronaut.jackson.serialize.OptionalValuesSerializer null Definition: io.micronaut.jackson.serialize.OptionalValuesSerializer
    22:57:44.409 [Test worker] DEBUG io.micronaut.context.DefaultBeanContext --   class io.micronaut.jackson.serialize.ConvertibleValuesSerializer null Definition: io.micronaut.jackson.serialize.ConvertibleValuesSerializer
    22:57:44.409 [Test worker] DEBUG io.micronaut.context.lifecycle -- Created bean [io.micronaut.jackson.serialize.ConvertibleMultiValuesSerializer@1d06801f] from definition [Definition: io.micronaut.jackson.serialize.ConvertibleMultiValuesSerializer] with qualifier [null]
    22:57:44.409 [Test worker] DEBUG io.micronaut.context.DefaultBeanContext -- Found a registration BeanRegistration: io.micronaut.jackson.serialize.ConvertibleMultiValuesSerializer@1d06801f for candidate: Definition: io.micronaut.jackson.serialize.ConvertibleMultiValuesSerializer with qualifier: null
    22:57:44.409 [Test worker] DEBUG io.micronaut.context.lifecycle -- Created bean [io.micronaut.jackson.serialize.JsonNodeSerializer@6ffbf0ac] from definition [Definition: io.micronaut.jackson.serialize.JsonNodeSerializer] with qualifier [null]
    22:57:44.409 [Test worker] DEBUG io.micronaut.context.DefaultBeanContext -- Found a registration BeanRegistration: io.micronaut.jackson.serialize.JsonNodeSerializer@6ffbf0ac for candidate: Definition: io.micronaut.jackson.serialize.JsonNodeSerializer with qualifier: null
    22:57:44.409 [Test worker] DEBUG io.micronaut.context.DefaultBeanContext -- Finding candidate beans for type: JacksonConfiguration jacksonConfiguration
    22:57:44.410 [Test worker] DEBUG io.micronaut.context.DefaultBeanContext --   class io.micronaut.jackson.JacksonConfiguration null Definition: io.micronaut.jackson.JacksonConfiguration
    22:57:44.410 [Test worker] DEBUG io.micronaut.context.DefaultBeanContext -- Found concrete candidate [Definition: io.micronaut.jackson.JacksonConfiguration] for type: jacksonConfiguration 
    22:57:44.410 [Test worker] DEBUG io.micronaut.context.lifecycle -- Created bean [io.micronaut.jackson.JacksonConfiguration@fceab5d] from definition [Definition: io.micronaut.jackson.JacksonConfiguration] with qualifier [null]
    22:57:44.410 [Test worker] DEBUG io.micronaut.context.lifecycle -- Created bean [io.micronaut.jackson.serialize.OptionalValuesSerializer@79445efb] from definition [Definition: io.micronaut.jackson.serialize.OptionalValuesSerializer] with qualifier [null]
    22:57:44.410 [Test worker] DEBUG io.micronaut.context.DefaultBeanContext -- Found a registration BeanRegistration: io.micronaut.jackson.serialize.OptionalValuesSerializer@79445efb for candidate: Definition: io.micronaut.jackson.serialize.OptionalValuesSerializer with qualifier: null
    22:57:44.410 [Test worker] DEBUG io.micronaut.context.lifecycle -- Created bean [io.micronaut.jackson.serialize.ConvertibleValuesSerializer@3e2772a9] from definition [Definition: io.micronaut.jackson.serialize.ConvertibleValuesSerializer] with qualifier [null]
    22:57:44.410 [Test worker] DEBUG io.micronaut.context.DefaultBeanContext -- Found a registration BeanRegistration: io.micronaut.jackson.serialize.ConvertibleValuesSerializer@3e2772a9 for candidate: Definition: io.micronaut.jackson.serialize.ConvertibleValuesSerializer with qualifier: null
    22:57:44.410 [Test worker] DEBUG io.micronaut.context.DefaultBeanContext -- Resolving beans for type: com.fasterxml.jackson.databind.JsonDeserializer
    22:57:44.410 [Test worker] DEBUG io.micronaut.context.DefaultBeanContext -- Finding candidate beans for type: JsonDeserializer
    22:57:44.411 [Test worker] DEBUG io.micronaut.context.DefaultBeanContext --   class io.micronaut.jackson.serialize.JsonNodeDeserializer null Definition: io.micronaut.jackson.serialize.JsonNodeDeserializer
    22:57:44.411 [Test worker] DEBUG io.micronaut.context.lifecycle -- Created bean [io.micronaut.jackson.serialize.JsonNodeDeserializer@117fb9ba] from definition [Definition: io.micronaut.jackson.serialize.JsonNodeDeserializer] with qualifier [null]
    22:57:44.411 [Test worker] DEBUG io.micronaut.context.DefaultBeanContext -- Found a registration BeanRegistration: io.micronaut.jackson.serialize.JsonNodeDeserializer@117fb9ba for candidate: Definition: io.micronaut.jackson.serialize.JsonNodeDeserializer with qualifier: null
    22:57:44.411 [Test worker] DEBUG io.micronaut.context.DefaultBeanContext -- Resolving beans for type: com.fasterxml.jackson.databind.ser.BeanSerializerModifier
    22:57:44.411 [Test worker] DEBUG io.micronaut.context.DefaultBeanContext -- Finding candidate beans for type: BeanSerializerModifier
    22:57:44.411 [Test worker] DEBUG io.micronaut.context.DefaultBeanContext -- Finding candidate beans for type: BeanIntrospectionModule
    22:57:44.412 [Test worker] DEBUG io.micronaut.context.DefaultBeanContext --   class io.micronaut.jackson.modules.BeanIntrospectionModule null Definition: io.micronaut.jackson.modules.BeanIntrospectionModule
    22:57:44.412 [Test worker] DEBUG io.micronaut.context.condition.Condition -- Bean [Definition: io.micronaut.jackson.serialize.ResourceSerializerModifier] will not be loaded due to failing conditions:
    22:57:44.412 [Test worker] DEBUG io.micronaut.context.condition.Condition -- * Existing bean [io.micronaut.jackson.modules.BeanIntrospectionModule] of type [class io.micronaut.jackson.modules.BeanIntrospectionModule] registered in context
    22:57:44.412 [Test worker] DEBUG io.micronaut.context.DefaultBeanContext -- No bean candidates found for type: BeanSerializerModifier
    22:57:44.412 [Test worker] DEBUG io.micronaut.context.DefaultBeanContext -- Resolving beans for type: com.fasterxml.jackson.databind.deser.BeanDeserializerModifier
    22:57:44.412 [Test worker] DEBUG io.micronaut.context.DefaultBeanContext -- Finding candidate beans for type: BeanDeserializerModifier
    22:57:44.412 [Test worker] DEBUG io.micronaut.context.DefaultBeanContext -- No bean candidates found for type: BeanDeserializerModifier
    22:57:44.412 [Test worker] DEBUG io.micronaut.context.DefaultBeanContext -- Resolving beans for type: com.fasterxml.jackson.databind.KeyDeserializer
    22:57:44.412 [Test worker] DEBUG io.micronaut.context.DefaultBeanContext -- Finding candidate beans for type: KeyDeserializer
    22:57:44.412 [Test worker] DEBUG io.micronaut.context.DefaultBeanContext -- No bean candidates found for type: KeyDeserializer
    22:57:44.412 [Test worker] DEBUG io.micronaut.context.lifecycle -- Created bean [io.micronaut.jackson.ObjectMapperFactory@573870cb] from definition [Definition: io.micronaut.jackson.ObjectMapperFactory] with qualifier [null]
    22:57:44.412 [Test worker] DEBUG io.micronaut.context.DefaultBeanContext -- Finding candidate beans for type: JsonFactory jsonFactory
    22:57:44.413 [Test worker] DEBUG io.micronaut.context.DefaultBeanContext -- Finding candidate beans for type: JacksonConfiguration
    22:57:44.413 [Test worker] DEBUG io.micronaut.context.DefaultBeanContext --   class io.micronaut.jackson.JacksonConfiguration null Definition: io.micronaut.jackson.JacksonConfiguration
    22:57:44.413 [Test worker] DEBUG io.micronaut.context.DefaultBeanContext --   class com.fasterxml.jackson.core.JsonFactory null Definition: io.micronaut.jackson.ObjectMapperFactory
    22:57:44.413 [Test worker] DEBUG io.micronaut.context.DefaultBeanContext -- Found concrete candidate [Definition: io.micronaut.jackson.ObjectMapperFactory] for type: jsonFactory 
    22:57:44.414 [Test worker] DEBUG io.micronaut.context.lifecycle -- Created bean [com.fasterxml.jackson.core.JsonFactory@4bc21e34] from definition [Definition: io.micronaut.jackson.ObjectMapperFactory] with qualifier [null]
    22:57:44.446 [Test worker] DEBUG io.micronaut.context.lifecycle -- Created bean [com.fasterxml.jackson.databind.ObjectMapper@3bcedb06] from definition [Definition: io.micronaut.jackson.ObjectMapperFactory] with qualifier [@Primary and @Named('json')]
    22:57:44.447 [Test worker] DEBUG io.micronaut.context.lifecycle -- Created bean [io.micronaut.jackson.databind.JacksonDatabindMapper@35d114f4] from definition [Definition: io.micronaut.jackson.databind.JacksonDatabindMapper] with qualifier [null]
    22:57:44.447 [Test worker] DEBUG io.micronaut.context.lifecycle -- Created bean [io.micronaut.http.netty.body.NettyJsonHandler@4be460e5] from definition [Definition: io.micronaut.http.netty.body.NettyJsonHandler] with qualifier [null]
    22:57:44.749 [Test worker] DEBUG io.micronaut.core.beans.DefaultBeanIntrospector -- Found BeanIntrospection for type: class com.taskflow.models.Task,
    22:57:44.762 [Test worker] DEBUG io.micronaut.core.beans.DefaultBeanIntrospector -- Found BeanIntrospection for type: class com.taskflow.models.User,
    22:57:44.771 [Test worker] DEBUG io.micronaut.core.beans.DefaultBeanIntrospector -- Found BeanIntrospection for type: class com.taskflow.models.Project,
    22:57:44.776 [Test worker] DEBUG io.micronaut.core.beans.DefaultBeanIntrospector -- Found BeanIntrospection for type: class com.taskflow.models.ProjectMember,
    22:57:44.780 [Test worker] DEBUG io.micronaut.core.beans.DefaultBeanIntrospector -- Found BeanIntrospection for type: class com.taskflow.models.Attachment,
    22:57:44.783 [Test worker] DEBUG io.micronaut.core.beans.DefaultBeanIntrospector -- Found BeanIntrospection for type: class com.taskflow.models.Comment,
    22:57:44.788 [Test worker] DEBUG io.micronaut.core.beans.DefaultBeanIntrospector -- Found BeanIntrospection for type: class com.taskflow.models.Label,
    22:57:44.793 [Test worker] DEBUG io.micronaut.core.beans.DefaultBeanIntrospector -- No BeanIntrospection found for bean type: interface java.lang.Iterable
    22:57:44.804 [Test worker] DEBUG io.micronaut.core.beans.DefaultBeanIntrospector -- Found BeanIntrospection for type: class com.taskflow.models.Task,
    22:57:44.804 [Test worker] DEBUG io.micronaut.jackson.modules.BeanIntrospectionModule -- Updating 13 properties with BeanIntrospection data for type: class com.taskflow.models.Task
    22:57:44.809 [Test worker] DEBUG io.micronaut.core.beans.DefaultBeanIntrospector -- Found BeanIntrospection for type: class com.taskflow.models.Project,
    22:57:44.810 [Test worker] DEBUG io.micronaut.jackson.modules.BeanIntrospectionModule -- Updating 6 properties with BeanIntrospection data for type: class com.taskflow.models.Project
    22:57:44.812 [Test worker] DEBUG io.micronaut.core.beans.DefaultBeanIntrospector -- Found BeanIntrospection for type: class com.taskflow.models.User,
    22:57:44.812 [Test worker] DEBUG io.micronaut.jackson.modules.BeanIntrospectionModule -- Updating 6 properties with BeanIntrospection data for type: class com.taskflow.models.User
    22:57:44.814 [Test worker] DEBUG io.micronaut.context.DefaultBeanContext -- Finding candidate beans for type: MessageBodyReader
    22:57:44.814 [Test worker] DEBUG io.micronaut.context.DefaultBeanContext -- Bean [class io.micronaut.http.netty.body.NettyJsonHandler] replaces existing bean of type [class io.micronaut.json.body.JsonMessageHandler]
    22:57:44.814 [Test worker] DEBUG io.micronaut.context.DefaultBeanContext --   class io.micronaut.http.netty.body.NettyJsonHandler null Definition: io.micronaut.http.netty.body.NettyJsonHandler
    22:57:44.814 [Test worker] DEBUG io.micronaut.context.DefaultBeanContext --   class io.micronaut.http.netty.body.NettyJsonStreamHandler null Definition: io.micronaut.http.netty.body.NettyJsonStreamHandler
    22:57:44.815 [Test worker] DEBUG io.micronaut.core.beans.DefaultBeanIntrospector -- No BeanIntrospection found for bean type: class kotlin.Unit
    22:57:44.815 [Test worker] DEBUG io.micronaut.core.beans.DefaultBeanIntrospector -- No BeanIntrospection found for bean type: class kotlin.Unit
    22:57:44.817 [Test worker] DEBUG io.micronaut.context.lifecycle -- Created bean [io.micronaut.web.router.DefaultRouter@7a85dc58] from definition [Definition: io.micronaut.web.router.DefaultRouter] with qualifier [null]
    22:57:44.817 [Test worker] DEBUG io.micronaut.context.DefaultBeanContext -- Finding candidate beans for type: RequestArgumentSatisfier requestArgumentSatisfier
    22:57:44.818 [Test worker] DEBUG io.micronaut.context.DefaultBeanContext --   class io.micronaut.http.server.binding.RequestArgumentSatisfier null Definition: io.micronaut.http.server.binding.RequestArgumentSatisfier
    22:57:44.818 [Test worker] DEBUG io.micronaut.context.DefaultBeanContext --   class io.micronaut.http.server.netty.NettyRequestArgumentSatisfier null Definition: io.micronaut.http.server.netty.NettyRequestArgumentSatisfier
    22:57:44.818 [Test worker] DEBUG io.micronaut.context.DefaultBeanContext -- Searching for @Primary for type [requestArgumentSatisfier] from candidates: [Definition: io.micronaut.http.server.binding.RequestArgumentSatisfier, Definition: io.micronaut.http.server.netty.NettyRequestArgumentSatisfier] 
    22:57:44.818 [Test worker] DEBUG io.micronaut.context.DefaultBeanContext -- Found concrete candidate [Definition: io.micronaut.http.server.netty.NettyRequestArgumentSatisfier] for type: requestArgumentSatisfier 
    22:57:44.819 [Test worker] DEBUG io.micronaut.context.DefaultBeanContext -- Finding candidate beans for type: NettyServerRequestBinderRegistry requestBinderRegistry
    22:57:44.819 [Test worker] DEBUG io.micronaut.context.DefaultBeanContext --   class io.micronaut.http.server.netty.binders.NettyServerRequestBinderRegistry null Definition: io.micronaut.http.server.netty.binders.NettyServerRequestBinderRegistry
    22:57:44.819 [Test worker] DEBUG io.micronaut.context.DefaultBeanContext -- Found concrete candidate [Definition: io.micronaut.http.server.netty.binders.NettyServerRequestBinderRegistry] for type: requestBinderRegistry 
    22:57:44.820 [Test worker] DEBUG io.micronaut.context.DefaultBeanContext -- Resolving beans for type: io.micronaut.http.bind.binders.RequestArgumentBinder<java.lang.Object>
    22:57:44.820 [Test worker] DEBUG io.micronaut.context.DefaultBeanContext -- Found 4 existing beans for type [E]: [BeanRegistration: io.micronaut.http.server.binding.LocaleArgumentBinder@7c8df667, BeanRegistration: io.micronaut.data.runtime.http.PageableRequestArgumentBinder@2e0652ab, BeanRegistration: io.micronaut.http.server.binding.BasicAuthArgumentBinder@129b69b2, BeanRegistration: io.micronaut.http.bind.binders.DefaultBodyAnnotationBinder@ca2be53] 
    22:57:44.820 [Test worker] DEBUG io.micronaut.context.DefaultBeanContext -- Finding candidate beans for type: BeanProvider httpServerConfiguration
    22:57:44.820 [Test worker] DEBUG io.micronaut.context.DefaultBeanContext --   interface io.micronaut.context.BeanProvider null io.micronaut.inject.provider.BeanProviderDefinition@58df6bef
    22:57:44.820 [Test worker] DEBUG io.micronaut.context.DefaultBeanContext -- Found concrete candidate [io.micronaut.inject.provider.BeanProviderDefinition@58df6bef] for type: httpServerConfiguration 
    22:57:44.820 [Test worker] DEBUG io.micronaut.context.lifecycle -- Created bean [io.micronaut.inject.provider.BeanProviderDefinition$1@52fec840] from definition [io.micronaut.inject.provider.BeanProviderDefinition@58df6bef] with qualifier [null]
    22:57:44.820 [Test worker] DEBUG io.micronaut.context.lifecycle -- Created bean [io.micronaut.inject.provider.BeanProviderDefinition$1@7fd4b9ec] from definition [io.micronaut.inject.provider.BeanProviderDefinition@58df6bef] with qualifier [@Named('blocking')]
    22:57:44.820 [Test worker] DEBUG io.micronaut.context.DefaultBeanContext -- Finding candidate beans for type: HttpServerConfiguration T
    22:57:44.821 [Test worker] DEBUG io.micronaut.context.DefaultBeanContext -- Bean [class io.micronaut.http.server.netty.configuration.NettyHttpServerConfiguration] replaces existing bean of type [class io.micronaut.http.server.HttpServerConfiguration]
    22:57:44.821 [Test worker] DEBUG io.micronaut.context.DefaultBeanContext --   class io.micronaut.http.server.netty.configuration.NettyHttpServerConfiguration null Definition: io.micronaut.http.server.netty.configuration.NettyHttpServerConfiguration
    22:57:44.821 [Test worker] DEBUG io.micronaut.context.DefaultBeanContext -- Found concrete candidate [Definition: io.micronaut.http.server.netty.configuration.NettyHttpServerConfiguration] for type: T 
    22:57:44.824 [Test worker] DEBUG io.micronaut.context.DefaultBeanContext -- Finding candidate beans for type: ExecutorService T
    22:57:44.825 [Test worker] DEBUG io.micronaut.context.DefaultBeanContext -- Finding candidate beans for type: EventLoopGroupConfiguration
    22:57:44.825 [Test worker] DEBUG io.micronaut.context.DefaultBeanContext --   class io.micronaut.http.server.netty.configuration.NettyHttpServerConfiguration$Worker @Named('netty-server-worker-event-loop') Definition: io.micronaut.http.server.netty.configuration.NettyHttpServerConfiguration$Worker
    22:57:44.825 [Test worker] DEBUG io.micronaut.context.DefaultBeanContext --   class io.micronaut.http.server.netty.configuration.NettyHttpServerConfiguration$Parent @Named('netty-server-parent-event-loop') Definition: io.micronaut.http.server.netty.configuration.NettyHttpServerConfiguration$Parent
    22:57:44.825 [Test worker] DEBUG io.micronaut.context.DefaultBeanContext -- Finding candidate beans for type: ExecutorConfiguration
    22:57:44.825 [Test worker] DEBUG io.micronaut.context.DefaultBeanContext --   interface io.micronaut.scheduling.executor.ExecutorConfiguration @Named('virtual') Definition: io.micronaut.scheduling.executor.IOExecutorServiceConfig
    22:57:44.825 [Test worker] DEBUG io.micronaut.context.DefaultBeanContext --   interface io.micronaut.scheduling.executor.ExecutorConfiguration @Named('scheduled') Definition: io.micronaut.scheduling.executor.ScheduledExecutorServiceConfig
    22:57:44.825 [Test worker] DEBUG io.micronaut.context.DefaultBeanContext --   interface io.micronaut.scheduling.executor.ExecutorConfiguration @Named('io') Definition: io.micronaut.scheduling.executor.IOExecutorServiceConfig
    22:57:44.825 [Test worker] DEBUG io.micronaut.context.DefaultBeanContext --   interface java.util.concurrent.ExecutorService @Named('io') Definition: io.micronaut.scheduling.executor.ExecutorFactory
    22:57:44.826 [Test worker] DEBUG io.micronaut.context.DefaultBeanContext --   interface java.util.concurrent.ExecutorService @Named('virtual') Definition: io.micronaut.scheduling.executor.ExecutorFactory
    22:57:44.826 [Test worker] DEBUG io.micronaut.context.DefaultBeanContext --   interface java.util.concurrent.ExecutorService @Named('blocking') Definition: io.micronaut.scheduling.executor.IOExecutorServiceConfig
    22:57:44.826 [Test worker] DEBUG io.micronaut.context.DefaultBeanContext --   interface io.netty.channel.EventLoopGroup @Named('netty-server-worker-event-loop') Definition: io.micronaut.http.netty.channel.DefaultEventLoopGroupRegistry
    22:57:44.826 [Test worker] DEBUG io.micronaut.context.DefaultBeanContext --   interface io.netty.channel.EventLoopGroup @Named('netty-server-parent-event-loop') Definition: io.micronaut.http.netty.channel.DefaultEventLoopGroupRegistry
    22:57:44.826 [Test worker] DEBUG io.micronaut.context.DefaultBeanContext --   interface java.util.concurrent.ExecutorService @Named('scheduled') Definition: io.micronaut.scheduling.executor.ExecutorFactory
    22:57:44.826 [Test worker] DEBUG io.micronaut.context.DefaultBeanContext -- Qualifying bean [T] for qualifier: @Named('blocking') 
    22:57:44.826 [Test worker] DEBUG io.micronaut.context.DefaultBeanContext -- Found concrete candidate [Definition: io.micronaut.scheduling.executor.IOExecutorServiceConfig] for type: @Named('blocking') T 
    22:57:44.826 [Test worker] DEBUG io.micronaut.context.DefaultBeanContext -- Finding candidate beans for type: IOExecutorServiceConfig
    22:57:44.826 [Test worker] DEBUG io.micronaut.context.DefaultBeanContext --   class io.micronaut.scheduling.executor.IOExecutorServiceConfig null Definition: io.micronaut.scheduling.executor.IOExecutorServiceConfig
    22:57:44.826 [Test worker] DEBUG io.micronaut.context.DefaultBeanContext -- Found concrete candidate [Definition: io.micronaut.scheduling.executor.IOExecutorServiceConfig] for type: IOExecutorServiceConfig 
    22:57:44.826 [Test worker] DEBUG io.micronaut.context.lifecycle -- Created bean [io.micronaut.scheduling.executor.IOExecutorServiceConfig@522fb69] from definition [Definition: io.micronaut.scheduling.executor.IOExecutorServiceConfig] with qualifier [null]
    22:57:44.826 [Test worker] DEBUG io.micronaut.context.DefaultBeanContext -- Finding candidate beans for type: BeanProvider io
    22:57:44.826 [Test worker] DEBUG io.micronaut.context.DefaultBeanContext --   interface io.micronaut.context.BeanProvider null io.micronaut.inject.provider.BeanProviderDefinition@58df6bef
    22:57:44.826 [Test worker] DEBUG io.micronaut.context.DefaultBeanContext -- Qualifying bean [io] for qualifier: @Named('io') 
    22:57:44.826 [Test worker] DEBUG io.micronaut.context.DefaultBeanContext -- Found concrete candidate [io.micronaut.inject.provider.BeanProviderDefinition@58df6bef] for type: @Named('io') io 
    22:57:44.827 [Test worker] DEBUG io.micronaut.context.lifecycle -- Created bean [io.micronaut.inject.provider.BeanProviderDefinition$1@593354fa] from definition [io.micronaut.inject.provider.BeanProviderDefinition@58df6bef] with qualifier [@Named('io')]
    22:57:44.827 [Test worker] DEBUG io.micronaut.context.DefaultBeanContext -- Finding candidate beans for type: BeanProvider virtual
    22:57:44.827 [Test worker] DEBUG io.micronaut.context.DefaultBeanContext --   interface io.micronaut.context.BeanProvider null io.micronaut.inject.provider.BeanProviderDefinition@58df6bef
    22:57:44.827 [Test worker] DEBUG io.micronaut.context.DefaultBeanContext -- Qualifying bean [virtual] for qualifier: @Named('virtual') 
    22:57:44.827 [Test worker] DEBUG io.micronaut.context.DefaultBeanContext -- Found concrete candidate [io.micronaut.inject.provider.BeanProviderDefinition@58df6bef] for type: @Named('virtual') virtual 
    22:57:44.827 [Test worker] DEBUG io.micronaut.context.lifecycle -- Created bean [io.micronaut.inject.provider.BeanProviderDefinition$1@6dfebd2a] from definition [io.micronaut.inject.provider.BeanProviderDefinition@58df6bef] with qualifier [@Named('virtual')]
    22:57:44.827 [Test worker] DEBUG io.micronaut.context.DefaultBeanContext -- Finding candidate beans for type: ExecutorService T
    22:57:44.827 [Test worker] DEBUG io.micronaut.context.DefaultBeanContext -- Finding candidate beans for type: EventLoopGroupConfiguration
    22:57:44.827 [Test worker] DEBUG io.micronaut.context.DefaultBeanContext --   class io.micronaut.http.server.netty.configuration.NettyHttpServerConfiguration$Worker @Named('netty-server-worker-event-loop') Definition: io.micronaut.http.server.netty.configuration.NettyHttpServerConfiguration$Worker
    22:57:44.827 [Test worker] DEBUG io.micronaut.context.DefaultBeanContext --   class io.micronaut.http.server.netty.configuration.NettyHttpServerConfiguration$Parent @Named('netty-server-parent-event-loop') Definition: io.micronaut.http.server.netty.configuration.NettyHttpServerConfiguration$Parent
    22:57:44.827 [Test worker] DEBUG io.micronaut.context.DefaultBeanContext -- Finding candidate beans for type: ExecutorConfiguration
    22:57:44.827 [Test worker] DEBUG io.micronaut.context.DefaultBeanContext --   interface io.micronaut.scheduling.executor.ExecutorConfiguration @Named('virtual') Definition: io.micronaut.scheduling.executor.IOExecutorServiceConfig
    22:57:44.827 [Test worker] DEBUG io.micronaut.context.DefaultBeanContext --   interface io.micronaut.scheduling.executor.ExecutorConfiguration @Named('scheduled') Definition: io.micronaut.scheduling.executor.ScheduledExecutorServiceConfig
    22:57:44.827 [Test worker] DEBUG io.micronaut.context.DefaultBeanContext --   interface io.micronaut.scheduling.executor.ExecutorConfiguration @Named('io') Definition: io.micronaut.scheduling.executor.IOExecutorServiceConfig
    22:57:44.827 [Test worker] DEBUG io.micronaut.context.DefaultBeanContext --   interface java.util.concurrent.ExecutorService @Named('io') Definition: io.micronaut.scheduling.executor.ExecutorFactory
    22:57:44.827 [Test worker] DEBUG io.micronaut.context.DefaultBeanContext --   interface java.util.concurrent.ExecutorService @Named('virtual') Definition: io.micronaut.scheduling.executor.ExecutorFactory
    22:57:44.827 [Test worker] DEBUG io.micronaut.context.DefaultBeanContext --   interface java.util.concurrent.ExecutorService @Named('blocking') Definition: io.micronaut.scheduling.executor.IOExecutorServiceConfig
    22:57:44.827 [Test worker] DEBUG io.micronaut.context.DefaultBeanContext --   interface io.netty.channel.EventLoopGroup @Named('netty-server-worker-event-loop') Definition: io.micronaut.http.netty.channel.DefaultEventLoopGroupRegistry
    22:57:44.828 [Test worker] DEBUG io.micronaut.context.DefaultBeanContext --   interface io.netty.channel.EventLoopGroup @Named('netty-server-parent-event-loop') Definition: io.micronaut.http.netty.channel.DefaultEventLoopGroupRegistry
    22:57:44.828 [Test worker] DEBUG io.micronaut.context.DefaultBeanContext --   interface java.util.concurrent.ExecutorService @Named('scheduled') Definition: io.micronaut.scheduling.executor.ExecutorFactory
    22:57:44.828 [Test worker] DEBUG io.micronaut.context.DefaultBeanContext -- Finding candidate beans for type: ExecutorService T
    22:57:44.828 [Test worker] DEBUG io.micronaut.context.DefaultBeanContext -- Finding candidate beans for type: EventLoopGroupConfiguration
    22:57:44.828 [Test worker] DEBUG io.micronaut.context.DefaultBeanContext --   class io.micronaut.http.server.netty.configuration.NettyHttpServerConfiguration$Worker @Named('netty-server-worker-event-loop') Definition: io.micronaut.http.server.netty.configuration.NettyHttpServerConfiguration$Worker
    22:57:44.828 [Test worker] DEBUG io.micronaut.context.DefaultBeanContext --   class io.micronaut.http.server.netty.configuration.NettyHttpServerConfiguration$Parent @Named('netty-server-parent-event-loop') Definition: io.micronaut.http.server.netty.configuration.NettyHttpServerConfiguration$Parent
    22:57:44.828 [Test worker] DEBUG io.micronaut.context.DefaultBeanContext -- Finding candidate beans for type: ExecutorConfiguration
    22:57:44.828 [Test worker] DEBUG io.micronaut.context.DefaultBeanContext --   interface io.micronaut.scheduling.executor.ExecutorConfiguration @Named('virtual') Definition: io.micronaut.scheduling.executor.IOExecutorServiceConfig
    22:57:44.828 [Test worker] DEBUG io.micronaut.context.DefaultBeanContext --   interface io.micronaut.scheduling.executor.ExecutorConfiguration @Named('scheduled') Definition: io.micronaut.scheduling.executor.ScheduledExecutorServiceConfig
    22:57:44.828 [Test worker] DEBUG io.micronaut.context.DefaultBeanContext --   interface io.micronaut.scheduling.executor.ExecutorConfiguration @Named('io') Definition: io.micronaut.scheduling.executor.IOExecutorServiceConfig
    22:57:44.828 [Test worker] DEBUG io.micronaut.context.DefaultBeanContext --   interface java.util.concurrent.ExecutorService @Named('io') Definition: io.micronaut.scheduling.executor.ExecutorFactory
    22:57:44.828 [Test worker] DEBUG io.micronaut.context.DefaultBeanContext --   interface java.util.concurrent.ExecutorService @Named('virtual') Definition: io.micronaut.scheduling.executor.ExecutorFactory
    22:57:44.828 [Test worker] DEBUG io.micronaut.context.DefaultBeanContext --   interface java.util.concurrent.ExecutorService @Named('blocking') Definition: io.micronaut.scheduling.executor.IOExecutorServiceConfig
    22:57:44.828 [Test worker] DEBUG io.micronaut.context.DefaultBeanContext --   interface io.netty.channel.EventLoopGroup @Named('netty-server-worker-event-loop') Definition: io.micronaut.http.netty.channel.DefaultEventLoopGroupRegistry
    22:57:44.828 [Test worker] DEBUG io.micronaut.context.DefaultBeanContext --   interface io.netty.channel.EventLoopGroup @Named('netty-server-parent-event-loop') Definition: io.micronaut.http.netty.channel.DefaultEventLoopGroupRegistry
    22:57:44.828 [Test worker] DEBUG io.micronaut.context.DefaultBeanContext --   interface java.util.concurrent.ExecutorService @Named('scheduled') Definition: io.micronaut.scheduling.executor.ExecutorFactory
    22:57:44.828 [Test worker] DEBUG io.micronaut.context.DefaultBeanContext -- Qualifying bean [T] for qualifier: @Named('virtual') 
    22:57:44.828 [Test worker] DEBUG io.micronaut.context.DefaultBeanContext -- Found concrete candidate [Definition: io.micronaut.scheduling.executor.ExecutorFactory] for type: @Named('virtual') T 
    22:57:44.828 [Test worker] DEBUG io.micronaut.context.DefaultBeanContext -- Finding candidate beans for type: ExecutorFactory
    22:57:44.829 [Test worker] DEBUG io.micronaut.context.DefaultBeanContext --   class io.micronaut.scheduling.executor.ExecutorFactory null Definition: io.micronaut.scheduling.executor.ExecutorFactory
    22:57:44.829 [Test worker] DEBUG io.micronaut.context.DefaultBeanContext -- Found concrete candidate [Definition: io.micronaut.scheduling.executor.ExecutorFactory] for type: executorFactory 
    22:57:44.829 [Test worker] DEBUG io.micronaut.context.DefaultBeanContext -- Finding candidate beans for type: ExecutorConfiguration executorConfiguration
    22:57:44.829 [Test worker] DEBUG io.micronaut.context.DefaultBeanContext --   interface io.micronaut.scheduling.executor.ExecutorConfiguration @Named('virtual') Definition: io.micronaut.scheduling.executor.IOExecutorServiceConfig
    22:57:44.829 [Test worker] DEBUG io.micronaut.context.DefaultBeanContext --   interface io.micronaut.scheduling.executor.ExecutorConfiguration @Named('scheduled') Definition: io.micronaut.scheduling.executor.ScheduledExecutorServiceConfig
    22:57:44.829 [Test worker] DEBUG io.micronaut.context.DefaultBeanContext --   interface io.micronaut.scheduling.executor.ExecutorConfiguration @Named('io') Definition: io.micronaut.scheduling.executor.IOExecutorServiceConfig
    22:57:44.829 [Test worker] DEBUG io.micronaut.context.DefaultBeanContext -- Qualifying bean [executorConfiguration] for qualifier: @Named('virtual') 
    22:57:44.829 [Test worker] DEBUG io.micronaut.context.DefaultBeanContext -- Found concrete candidate [Definition: io.micronaut.scheduling.executor.IOExecutorServiceConfig] for type: @Named('virtual') executorConfiguration 
    22:57:44.829 [Test worker] DEBUG io.micronaut.context.lifecycle -- Created bean [io.micronaut.scheduling.executor.UserExecutorConfiguration@9dbb1d9] from definition [Definition: io.micronaut.scheduling.executor.IOExecutorServiceConfig] with qualifier [@Named('virtual')]
    22:57:44.829 [Test worker] DEBUG io.micronaut.context.DefaultBeanContext -- Finding candidate beans for type: ThreadFactory
    22:57:44.829 [Test worker] DEBUG io.micronaut.context.DefaultBeanContext -- Finding candidate beans for type: ExecutorConfiguration
    22:57:44.829 [Test worker] DEBUG io.micronaut.context.DefaultBeanContext --   interface io.micronaut.scheduling.executor.ExecutorConfiguration @Named('virtual') Definition: io.micronaut.scheduling.executor.IOExecutorServiceConfig
    22:57:44.829 [Test worker] DEBUG io.micronaut.context.DefaultBeanContext --   interface io.micronaut.scheduling.executor.ExecutorConfiguration @Named('scheduled') Definition: io.micronaut.scheduling.executor.ScheduledExecutorServiceConfig
    22:57:44.829 [Test worker] DEBUG io.micronaut.context.DefaultBeanContext --   interface io.micronaut.scheduling.executor.ExecutorConfiguration @Named('io') Definition: io.micronaut.scheduling.executor.IOExecutorServiceConfig
    22:57:44.830 [Test worker] DEBUG io.micronaut.context.DefaultBeanContext --   interface java.util.concurrent.ThreadFactory @Named('netty') Definition: io.micronaut.http.netty.channel.NettyThreadFactory
    22:57:44.830 [Test worker] DEBUG io.micronaut.context.DefaultBeanContext --   interface java.util.concurrent.ThreadFactory @Named('virtual') Definition: io.micronaut.scheduling.executor.ExecutorFactory
    22:57:44.830 [Test worker] DEBUG io.micronaut.context.DefaultBeanContext --   interface java.util.concurrent.ThreadFactory @Named('scheduled') Definition: io.micronaut.scheduling.executor.ExecutorFactory
    22:57:44.830 [Test worker] DEBUG io.micronaut.context.DefaultBeanContext --   interface java.util.concurrent.ThreadFactory @Named('io') Definition: io.micronaut.scheduling.executor.ExecutorFactory
    22:57:44.830 [Test worker] DEBUG io.micronaut.context.DefaultBeanContext --   interface java.util.concurrent.ThreadFactory null Definition: io.micronaut.scheduling.executor.DefaultThreadFactory
    22:57:44.830 [Test worker] DEBUG io.micronaut.context.DefaultBeanContext -- Qualifying bean [threadFactory] for qualifier: @Named('virtual') 
    22:57:44.830 [Test worker] DEBUG io.micronaut.context.DefaultBeanContext -- Found concrete candidate [Definition: io.micronaut.scheduling.executor.ExecutorFactory] for type: @Named('virtual') threadFactory 
    22:57:44.831 [Test worker] DEBUG io.micronaut.context.lifecycle -- Created bean [java.lang.ThreadBuilders$VirtualThreadFactory@6fdd3382] from definition [Definition: io.micronaut.scheduling.executor.ExecutorFactory] with qualifier [@Named('virtual')]
    22:57:44.832 [Test worker] DEBUG io.micronaut.context.lifecycle -- Created bean [io.micronaut.context.propagation.instrument.execution.ExecutorServiceInstrumenter$2@4fea095b] from definition [Definition: io.micronaut.scheduling.executor.ExecutorFactory] with qualifier [@Named('virtual')]
    22:57:44.832 [Test worker] DEBUG io.micronaut.context.lifecycle -- Created bean [io.micronaut.context.propagation.instrument.execution.ExecutorServiceInstrumenter$2@354e2bff] from definition [Definition: io.micronaut.scheduling.executor.IOExecutorServiceConfig] with qualifier [@Named('blocking')]
    22:57:44.834 [Test worker] DEBUG io.micronaut.context.lifecycle -- Created bean [io.micronaut.http.server.netty.binders.NettyServerRequestBinderRegistry@5819ee0f] from definition [Definition: io.micronaut.http.server.netty.binders.NettyServerRequestBinderRegistry] with qualifier [null]
    22:57:44.834 [Test worker] DEBUG io.micronaut.context.lifecycle -- Created bean [io.micronaut.http.server.netty.NettyRequestArgumentSatisfier@f310675] from definition [Definition: io.micronaut.http.server.netty.NettyRequestArgumentSatisfier] with qualifier [null]
    22:57:44.835 [Test worker] DEBUG io.micronaut.context.DefaultBeanContext -- Finding candidate beans for type: ErrorResponseProcessor errorResponseProcessor
    22:57:44.836 [Test worker] DEBUG io.micronaut.context.DefaultBeanContext --   class io.micronaut.http.server.exceptions.response.HateoasErrorResponseProcessor @Secondary Definition: io.micronaut.http.server.exceptions.response.HateoasErrorResponseProcessor
    22:57:44.836 [Test worker] DEBUG io.micronaut.context.DefaultBeanContext -- Found concrete candidate [Definition: io.micronaut.http.server.exceptions.response.HateoasErrorResponseProcessor] for type: errorResponseProcessor 
    22:57:44.836 [Test worker] DEBUG io.micronaut.context.DefaultBeanContext -- Finding candidate beans for type: JsonConfiguration jacksonConfiguration
    22:57:44.837 [Test worker] DEBUG io.micronaut.context.DefaultBeanContext --   class io.micronaut.jackson.JacksonConfiguration null Definition: io.micronaut.jackson.JacksonConfiguration
    22:57:44.837 [Test worker] DEBUG io.micronaut.context.DefaultBeanContext -- Found concrete candidate [Definition: io.micronaut.jackson.JacksonConfiguration] for type: jacksonConfiguration 
    22:57:44.837 [Test worker] DEBUG io.micronaut.context.lifecycle -- Created bean [io.micronaut.http.server.exceptions.response.HateoasErrorResponseProcessor@6885f3f7] from definition [Definition: io.micronaut.http.server.exceptions.response.HateoasErrorResponseProcessor] with qualifier [@Secondary]
    22:57:44.837 [Test worker] DEBUG io.micronaut.context.DefaultBeanContext -- Finding candidate beans for type: CoroutineHelper
    22:57:44.838 [Test worker] DEBUG io.micronaut.context.DefaultBeanContext --   class io.micronaut.http.server.CoroutineHelper null Definition: io.micronaut.http.server.CoroutineHelper
    22:57:44.838 [Test worker] DEBUG io.micronaut.context.DefaultBeanContext -- Found concrete candidate [Definition: io.micronaut.http.server.CoroutineHelper] for type: coroutineHelper 
    22:57:44.838 [Test worker] DEBUG io.micronaut.context.DefaultBeanContext -- Resolving beans for type: io.micronaut.http.bind.binders.HttpCoroutineContextFactory<kotlin.coroutines.CoroutineContext>
    22:57:44.838 [Test worker] DEBUG io.micronaut.context.DefaultBeanContext -- Finding candidate beans for type: HttpCoroutineContextFactory E
    22:57:44.838 [Test worker] DEBUG io.micronaut.context.DefaultBeanContext -- No bean candidates found for type: HttpCoroutineContextFactory E
    22:57:44.838 [Test worker] DEBUG io.micronaut.context.lifecycle -- Created bean [io.micronaut.http.server.CoroutineHelper@18c0f025] from definition [Definition: io.micronaut.http.server.CoroutineHelper] with qualifier [null]
    22:57:44.838 [Test worker] DEBUG io.micronaut.context.lifecycle -- Created bean [io.micronaut.http.server.RouteExecutor@684f7f1c] from definition [Definition: io.micronaut.http.server.RouteExecutor] with qualifier [null]
    22:57:44.838 [Test worker] DEBUG io.micronaut.context.DefaultBeanContext -- Finding candidate beans for type: MediaTypeCodecRegistry mediaTypeCodecRegistry
    22:57:44.839 [Test worker] DEBUG io.micronaut.context.DefaultBeanContext --   interface io.micronaut.http.codec.MediaTypeCodecRegistry null Definition: io.micronaut.runtime.http.codec.MediaTypeCodecRegistryFactory
    22:57:44.839 [Test worker] DEBUG io.micronaut.context.DefaultBeanContext -- Found concrete candidate [Definition: io.micronaut.runtime.http.codec.MediaTypeCodecRegistryFactory] for type: mediaTypeCodecRegistry 
    22:57:44.839 [Test worker] DEBUG io.micronaut.context.DefaultBeanContext -- Finding candidate beans for type: MediaTypeCodecRegistryFactory
    22:57:44.839 [Test worker] DEBUG io.micronaut.context.DefaultBeanContext --   class io.micronaut.runtime.http.codec.MediaTypeCodecRegistryFactory null Definition: io.micronaut.runtime.http.codec.MediaTypeCodecRegistryFactory
    22:57:44.839 [Test worker] DEBUG io.micronaut.context.DefaultBeanContext -- Found concrete candidate [Definition: io.micronaut.runtime.http.codec.MediaTypeCodecRegistryFactory] for type: mediaTypeCodecRegistryFactory 
    22:57:44.840 [Test worker] DEBUG io.micronaut.context.lifecycle -- Created bean [io.micronaut.runtime.http.codec.MediaTypeCodecRegistryFactory@52f118aa] from definition [Definition: io.micronaut.runtime.http.codec.MediaTypeCodecRegistryFactory] with qualifier [null]
    22:57:44.840 [Test worker] DEBUG io.micronaut.context.DefaultBeanContext -- Resolving beans for type: io.micronaut.http.codec.MediaTypeCodec
    22:57:44.840 [Test worker] DEBUG io.micronaut.context.DefaultBeanContext -- Finding candidate beans for type: MediaTypeCodec E
    22:57:44.841 [Test worker] DEBUG io.micronaut.context.DefaultBeanContext --   class io.micronaut.json.codec.JsonStreamMediaTypeCodec null Definition: io.micronaut.json.codec.JsonStreamMediaTypeCodec
    22:57:44.841 [Test worker] DEBUG io.micronaut.context.DefaultBeanContext --   class io.micronaut.http.server.codec.TextStreamCodec null Definition: io.micronaut.http.server.codec.TextStreamCodec
    22:57:44.841 [Test worker] DEBUG io.micronaut.context.DefaultBeanContext --   class io.micronaut.runtime.http.codec.TextPlainCodec null Definition: io.micronaut.runtime.http.codec.TextPlainCodec
    22:57:44.841 [Test worker] DEBUG io.micronaut.context.DefaultBeanContext --   class io.micronaut.json.codec.JsonMediaTypeCodec @Named('json') Definition: io.micronaut.json.codec.JsonMediaTypeCodec
    22:57:44.841 [Test worker] DEBUG io.micronaut.context.DefaultBeanContext -- Finding candidate beans for type: BeanProvider jsonCodec
    22:57:44.841 [Test worker] DEBUG io.micronaut.context.DefaultBeanContext --   interface io.micronaut.context.BeanProvider null io.micronaut.inject.provider.BeanProviderDefinition@58df6bef
    22:57:44.841 [Test worker] DEBUG io.micronaut.context.DefaultBeanContext -- Found concrete candidate [io.micronaut.inject.provider.BeanProviderDefinition@58df6bef] for type: jsonCodec 
    22:57:44.841 [Test worker] DEBUG io.micronaut.context.lifecycle -- Created bean [io.micronaut.inject.provider.BeanProviderDefinition$1@6219006a] from definition [io.micronaut.inject.provider.BeanProviderDefinition@58df6bef] with qualifier [null]
    22:57:44.841 [Test worker] DEBUG io.micronaut.context.DefaultBeanContext -- Finding candidate beans for type: ApplicationConfiguration applicationConfiguration
    22:57:44.842 [Test worker] DEBUG io.micronaut.context.DefaultBeanContext --   class io.micronaut.runtime.ApplicationConfiguration null Definition: io.micronaut.runtime.ApplicationConfiguration
    22:57:44.842 [Test worker] DEBUG io.micronaut.context.DefaultBeanContext -- Found concrete candidate [Definition: io.micronaut.runtime.ApplicationConfiguration] for type: applicationConfiguration 
    22:57:44.842 [Test worker] DEBUG io.micronaut.context.DefaultBeanContext -- Finding candidate beans for type: CodecConfiguration codecConfiguration
    22:57:44.842 [Test worker] DEBUG io.micronaut.context.DefaultBeanContext -- No bean candidates found for type: CodecConfiguration codecConfiguration
    22:57:44.842 [Test worker] DEBUG io.micronaut.context.lifecycle -- Created bean [io.micronaut.json.codec.JsonStreamMediaTypeCodec@1e836aed] from definition [Definition: io.micronaut.json.codec.JsonStreamMediaTypeCodec] with qualifier [null]
    22:57:44.842 [Test worker] DEBUG io.micronaut.context.DefaultBeanContext -- Found a registration BeanRegistration: io.micronaut.json.codec.JsonStreamMediaTypeCodec@1e836aed for candidate: Definition: io.micronaut.json.codec.JsonStreamMediaTypeCodec with qualifier: null
    22:57:44.842 [Test worker] DEBUG io.micronaut.context.DefaultBeanContext -- Finding candidate beans for type: ByteBufferFactory byteBufferFactory
    22:57:44.842 [Test worker] DEBUG io.micronaut.context.DefaultBeanContext --   class io.micronaut.buffer.netty.NettyByteBufferFactory null Definition: io.micronaut.buffer.netty.NettyByteBufferFactory
    22:57:44.842 [Test worker] DEBUG io.micronaut.context.DefaultBeanContext -- Found concrete candidate [Definition: io.micronaut.buffer.netty.NettyByteBufferFactory] for type: byteBufferFactory 
    22:57:44.843 [Test worker] DEBUG io.micronaut.context.DefaultBeanContext -- Finding candidate beans for type: BeanProvider codecRegistryProvider
    22:57:44.843 [Test worker] DEBUG io.micronaut.context.DefaultBeanContext --   interface io.micronaut.context.BeanProvider null io.micronaut.inject.provider.BeanProviderDefinition@58df6bef
    22:57:44.843 [Test worker] DEBUG io.micronaut.context.DefaultBeanContext -- Found concrete candidate [io.micronaut.inject.provider.BeanProviderDefinition@58df6bef] for type: codecRegistryProvider 
    22:57:44.843 [Test worker] DEBUG io.micronaut.context.lifecycle -- Created bean [io.micronaut.inject.provider.BeanProviderDefinition$1@8dedec8] from definition [io.micronaut.inject.provider.BeanProviderDefinition@58df6bef] with qualifier [null]
    22:57:44.843 [Test worker] DEBUG io.micronaut.context.DefaultBeanContext -- Finding candidate beans for type: CodecConfiguration codecConfiguration
    22:57:44.843 [Test worker] DEBUG io.micronaut.context.DefaultBeanContext -- No bean candidates found for type: CodecConfiguration codecConfiguration
    22:57:44.843 [Test worker] DEBUG io.micronaut.context.lifecycle -- Created bean [io.micronaut.http.server.codec.TextStreamCodec@226e95e9] from definition [Definition: io.micronaut.http.server.codec.TextStreamCodec] with qualifier [null]
    22:57:44.843 [Test worker] DEBUG io.micronaut.context.DefaultBeanContext -- Found a registration BeanRegistration: io.micronaut.http.server.codec.TextStreamCodec@226e95e9 for candidate: Definition: io.micronaut.http.server.codec.TextStreamCodec with qualifier: null
    22:57:44.844 [Test worker] DEBUG io.micronaut.context.DefaultBeanContext -- Finding candidate beans for type: CodecConfiguration codecConfiguration
    22:57:44.844 [Test worker] DEBUG io.micronaut.context.DefaultBeanContext -- No bean candidates found for type: CodecConfiguration codecConfiguration
    22:57:44.844 [Test worker] DEBUG io.micronaut.context.lifecycle -- Created bean [io.micronaut.runtime.http.codec.TextPlainCodec@326dbe25] from definition [Definition: io.micronaut.runtime.http.codec.TextPlainCodec] with qualifier [null]
    22:57:44.844 [Test worker] DEBUG io.micronaut.context.DefaultBeanContext -- Found a registration BeanRegistration: io.micronaut.runtime.http.codec.TextPlainCodec@326dbe25 for candidate: Definition: io.micronaut.runtime.http.codec.TextPlainCodec with qualifier: null
    22:57:44.844 [Test worker] DEBUG io.micronaut.context.lifecycle -- Created bean [io.micronaut.inject.provider.BeanProviderDefinition$1@647aa45c] from definition [io.micronaut.inject.provider.BeanProviderDefinition@58df6bef] with qualifier [null]
    22:57:44.844 [Test worker] DEBUG io.micronaut.context.DefaultBeanContext -- Finding candidate beans for type: CodecConfiguration codecConfiguration
    22:57:44.845 [Test worker] DEBUG io.micronaut.context.DefaultBeanContext -- No bean candidates found for type: CodecConfiguration codecConfiguration
    22:57:44.845 [Test worker] DEBUG io.micronaut.context.lifecycle -- Created bean [io.micronaut.json.codec.JsonMediaTypeCodec@3922b297] from definition [Definition: io.micronaut.json.codec.JsonMediaTypeCodec] with qualifier [@Named('json')]
    22:57:44.845 [Test worker] DEBUG io.micronaut.context.DefaultBeanContext -- Found a registration BeanRegistration: io.micronaut.json.codec.JsonMediaTypeCodec@3922b297 for candidate: Definition: io.micronaut.json.codec.JsonMediaTypeCodec with qualifier: null
    22:57:44.845 [Test worker] DEBUG io.micronaut.context.lifecycle -- Created bean [io.micronaut.http.codec.DefaultMediaTypeCodecRegistry@6fb219dd] from definition [Definition: io.micronaut.runtime.http.codec.MediaTypeCodecRegistryFactory] with qualifier [null]
    22:57:44.845 [Test worker] DEBUG io.micronaut.context.DefaultBeanContext -- Finding candidate beans for type: StaticResourceResolver staticResourceResolver
    22:57:44.846 [Test worker] DEBUG io.micronaut.context.DefaultBeanContext --   class io.micronaut.web.router.resource.StaticResourceResolver null Definition: io.micronaut.web.router.resource.StaticResourceResolverFactory
    22:57:44.846 [Test worker] DEBUG io.micronaut.context.DefaultBeanContext -- Found concrete candidate [Definition: io.micronaut.web.router.resource.StaticResourceResolverFactory] for type: staticResourceResolver 
    22:57:44.846 [Test worker] DEBUG io.micronaut.context.DefaultBeanContext -- Finding candidate beans for type: StaticResourceResolverFactory
    22:57:44.846 [Test worker] DEBUG io.micronaut.context.DefaultBeanContext --   class io.micronaut.web.router.resource.StaticResourceResolverFactory null Definition: io.micronaut.web.router.resource.StaticResourceResolverFactory
    22:57:44.846 [Test worker] DEBUG io.micronaut.context.DefaultBeanContext -- Found concrete candidate [Definition: io.micronaut.web.router.resource.StaticResourceResolverFactory] for type: staticResourceResolverFactory 
    22:57:44.846 [Test worker] DEBUG io.micronaut.context.lifecycle -- Created bean [io.micronaut.web.router.resource.StaticResourceResolverFactory@5a24390b] from definition [Definition: io.micronaut.web.router.resource.StaticResourceResolverFactory] with qualifier [null]
    22:57:44.847 [Test worker] DEBUG io.micronaut.context.DefaultBeanContext -- Resolving beans for type: io.micronaut.web.router.resource.StaticResourceConfiguration
    22:57:44.847 [Test worker] DEBUG io.micronaut.context.DefaultBeanContext -- Finding candidate beans for type: StaticResourceConfiguration E
    22:57:44.847 [Test worker] DEBUG io.micronaut.context.DefaultBeanContext -- No bean candidates found for type: StaticResourceConfiguration E
    22:57:44.847 [Test worker] DEBUG io.micronaut.context.lifecycle -- Created bean [io.micronaut.web.router.resource.StaticResourceResolver$1@60d32006] from definition [Definition: io.micronaut.web.router.resource.StaticResourceResolverFactory] with qualifier [null]
    22:57:44.847 [Test worker] DEBUG io.micronaut.context.DefaultBeanContext -- Finding candidate beans for type: ThreadFactory nettyThreadFactory
    22:57:44.848 [Test worker] DEBUG io.micronaut.context.DefaultBeanContext -- Finding candidate beans for type: ExecutorConfiguration
    22:57:44.848 [Test worker] DEBUG io.micronaut.context.DefaultBeanContext --   interface io.micronaut.scheduling.executor.ExecutorConfiguration @Named('virtual') Definition: io.micronaut.scheduling.executor.IOExecutorServiceConfig
    22:57:44.848 [Test worker] DEBUG io.micronaut.context.DefaultBeanContext --   interface io.micronaut.scheduling.executor.ExecutorConfiguration @Named('scheduled') Definition: io.micronaut.scheduling.executor.ScheduledExecutorServiceConfig
    22:57:44.848 [Test worker] DEBUG io.micronaut.context.DefaultBeanContext --   interface io.micronaut.scheduling.executor.ExecutorConfiguration @Named('io') Definition: io.micronaut.scheduling.executor.IOExecutorServiceConfig
    22:57:44.848 [Test worker] DEBUG io.micronaut.context.DefaultBeanContext --   interface java.util.concurrent.ThreadFactory @Named('netty') Definition: io.micronaut.http.netty.channel.NettyThreadFactory
    22:57:44.848 [Test worker] DEBUG io.micronaut.context.DefaultBeanContext --   interface java.util.concurrent.ThreadFactory @Named('virtual') Definition: io.micronaut.scheduling.executor.ExecutorFactory
    22:57:44.848 [Test worker] DEBUG io.micronaut.context.DefaultBeanContext --   interface java.util.concurrent.ThreadFactory @Named('scheduled') Definition: io.micronaut.scheduling.executor.ExecutorFactory
    22:57:44.848 [Test worker] DEBUG io.micronaut.context.DefaultBeanContext --   interface java.util.concurrent.ThreadFactory @Named('io') Definition: io.micronaut.scheduling.executor.ExecutorFactory
    22:57:44.848 [Test worker] DEBUG io.micronaut.context.DefaultBeanContext --   interface java.util.concurrent.ThreadFactory null Definition: io.micronaut.scheduling.executor.DefaultThreadFactory
    22:57:44.848 [Test worker] DEBUG io.micronaut.context.DefaultBeanContext -- Qualifying bean [nettyThreadFactory] for qualifier: @Named('netty') 
    22:57:44.848 [Test worker] DEBUG io.micronaut.context.DefaultBeanContext -- Found concrete candidate [Definition: io.micronaut.http.netty.channel.NettyThreadFactory] for type: @Named('netty') nettyThreadFactory 
    22:57:44.848 [Test worker] DEBUG io.micronaut.context.DefaultBeanContext -- Finding candidate beans for type: NettyThreadFactory
    22:57:44.848 [Test worker] DEBUG io.micronaut.context.DefaultBeanContext --   class io.micronaut.http.netty.channel.NettyThreadFactory null Definition: io.micronaut.http.netty.channel.NettyThreadFactory
    22:57:44.848 [Test worker] DEBUG io.micronaut.context.DefaultBeanContext -- Found concrete candidate [Definition: io.micronaut.http.netty.channel.NettyThreadFactory] for type: nettyThreadFactory 
    22:57:44.849 [Test worker] DEBUG io.micronaut.context.lifecycle -- Created bean [io.micronaut.http.netty.channel.NettyThreadFactory@758ebec4] from definition [Definition: io.micronaut.http.netty.channel.NettyThreadFactory] with qualifier [null]
    22:57:44.854 [Test worker] DEBUG io.netty.util.internal.logging.InternalLoggerFactory -- Using SLF4J as the default logging framework
    22:57:44.855 [Test worker] DEBUG io.micronaut.context.lifecycle -- Created bean [io.netty.util.concurrent.DefaultThreadFactory@2d758472] from definition [Definition: io.micronaut.http.netty.channel.NettyThreadFactory] with qualifier [@Named('netty')]
    22:57:44.856 [Test worker] DEBUG io.micronaut.context.DefaultBeanContext -- Finding candidate beans for type: HttpCompressionStrategy httpCompressionStrategy
    22:57:44.856 [Test worker] DEBUG io.micronaut.context.DefaultBeanContext --   class io.micronaut.http.server.netty.DefaultHttpCompressionStrategy null Definition: io.micronaut.http.server.netty.DefaultHttpCompressionStrategy
    22:57:44.856 [Test worker] DEBUG io.micronaut.context.DefaultBeanContext -- Found concrete candidate [Definition: io.micronaut.http.server.netty.DefaultHttpCompressionStrategy] for type: httpCompressionStrategy 
    22:57:44.857 [Test worker] DEBUG io.micronaut.context.DefaultBeanContext -- Finding candidate beans for type: NettyHttpServerConfiguration serverConfiguration
    22:57:44.857 [Test worker] DEBUG io.micronaut.context.DefaultBeanContext --   class io.micronaut.http.server.netty.configuration.NettyHttpServerConfiguration null Definition: io.micronaut.http.server.netty.configuration.NettyHttpServerConfiguration
    22:57:44.857 [Test worker] DEBUG io.micronaut.context.DefaultBeanContext -- Found concrete candidate [Definition: io.micronaut.http.server.netty.configuration.NettyHttpServerConfiguration] for type: serverConfiguration 
    22:57:44.857 [Test worker] DEBUG io.micronaut.context.lifecycle -- Created bean [io.micronaut.http.server.netty.DefaultHttpCompressionStrategy@33e6bd36] from definition [Definition: io.micronaut.http.server.netty.DefaultHttpCompressionStrategy] with qualifier [null]
    22:57:44.857 [Test worker] DEBUG io.micronaut.context.DefaultBeanContext -- Finding candidate beans for type: EventLoopGroupFactory eventLoopGroupFactory
    22:57:44.858 [Test worker] DEBUG io.micronaut.context.DefaultBeanContext --   class io.micronaut.http.netty.channel.NioEventLoopGroupFactory null Definition: io.micronaut.http.netty.channel.NioEventLoopGroupFactory
    22:57:44.858 [Test worker] DEBUG io.micronaut.context.DefaultBeanContext --   class io.micronaut.http.netty.channel.DefaultEventLoopGroupFactory null Definition: io.micronaut.http.netty.channel.DefaultEventLoopGroupFactory
    22:57:44.858 [Test worker] DEBUG io.micronaut.context.DefaultBeanContext -- Searching for @Primary for type [eventLoopGroupFactory] from candidates: [Definition: io.micronaut.http.netty.channel.NioEventLoopGroupFactory, Definition: io.micronaut.http.netty.channel.DefaultEventLoopGroupFactory] 
    22:57:44.858 [Test worker] DEBUG io.micronaut.context.DefaultBeanContext -- Found concrete candidate [Definition: io.micronaut.http.netty.channel.DefaultEventLoopGroupFactory] for type: eventLoopGroupFactory 
    22:57:44.858 [Test worker] DEBUG io.micronaut.context.DefaultBeanContext -- Finding candidate beans for type: NioEventLoopGroupFactory nioEventLoopGroupFactory
    22:57:44.859 [Test worker] DEBUG io.micronaut.context.DefaultBeanContext --   class io.micronaut.http.netty.channel.NioEventLoopGroupFactory null Definition: io.micronaut.http.netty.channel.NioEventLoopGroupFactory
    22:57:44.859 [Test worker] DEBUG io.micronaut.context.DefaultBeanContext -- Found concrete candidate [Definition: io.micronaut.http.netty.channel.NioEventLoopGroupFactory] for type: nioEventLoopGroupFactory 
    22:57:44.859 [Test worker] DEBUG io.micronaut.context.lifecycle -- Created bean [io.micronaut.http.netty.channel.NioEventLoopGroupFactory@cc7909f] from definition [Definition: io.micronaut.http.netty.channel.NioEventLoopGroupFactory] with qualifier [null]
    22:57:44.859 [Test worker] DEBUG io.micronaut.context.DefaultBeanContext -- Finding candidate beans for type: EventLoopGroupFactory nativeFactory
    22:57:44.859 [Test worker] DEBUG io.micronaut.context.DefaultBeanContext --   class io.micronaut.http.netty.channel.NioEventLoopGroupFactory null Definition: io.micronaut.http.netty.channel.NioEventLoopGroupFactory
    22:57:44.859 [Test worker] DEBUG io.micronaut.context.DefaultBeanContext --   class io.micronaut.http.netty.channel.DefaultEventLoopGroupFactory null Definition: io.micronaut.http.netty.channel.DefaultEventLoopGroupFactory
    22:57:44.859 [Test worker] DEBUG io.micronaut.context.DefaultBeanContext -- Qualifying bean [nativeFactory] for qualifier: @Named('native') 
    22:57:44.859 [Test worker] DEBUG io.micronaut.context.DefaultBeanContext -- No qualifying beans of type [nativeFactory] found for qualifier: @Named('native') 
    22:57:44.859 [Test worker] DEBUG io.micronaut.context.DefaultBeanContext -- Finding candidate beans for type: NettyGlobalConfiguration nettyGlobalConfiguration
    22:57:44.860 [Test worker] DEBUG io.micronaut.context.DefaultBeanContext --   class io.micronaut.http.netty.configuration.NettyGlobalConfiguration null Definition: io.micronaut.http.netty.configuration.NettyGlobalConfiguration
    22:57:44.860 [Test worker] DEBUG io.micronaut.context.DefaultBeanContext -- Found concrete candidate [Definition: io.micronaut.http.netty.configuration.NettyGlobalConfiguration] for type: nettyGlobalConfiguration 
    22:57:44.860 [Test worker] DEBUG io.micronaut.context.lifecycle -- Created bean [io.micronaut.http.netty.configuration.NettyGlobalConfiguration@3c538e62] from definition [Definition: io.micronaut.http.netty.configuration.NettyGlobalConfiguration] with qualifier [null]
    22:57:44.862 [Test worker] DEBUG io.netty.util.ResourceLeakDetector -- -Dio.netty.leakDetection.level: simple
    22:57:44.862 [Test worker] DEBUG io.netty.util.ResourceLeakDetector -- -Dio.netty.leakDetection.targetRecords: 4
    22:57:44.866 [Test worker] DEBUG io.micronaut.context.lifecycle -- Created bean [io.micronaut.http.netty.channel.DefaultEventLoopGroupFactory@34d3bfca] from definition [Definition: io.micronaut.http.netty.channel.DefaultEventLoopGroupFactory] with qualifier [null]
    22:57:44.866 [Test worker] DEBUG io.micronaut.context.DefaultBeanContext -- Finding candidate beans for type: EventLoopGroupRegistry eventLoopGroupRegistry
    22:57:44.867 [Test worker] DEBUG io.micronaut.context.DefaultBeanContext --   class io.micronaut.http.netty.channel.DefaultEventLoopGroupRegistry null Definition: io.micronaut.http.netty.channel.DefaultEventLoopGroupRegistry
    22:57:44.867 [Test worker] DEBUG io.micronaut.context.DefaultBeanContext -- Found concrete candidate [Definition: io.micronaut.http.netty.channel.DefaultEventLoopGroupRegistry] for type: eventLoopGroupRegistry 
    22:57:44.867 [Test worker] DEBUG io.micronaut.context.lifecycle -- Created bean [io.micronaut.http.netty.channel.DefaultEventLoopGroupRegistry@30d5fc1b] from definition [Definition: io.micronaut.http.netty.channel.DefaultEventLoopGroupRegistry] with qualifier [null]
    22:57:44.867 [Test worker] DEBUG io.micronaut.context.DefaultBeanContext -- Finding candidate beans for type: WebSocketUpgradeHandlerFactory webSocketUpgradeHandlerFactory
    22:57:44.868 [Test worker] DEBUG io.micronaut.context.DefaultBeanContext --   class io.micronaut.http.server.netty.websocket.WebSocketUpgradeHandlerFactory null Definition: io.micronaut.http.server.netty.websocket.WebSocketUpgradeHandlerFactory
    22:57:44.868 [Test worker] DEBUG io.micronaut.context.DefaultBeanContext -- Found concrete candidate [Definition: io.micronaut.http.server.netty.websocket.WebSocketUpgradeHandlerFactory] for type: webSocketUpgradeHandlerFactory 
    22:57:44.868 [Test worker] DEBUG io.micronaut.context.lifecycle -- Created bean [io.micronaut.http.server.netty.websocket.WebSocketUpgradeHandlerFactory@6b3bc1f6] from definition [Definition: io.micronaut.http.server.netty.websocket.WebSocketUpgradeHandlerFactory] with qualifier [null]
    22:57:44.868 [Test worker] DEBUG io.micronaut.context.DefaultBeanContext -- Finding candidate beans for type: ChannelOptionFactory channelOptionFactory
    22:57:44.869 [Test worker] DEBUG io.micronaut.context.DefaultBeanContext -- Finding candidate beans for type: EpollChannelOptionFactory
    22:57:44.869 [Test worker] DEBUG io.micronaut.context.DefaultBeanContext -- No bean candidates found for type: EpollChannelOptionFactory
    22:57:44.869 [Test worker] DEBUG io.micronaut.context.DefaultBeanContext -- Finding candidate beans for type: KQueueChannelOptionFactory
    22:57:44.869 [Test worker] DEBUG io.micronaut.context.DefaultBeanContext -- No bean candidates found for type: KQueueChannelOptionFactory
    22:57:44.869 [Test worker] DEBUG io.micronaut.context.DefaultBeanContext --   class io.micronaut.http.netty.channel.converters.DefaultChannelOptionFactory null Definition: io.micronaut.http.netty.channel.converters.DefaultChannelOptionFactory
    22:57:44.869 [Test worker] DEBUG io.micronaut.context.DefaultBeanContext -- Found concrete candidate [Definition: io.micronaut.http.netty.channel.converters.DefaultChannelOptionFactory] for type: channelOptionFactory 
    22:57:44.869 [Test worker] DEBUG io.micronaut.context.lifecycle -- Created bean [io.micronaut.http.netty.channel.converters.DefaultChannelOptionFactory@5c7a06ec] from definition [Definition: io.micronaut.http.netty.channel.converters.DefaultChannelOptionFactory] with qualifier [null]
    22:57:44.869 [Test worker] DEBUG io.micronaut.context.DefaultBeanContext -- Finding candidate beans for type: ServerSslBuilder serverSslBuilder
    22:57:44.870 [Test worker] DEBUG io.micronaut.context.condition.Condition -- Bean [Definition: io.micronaut.http.server.netty.ssl.SelfSignedSslBuilder] will not be loaded due to failing conditions:
    22:57:44.870 [Test worker] DEBUG io.micronaut.context.condition.Condition -- * Neither the old deprecated micronaut.ssl.build-self-signed, nor the new micronaut.server.ssl.build-self-signed were enabled.
    22:57:44.870 [Test worker] DEBUG io.micronaut.context.condition.Condition -- * Custom condition [class io.micronaut.http.server.netty.ssl.SslEnabledCondition] failed evaluation
    22:57:44.870 [Test worker] DEBUG io.micronaut.context.DefaultBeanContext -- No bean candidates found for type: ServerSslBuilder serverSslBuilder
    22:57:44.870 [Test worker] DEBUG io.micronaut.context.DefaultBeanContext -- Resolving beans for type: io.netty.channel.ChannelOutboundHandler
    22:57:44.870 [Test worker] DEBUG io.micronaut.context.DefaultBeanContext -- Finding candidate beans for type: ChannelOutboundHandler E
    22:57:44.870 [Test worker] DEBUG io.micronaut.context.DefaultBeanContext -- No bean candidates found for type: ChannelOutboundHandler E
    22:57:44.870 [Test worker] DEBUG io.micronaut.context.lifecycle -- Created bean [io.micronaut.http.server.netty.DefaultNettyEmbeddedServerFactory@1af6974c] from definition [Definition: io.micronaut.http.server.netty.DefaultNettyEmbeddedServerFactory] with qualifier [null]
    22:57:44.877 [Test worker] DEBUG io.netty.util.concurrent.GlobalEventExecutor -- -Dio.netty.globalEventExecutor.quietPeriodSeconds: 1
    22:57:44.884 [Test worker] DEBUG io.netty.util.internal.InternalThreadLocalMap -- -Dio.netty.threadLocalMap.stringBuilder.initialSize: 1024
    22:57:44.884 [Test worker] DEBUG io.netty.util.internal.InternalThreadLocalMap -- -Dio.netty.threadLocalMap.stringBuilder.maxSize: 4096
    22:57:44.895 [Test worker] DEBUG io.netty.util.internal.PlatformDependent0 -- -Dio.netty.noUnsafe: false
    22:57:44.895 [Test worker] DEBUG io.netty.util.internal.PlatformDependent0 -- Java version: 21
    22:57:44.898 [Test worker] DEBUG io.netty.util.internal.PlatformDependent0 -- sun.misc.Unsafe.theUnsafe: available
    22:57:44.898 [Test worker] DEBUG io.netty.util.internal.PlatformDependent0 -- sun.misc.Unsafe.copyMemory: available
    22:57:44.898 [Test worker] DEBUG io.netty.util.internal.PlatformDependent0 -- sun.misc.Unsafe.storeFence: available
    22:57:44.898 [Test worker] DEBUG io.netty.util.internal.PlatformDependent0 -- java.nio.Buffer.address: available
    22:57:44.899 [Test worker] DEBUG io.netty.util.internal.PlatformDependent0 -- direct buffer constructor: unavailable: Reflective setAccessible(true) disabled
    22:57:44.899 [Test worker] DEBUG io.netty.util.internal.PlatformDependent0 -- java.nio.Bits.unaligned: available, true
    22:57:44.900 [Test worker] DEBUG io.netty.util.internal.PlatformDependent0 -- jdk.internal.misc.Unsafe.allocateUninitializedArray(int): unavailable: class io.netty.util.internal.PlatformDependent0$7 cannot access class jdk.internal.misc.Unsafe (in module java.base) because module java.base does not export jdk.internal.misc to unnamed module @35aea049
    22:57:44.901 [Test worker] DEBUG io.netty.util.internal.PlatformDependent0 -- java.nio.DirectByteBuffer.<init>(long, {int,long}): unavailable
    22:57:44.901 [Test worker] DEBUG io.netty.util.internal.PlatformDependent -- sun.misc.Unsafe: available
    22:57:44.901 [Test worker] DEBUG io.netty.util.internal.PlatformDependent -- -Dio.netty.tmpdir: /tmp (java.io.tmpdir)
    22:57:44.901 [Test worker] DEBUG io.netty.util.internal.PlatformDependent -- -Dio.netty.bitMode: 64 (sun.arch.data.model)
    22:57:44.901 [Test worker] DEBUG io.netty.util.internal.PlatformDependent -- -Dio.netty.maxDirectMemory: -1 bytes
    22:57:44.901 [Test worker] DEBUG io.netty.util.internal.PlatformDependent -- -Dio.netty.uninitializedArrayAllocationThreshold: -1
    22:57:44.902 [Test worker] DEBUG io.netty.util.internal.CleanerJava9 -- java.nio.ByteBuffer.cleaner(): available
    22:57:44.902 [Test worker] DEBUG io.netty.util.internal.PlatformDependent -- -Dio.netty.noPreferDirect: false
    22:57:44.904 [Test worker] DEBUG io.micronaut.context.DefaultBeanContext -- Finding candidate beans for type: ApplicationEventPublisher
    22:57:44.905 [Test worker] DEBUG io.micronaut.context.DefaultBeanContext --   interface io.micronaut.context.event.ApplicationEventPublisher null io.micronaut.context.event.ApplicationEventPublisherFactory@526c3eb8
    22:57:44.905 [Test worker] DEBUG io.micronaut.context.DefaultBeanContext -- Found concrete candidate [io.micronaut.context.event.ApplicationEventPublisherFactory@526c3eb8] for type: applicationEventPublisher 
    22:57:44.905 [Test worker] DEBUG io.micronaut.context.lifecycle -- Created bean [io.micronaut.context.event.ApplicationEventPublisherFactory$2@7abd75fc] from definition [io.micronaut.context.event.ApplicationEventPublisherFactory@526c3eb8] with qualifier [null]
    22:57:44.907 [Test worker] DEBUG io.micronaut.context.lifecycle -- Created bean [io.micronaut.http.server.netty.NettyHttpServer@5527dbb0] from definition [Definition: io.micronaut.http.server.netty.DefaultNettyEmbeddedServerFactory] with qualifier [null]
    22:57:44.907 [Test worker] DEBUG io.micronaut.context.DefaultBeanContext -- Finding candidate beans for type: EventLoopGroupConfiguration
    22:57:44.908 [Test worker] DEBUG io.micronaut.context.DefaultBeanContext --   class io.micronaut.http.server.netty.configuration.NettyHttpServerConfiguration$Worker @Named('netty-server-worker-event-loop') Definition: io.micronaut.http.server.netty.configuration.NettyHttpServerConfiguration$Worker
    22:57:44.908 [Test worker] DEBUG io.micronaut.context.DefaultBeanContext --   class io.micronaut.http.server.netty.configuration.NettyHttpServerConfiguration$Parent @Named('netty-server-parent-event-loop') Definition: io.micronaut.http.server.netty.configuration.NettyHttpServerConfiguration$Parent
    22:57:44.908 [Test worker] DEBUG io.micronaut.context.DefaultBeanContext -- Qualifying bean [eventLoopGroupConfiguration] for qualifier: @Named('default') 
    22:57:44.908 [Test worker] DEBUG io.micronaut.context.DefaultBeanContext -- No qualifying beans of type [eventLoopGroupConfiguration] found for qualifier: @Named('default') 
    22:57:44.908 [Test worker] DEBUG io.micronaut.context.DefaultBeanContext -- Finding candidate beans for type: EventLoopGroup
    22:57:44.908 [Test worker] DEBUG io.micronaut.context.DefaultBeanContext -- Finding candidate beans for type: EventLoopGroupConfiguration
    22:57:44.909 [Test worker] DEBUG io.micronaut.context.DefaultBeanContext --   class io.micronaut.http.server.netty.configuration.NettyHttpServerConfiguration$Worker @Named('netty-server-worker-event-loop') Definition: io.micronaut.http.server.netty.configuration.NettyHttpServerConfiguration$Worker
    22:57:44.909 [Test worker] DEBUG io.micronaut.context.DefaultBeanContext --   class io.micronaut.http.server.netty.configuration.NettyHttpServerConfiguration$Parent @Named('netty-server-parent-event-loop') Definition: io.micronaut.http.server.netty.configuration.NettyHttpServerConfiguration$Parent
    22:57:44.909 [Test worker] DEBUG io.micronaut.context.DefaultBeanContext --   interface io.netty.channel.EventLoopGroup null Definition: io.micronaut.http.netty.channel.DefaultEventLoopGroupRegistry
    22:57:44.909 [Test worker] DEBUG io.micronaut.context.DefaultBeanContext --   interface io.netty.channel.EventLoopGroup @Named('netty-server-worker-event-loop') Definition: io.micronaut.http.netty.channel.DefaultEventLoopGroupRegistry
    22:57:44.909 [Test worker] DEBUG io.micronaut.context.DefaultBeanContext --   interface io.netty.channel.EventLoopGroup @Named('netty-server-parent-event-loop') Definition: io.micronaut.http.netty.channel.DefaultEventLoopGroupRegistry
    22:57:44.909 [Test worker] DEBUG io.micronaut.context.DefaultBeanContext -- Searching for @Primary for type [eventLoopGroup] from candidates: [Definition: io.micronaut.http.netty.channel.DefaultEventLoopGroupRegistry, Definition: io.micronaut.http.netty.channel.DefaultEventLoopGroupRegistry, Definition: io.micronaut.http.netty.channel.DefaultEventLoopGroupRegistry] 
    22:57:44.909 [Test worker] DEBUG io.micronaut.context.DefaultBeanContext -- Found concrete candidate [Definition: io.micronaut.http.netty.channel.DefaultEventLoopGroupRegistry] for type: eventLoopGroup 
    22:57:44.909 [Test worker] DEBUG io.micronaut.context.DefaultBeanContext -- Finding candidate beans for type: DefaultEventLoopGroupRegistry
    22:57:44.909 [Test worker] DEBUG io.micronaut.context.DefaultBeanContext --   class io.micronaut.http.netty.channel.DefaultEventLoopGroupRegistry null Definition: io.micronaut.http.netty.channel.DefaultEventLoopGroupRegistry
    22:57:44.909 [Test worker] DEBUG io.micronaut.context.DefaultBeanContext -- Found concrete candidate [Definition: io.micronaut.http.netty.channel.DefaultEventLoopGroupRegistry] for type: defaultEventLoopGroupRegistry 
    22:57:44.910 [Test worker] DEBUG io.netty.channel.MultithreadEventLoopGroup -- -Dio.netty.eventLoopThreads: 16
    22:57:44.914 [Test worker] DEBUG io.netty.channel.nio.NioEventLoop -- -Dio.netty.noKeySetOptimization: false
    22:57:44.914 [Test worker] DEBUG io.netty.channel.nio.NioEventLoop -- -Dio.netty.selectorAutoRebuildThreshold: 512
    22:57:44.917 [Test worker] DEBUG io.netty.util.internal.PlatformDependent -- org.jctools-core.MpscChunkedArrayQueue: available
    22:57:44.919 [Test worker] DEBUG io.micronaut.context.lifecycle -- Created bean [io.netty.channel.nio.NioEventLoopGroup@7eea934d] from definition [Definition: io.micronaut.http.netty.channel.DefaultEventLoopGroupRegistry] with qualifier [null]
    22:57:44.920 [Test worker] DEBUG io.micronaut.context.DefaultBeanContext -- Finding candidate beans for type: EventLoopGroup
    22:57:44.920 [Test worker] DEBUG io.micronaut.context.DefaultBeanContext -- Finding candidate beans for type: EventLoopGroupConfiguration
    22:57:44.920 [Test worker] DEBUG io.micronaut.context.DefaultBeanContext --   class io.micronaut.http.server.netty.configuration.NettyHttpServerConfiguration$Worker @Named('netty-server-worker-event-loop') Definition: io.micronaut.http.server.netty.configuration.NettyHttpServerConfiguration$Worker
    22:57:44.920 [Test worker] DEBUG io.micronaut.context.DefaultBeanContext --   class io.micronaut.http.server.netty.configuration.NettyHttpServerConfiguration$Parent @Named('netty-server-parent-event-loop') Definition: io.micronaut.http.server.netty.configuration.NettyHttpServerConfiguration$Parent
    22:57:44.920 [Test worker] DEBUG io.micronaut.context.DefaultBeanContext --   interface io.netty.channel.EventLoopGroup null Definition: io.micronaut.http.netty.channel.DefaultEventLoopGroupRegistry
    22:57:44.920 [Test worker] DEBUG io.micronaut.context.DefaultBeanContext --   interface io.netty.channel.EventLoopGroup @Named('netty-server-worker-event-loop') Definition: io.micronaut.http.netty.channel.DefaultEventLoopGroupRegistry
    22:57:44.920 [Test worker] DEBUG io.micronaut.context.DefaultBeanContext --   interface io.netty.channel.EventLoopGroup @Named('netty-server-parent-event-loop') Definition: io.micronaut.http.netty.channel.DefaultEventLoopGroupRegistry
    22:57:44.920 [Test worker] DEBUG io.micronaut.context.DefaultBeanContext -- Qualifying bean [eventLoopGroup] for qualifier: @Named('parent') 
    22:57:44.921 [Test worker] DEBUG io.micronaut.context.DefaultBeanContext -- No qualifying beans of type [eventLoopGroup] found for qualifier: @Named('parent') 
    22:57:44.928 [Test worker] DEBUG io.netty.channel.DefaultChannelId -- -Dio.netty.processId: 201673 (auto-detected)
    22:57:44.929 [Test worker] DEBUG io.netty.util.NetUtil -- -Djava.net.preferIPv4Stack: false
    22:57:44.929 [Test worker] DEBUG io.netty.util.NetUtil -- -Djava.net.preferIPv6Addresses: false
    22:57:44.930 [Test worker] DEBUG io.netty.util.NetUtilInitializations -- Loopback interface: lo (lo, 0:0:0:0:0:0:0:1%lo)
    22:57:44.931 [Test worker] DEBUG io.netty.util.NetUtil -- /proc/sys/net/core/somaxconn: 4096
    22:57:44.931 [Test worker] DEBUG io.netty.channel.DefaultChannelId -- -Dio.netty.machineId: 78:af:08:ff:fe:08:65:f6 (auto-detected)
    22:57:44.944 [Test worker] DEBUG io.netty.buffer.PooledByteBufAllocator -- -Dio.netty.allocator.numHeapArenas: 16
    22:57:44.944 [Test worker] DEBUG io.netty.buffer.PooledByteBufAllocator -- -Dio.netty.allocator.numDirectArenas: 16
    22:57:44.944 [Test worker] DEBUG io.netty.buffer.PooledByteBufAllocator -- -Dio.netty.allocator.pageSize: 8192
    22:57:44.944 [Test worker] DEBUG io.netty.buffer.PooledByteBufAllocator -- -Dio.netty.allocator.maxOrder: 3
    22:57:44.944 [Test worker] DEBUG io.netty.buffer.PooledByteBufAllocator -- -Dio.netty.allocator.chunkSize: 65536
    22:57:44.944 [Test worker] DEBUG io.netty.buffer.PooledByteBufAllocator -- -Dio.netty.allocator.smallCacheSize: 256
    22:57:44.944 [Test worker] DEBUG io.netty.buffer.PooledByteBufAllocator -- -Dio.netty.allocator.normalCacheSize: 64
    22:57:44.944 [Test worker] DEBUG io.netty.buffer.PooledByteBufAllocator -- -Dio.netty.allocator.maxCachedBufferCapacity: 32768
    22:57:44.944 [Test worker] DEBUG io.netty.buffer.PooledByteBufAllocator -- -Dio.netty.allocator.cacheTrimInterval: 8192
    22:57:44.944 [Test worker] DEBUG io.netty.buffer.PooledByteBufAllocator -- -Dio.netty.allocator.cacheTrimIntervalMillis: 0
    22:57:44.944 [Test worker] DEBUG io.netty.buffer.PooledByteBufAllocator -- -Dio.netty.allocator.useCacheForAllThreads: false
    22:57:44.944 [Test worker] DEBUG io.netty.buffer.PooledByteBufAllocator -- -Dio.netty.allocator.maxCachedByteBuffersPerChunk: 1023
    22:57:44.949 [Test worker] DEBUG io.netty.buffer.ByteBufUtil -- -Dio.netty.allocator.type: pooled
    22:57:44.950 [Test worker] DEBUG io.netty.buffer.ByteBufUtil -- -Dio.netty.threadLocalDirectBufferSize: 0
    22:57:44.950 [Test worker] DEBUG io.netty.buffer.ByteBufUtil -- -Dio.netty.maxThreadLocalCharBufferSize: 16384
    22:57:44.952 [Test worker] DEBUG io.netty.bootstrap.ChannelInitializerExtensions -- -Dio.netty.bootstrap.extensions: null
    22:57:44.958 [Test worker] DEBUG io.micronaut.context.DefaultBeanContext -- Finding candidate beans for type: ApplicationEventPublisher
    22:57:44.958 [Test worker] DEBUG io.micronaut.context.DefaultBeanContext --   interface io.micronaut.context.event.ApplicationEventPublisher null io.micronaut.context.event.ApplicationEventPublisherFactory@526c3eb8
    22:57:44.958 [Test worker] DEBUG io.micronaut.context.DefaultBeanContext -- Found concrete candidate [io.micronaut.context.event.ApplicationEventPublisherFactory@526c3eb8] for type: applicationEventPublisher 
    22:57:44.958 [Test worker] DEBUG io.micronaut.context.lifecycle -- Created bean [io.micronaut.context.event.ApplicationEventPublisherFactory$2@251e2f4a] from definition [io.micronaut.context.event.ApplicationEventPublisherFactory@526c3eb8] with qualifier [null]
    22:57:44.959 [Test worker] DEBUG io.micronaut.context.event.ApplicationEventPublisher -- Publishing event: io.micronaut.runtime.server.event.ServerStartupEvent[source=io.micronaut.http.server.netty.NettyHttpServer@5527dbb0]
    22:57:44.959 [Test worker] DEBUG io.micronaut.context.DefaultBeanContext -- Resolving beans for type: <ServerStartupEvent> io.micronaut.context.event.ApplicationEventListener 
    22:57:44.959 [Test worker] DEBUG io.micronaut.context.DefaultBeanContext -- Resolving beans for type: @InterceptorBinding(NONE) io.micronaut.aop.Interceptor 
    22:57:44.959 [Test worker] DEBUG io.micronaut.context.DefaultBeanContext -- Finding candidate beans for type: Interceptor T
    22:57:44.959 [Test worker] DEBUG io.micronaut.context.DefaultBeanContext --   class io.micronaut.configuration.hibernate.jpa.TransactionalSessionInterceptor null Definition: io.micronaut.configuration.hibernate.jpa.TransactionalSessionInterceptor
    22:57:44.959 [Test worker] DEBUG io.micronaut.context.DefaultBeanContext --   class io.micronaut.http.client.interceptor.HttpClientIntroductionAdvice null Definition: io.micronaut.http.client.interceptor.HttpClientIntroductionAdvice
    22:57:44.959 [Test worker] DEBUG io.micronaut.context.DefaultBeanContext --   class io.micronaut.data.connection.interceptor.ConnectableInterceptor null Definition: io.micronaut.data.connection.interceptor.ConnectableInterceptor
    22:57:44.959 [Test worker] DEBUG io.micronaut.context.DefaultBeanContext --   class io.micronaut.data.connection.jdbc.advice.ContextualConnectionInterceptor null Definition: io.micronaut.data.connection.jdbc.advice.ContextualConnectionInterceptor
    22:57:44.959 [Test worker] DEBUG io.micronaut.context.DefaultBeanContext --   class io.micronaut.transaction.interceptor.TransactionalInterceptor null Definition: io.micronaut.transaction.interceptor.TransactionalInterceptor
    22:57:44.959 [Test worker] DEBUG io.micronaut.context.DefaultBeanContext --   class io.micronaut.data.runtime.intercept.DataIntroductionAdvice null Definition: io.micronaut.data.runtime.intercept.DataIntroductionAdvice
    22:57:44.959 [Test worker] DEBUG io.micronaut.context.DefaultBeanContext --   class io.micronaut.runtime.context.scope.refresh.RefreshInterceptor null Definition: io.micronaut.runtime.context.scope.refresh.RefreshInterceptor
    22:57:44.959 [Test worker] DEBUG io.micronaut.context.DefaultBeanContext --   class io.micronaut.runtime.context.env.ConfigurationIntroductionAdvice null Definition: io.micronaut.runtime.context.env.ConfigurationIntroductionAdvice
    22:57:44.959 [Test worker] DEBUG io.micronaut.context.DefaultBeanContext --   class io.micronaut.websocket.interceptor.ClientWebSocketInterceptor null Definition: io.micronaut.websocket.interceptor.ClientWebSocketInterceptor
    22:57:44.959 [Test worker] DEBUG io.micronaut.context.DefaultBeanContext --   class io.micronaut.validation.ValidatingInterceptor null Definition: io.micronaut.validation.ValidatingInterceptor
    22:57:44.959 [Test worker] DEBUG io.micronaut.context.DefaultBeanContext --   class io.micronaut.retry.intercept.DefaultRetryInterceptor null Definition: io.micronaut.retry.intercept.DefaultRetryInterceptor
    22:57:44.959 [Test worker] DEBUG io.micronaut.context.DefaultBeanContext --   class io.micronaut.retry.intercept.RecoveryInterceptor null Definition: io.micronaut.retry.intercept.RecoveryInterceptor
    22:57:44.959 [Test worker] DEBUG io.micronaut.context.DefaultBeanContext --   class io.micronaut.scheduling.async.AsyncInterceptor null Definition: io.micronaut.scheduling.async.AsyncInterceptor
    22:57:44.959 [Test worker] DEBUG io.micronaut.context.DefaultBeanContext --   class io.micronaut.transaction.interceptor.TransactionalEventInterceptor null Definition: io.micronaut.transaction.interceptor.TransactionalEventInterceptor
    22:57:44.959 [Test worker] DEBUG io.micronaut.context.DefaultBeanContext --   class io.micronaut.configuration.hibernate.jpa.proxy.IntroducedHibernateProxyAdvice null Definition: io.micronaut.configuration.hibernate.jpa.proxy.IntroducedHibernateProxyAdvice
    22:57:44.959 [Test worker] DEBUG io.micronaut.context.DefaultBeanContext --   class io.micronaut.runtime.beans.MapperIntroduction null Definition: io.micronaut.runtime.beans.MapperIntroduction
    22:57:44.960 [Test worker] DEBUG io.micronaut.context.DefaultBeanContext -- Finding candidate beans for type: InterceptorRegistry
    22:57:44.961 [Test worker] DEBUG io.micronaut.context.DefaultBeanContext --   interface io.micronaut.aop.InterceptorRegistry null io.micronaut.aop.internal.InterceptorRegistryBean@308a6984
    22:57:44.961 [Test worker] DEBUG io.micronaut.context.DefaultBeanContext -- Found concrete candidate [io.micronaut.aop.internal.InterceptorRegistryBean@308a6984] for type: interceptorRegistry 
    22:57:44.962 [Test worker] DEBUG io.micronaut.context.DefaultBeanContext -- Finding candidate beans for type: NettyServiceDiscovery
    22:57:44.963 [Test worker] DEBUG io.micronaut.context.DefaultBeanContext --   class io.micronaut.http.server.netty.discovery.NettyServiceDiscovery null Definition: io.micronaut.http.server.netty.discovery.NettyServiceDiscovery
    22:57:44.963 [Test worker] DEBUG io.micronaut.context.DefaultBeanContext -- Found concrete candidate [Definition: io.micronaut.http.server.netty.discovery.NettyServiceDiscovery] for type: nettyServiceDiscovery 
    22:57:44.964 [Test worker] DEBUG io.micronaut.context.lifecycle -- Created bean [io.micronaut.http.server.netty.discovery.NettyServiceDiscovery$ApplicationEventListener$onStart1$Intercepted@aca594d] from definition [Definition: io.micronaut.http.server.netty.discovery.NettyServiceDiscovery$ApplicationEventListener$onStart1$Intercepted] with qualifier [null]
    22:57:44.964 [Test worker] DEBUG io.micronaut.context.DefaultBeanContext -- Found a registration BeanRegistration: io.micronaut.http.server.netty.discovery.NettyServiceDiscovery$ApplicationEventListener$onStart1$Intercepted@aca594d for candidate: Definition: io.micronaut.http.server.netty.discovery.NettyServiceDiscovery$ApplicationEventListener$onStart1$Intercepted with qualifier: <ServerStartupEvent>
    22:57:44.964 [Test worker] DEBUG io.micronaut.context.DefaultBeanContext -- Resolving beans for type: @InterceptorBinding(NONE) io.micronaut.aop.Interceptor 
    22:57:44.964 [Test worker] DEBUG io.micronaut.context.DefaultBeanContext -- Finding candidate beans for type: ServiceReadyHealthIndicator
    22:57:44.966 [Test worker] DEBUG io.micronaut.context.DefaultBeanContext --   class io.micronaut.management.health.indicator.service.ServiceReadyHealthIndicator @Readiness Definition: io.micronaut.management.health.indicator.service.ServiceReadyHealthIndicator
    22:57:44.966 [Test worker] DEBUG io.micronaut.context.DefaultBeanContext -- Found concrete candidate [Definition: io.micronaut.management.health.indicator.service.ServiceReadyHealthIndicator] for type: serviceReadyHealthIndicator 
    22:57:44.966 [Test worker] DEBUG io.micronaut.context.lifecycle -- Created bean [io.micronaut.management.health.indicator.service.ServiceReadyHealthIndicator$ApplicationEventListener$onServerStarted2$Intercepted@558575fe] from definition [Definition: io.micronaut.management.health.indicator.service.ServiceReadyHealthIndicator$ApplicationEventListener$onServerStarted2$Intercepted] with qualifier [null]
    22:57:44.966 [Test worker] DEBUG io.micronaut.context.DefaultBeanContext -- Found a registration BeanRegistration: io.micronaut.management.health.indicator.service.ServiceReadyHealthIndicator$ApplicationEventListener$onServerStarted2$Intercepted@558575fe for candidate: Definition: io.micronaut.management.health.indicator.service.ServiceReadyHealthIndicator$ApplicationEventListener$onServerStarted2$Intercepted with qualifier: <ServerStartupEvent>
    22:57:44.966 [Test worker] DEBUG io.micronaut.context.lifecycle -- Created bean [io.micronaut.management.health.indicator.service.ServiceReadyHealthIndicator@7fa8fff] from definition [Definition: io.micronaut.management.health.indicator.service.ServiceReadyHealthIndicator] with qualifier [@Readiness]
    22:57:44.966 [Test worker] DEBUG io.micronaut.context.DefaultBeanContext -- Finding candidate beans for type: ApplicationEventPublisher serviceReadyEventApplicationEventPublisher
    22:57:44.966 [Test worker] DEBUG io.micronaut.context.DefaultBeanContext --   interface io.micronaut.context.event.ApplicationEventPublisher null io.micronaut.context.event.ApplicationEventPublisherFactory@526c3eb8
    22:57:44.966 [Test worker] DEBUG io.micronaut.context.DefaultBeanContext -- Found concrete candidate [io.micronaut.context.event.ApplicationEventPublisherFactory@526c3eb8] for type: serviceReadyEventApplicationEventPublisher 
    22:57:44.966 [Test worker] DEBUG io.micronaut.context.lifecycle -- Created bean [io.micronaut.context.event.ApplicationEventPublisherFactory$2@2175d53f] from definition [io.micronaut.context.event.ApplicationEventPublisherFactory@526c3eb8] with qualifier [null]
    22:57:44.966 [Test worker] DEBUG io.micronaut.context.DefaultBeanContext -- Finding candidate beans for type: ApplicationEventPublisher serviceStoppedEventApplicationEventPublisher
    22:57:44.966 [Test worker] DEBUG io.micronaut.context.DefaultBeanContext --   interface io.micronaut.context.event.ApplicationEventPublisher null io.micronaut.context.event.ApplicationEventPublisherFactory@526c3eb8
    22:57:44.966 [Test worker] DEBUG io.micronaut.context.DefaultBeanContext -- Found concrete candidate [io.micronaut.context.event.ApplicationEventPublisherFactory@526c3eb8] for type: serviceStoppedEventApplicationEventPublisher 
    22:57:44.966 [Test worker] DEBUG io.micronaut.context.lifecycle -- Created bean [io.micronaut.context.event.ApplicationEventPublisherFactory$2@7a78d2aa] from definition [io.micronaut.context.event.ApplicationEventPublisherFactory@526c3eb8] with qualifier [null]
    22:57:44.966 [Test worker] DEBUG io.micronaut.context.lifecycle -- Created bean [io.micronaut.http.server.netty.discovery.NettyServiceDiscovery@254d8ef6] from definition [Definition: io.micronaut.http.server.netty.discovery.NettyServiceDiscovery] with qualifier [null]
    22:57:44.967 [Test worker] DEBUG io.micronaut.context.DefaultBeanContext -- Finding candidate beans for type: NettyEmbeddedServerInstance
    22:57:44.967 [Test worker] DEBUG io.micronaut.context.DefaultBeanContext --   class io.micronaut.http.server.netty.discovery.NettyEmbeddedServerInstance null Definition: io.micronaut.http.server.netty.discovery.NettyEmbeddedServerInstance
    22:57:44.967 [Test worker] DEBUG io.micronaut.context.DefaultBeanContext -- Found concrete candidate [Definition: io.micronaut.http.server.netty.discovery.NettyEmbeddedServerInstance] for type: nettyEmbeddedServerInstance 
    22:57:44.968 [Test worker] DEBUG io.micronaut.context.DefaultBeanContext -- Finding candidate beans for type: Environment environment
    22:57:44.968 [Test worker] DEBUG io.micronaut.context.DefaultBeanContext --   class io.micronaut.context.env.DefaultEnvironment @Primary io.micronaut.context.DefaultRuntimeBeanDefinition@3ac04654
    22:57:44.968 [Test worker] DEBUG io.micronaut.context.DefaultBeanContext -- Found concrete candidate [io.micronaut.context.DefaultRuntimeBeanDefinition@3ac04654] for type: environment 
    22:57:44.968 [Test worker] DEBUG io.micronaut.context.DefaultBeanContext -- Resolving beans for type: io.micronaut.discovery.metadata.ServiceInstanceMetadataContributor
    22:57:44.968 [Test worker] DEBUG io.micronaut.context.DefaultBeanContext -- Finding candidate beans for type: ServiceInstanceMetadataContributor E
    22:57:44.968 [Test worker] DEBUG io.micronaut.context.DefaultBeanContext -- No bean candidates found for type: ServiceInstanceMetadataContributor E
    22:57:44.968 [Test worker] DEBUG io.micronaut.context.lifecycle -- Created bean [io.micronaut.http.server.netty.discovery.NettyEmbeddedServerInstance@180e33b0] from definition [Definition: io.micronaut.http.server.netty.discovery.NettyEmbeddedServerInstance] with qualifier [null]
    22:57:44.968 [Test worker] DEBUG io.micronaut.context.event.ApplicationEventPublisher -- Publishing event: io.micronaut.discovery.event.ServiceReadyEvent[source=io.micronaut.http.server.netty.discovery.NettyEmbeddedServerInstance@180e33b0]
    22:57:44.968 [Test worker] DEBUG io.micronaut.context.DefaultBeanContext -- Resolving beans for type: <ServiceReadyEvent> io.micronaut.context.event.ApplicationEventListener 
    22:57:44.968 [Test worker] DEBUG io.micronaut.context.DefaultBeanContext -- Resolving beans for type: @InterceptorBinding(NONE) io.micronaut.aop.Interceptor 
    22:57:44.968 [Test worker] DEBUG io.micronaut.context.lifecycle -- Created bean [io.micronaut.management.health.indicator.service.ServiceReadyHealthIndicator$ApplicationEventListener$onServiceStarted1$Intercepted@78f35e39] from definition [Definition: io.micronaut.management.health.indicator.service.ServiceReadyHealthIndicator$ApplicationEventListener$onServiceStarted1$Intercepted] with qualifier [null]
    22:57:44.969 [Test worker] DEBUG io.micronaut.context.DefaultBeanContext -- Found a registration BeanRegistration: io.micronaut.management.health.indicator.service.ServiceReadyHealthIndicator$ApplicationEventListener$onServiceStarted1$Intercepted@78f35e39 for candidate: Definition: io.micronaut.management.health.indicator.service.ServiceReadyHealthIndicator$ApplicationEventListener$onServiceStarted1$Intercepted with qualifier: <ServiceReadyEvent>
    22:57:44.969 [Test worker] DEBUG io.micronaut.context.DefaultBeanContext -- Finding candidate beans for type: RefreshScope
    22:57:44.969 [Test worker] DEBUG io.micronaut.context.DefaultBeanContext --   class io.micronaut.runtime.context.scope.refresh.RefreshScope null Definition: io.micronaut.runtime.context.scope.refresh.RefreshScope
    22:57:44.969 [Test worker] DEBUG io.micronaut.context.DefaultBeanContext -- Found concrete candidate [Definition: io.micronaut.runtime.context.scope.refresh.RefreshScope] for type: refreshScope 
    22:57:44.969 [Test worker] DEBUG io.micronaut.context.lifecycle -- Created bean [io.micronaut.runtime.context.scope.refresh.RefreshScope@69fe8c75] from definition [Definition: io.micronaut.runtime.context.scope.refresh.RefreshScope] with qualifier [null]
    22:57:44.970 [Test worker] DEBUG io.micronaut.context.DefaultBeanContext -- Finding candidate beans for type: ResourceLoader
    22:57:44.970 [Test worker] DEBUG io.micronaut.context.DefaultBeanContext --   interface io.micronaut.core.io.scan.ClassPathResourceLoader null Definition: io.micronaut.http.resource.ResourceLoaderFactory
    22:57:44.970 [Test worker] DEBUG io.micronaut.context.DefaultBeanContext --   class io.micronaut.context.env.DefaultEnvironment @Primary io.micronaut.context.DefaultRuntimeBeanDefinition@3ac04654
    22:57:44.970 [Test worker] DEBUG io.micronaut.context.DefaultBeanContext --   interface io.micronaut.core.io.file.FileSystemResourceLoader null Definition: io.micronaut.http.resource.ResourceLoaderFactory
    22:57:44.970 [Test worker] DEBUG io.micronaut.context.DefaultBeanContext -- Finding candidate beans for type: ResourceLoader
    22:57:44.970 [Test worker] DEBUG io.micronaut.context.DefaultBeanContext --   interface io.micronaut.core.io.scan.ClassPathResourceLoader null Definition: io.micronaut.http.resource.ResourceLoaderFactory
    22:57:44.970 [Test worker] DEBUG io.micronaut.context.DefaultBeanContext --   class io.micronaut.context.env.DefaultEnvironment @Primary io.micronaut.context.DefaultRuntimeBeanDefinition@3ac04654
    22:57:44.970 [Test worker] DEBUG io.micronaut.context.DefaultBeanContext --   interface io.micronaut.core.io.file.FileSystemResourceLoader null Definition: io.micronaut.http.resource.ResourceLoaderFactory
    22:57:44.970 [Test worker] DEBUG io.micronaut.context.DefaultBeanContext -- Searching for @Primary for type [resourceLoader] from candidates: [Definition: io.micronaut.http.resource.ResourceLoaderFactory, io.micronaut.context.DefaultRuntimeBeanDefinition@3ac04654, Definition: io.micronaut.http.resource.ResourceLoaderFactory] 
    22:57:44.970 [Test worker] DEBUG io.micronaut.context.DefaultBeanContext -- Found concrete candidate [io.micronaut.context.DefaultRuntimeBeanDefinition@3ac04654] for type: resourceLoader 
    22:57:44.975 [Test worker] DEBUG io.micronaut.context.DefaultBeanContext -- Finding candidate beans for type: TaskControllerTest
    22:57:44.975 [Test worker] DEBUG io.micronaut.context.DefaultBeanContext --   class com.taskflow.controller.TaskControllerTest null Definition: com.taskflow.controller.TaskControllerTest

TaskControllerTest > listTasks should return all tasks() STANDARD_OUT
    22:57:44.977 [Test worker] DEBUG io.micronaut.context.DefaultBeanContext -- Finding candidate beans for instance: com.taskflow.controller.TaskControllerTest@9fd3b61
    22:57:44.978 [Test worker] DEBUG io.micronaut.context.DefaultBeanContext -- Resolved bean candidates [Definition: com.taskflow.controller.TaskControllerTest] for instance: com.taskflow.controller.TaskControllerTest@9fd3b61
    22:57:44.978 [Test worker] DEBUG io.micronaut.context.DefaultBeanContext -- Finding candidate beans for type: HttpClient client
    22:57:44.979 [Test worker] DEBUG io.micronaut.context.DefaultBeanContext --   class io.micronaut.http.client.netty.DefaultHttpClient null Definition: io.micronaut.http.client.netty.DefaultNettyHttpClientRegistry
    22:57:44.979 [Test worker] DEBUG io.micronaut.context.DefaultBeanContext -- Found concrete candidate [Definition: io.micronaut.http.client.netty.DefaultNettyHttpClientRegistry] for type: client 
    22:57:44.980 [Test worker] DEBUG io.micronaut.context.DefaultBeanContext -- Finding candidate beans for type: CustomScope
    22:57:44.980 [Test worker] DEBUG io.micronaut.context.DefaultBeanContext --   class io.micronaut.runtime.http.scope.RequestCustomScope null Definition: io.micronaut.runtime.http.scope.RequestCustomScope
    22:57:44.980 [Test worker] DEBUG io.micronaut.context.DefaultBeanContext --   class io.micronaut.runtime.context.scope.ThreadLocalCustomScope null Definition: io.micronaut.runtime.context.scope.ThreadLocalCustomScope
    22:57:44.980 [Test worker] DEBUG io.micronaut.context.DefaultBeanContext --   class io.micronaut.runtime.context.scope.refresh.RefreshScope null Definition: io.micronaut.runtime.context.scope.refresh.RefreshScope
    22:57:44.980 [Test worker] DEBUG io.micronaut.context.DefaultBeanContext -- Qualifying bean [customScope] for qualifier: <jakarta.inject.Singleton> 
    22:57:44.980 [Test worker] DEBUG io.micronaut.context.DefaultBeanContext -- No qualifying beans of type [customScope] found for qualifier: <jakarta.inject.Singleton> 
    22:57:44.980 [Test worker] DEBUG io.micronaut.context.DefaultBeanContext -- Finding candidate beans for type: DefaultNettyHttpClientRegistry
    22:57:44.981 [Test worker] DEBUG io.micronaut.context.DefaultBeanContext --   class io.micronaut.http.client.netty.DefaultNettyHttpClientRegistry null Definition: io.micronaut.http.client.netty.DefaultNettyHttpClientRegistry
    22:57:44.981 [Test worker] DEBUG io.micronaut.context.DefaultBeanContext -- Found concrete candidate [Definition: io.micronaut.http.client.netty.DefaultNettyHttpClientRegistry] for type: defaultNettyHttpClientRegistry 
    22:57:44.981 [Test worker] DEBUG io.micronaut.context.DefaultBeanContext -- Finding candidate beans for type: HttpClientConfiguration defaultHttpClientConfiguration
    22:57:44.982 [Test worker] DEBUG io.micronaut.context.DefaultBeanContext --   class io.micronaut.http.client.DefaultHttpClientConfiguration null Definition: io.micronaut.http.client.DefaultHttpClientConfiguration
    22:57:44.982 [Test worker] DEBUG io.micronaut.context.DefaultBeanContext -- Found concrete candidate [Definition: io.micronaut.http.client.DefaultHttpClientConfiguration] for type: defaultHttpClientConfiguration 
    22:57:44.982 [Test worker] DEBUG io.micronaut.context.DefaultBeanContext -- Finding candidate beans for type: DefaultConnectionPoolConfiguration connectionPoolConfiguration
    22:57:44.983 [Test worker] DEBUG io.micronaut.context.DefaultBeanContext --   class io.micronaut.http.client.DefaultHttpClientConfiguration$DefaultConnectionPoolConfiguration null Definition: io.micronaut.http.client.DefaultHttpClientConfiguration$DefaultConnectionPoolConfiguration
    22:57:44.983 [Test worker] DEBUG io.micronaut.context.DefaultBeanContext -- Found concrete candidate [Definition: io.micronaut.http.client.DefaultHttpClientConfiguration$DefaultConnectionPoolConfiguration] for type: connectionPoolConfiguration 
    22:57:44.983 [Test worker] DEBUG io.micronaut.context.lifecycle -- Created bean [io.micronaut.http.client.DefaultHttpClientConfiguration$DefaultConnectionPoolConfiguration@443b6765] from definition [Definition: io.micronaut.http.client.DefaultHttpClientConfiguration$DefaultConnectionPoolConfiguration] with qualifier [null]
    22:57:44.983 [Test worker] DEBUG io.micronaut.context.DefaultBeanContext -- Finding candidate beans for type: ClientSslConfiguration sslConfiguration
    22:57:44.984 [Test worker] DEBUG io.micronaut.context.DefaultBeanContext --   class io.micronaut.http.ssl.ClientSslConfiguration null Definition: io.micronaut.http.ssl.ClientSslConfiguration
    22:57:44.984 [Test worker] DEBUG io.micronaut.context.DefaultBeanContext -- Found concrete candidate [Definition: io.micronaut.http.ssl.ClientSslConfiguration] for type: sslConfiguration 
    22:57:44.984 [Test worker] DEBUG io.micronaut.context.DefaultBeanContext -- Finding candidate beans for type: DefaultSslConfiguration defaultSslConfiguration
    22:57:44.985 [Test worker] DEBUG io.micronaut.context.DefaultBeanContext --   class io.micronaut.http.ssl.DefaultSslConfiguration null Definition: io.micronaut.http.ssl.DefaultSslConfiguration
    22:57:44.985 [Test worker] DEBUG io.micronaut.context.DefaultBeanContext -- Found concrete candidate [Definition: io.micronaut.http.ssl.DefaultSslConfiguration] for type: defaultSslConfiguration 
    22:57:44.985 [Test worker] DEBUG io.micronaut.context.lifecycle -- Created bean [io.micronaut.http.ssl.DefaultSslConfiguration@796613b7] from definition [Definition: io.micronaut.http.ssl.DefaultSslConfiguration] with qualifier [null]
    22:57:44.985 [Test worker] DEBUG io.micronaut.context.DefaultBeanContext -- Finding candidate beans for type: DefaultKeyConfiguration defaultKeyConfiguration
    22:57:44.986 [Test worker] DEBUG io.micronaut.context.DefaultBeanContext --   class io.micronaut.http.ssl.DefaultSslConfiguration$DefaultKeyConfiguration null Definition: io.micronaut.http.ssl.DefaultSslConfiguration$DefaultKeyConfiguration
    22:57:44.986 [Test worker] DEBUG io.micronaut.context.DefaultBeanContext -- Found concrete candidate [Definition: io.micronaut.http.ssl.DefaultSslConfiguration$DefaultKeyConfiguration] for type: defaultKeyConfiguration 
    22:57:44.986 [Test worker] DEBUG io.micronaut.context.lifecycle -- Created bean [io.micronaut.http.ssl.DefaultSslConfiguration$DefaultKeyConfiguration@44df834c] from definition [Definition: io.micronaut.http.ssl.DefaultSslConfiguration$DefaultKeyConfiguration] with qualifier [null]
    22:57:44.986 [Test worker] DEBUG io.micronaut.context.DefaultBeanContext -- Finding candidate beans for type: DefaultKeyStoreConfiguration defaultKeyStoreConfiguration
    22:57:44.986 [Test worker] DEBUG io.micronaut.context.DefaultBeanContext --   class io.micronaut.http.ssl.DefaultSslConfiguration$DefaultKeyStoreConfiguration null Definition: io.micronaut.http.ssl.DefaultSslConfiguration$DefaultKeyStoreConfiguration
    22:57:44.986 [Test worker] DEBUG io.micronaut.context.DefaultBeanContext -- Found concrete candidate [Definition: io.micronaut.http.ssl.DefaultSslConfiguration$DefaultKeyStoreConfiguration] for type: defaultKeyStoreConfiguration 
    22:57:44.986 [Test worker] DEBUG io.micronaut.context.lifecycle -- Created bean [io.micronaut.http.ssl.DefaultSslConfiguration$DefaultKeyStoreConfiguration@7df23848] from definition [Definition: io.micronaut.http.ssl.DefaultSslConfiguration$DefaultKeyStoreConfiguration] with qualifier [null]
    22:57:44.986 [Test worker] DEBUG io.micronaut.context.DefaultBeanContext -- Finding candidate beans for type: TrustStoreConfiguration defaultTrustStoreConfiguration
    22:57:44.987 [Test worker] DEBUG io.micronaut.context.DefaultBeanContext -- Finding candidate beans for type: ServiceSslClientConfiguration
    22:57:44.987 [Test worker] DEBUG io.micronaut.context.DefaultBeanContext -- Finding candidate beans for type: ServiceHttpClientConfiguration
    22:57:44.987 [Test worker] DEBUG io.micronaut.context.DefaultBeanContext -- No bean candidates found for type: ServiceHttpClientConfiguration
    22:57:44.987 [Test worker] DEBUG io.micronaut.context.DefaultBeanContext -- No bean candidates found for type: ServiceSslClientConfiguration
    22:57:44.987 [Test worker] DEBUG io.micronaut.context.DefaultBeanContext --   class io.micronaut.http.ssl.DefaultSslConfiguration$DefaultTrustStoreConfiguration null Definition: io.micronaut.http.ssl.DefaultSslConfiguration$DefaultTrustStoreConfiguration
    22:57:44.987 [Test worker] DEBUG io.micronaut.context.DefaultBeanContext -- Found concrete candidate [Definition: io.micronaut.http.ssl.DefaultSslConfiguration$DefaultTrustStoreConfiguration] for type: defaultTrustStoreConfiguration 
    22:57:44.988 [Test worker] DEBUG io.micronaut.context.lifecycle -- Created bean [io.micronaut.http.ssl.DefaultSslConfiguration$DefaultTrustStoreConfiguration@4d1b4fa1] from definition [Definition: io.micronaut.http.ssl.DefaultSslConfiguration$DefaultTrustStoreConfiguration] with qualifier [null]
    22:57:44.988 [Test worker] DEBUG io.micronaut.context.DefaultBeanContext -- Finding candidate beans for type: DefaultKeyConfiguration keyConfiguration
    22:57:44.989 [Test worker] DEBUG io.micronaut.context.DefaultBeanContext -- No bean candidates found for type: DefaultKeyConfiguration keyConfiguration
    22:57:44.989 [Test worker] DEBUG io.micronaut.context.DefaultBeanContext -- Finding candidate beans for type: DefaultKeyStoreConfiguration keyStoreConfiguration
    22:57:44.989 [Test worker] DEBUG io.micronaut.context.DefaultBeanContext -- No bean candidates found for type: DefaultKeyStoreConfiguration keyStoreConfiguration
    22:57:44.989 [Test worker] DEBUG io.micronaut.context.DefaultBeanContext -- Finding candidate beans for type: DefaultTrustStoreConfiguration trustStore
    22:57:44.989 [Test worker] DEBUG io.micronaut.context.DefaultBeanContext -- No bean candidates found for type: DefaultTrustStoreConfiguration trustStore
    22:57:44.989 [Test worker] DEBUG io.micronaut.context.lifecycle -- Created bean [io.micronaut.http.ssl.ClientSslConfiguration@68feca3a] from definition [Definition: io.micronaut.http.ssl.ClientSslConfiguration] with qualifier [null]
    22:57:44.989 [Test worker] DEBUG io.micronaut.context.lifecycle -- Created bean [io.micronaut.http.client.DefaultHttpClientConfiguration@ad585fb] from definition [Definition: io.micronaut.http.client.DefaultHttpClientConfiguration] with qualifier [null]
    22:57:44.989 [Test worker] DEBUG io.micronaut.context.DefaultBeanContext -- Finding candidate beans for type: HttpClientFilterResolver httpClientFilterResolver
    22:57:44.989 [Test worker] DEBUG io.micronaut.context.DefaultBeanContext --   class io.micronaut.http.client.filter.DefaultHttpClientFilterResolver null Definition: io.micronaut.http.client.filter.DefaultHttpClientFilterResolver
    22:57:44.989 [Test worker] DEBUG io.micronaut.context.DefaultBeanContext -- Found concrete candidate [Definition: io.micronaut.http.client.filter.DefaultHttpClientFilterResolver] for type: httpClientFilterResolver 
    22:57:44.989 [Test worker] DEBUG io.micronaut.context.DefaultBeanContext -- Resolving beans for type: io.micronaut.http.filter.HttpClientFilter
    22:57:44.989 [Test worker] DEBUG io.micronaut.context.DefaultBeanContext -- Finding candidate beans for type: HttpClientFilter E
    22:57:44.989 [Test worker] DEBUG io.micronaut.context.DefaultBeanContext -- No bean candidates found for type: HttpClientFilter E
    22:57:44.989 [Test worker] DEBUG io.micronaut.context.DefaultBeanContext -- Finding candidate beans for type: RequestBinderRegistry
    22:57:44.990 [Test worker] DEBUG io.micronaut.context.DefaultBeanContext --   class io.micronaut.http.server.netty.binders.NettyServerRequestBinderRegistry null Definition: io.micronaut.http.server.netty.binders.NettyServerRequestBinderRegistry
    22:57:44.990 [Test worker] DEBUG io.micronaut.context.DefaultBeanContext --   class io.micronaut.http.bind.DefaultRequestBinderRegistry null Definition: io.micronaut.http.bind.DefaultRequestBinderRegistry
    22:57:44.990 [Test worker] DEBUG io.micronaut.context.DefaultBeanContext -- Searching for @Primary for type [requestBinderRegistry] from candidates: [Definition: io.micronaut.http.server.netty.binders.NettyServerRequestBinderRegistry, Definition: io.micronaut.http.bind.DefaultRequestBinderRegistry] 
    22:57:44.990 [Test worker] DEBUG io.micronaut.context.DefaultBeanContext -- Picked bean Definition: io.micronaut.http.bind.DefaultRequestBinderRegistry with the highest precedence for type RequestBinderRegistry and qualifier null
    22:57:44.990 [Test worker] DEBUG io.micronaut.context.DefaultBeanContext -- Found concrete candidate [Definition: io.micronaut.http.bind.DefaultRequestBinderRegistry] for type: requestBinderRegistry 
    22:57:44.990 [Test worker] DEBUG io.micronaut.context.DefaultBeanContext -- Finding candidate beans for qualifier: @ClientFilter
    22:57:44.991 [Test worker] DEBUG io.micronaut.context.lifecycle -- Created bean [io.micronaut.http.client.filter.DefaultHttpClientFilterResolver@75df4b1d] from definition [Definition: io.micronaut.http.client.filter.DefaultHttpClientFilterResolver] with qualifier [null]
    22:57:44.991 [Test worker] DEBUG io.micronaut.context.DefaultBeanContext -- Finding candidate beans for type: LoadBalancerResolver loadBalancerResolver
    22:57:44.991 [Test worker] DEBUG io.micronaut.context.DefaultBeanContext --   class io.micronaut.http.client.DefaultLoadBalancerResolver null Definition: io.micronaut.http.client.DefaultLoadBalancerResolver
    22:57:44.991 [Test worker] DEBUG io.micronaut.context.DefaultBeanContext -- Found concrete candidate [Definition: io.micronaut.http.client.DefaultLoadBalancerResolver] for type: loadBalancerResolver 
    22:57:44.992 [Test worker] DEBUG io.micronaut.context.DefaultBeanContext -- Resolving beans for type: io.micronaut.discovery.ServiceInstanceList
    22:57:44.992 [Test worker] DEBUG io.micronaut.context.DefaultBeanContext -- Finding candidate beans for type: ServiceInstanceList E
    22:57:44.992 [Test worker] DEBUG io.micronaut.context.DefaultBeanContext -- Finding candidate beans for type: ServiceHttpClientConfiguration
    22:57:44.992 [Test worker] DEBUG io.micronaut.context.DefaultBeanContext -- No bean candidates found for type: ServiceHttpClientConfiguration
    22:57:44.992 [Test worker] DEBUG io.micronaut.context.DefaultBeanContext -- No bean candidates found for type: ServiceInstanceList E
    22:57:44.992 [Test worker] DEBUG io.micronaut.context.lifecycle -- Created bean [io.micronaut.http.client.DefaultLoadBalancerResolver@67372d20] from definition [Definition: io.micronaut.http.client.DefaultLoadBalancerResolver] with qualifier [null]
    22:57:44.992 [Test worker] DEBUG io.micronaut.context.DefaultBeanContext -- Finding candidate beans for type: ClientSslBuilder nettyClientSslBuilder
    22:57:44.993 [Test worker] DEBUG io.micronaut.context.DefaultBeanContext --   class io.micronaut.http.client.netty.ssl.NettyClientSslBuilder @Secondary Definition: io.micronaut.http.client.netty.ssl.NettyClientSslBuilder
    22:57:44.993 [Test worker] DEBUG io.micronaut.context.DefaultBeanContext -- Found concrete candidate [Definition: io.micronaut.http.client.netty.ssl.NettyClientSslBuilder] for type: nettyClientSslBuilder 
    22:57:44.993 [Test worker] DEBUG io.micronaut.context.DefaultBeanContext -- Finding candidate beans for type: ResourceResolver resourceResolver
    22:57:44.994 [Test worker] DEBUG io.micronaut.context.DefaultBeanContext --   class io.micronaut.core.io.ResourceResolver null Definition: io.micronaut.http.resource.ResourceLoaderFactory
    22:57:44.994 [Test worker] DEBUG io.micronaut.context.DefaultBeanContext -- Found concrete candidate [Definition: io.micronaut.http.resource.ResourceLoaderFactory] for type: resourceResolver 
    22:57:44.994 [Test worker] DEBUG io.micronaut.context.DefaultBeanContext -- Finding candidate beans for type: ResourceLoaderFactory
    22:57:44.994 [Test worker] DEBUG io.micronaut.context.DefaultBeanContext --   class io.micronaut.http.resource.ResourceLoaderFactory null Definition: io.micronaut.http.resource.ResourceLoaderFactory
    22:57:44.994 [Test worker] DEBUG io.micronaut.context.DefaultBeanContext -- Found concrete candidate [Definition: io.micronaut.http.resource.ResourceLoaderFactory] for type: resourceLoaderFactory 
    22:57:44.994 [Test worker] DEBUG io.micronaut.context.lifecycle -- Created bean [io.micronaut.http.resource.ResourceLoaderFactory@8dc3019] from definition [Definition: io.micronaut.http.resource.ResourceLoaderFactory] with qualifier [null]
    22:57:44.994 [Test worker] DEBUG io.micronaut.context.DefaultBeanContext -- Resolving beans for type: io.micronaut.core.io.ResourceLoader
    22:57:44.994 [Test worker] DEBUG io.micronaut.context.DefaultBeanContext -- Finding candidate beans for type: ResourceLoader E
    22:57:44.994 [Test worker] DEBUG io.micronaut.context.DefaultBeanContext --   interface io.micronaut.core.io.scan.ClassPathResourceLoader null Definition: io.micronaut.http.resource.ResourceLoaderFactory
    22:57:44.994 [Test worker] DEBUG io.micronaut.context.DefaultBeanContext --   class io.micronaut.context.env.DefaultEnvironment @Primary io.micronaut.context.DefaultRuntimeBeanDefinition@3ac04654
    22:57:44.994 [Test worker] DEBUG io.micronaut.context.DefaultBeanContext --   interface io.micronaut.core.io.file.FileSystemResourceLoader null Definition: io.micronaut.http.resource.ResourceLoaderFactory
    22:57:44.995 [Test worker] DEBUG io.micronaut.context.lifecycle -- Created bean [io.micronaut.core.io.scan.DefaultClassPathResourceLoader@34ab398b] from definition [Definition: io.micronaut.http.resource.ResourceLoaderFactory] with qualifier [null]
    22:57:44.995 [Test worker] DEBUG io.micronaut.context.DefaultBeanContext -- Found a registration BeanRegistration: io.micronaut.core.io.scan.DefaultClassPathResourceLoader@34ab398b for candidate: Definition: io.micronaut.http.resource.ResourceLoaderFactory with qualifier: null
    22:57:44.995 [Test worker] DEBUG io.micronaut.context.DefaultBeanContext -- Found a registration BeanRegistration: io.micronaut.context.DefaultApplicationContext$RuntimeConfiguredEnvironment@f0e995e for candidate: io.micronaut.context.DefaultRuntimeBeanDefinition@3ac04654 with qualifier: null
    22:57:44.995 [Test worker] DEBUG io.micronaut.context.lifecycle -- Created bean [io.micronaut.core.io.file.DefaultFileSystemResourceLoader@7e615c6a] from definition [Definition: io.micronaut.http.resource.ResourceLoaderFactory] with qualifier [null]
    22:57:44.995 [Test worker] DEBUG io.micronaut.context.DefaultBeanContext -- Found a registration BeanRegistration: io.micronaut.core.io.file.DefaultFileSystemResourceLoader@7e615c6a for candidate: Definition: io.micronaut.http.resource.ResourceLoaderFactory with qualifier: null
    22:57:44.995 [Test worker] DEBUG io.micronaut.context.lifecycle -- Created bean [io.micronaut.core.io.ResourceResolver@3662c887] from definition [Definition: io.micronaut.http.resource.ResourceLoaderFactory] with qualifier [null]
    22:57:44.996 [Test worker] DEBUG io.micronaut.context.lifecycle -- Created bean [io.micronaut.http.client.netty.ssl.NettyClientSslBuilder@23119bc3] from definition [Definition: io.micronaut.http.client.netty.ssl.NettyClientSslBuilder] with qualifier [@Secondary]
    22:57:44.996 [Test worker] DEBUG io.micronaut.context.DefaultBeanContext -- Finding candidate beans for type: ThreadFactory threadFactory
    22:57:44.996 [Test worker] DEBUG io.micronaut.context.DefaultBeanContext -- Finding candidate beans for type: ExecutorConfiguration
    22:57:44.996 [Test worker] DEBUG io.micronaut.context.DefaultBeanContext --   interface io.micronaut.scheduling.executor.ExecutorConfiguration @Named('virtual') Definition: io.micronaut.scheduling.executor.IOExecutorServiceConfig
    22:57:44.996 [Test worker] DEBUG io.micronaut.context.DefaultBeanContext --   interface io.micronaut.scheduling.executor.ExecutorConfiguration @Named('scheduled') Definition: io.micronaut.scheduling.executor.ScheduledExecutorServiceConfig
    22:57:44.996 [Test worker] DEBUG io.micronaut.context.DefaultBeanContext --   interface io.micronaut.scheduling.executor.ExecutorConfiguration @Named('io') Definition: io.micronaut.scheduling.executor.IOExecutorServiceConfig
    22:57:44.996 [Test worker] DEBUG io.micronaut.context.DefaultBeanContext --   interface java.util.concurrent.ThreadFactory @Named('netty') Definition: io.micronaut.http.netty.channel.NettyThreadFactory
    22:57:44.996 [Test worker] DEBUG io.micronaut.context.DefaultBeanContext --   interface java.util.concurrent.ThreadFactory @Named('virtual') Definition: io.micronaut.scheduling.executor.ExecutorFactory
    22:57:44.996 [Test worker] DEBUG io.micronaut.context.DefaultBeanContext --   interface java.util.concurrent.ThreadFactory @Named('scheduled') Definition: io.micronaut.scheduling.executor.ExecutorFactory
    22:57:44.996 [Test worker] DEBUG io.micronaut.context.DefaultBeanContext --   interface java.util.concurrent.ThreadFactory @Named('io') Definition: io.micronaut.scheduling.executor.ExecutorFactory
    22:57:44.996 [Test worker] DEBUG io.micronaut.context.DefaultBeanContext --   interface java.util.concurrent.ThreadFactory null Definition: io.micronaut.scheduling.executor.DefaultThreadFactory
    22:57:44.996 [Test worker] DEBUG io.micronaut.context.DefaultBeanContext -- Searching for @Primary for type [threadFactory] from candidates: [Definition: io.micronaut.http.netty.channel.NettyThreadFactory, Definition: io.micronaut.scheduling.executor.ExecutorFactory, Definition: io.micronaut.scheduling.executor.ExecutorFactory, Definition: io.micronaut.scheduling.executor.ExecutorFactory, Definition: io.micronaut.scheduling.executor.DefaultThreadFactory] 
    22:57:44.996 [Test worker] DEBUG io.micronaut.context.DefaultBeanContext -- Found concrete candidate [Definition: io.micronaut.scheduling.executor.DefaultThreadFactory] for type: threadFactory 
    22:57:44.996 [Test worker] DEBUG io.micronaut.context.DefaultBeanContext -- Finding candidate beans for type: MediaTypeCodecRegistry codecRegistry
    22:57:44.996 [Test worker] DEBUG io.micronaut.context.DefaultBeanContext --   interface io.micronaut.http.codec.MediaTypeCodecRegistry null Definition: io.micronaut.runtime.http.codec.MediaTypeCodecRegistryFactory
    22:57:44.996 [Test worker] DEBUG io.micronaut.context.DefaultBeanContext -- Found concrete candidate [Definition: io.micronaut.runtime.http.codec.MediaTypeCodecRegistryFactory] for type: codecRegistry 
    22:57:44.996 [Test worker] DEBUG io.micronaut.context.DefaultBeanContext -- Finding candidate beans for type: MessageBodyHandlerRegistry handlerRegistry
    22:57:44.997 [Test worker] DEBUG io.micronaut.context.DefaultBeanContext --   class io.micronaut.http.body.DefaultMessageBodyHandlerRegistry null Definition: io.micronaut.http.body.DefaultMessageBodyHandlerRegistry
    22:57:44.997 [Test worker] DEBUG io.micronaut.context.DefaultBeanContext -- Found concrete candidate [Definition: io.micronaut.http.body.DefaultMessageBodyHandlerRegistry] for type: handlerRegistry 
    22:57:44.997 [Test worker] DEBUG io.micronaut.context.DefaultBeanContext -- Finding candidate beans for type: EventLoopGroupRegistry eventLoopGroupRegistry
    22:57:44.997 [Test worker] DEBUG io.micronaut.context.DefaultBeanContext --   class io.micronaut.http.netty.channel.DefaultEventLoopGroupRegistry null Definition: io.micronaut.http.netty.channel.DefaultEventLoopGroupRegistry
    22:57:44.997 [Test worker] DEBUG io.micronaut.context.DefaultBeanContext -- Found concrete candidate [Definition: io.micronaut.http.netty.channel.DefaultEventLoopGroupRegistry] for type: eventLoopGroupRegistry 
    22:57:44.997 [Test worker] DEBUG io.micronaut.context.DefaultBeanContext -- Finding candidate beans for type: EventLoopGroupFactory eventLoopGroupFactory
    22:57:44.997 [Test worker] DEBUG io.micronaut.context.DefaultBeanContext --   class io.micronaut.http.netty.channel.NioEventLoopGroupFactory null Definition: io.micronaut.http.netty.channel.NioEventLoopGroupFactory
    22:57:44.997 [Test worker] DEBUG io.micronaut.context.DefaultBeanContext --   class io.micronaut.http.netty.channel.DefaultEventLoopGroupFactory null Definition: io.micronaut.http.netty.channel.DefaultEventLoopGroupFactory
    22:57:44.997 [Test worker] DEBUG io.micronaut.context.DefaultBeanContext -- Searching for @Primary for type [eventLoopGroupFactory] from candidates: [Definition: io.micronaut.http.netty.channel.NioEventLoopGroupFactory, Definition: io.micronaut.http.netty.channel.DefaultEventLoopGroupFactory] 
    22:57:44.997 [Test worker] DEBUG io.micronaut.context.DefaultBeanContext -- Found concrete candidate [Definition: io.micronaut.http.netty.channel.DefaultEventLoopGroupFactory] for type: eventLoopGroupFactory 
    22:57:44.997 [Test worker] DEBUG io.micronaut.context.DefaultBeanContext -- Finding candidate beans for type: JsonMapper jsonMapper
    22:57:44.997 [Test worker] DEBUG io.micronaut.context.DefaultBeanContext --   class io.micronaut.jackson.databind.JacksonDatabindMapper null Definition: io.micronaut.jackson.databind.JacksonDatabindMapper
    22:57:44.997 [Test worker] DEBUG io.micronaut.context.DefaultBeanContext -- Found concrete candidate [Definition: io.micronaut.jackson.databind.JacksonDatabindMapper] for type: jsonMapper 
    22:57:44.997 [Test worker] DEBUG io.micronaut.context.lifecycle -- Created bean [io.micronaut.http.client.netty.DefaultNettyHttpClientRegistry@5169db2f] from definition [Definition: io.micronaut.http.client.netty.DefaultNettyHttpClientRegistry] with qualifier [null]
    22:57:44.999 [Test worker] DEBUG io.micronaut.context.DefaultBeanContext -- Finding candidate beans for type: HttpClient
    22:57:44.999 [Test worker] DEBUG io.micronaut.context.DefaultBeanContext --   class io.micronaut.http.client.netty.DefaultHttpClient null Definition: io.micronaut.http.client.netty.DefaultNettyHttpClientRegistry
    22:57:44.999 [Test worker] DEBUG io.micronaut.context.DefaultBeanContext -- Qualifying bean [httpClient] for qualifier: @Named('/') 
    22:57:44.999 [Test worker] DEBUG io.micronaut.context.DefaultBeanContext -- No qualifying beans of type [httpClient] found for qualifier: @Named('/') 
    22:57:44.999 [Test worker] DEBUG io.micronaut.context.DefaultBeanContext -- Finding candidate beans for type: HttpClientConfiguration
    22:57:45.000 [Test worker] DEBUG io.micronaut.context.DefaultBeanContext --   class io.micronaut.http.client.DefaultHttpClientConfiguration null Definition: io.micronaut.http.client.DefaultHttpClientConfiguration
    22:57:45.000 [Test worker] DEBUG io.micronaut.context.DefaultBeanContext -- Qualifying bean [httpClientConfiguration] for qualifier: @Named('/') 
    22:57:45.000 [Test worker] DEBUG io.micronaut.context.DefaultBeanContext -- No qualifying beans of type [httpClientConfiguration] found for qualifier: @Named('/') 
    22:57:45.000 [Test worker] DEBUG io.micronaut.context.DefaultBeanContext -- Finding candidate beans for type: EmbeddedServer
    22:57:45.000 [Test worker] DEBUG io.micronaut.context.DefaultBeanContext --   interface io.micronaut.http.server.netty.NettyEmbeddedServer null Definition: io.micronaut.http.server.netty.DefaultNettyEmbeddedServerFactory
    22:57:45.000 [Test worker] DEBUG io.micronaut.context.DefaultBeanContext -- Found concrete candidate [Definition: io.micronaut.http.server.netty.DefaultNettyEmbeddedServerFactory] for type: embeddedServer 
    22:57:45.002 [Test worker] DEBUG io.micronaut.context.DefaultBeanContext -- Finding candidate beans for type: EventLoopGroup
    22:57:45.003 [Test worker] DEBUG io.micronaut.context.DefaultBeanContext -- Finding candidate beans for type: EventLoopGroupConfiguration
    22:57:45.003 [Test worker] DEBUG io.micronaut.context.DefaultBeanContext --   class io.micronaut.http.server.netty.configuration.NettyHttpServerConfiguration$Worker @Named('netty-server-worker-event-loop') Definition: io.micronaut.http.server.netty.configuration.NettyHttpServerConfiguration$Worker
    22:57:45.003 [Test worker] DEBUG io.micronaut.context.DefaultBeanContext --   class io.micronaut.http.server.netty.configuration.NettyHttpServerConfiguration$Parent @Named('netty-server-parent-event-loop') Definition: io.micronaut.http.server.netty.configuration.NettyHttpServerConfiguration$Parent
    22:57:45.003 [Test worker] DEBUG io.micronaut.context.DefaultBeanContext --   interface io.netty.channel.EventLoopGroup null Definition: io.micronaut.http.netty.channel.DefaultEventLoopGroupRegistry
    22:57:45.003 [Test worker] DEBUG io.micronaut.context.DefaultBeanContext --   interface io.netty.channel.EventLoopGroup @Named('netty-server-worker-event-loop') Definition: io.micronaut.http.netty.channel.DefaultEventLoopGroupRegistry
    22:57:45.003 [Test worker] DEBUG io.micronaut.context.DefaultBeanContext --   interface io.netty.channel.EventLoopGroup @Named('netty-server-parent-event-loop') Definition: io.micronaut.http.netty.channel.DefaultEventLoopGroupRegistry
    22:57:45.003 [Test worker] DEBUG io.micronaut.context.DefaultBeanContext -- Searching for @Primary for type [eventLoopGroup] from candidates: [Definition: io.micronaut.http.netty.channel.DefaultEventLoopGroupRegistry, Definition: io.micronaut.http.netty.channel.DefaultEventLoopGroupRegistry, Definition: io.micronaut.http.netty.channel.DefaultEventLoopGroupRegistry] 
    22:57:45.003 [Test worker] DEBUG io.micronaut.context.DefaultBeanContext -- Found concrete candidate [Definition: io.micronaut.http.netty.channel.DefaultEventLoopGroupRegistry] for type: eventLoopGroup 
    22:57:45.003 [Test worker] DEBUG io.micronaut.context.DefaultBeanContext -- Finding candidate beans for type: ConversionService
    22:57:45.003 [Test worker] DEBUG io.micronaut.context.DefaultBeanContext --   class io.micronaut.context.env.DefaultEnvironment @Primary io.micronaut.context.DefaultRuntimeBeanDefinition@3ac04654
    22:57:45.003 [Test worker] DEBUG io.micronaut.context.DefaultBeanContext -- Found concrete candidate [io.micronaut.context.DefaultRuntimeBeanDefinition@3ac04654] for type: conversionService 
    22:57:45.010 [Test worker] DEBUG io.micronaut.context.DefaultBeanContext -- Finding candidate beans for type: EventLoopGroupConfiguration
    22:57:45.011 [Test worker] DEBUG io.micronaut.context.DefaultBeanContext --   class io.micronaut.http.server.netty.configuration.NettyHttpServerConfiguration$Worker @Named('netty-server-worker-event-loop') Definition: io.micronaut.http.server.netty.configuration.NettyHttpServerConfiguration$Worker
    22:57:45.011 [Test worker] DEBUG io.micronaut.context.DefaultBeanContext --   class io.micronaut.http.server.netty.configuration.NettyHttpServerConfiguration$Parent @Named('netty-server-parent-event-loop') Definition: io.micronaut.http.server.netty.configuration.NettyHttpServerConfiguration$Parent
    22:57:45.011 [Test worker] DEBUG io.micronaut.context.DefaultBeanContext -- Qualifying bean [eventLoopGroupConfiguration] for qualifier: @Named('default') 
    22:57:45.011 [Test worker] DEBUG io.micronaut.context.DefaultBeanContext -- No qualifying beans of type [eventLoopGroupConfiguration] found for qualifier: @Named('default') 
    22:57:45.019 [Test worker] DEBUG io.netty.handler.ssl.OpenSsl -- netty-tcnative not in the classpath; OpenSslEngine will be unavailable.
    22:57:45.125 [Test worker] DEBUG io.netty.handler.ssl.JdkSslContext -- Default protocols (JDK): [TLSv1.3, TLSv1.2] 
    22:57:45.125 [Test worker] DEBUG io.netty.handler.ssl.JdkSslContext -- Default cipher suites (JDK): [TLS_ECDHE_ECDSA_WITH_AES_256_GCM_SHA384, TLS_ECDHE_ECDSA_WITH_AES_128_GCM_SHA256, TLS_ECDHE_RSA_WITH_AES_128_GCM_SHA256, TLS_ECDHE_RSA_WITH_AES_256_GCM_SHA384, TLS_ECDHE_RSA_WITH_AES_128_CBC_SHA, TLS_ECDHE_RSA_WITH_AES_256_CBC_SHA, TLS_AES_128_GCM_SHA256, TLS_AES_256_GCM_SHA384]
    22:57:45.130 [Test worker] DEBUG io.micronaut.context.lifecycle -- Created bean [io.micronaut.http.client.netty.DefaultHttpClient@37dc7661] from definition [Definition: io.micronaut.http.client.netty.DefaultNettyHttpClientRegistry] with qualifier [null]
    22:57:45.130 [Test worker] DEBUG io.micronaut.context.DefaultBeanContext -- Finding candidate beans for type: TaskService taskService
    22:57:45.131 [Test worker] DEBUG io.micronaut.context.DefaultBeanContext -- Bean [class com.taskflow.controller.$TaskControllerTest$TaskService0$Definition$Intercepted] replaces existing bean of type [class com.taskflow.service.TaskService]
    22:57:45.131 [Test worker] DEBUG io.micronaut.context.DefaultBeanContext --   class com.taskflow.controller.$TaskControllerTest$TaskService0$Definition$Intercepted null Definition: com.taskflow.controller.$TaskControllerTest$TaskService0$Definition$Intercepted
    22:57:45.131 [Test worker] DEBUG io.micronaut.context.DefaultBeanContext -- Found concrete candidate [Definition: com.taskflow.controller.$TaskControllerTest$TaskService0$Definition$Intercepted] for type: taskService 
    22:57:45.131 [Test worker] DEBUG io.micronaut.context.DefaultBeanContext -- Finding candidate beans for type: TaskRepository taskRepository
    22:57:45.132 [Test worker] DEBUG io.micronaut.context.condition.Condition -- Bean [Definition: com.taskflow.service.$TaskServiceTest$TaskRepository0$Definition$Intercepted] will not be loaded due to failing conditions:
    22:57:45.132 [Test worker] DEBUG io.micronaut.context.condition.Condition -- * Custom condition [class io.micronaut.test.condition.TestActiveCondition] failed evaluation
    22:57:45.134 [Test worker] DEBUG io.micronaut.context.DefaultBeanContext --   class com.taskflow.repository.TaskRepository$Intercepted null Definition: com.taskflow.repository.TaskRepository$Intercepted
    22:57:45.134 [Test worker] DEBUG io.micronaut.context.DefaultBeanContext -- Found concrete candidate [Definition: com.taskflow.repository.TaskRepository$Intercepted] for type: taskRepository 
    22:57:45.135 [Test worker] DEBUG io.micronaut.context.DefaultBeanContext -- Resolving beans for type: @InterceptorBinding(io.micronaut.data.annotation.Repository) io.micronaut.aop.Interceptor 
    22:57:45.135 [Test worker] DEBUG io.micronaut.core.reflect.ClassUtils -- Attempting to dynamically load class io.micronaut.context.annotation.Prototype
    22:57:45.135 [Test worker] DEBUG io.micronaut.core.reflect.ClassUtils -- Successfully loaded class io.micronaut.context.annotation.Prototype
    22:57:45.135 [Test worker] DEBUG io.micronaut.context.DefaultBeanContext -- Finding candidate beans for type: DataInterceptorResolver dataInterceptorResolver
    22:57:45.135 [Test worker] DEBUG io.micronaut.context.DefaultBeanContext --   class io.micronaut.data.runtime.intercept.DataInterceptorResolver null Definition: io.micronaut.data.runtime.intercept.DataInterceptorResolver
    22:57:45.135 [Test worker] DEBUG io.micronaut.context.DefaultBeanContext -- Found concrete candidate [Definition: io.micronaut.data.runtime.intercept.DataInterceptorResolver] for type: dataInterceptorResolver 
    22:57:45.135 [Test worker] DEBUG io.micronaut.context.DefaultBeanContext -- Finding candidate beans for type: RepositoryOperationsRegistry repositoryOperationsRegistry
    22:57:45.136 [Test worker] DEBUG io.micronaut.context.DefaultBeanContext --   class io.micronaut.data.runtime.operations.DefaultRepositoryOperationsRegistry null Definition: io.micronaut.data.runtime.operations.DefaultRepositoryOperationsRegistry
    22:57:45.136 [Test worker] DEBUG io.micronaut.context.DefaultBeanContext -- Found concrete candidate [Definition: io.micronaut.data.runtime.operations.DefaultRepositoryOperationsRegistry] for type: repositoryOperationsRegistry 
    22:57:45.136 [Test worker] DEBUG io.micronaut.context.lifecycle -- Created bean [io.micronaut.data.runtime.operations.DefaultRepositoryOperationsRegistry@3b18009f] from definition [Definition: io.micronaut.data.runtime.operations.DefaultRepositoryOperationsRegistry] with qualifier [null]
    22:57:45.136 [Test worker] DEBUG io.micronaut.context.DefaultBeanContext -- Finding candidate beans for type: DataSourceTenantResolver tenantResolver
    22:57:45.136 [Test worker] DEBUG io.micronaut.context.DefaultBeanContext -- Finding candidate beans for type: TenantResolver
    22:57:45.136 [Test worker] DEBUG io.micronaut.context.DefaultBeanContext -- No bean candidates found for type: TenantResolver
    22:57:45.136 [Test worker] DEBUG io.micronaut.context.condition.Condition -- Bean [Definition: io.micronaut.data.runtime.multitenancy.internal.DefaultDataSourceTenantResolver] will not be loaded due to failing conditions:
    22:57:45.136 [Test worker] DEBUG io.micronaut.context.condition.Condition -- * No bean of type [interface io.micronaut.data.runtime.multitenancy.TenantResolver] present within context
    22:57:45.137 [Test worker] DEBUG io.micronaut.context.DefaultBeanContext -- No bean candidates found for type: DataSourceTenantResolver tenantResolver
    22:57:45.137 [Test worker] DEBUG io.micronaut.context.lifecycle -- Created bean [io.micronaut.data.runtime.intercept.DataInterceptorResolver@1d4e06bb] from definition [Definition: io.micronaut.data.runtime.intercept.DataInterceptorResolver] with qualifier [null]
    22:57:45.137 [Test worker] DEBUG io.micronaut.context.DefaultBeanContext -- Finding candidate beans for type: DataConversionService conversionService
    22:57:45.137 [Test worker] DEBUG io.micronaut.context.DefaultBeanContext --   class io.micronaut.data.runtime.convert.DataConversionServiceImpl null Definition: io.micronaut.data.runtime.convert.DataConversionServiceFactory
    22:57:45.137 [Test worker] DEBUG io.micronaut.context.DefaultBeanContext -- Found concrete candidate [Definition: io.micronaut.data.runtime.convert.DataConversionServiceFactory] for type: conversionService 
    22:57:45.137 [Test worker] DEBUG io.micronaut.context.lifecycle -- Created bean [io.micronaut.data.runtime.intercept.DataIntroductionAdvice@2eb9c7ad] from definition [Definition: io.micronaut.data.runtime.intercept.DataIntroductionAdvice] with qualifier [null]
    22:57:45.137 [Test worker] DEBUG io.micronaut.context.DefaultBeanContext -- Found a registration BeanRegistration: io.micronaut.data.runtime.intercept.DataIntroductionAdvice@2eb9c7ad for candidate: Definition: io.micronaut.data.runtime.intercept.DataIntroductionAdvice with qualifier: @InterceptorBinding(io.micronaut.data.annotation.Repository)
    22:57:45.137 [Test worker] DEBUG io.micronaut.context.DefaultBeanContext -- Found 1 bean registrations for type [@InterceptorBinding(io.micronaut.data.annotation.Repository) T]
    22:57:45.137 [Test worker] DEBUG io.micronaut.context.DefaultBeanContext --   Definition: io.micronaut.data.runtime.intercept.DataIntroductionAdvice null
    22:57:45.137 [Test worker] DEBUG io.micronaut.context.DefaultBeanContext -- Finding candidate beans for type: InterceptorRegistry
    22:57:45.137 [Test worker] DEBUG io.micronaut.context.DefaultBeanContext --   interface io.micronaut.aop.InterceptorRegistry null io.micronaut.aop.internal.InterceptorRegistryBean@308a6984
    22:57:45.137 [Test worker] DEBUG io.micronaut.context.DefaultBeanContext -- Found concrete candidate [io.micronaut.aop.internal.InterceptorRegistryBean@308a6984] for type: interceptorRegistry 
    22:57:45.138 [Test worker] DEBUG io.micronaut.context.lifecycle -- Created bean [com.taskflow.repository.TaskRepository$Intercepted@4529048e] from definition [Definition: com.taskflow.repository.TaskRepository$Intercepted] with qualifier [null]
    22:57:45.138 [Test worker] DEBUG io.micronaut.context.DefaultBeanContext -- Resolving beans for type: @InterceptorBinding(io.micronaut.test.annotation.MockBean) @InterceptorBinding(io.micronaut.runtime.context.scope.ScopedProxy) io.micronaut.aop.Interceptor 
    22:57:45.138 [Test worker] DEBUG io.micronaut.context.lifecycle -- Created bean [com.taskflow.controller.$TaskControllerTest$TaskService0$Definition$Intercepted@6addfa22] from definition [Definition: com.taskflow.controller.$TaskControllerTest$TaskService0$Definition$Intercepted] with qualifier [null]
    22:57:45.139 [Test worker] DEBUG io.micronaut.context.DefaultBeanContext -- Finding candidate beans for type: HttpClient
    22:57:45.140 [Test worker] DEBUG io.micronaut.context.DefaultBeanContext --   class io.micronaut.http.client.netty.DefaultHttpClient null Definition: io.micronaut.http.client.netty.DefaultNettyHttpClientRegistry
    22:57:45.140 [Test worker] DEBUG io.micronaut.context.DefaultBeanContext -- Found concrete candidate [Definition: io.micronaut.http.client.netty.DefaultNettyHttpClientRegistry] for type: httpClient 
    22:57:45.140 [Test worker] DEBUG io.micronaut.context.DefaultBeanContext -- Finding candidate beans for type: TaskService
    22:57:45.140 [Test worker] DEBUG io.micronaut.context.DefaultBeanContext -- Bean [class com.taskflow.controller.$TaskControllerTest$TaskService0$Definition$Intercepted] replaces existing bean of type [class com.taskflow.service.TaskService]
    22:57:45.140 [Test worker] DEBUG io.micronaut.context.DefaultBeanContext --   class com.taskflow.controller.$TaskControllerTest$TaskService0$Definition$Intercepted null Definition: com.taskflow.controller.$TaskControllerTest$TaskService0$Definition$Intercepted
    22:57:45.140 [Test worker] DEBUG io.micronaut.context.DefaultBeanContext -- Found concrete candidate [Definition: com.taskflow.controller.$TaskControllerTest$TaskService0$Definition$Intercepted] for type: taskService 
    22:57:45.141 [Test worker] DEBUG io.micronaut.context.DefaultBeanContext --   class com.taskflow.service.TaskService null Definition: com.taskflow.controller.TaskControllerTest
    22:57:45.141 [Test worker] DEBUG io.micronaut.context.DefaultBeanContext -- Found concrete candidate [Definition: com.taskflow.controller.TaskControllerTest] for type: taskService 
    22:57:45.141 [Test worker] DEBUG io.micronaut.core.reflect.ClassUtils -- Attempting to dynamically load class io.micronaut.runtime.context.scope.Refreshable
    22:57:45.141 [Test worker] DEBUG io.micronaut.core.reflect.ClassUtils -- Successfully loaded class io.micronaut.runtime.context.scope.Refreshable
    22:57:45.141 [Test worker] DEBUG io.micronaut.context.DefaultBeanContext -- Finding candidate beans for type: CustomScope
    22:57:45.141 [Test worker] DEBUG io.micronaut.context.DefaultBeanContext --   class io.micronaut.runtime.http.scope.RequestCustomScope null Definition: io.micronaut.runtime.http.scope.RequestCustomScope
    22:57:45.141 [Test worker] DEBUG io.micronaut.context.DefaultBeanContext --   class io.micronaut.runtime.context.scope.ThreadLocalCustomScope null Definition: io.micronaut.runtime.context.scope.ThreadLocalCustomScope
    22:57:45.141 [Test worker] DEBUG io.micronaut.context.DefaultBeanContext --   class io.micronaut.runtime.context.scope.refresh.RefreshScope null Definition: io.micronaut.runtime.context.scope.refresh.RefreshScope
    22:57:45.141 [Test worker] DEBUG io.micronaut.context.DefaultBeanContext -- Qualifying bean [customScope] for qualifier: <Refreshable> 
    22:57:45.141 [Test worker] DEBUG io.micronaut.context.DefaultBeanContext -- Found concrete candidate [Definition: io.micronaut.runtime.context.scope.refresh.RefreshScope] for type: <Refreshable> customScope 

TaskControllerTest > listTasks should return all tasks() STANDARD_ERROR
    WARNING: A Java agent has been loaded dynamically (/home/colton/.gradle/caches/modules-2/files-2.1/net.bytebuddy/byte-buddy-agent/1.14.6/46e2545d7a97b6ccb195621650c5957279eb4812/byte-buddy-agent-1.14.6.jar)
    WARNING: If a serviceability tool is in use, please run with -XX:+EnableDynamicAgentLoading to hide this warning
    WARNING: If a serviceability tool is not in use, please run with -Djdk.instrument.traceUsage for more information
    WARNING: Dynamic loading of agents will be disallowed by default in a future release

OpenJDK 64-Bit Server VM warning: Sharing is only supported for boot loader classes because bootstrap classpath has been appended

> Task :backend:test

TaskControllerTest > listTasks should return all tasks() STANDARD_OUT
    22:57:45.376 [Test worker] DEBUG io.mockk.impl.instantiation.AbstractMockFactory -- Creating mockk for TaskService name=#1
    22:57:45.566 [Test worker] DEBUG io.micronaut.context.lifecycle -- Created bean [TaskService(#1)] from definition [Definition: com.taskflow.controller.TaskControllerTest] with qualifier [null]
    22:57:45.598 [Test worker] DEBUG io.micronaut.context.DefaultBeanContext -- Finding candidate beans for type: ResourceLoader
    22:57:45.599 [Test worker] DEBUG io.micronaut.context.DefaultBeanContext --   interface io.micronaut.core.io.scan.ClassPathResourceLoader null Definition: io.micronaut.http.resource.ResourceLoaderFactory
    22:57:45.599 [Test worker] DEBUG io.micronaut.context.DefaultBeanContext --   class io.micronaut.context.env.DefaultEnvironment @Primary io.micronaut.context.DefaultRuntimeBeanDefinition@3ac04654
    22:57:45.600 [Test worker] DEBUG io.micronaut.context.DefaultBeanContext --   interface io.micronaut.core.io.file.FileSystemResourceLoader null Definition: io.micronaut.http.resource.ResourceLoaderFactory
    22:57:45.600 [Test worker] DEBUG io.micronaut.context.DefaultBeanContext -- Searching for @Primary for type [resourceLoader] from candidates: [Definition: io.micronaut.http.resource.ResourceLoaderFactory, io.micronaut.context.DefaultRuntimeBeanDefinition@3ac04654, Definition: io.micronaut.http.resource.ResourceLoaderFactory] 
    22:57:45.600 [Test worker] DEBUG io.micronaut.context.DefaultBeanContext -- Found concrete candidate [io.micronaut.context.DefaultRuntimeBeanDefinition@3ac04654] for type: resourceLoader 
    22:57:45.661 [Test worker] DEBUG org.hibernate.stat.internal.StatisticsInitiator -- Statistics initialized [enabled=false]
    22:57:45.669 [Test worker] DEBUG org.hibernate.engine.transaction.internal.TransactionImpl -- On TransactionImpl creation, JpaCompliance#isJpaTransactionComplianceEnabled == false
    22:57:45.669 [Test worker] DEBUG org.hibernate.engine.transaction.internal.TransactionImpl -- begin
    22:57:45.869 [Test worker] DEBUG io.mockk.impl.instantiation.AbstractMockFactory -- Creating mockk for Iterable name=child of #1#2
    22:57:45.927 [default-nioEventLoopGroup-1-2] DEBUG io.netty.buffer.AbstractByteBuf -- -Dio.netty.buffer.checkAccessible: true
    22:57:45.928 [default-nioEventLoopGroup-1-2] DEBUG io.netty.buffer.AbstractByteBuf -- -Dio.netty.buffer.checkBounds: true
    22:57:45.928 [default-nioEventLoopGroup-1-2] DEBUG io.netty.util.ResourceLeakDetectorFactory -- Loaded default ResourceLeakDetector: io.netty.util.ResourceLeakDetector@731d86df
    22:57:45.956 [default-nioEventLoopGroup-1-2] DEBUG io.netty.util.ResourceLeakDetectorFactory -- Loaded default ResourceLeakDetector: io.netty.util.ResourceLeakDetector@3925d9cc
    22:57:45.967 [default-nioEventLoopGroup-1-3] DEBUG io.netty.handler.codec.compression.ZlibCodecFactory -- -Dio.netty.noJdkZlibDecoder: false
    22:57:45.968 [default-nioEventLoopGroup-1-3] DEBUG io.netty.handler.codec.compression.ZlibCodecFactory -- -Dio.netty.noJdkZlibEncoder: false
    22:57:45.971 [default-nioEventLoopGroup-1-2] DEBUG io.micronaut.http.client.netty.DefaultHttpClient -- Sending HTTP GET to http://localhost:8080/tasks
    22:57:45.977 [default-nioEventLoopGroup-1-2] DEBUG io.netty.util.Recycler -- -Dio.netty.recycler.maxCapacityPerThread: 4096
    22:57:45.977 [default-nioEventLoopGroup-1-2] DEBUG io.netty.util.Recycler -- -Dio.netty.recycler.ratio: 8
    22:57:45.977 [default-nioEventLoopGroup-1-2] DEBUG io.netty.util.Recycler -- -Dio.netty.recycler.chunkSize: 32
    22:57:45.977 [default-nioEventLoopGroup-1-2] DEBUG io.netty.util.Recycler -- -Dio.netty.recycler.blocking: false
    22:57:45.977 [default-nioEventLoopGroup-1-2] DEBUG io.netty.util.Recycler -- -Dio.netty.recycler.batchFastThreadLocalOnly: true
    22:57:45.989 [default-nioEventLoopGroup-1-3] DEBUG io.netty.handler.codec.compression.Brotli -- brotli4j not in the classpath; Brotli support will be unavailable.
    22:57:45.999 [default-nioEventLoopGroup-1-3] DEBUG io.micronaut.http.server.netty.NettyRequestLifecycle -- Request GET /tasks
    22:57:46.004 [default-nioEventLoopGroup-1-3] DEBUG io.micronaut.context.DefaultBeanContext -- Finding candidate beans for type: EndpointSensitivityProcessor endpointSensitivityProcessor
    22:57:46.005 [default-nioEventLoopGroup-1-3] DEBUG io.micronaut.context.DefaultBeanContext --   class io.micronaut.management.endpoint.EndpointSensitivityProcessor null Definition: io.micronaut.management.endpoint.EndpointSensitivityProcessor
    22:57:46.005 [default-nioEventLoopGroup-1-3] DEBUG io.micronaut.context.DefaultBeanContext -- Found concrete candidate [Definition: io.micronaut.management.endpoint.EndpointSensitivityProcessor] for type: endpointSensitivityProcessor 
    22:57:46.005 [default-nioEventLoopGroup-1-3] DEBUG io.micronaut.context.DefaultBeanContext -- Resolving beans for type: io.micronaut.management.endpoint.EndpointConfiguration
    22:57:46.005 [default-nioEventLoopGroup-1-3] DEBUG io.micronaut.context.DefaultBeanContext -- Finding candidate beans for type: EndpointConfiguration E
    22:57:46.006 [default-nioEventLoopGroup-1-3] DEBUG io.micronaut.context.DefaultBeanContext -- No bean candidates found for type: EndpointConfiguration E
    22:57:46.006 [default-nioEventLoopGroup-1-3] DEBUG io.micronaut.context.DefaultBeanContext -- Finding candidate beans for type: EndpointDefaultConfiguration defaultConfiguration
    22:57:46.006 [default-nioEventLoopGroup-1-3] DEBUG io.micronaut.context.DefaultBeanContext --   class io.micronaut.management.endpoint.EndpointDefaultConfiguration null Definition: io.micronaut.management.endpoint.EndpointDefaultConfiguration
    22:57:46.006 [default-nioEventLoopGroup-1-3] DEBUG io.micronaut.context.DefaultBeanContext -- Found concrete candidate [Definition: io.micronaut.management.endpoint.EndpointDefaultConfiguration] for type: defaultConfiguration 
    22:57:46.008 [default-nioEventLoopGroup-1-3] DEBUG io.micronaut.context.DefaultBeanContext -- Finding candidate beans for qualifier: @Endpoint
    22:57:46.009 [default-nioEventLoopGroup-1-3] DEBUG io.micronaut.context.condition.Condition -- Bean [Definition: io.micronaut.management.endpoint.loggers.LoggersEndpoint] will not be loaded due to failing conditions:
    22:57:46.009 [default-nioEventLoopGroup-1-3] DEBUG io.micronaut.context.condition.Condition -- * Custom condition [class io.micronaut.management.endpoint.EndpointEnabledCondition] failed evaluation
    22:57:46.009 [default-nioEventLoopGroup-1-3] DEBUG io.micronaut.context.condition.Condition -- Bean [Definition: io.micronaut.management.endpoint.stop.ServerStopEndpoint] will not be loaded due to failing conditions:
    22:57:46.009 [default-nioEventLoopGroup-1-3] DEBUG io.micronaut.context.condition.Condition -- * Custom condition [class io.micronaut.management.endpoint.EndpointEnabledCondition] failed evaluation
    22:57:46.010 [default-nioEventLoopGroup-1-3] DEBUG io.micronaut.context.condition.Condition -- Bean [Definition: io.micronaut.management.endpoint.env.EnvironmentEndpoint] will not be loaded due to failing conditions:
    22:57:46.010 [default-nioEventLoopGroup-1-3] DEBUG io.micronaut.context.condition.Condition -- * Custom condition [class io.micronaut.management.endpoint.EndpointEnabledCondition] failed evaluation
    22:57:46.012 [default-nioEventLoopGroup-1-3] DEBUG io.micronaut.context.lifecycle -- Created bean [io.micronaut.management.endpoint.EndpointSensitivityProcessor@5527e122] from definition [Definition: io.micronaut.management.endpoint.EndpointSensitivityProcessor] with qualifier [null]
    22:57:46.012 [default-nioEventLoopGroup-1-3] DEBUG io.micronaut.context.lifecycle -- Created bean [io.micronaut.management.endpoint.EndpointsFilter@66f489af] from definition [Definition: io.micronaut.management.endpoint.EndpointsFilter] with qualifier [null]
    22:57:46.017 [default-nioEventLoopGroup-1-3] DEBUG io.micronaut.context.DefaultBeanContext -- Finding candidate beans for type: CorsConfiguration corsConfiguration
    22:57:46.018 [default-nioEventLoopGroup-1-3] DEBUG io.micronaut.context.DefaultBeanContext --   class io.micronaut.http.server.HttpServerConfiguration$CorsConfiguration null Definition: io.micronaut.http.server.HttpServerConfiguration$CorsConfiguration
    22:57:46.018 [default-nioEventLoopGroup-1-3] DEBUG io.micronaut.context.DefaultBeanContext -- Found concrete candidate [Definition: io.micronaut.http.server.HttpServerConfiguration$CorsConfiguration] for type: corsConfiguration 
    22:57:46.018 [default-nioEventLoopGroup-1-3] DEBUG io.micronaut.context.lifecycle -- Created bean [io.micronaut.http.server.HttpServerConfiguration$CorsConfiguration@75000702] from definition [Definition: io.micronaut.http.server.HttpServerConfiguration$CorsConfiguration] with qualifier [null]
    22:57:46.018 [default-nioEventLoopGroup-1-3] DEBUG io.micronaut.context.DefaultBeanContext -- Finding candidate beans for type: HttpHostResolver httpHostResolver
    22:57:46.019 [default-nioEventLoopGroup-1-3] DEBUG io.micronaut.context.DefaultBeanContext --   class io.micronaut.http.server.util.DefaultHttpHostResolver null Definition: io.micronaut.http.server.util.DefaultHttpHostResolver
    22:57:46.019 [default-nioEventLoopGroup-1-3] DEBUG io.micronaut.context.DefaultBeanContext -- Found concrete candidate [Definition: io.micronaut.http.server.util.DefaultHttpHostResolver] for type: httpHostResolver 
    22:57:46.019 [default-nioEventLoopGroup-1-3] DEBUG io.micronaut.context.DefaultBeanContext -- Finding candidate beans for type: HttpServerConfiguration serverConfiguration
    22:57:46.020 [default-nioEventLoopGroup-1-3] DEBUG io.micronaut.context.DefaultBeanContext -- Bean [class io.micronaut.http.server.netty.configuration.NettyHttpServerConfiguration] replaces existing bean of type [class io.micronaut.http.server.HttpServerConfiguration]
    22:57:46.020 [default-nioEventLoopGroup-1-3] DEBUG io.micronaut.context.DefaultBeanContext --   class io.micronaut.http.server.netty.configuration.NettyHttpServerConfiguration null Definition: io.micronaut.http.server.netty.configuration.NettyHttpServerConfiguration
    22:57:46.020 [default-nioEventLoopGroup-1-3] DEBUG io.micronaut.context.DefaultBeanContext -- Found concrete candidate [Definition: io.micronaut.http.server.netty.configuration.NettyHttpServerConfiguration] for type: serverConfiguration 
    22:57:46.020 [default-nioEventLoopGroup-1-3] DEBUG io.micronaut.context.DefaultBeanContext -- Finding candidate beans for type: BeanProvider embeddedServer
    22:57:46.020 [default-nioEventLoopGroup-1-3] DEBUG io.micronaut.context.DefaultBeanContext --   interface io.micronaut.context.BeanProvider null io.micronaut.inject.provider.BeanProviderDefinition@58df6bef
    22:57:46.020 [default-nioEventLoopGroup-1-3] DEBUG io.micronaut.context.DefaultBeanContext -- Found concrete candidate [io.micronaut.inject.provider.BeanProviderDefinition@58df6bef] for type: embeddedServer 
    22:57:46.020 [default-nioEventLoopGroup-1-3] DEBUG io.micronaut.context.lifecycle -- Created bean [io.micronaut.inject.provider.BeanProviderDefinition$1@17589888] from definition [io.micronaut.inject.provider.BeanProviderDefinition@58df6bef] with qualifier [null]
    22:57:46.020 [default-nioEventLoopGroup-1-3] DEBUG io.micronaut.context.lifecycle -- Created bean [io.micronaut.http.server.util.DefaultHttpHostResolver@6295a576] from definition [Definition: io.micronaut.http.server.util.DefaultHttpHostResolver] with qualifier [null]
    22:57:46.021 [default-nioEventLoopGroup-1-3] DEBUG io.micronaut.context.lifecycle -- Created bean [io.micronaut.http.server.cors.CorsFilter@7a3feb8a] from definition [Definition: io.micronaut.http.server.cors.CorsFilter] with qualifier [null]
    22:57:46.026 [default-nioEventLoopGroup-1-3] DEBUG io.micronaut.context.DefaultBeanContext -- Resolving beans for type: @InterceptorBinding(io.micronaut.data.annotation.Repository) io.micronaut.aop.Interceptor 
    22:57:46.026 [default-nioEventLoopGroup-1-3] DEBUG io.micronaut.core.reflect.ClassUtils -- Attempting to dynamically load class io.micronaut.context.annotation.Prototype
    22:57:46.026 [default-nioEventLoopGroup-1-3] DEBUG io.micronaut.core.reflect.ClassUtils -- Successfully loaded class io.micronaut.context.annotation.Prototype
    22:57:46.026 [default-nioEventLoopGroup-1-3] DEBUG io.micronaut.context.lifecycle -- Created bean [io.micronaut.data.runtime.intercept.DataIntroductionAdvice@70dc0a47] from definition [Definition: io.micronaut.data.runtime.intercept.DataIntroductionAdvice] with qualifier [null]
    22:57:46.026 [default-nioEventLoopGroup-1-3] DEBUG io.micronaut.context.DefaultBeanContext -- Found a registration BeanRegistration: io.micronaut.data.runtime.intercept.DataIntroductionAdvice@70dc0a47 for candidate: Definition: io.micronaut.data.runtime.intercept.DataIntroductionAdvice with qualifier: @InterceptorBinding(io.micronaut.data.annotation.Repository)
    22:57:46.026 [default-nioEventLoopGroup-1-3] DEBUG io.micronaut.context.DefaultBeanContext -- Found 1 bean registrations for type [@InterceptorBinding(io.micronaut.data.annotation.Repository) T]
    22:57:46.026 [default-nioEventLoopGroup-1-3] DEBUG io.micronaut.context.DefaultBeanContext --   Definition: io.micronaut.data.runtime.intercept.DataIntroductionAdvice null
    22:57:46.028 [default-nioEventLoopGroup-1-3] DEBUG io.micronaut.context.lifecycle -- Created bean [com.taskflow.repository.TaskRepository$Intercepted@3d7943b2] from definition [Definition: com.taskflow.repository.TaskRepository$Intercepted] with qualifier [null]
    22:57:46.029 [default-nioEventLoopGroup-1-3] DEBUG io.micronaut.context.DefaultBeanContext -- Resolving beans for type: @InterceptorBinding(io.micronaut.test.annotation.MockBean) @InterceptorBinding(io.micronaut.runtime.context.scope.ScopedProxy) io.micronaut.aop.Interceptor 
    22:57:46.029 [default-nioEventLoopGroup-1-3] DEBUG io.micronaut.context.lifecycle -- Created bean [com.taskflow.controller.$TaskControllerTest$TaskService0$Definition$Intercepted@27666fe] from definition [Definition: com.taskflow.controller.$TaskControllerTest$TaskService0$Definition$Intercepted] with qualifier [null]
    22:57:46.029 [default-nioEventLoopGroup-1-3] DEBUG io.micronaut.context.lifecycle -- Created bean [com.taskflow.controller.TaskController@742952cf] from definition [Definition: com.taskflow.controller.TaskController] with qualifier [null]
    22:57:46.030 [default-nioEventLoopGroup-1-3] DEBUG io.micronaut.context.DefaultBeanContext -- Finding candidate beans for type: PrimaryRepositoryOperations
    22:57:46.031 [default-nioEventLoopGroup-1-3] DEBUG io.micronaut.context.DefaultBeanContext -- Finding candidate beans for type: DataSource
    22:57:46.031 [default-nioEventLoopGroup-1-3] DEBUG io.micronaut.context.DefaultBeanContext -- Finding candidate beans for type: DatasourceConfiguration
    22:57:46.032 [default-nioEventLoopGroup-1-3] DEBUG io.micronaut.context.DefaultBeanContext --   class io.micronaut.configuration.jdbc.hikari.DatasourceConfiguration @Named('default') Definition: io.micronaut.configuration.jdbc.hikari.DatasourceConfiguration
    22:57:46.032 [default-nioEventLoopGroup-1-3] DEBUG io.micronaut.context.DefaultBeanContext --   interface javax.sql.DataSource @Named('default') Definition: io.micronaut.configuration.jdbc.hikari.DatasourceFactory
    22:57:46.033 [default-nioEventLoopGroup-1-3] DEBUG io.micronaut.context.DefaultBeanContext --   class io.micronaut.data.hibernate.operations.HibernateJpaOperations @Named('default') Definition: io.micronaut.data.hibernate.operations.HibernateJpaOperations
    22:57:46.033 [default-nioEventLoopGroup-1-3] DEBUG io.micronaut.context.DefaultBeanContext -- Found concrete candidate [Definition: io.micronaut.data.hibernate.operations.HibernateJpaOperations] for type: primaryRepositoryOperations 
    22:57:46.033 [default-nioEventLoopGroup-1-3] DEBUG io.micronaut.context.DefaultBeanContext -- Finding candidate beans for type: TransactionOperations transactionOperations
    22:57:46.033 [default-nioEventLoopGroup-1-3] DEBUG io.micronaut.context.DefaultBeanContext -- Finding candidate beans for type: DataSource
    22:57:46.033 [default-nioEventLoopGroup-1-3] DEBUG io.micronaut.context.DefaultBeanContext -- Finding candidate beans for type: DatasourceConfiguration
    22:57:46.033 [default-nioEventLoopGroup-1-3] DEBUG io.micronaut.context.DefaultBeanContext --   class io.micronaut.configuration.jdbc.hikari.DatasourceConfiguration @Named('default') Definition: io.micronaut.configuration.jdbc.hikari.DatasourceConfiguration
    22:57:46.034 [default-nioEventLoopGroup-1-3] DEBUG io.micronaut.context.DefaultBeanContext --   interface javax.sql.DataSource @Named('default') Definition: io.micronaut.configuration.jdbc.hikari.DatasourceFactory
    22:57:46.034 [default-nioEventLoopGroup-1-3] DEBUG io.micronaut.context.DefaultBeanContext --   class io.micronaut.transaction.hibernate.HibernateTransactionManager @Named('default') Definition: io.micronaut.transaction.hibernate.HibernateTransactionManager
    22:57:46.034 [default-nioEventLoopGroup-1-3] DEBUG io.micronaut.context.DefaultBeanContext -- Qualifying bean [transactionOperations] for qualifier: @Named('default') 
    22:57:46.034 [default-nioEventLoopGroup-1-3] DEBUG io.micronaut.context.DefaultBeanContext -- Found concrete candidate [Definition: io.micronaut.transaction.hibernate.HibernateTransactionManager] for type: @Named('default') transactionOperations 
    22:57:46.051 [default-nioEventLoopGroup-1-3] DEBUG io.micronaut.context.DefaultBeanContext -- Finding candidate beans for type: ExecutorService executorService
    22:57:46.052 [default-nioEventLoopGroup-1-3] DEBUG io.micronaut.context.DefaultBeanContext -- Finding candidate beans for type: EventLoopGroupConfiguration
    22:57:46.053 [default-nioEventLoopGroup-1-3] DEBUG io.micronaut.context.DefaultBeanContext --   class io.micronaut.http.server.netty.configuration.NettyHttpServerConfiguration$Worker @Named('netty-server-worker-event-loop') Definition: io.micronaut.http.server.netty.configuration.NettyHttpServerConfiguration$Worker
    22:57:46.053 [default-nioEventLoopGroup-1-3] DEBUG io.micronaut.context.DefaultBeanContext --   class io.micronaut.http.server.netty.configuration.NettyHttpServerConfiguration$Parent @Named('netty-server-parent-event-loop') Definition: io.micronaut.http.server.netty.configuration.NettyHttpServerConfiguration$Parent
    22:57:46.053 [default-nioEventLoopGroup-1-3] DEBUG io.micronaut.context.DefaultBeanContext -- Finding candidate beans for type: ExecutorConfiguration
    22:57:46.054 [default-nioEventLoopGroup-1-3] DEBUG io.micronaut.context.DefaultBeanContext --   interface io.micronaut.scheduling.executor.ExecutorConfiguration @Named('virtual') Definition: io.micronaut.scheduling.executor.IOExecutorServiceConfig
    22:57:46.054 [default-nioEventLoopGroup-1-3] DEBUG io.micronaut.context.DefaultBeanContext --   interface io.micronaut.scheduling.executor.ExecutorConfiguration @Named('scheduled') Definition: io.micronaut.scheduling.executor.ScheduledExecutorServiceConfig
    22:57:46.054 [default-nioEventLoopGroup-1-3] DEBUG io.micronaut.context.DefaultBeanContext --   interface io.micronaut.scheduling.executor.ExecutorConfiguration @Named('io') Definition: io.micronaut.scheduling.executor.IOExecutorServiceConfig
    22:57:46.054 [default-nioEventLoopGroup-1-3] DEBUG io.micronaut.context.DefaultBeanContext --   interface java.util.concurrent.ExecutorService @Named('io') Definition: io.micronaut.scheduling.executor.ExecutorFactory
    22:57:46.054 [default-nioEventLoopGroup-1-3] DEBUG io.micronaut.context.DefaultBeanContext --   interface java.util.concurrent.ExecutorService @Named('virtual') Definition: io.micronaut.scheduling.executor.ExecutorFactory
    22:57:46.054 [default-nioEventLoopGroup-1-3] DEBUG io.micronaut.context.DefaultBeanContext --   interface java.util.concurrent.ExecutorService @Named('blocking') Definition: io.micronaut.scheduling.executor.IOExecutorServiceConfig
    22:57:46.054 [default-nioEventLoopGroup-1-3] DEBUG io.micronaut.context.DefaultBeanContext --   interface io.netty.channel.EventLoopGroup @Named('netty-server-worker-event-loop') Definition: io.micronaut.http.netty.channel.DefaultEventLoopGroupRegistry
    22:57:46.054 [default-nioEventLoopGroup-1-3] DEBUG io.micronaut.context.DefaultBeanContext --   interface io.netty.channel.EventLoopGroup @Named('netty-server-parent-event-loop') Definition: io.micronaut.http.netty.channel.DefaultEventLoopGroupRegistry
    22:57:46.054 [default-nioEventLoopGroup-1-3] DEBUG io.micronaut.context.DefaultBeanContext --   interface java.util.concurrent.ExecutorService @Named('scheduled') Definition: io.micronaut.scheduling.executor.ExecutorFactory
    22:57:46.054 [default-nioEventLoopGroup-1-3] DEBUG io.micronaut.context.DefaultBeanContext -- Qualifying bean [executorService] for qualifier: @Named('io') 
    22:57:46.054 [default-nioEventLoopGroup-1-3] DEBUG io.micronaut.context.DefaultBeanContext -- Found concrete candidate [Definition: io.micronaut.scheduling.executor.ExecutorFactory] for type: @Named('io') executorService 
    22:57:46.054 [default-nioEventLoopGroup-1-3] DEBUG io.micronaut.context.DefaultBeanContext -- Finding candidate beans for type: ExecutorFactory
    22:57:46.054 [default-nioEventLoopGroup-1-3] DEBUG io.micronaut.context.DefaultBeanContext --   class io.micronaut.scheduling.executor.ExecutorFactory null Definition: io.micronaut.scheduling.executor.ExecutorFactory
    22:57:46.055 [default-nioEventLoopGroup-1-3] DEBUG io.micronaut.context.DefaultBeanContext -- Found concrete candidate [Definition: io.micronaut.scheduling.executor.ExecutorFactory] for type: executorFactory 
    22:57:46.055 [default-nioEventLoopGroup-1-3] DEBUG io.micronaut.context.DefaultBeanContext -- Finding candidate beans for type: ExecutorConfiguration executorConfiguration
    22:57:46.055 [default-nioEventLoopGroup-1-3] DEBUG io.micronaut.context.DefaultBeanContext --   interface io.micronaut.scheduling.executor.ExecutorConfiguration @Named('virtual') Definition: io.micronaut.scheduling.executor.IOExecutorServiceConfig
    22:57:46.055 [default-nioEventLoopGroup-1-3] DEBUG io.micronaut.context.DefaultBeanContext --   interface io.micronaut.scheduling.executor.ExecutorConfiguration @Named('scheduled') Definition: io.micronaut.scheduling.executor.ScheduledExecutorServiceConfig
    22:57:46.055 [default-nioEventLoopGroup-1-3] DEBUG io.micronaut.context.DefaultBeanContext --   interface io.micronaut.scheduling.executor.ExecutorConfiguration @Named('io') Definition: io.micronaut.scheduling.executor.IOExecutorServiceConfig
    22:57:46.055 [default-nioEventLoopGroup-1-3] DEBUG io.micronaut.context.DefaultBeanContext -- Qualifying bean [executorConfiguration] for qualifier: @Named('io') 
    22:57:46.055 [default-nioEventLoopGroup-1-3] DEBUG io.micronaut.context.DefaultBeanContext -- Found concrete candidate [Definition: io.micronaut.scheduling.executor.IOExecutorServiceConfig] for type: @Named('io') executorConfiguration 
    22:57:46.055 [default-nioEventLoopGroup-1-3] DEBUG io.micronaut.context.DefaultBeanContext -- Finding candidate beans for type: IOExecutorServiceConfig
    22:57:46.056 [default-nioEventLoopGroup-1-3] DEBUG io.micronaut.context.DefaultBeanContext --   class io.micronaut.scheduling.executor.IOExecutorServiceConfig null Definition: io.micronaut.scheduling.executor.IOExecutorServiceConfig
    22:57:46.057 [default-nioEventLoopGroup-1-3] DEBUG io.micronaut.context.DefaultBeanContext -- Found concrete candidate [Definition: io.micronaut.scheduling.executor.IOExecutorServiceConfig] for type: IOExecutorServiceConfig 
    22:57:46.057 [default-nioEventLoopGroup-1-3] DEBUG io.micronaut.context.lifecycle -- Created bean [io.micronaut.scheduling.executor.UserExecutorConfiguration@240fe3df] from definition [Definition: io.micronaut.scheduling.executor.IOExecutorServiceConfig] with qualifier [@Named('io')]
    22:57:46.057 [default-nioEventLoopGroup-1-3] DEBUG io.micronaut.context.DefaultBeanContext -- Finding candidate beans for type: ThreadFactory
    22:57:46.057 [default-nioEventLoopGroup-1-3] DEBUG io.micronaut.context.DefaultBeanContext -- Finding candidate beans for type: ExecutorConfiguration
    22:57:46.058 [default-nioEventLoopGroup-1-3] DEBUG io.micronaut.context.DefaultBeanContext --   interface io.micronaut.scheduling.executor.ExecutorConfiguration @Named('virtual') Definition: io.micronaut.scheduling.executor.IOExecutorServiceConfig
    22:57:46.058 [default-nioEventLoopGroup-1-3] DEBUG io.micronaut.context.DefaultBeanContext --   interface io.micronaut.scheduling.executor.ExecutorConfiguration @Named('scheduled') Definition: io.micronaut.scheduling.executor.ScheduledExecutorServiceConfig
    22:57:46.058 [default-nioEventLoopGroup-1-3] DEBUG io.micronaut.context.DefaultBeanContext --   interface io.micronaut.scheduling.executor.ExecutorConfiguration @Named('io') Definition: io.micronaut.scheduling.executor.IOExecutorServiceConfig
    22:57:46.058 [default-nioEventLoopGroup-1-3] DEBUG io.micronaut.context.DefaultBeanContext --   interface java.util.concurrent.ThreadFactory @Named('netty') Definition: io.micronaut.http.netty.channel.NettyThreadFactory
    22:57:46.058 [default-nioEventLoopGroup-1-3] DEBUG io.micronaut.context.DefaultBeanContext --   interface java.util.concurrent.ThreadFactory @Named('virtual') Definition: io.micronaut.scheduling.executor.ExecutorFactory
    22:57:46.058 [default-nioEventLoopGroup-1-3] DEBUG io.micronaut.context.DefaultBeanContext --   interface java.util.concurrent.ThreadFactory @Named('scheduled') Definition: io.micronaut.scheduling.executor.ExecutorFactory
    22:57:46.058 [default-nioEventLoopGroup-1-3] DEBUG io.micronaut.context.DefaultBeanContext --   interface java.util.concurrent.ThreadFactory @Named('io') Definition: io.micronaut.scheduling.executor.ExecutorFactory
    22:57:46.058 [default-nioEventLoopGroup-1-3] DEBUG io.micronaut.context.DefaultBeanContext --   interface java.util.concurrent.ThreadFactory null Definition: io.micronaut.scheduling.executor.DefaultThreadFactory
    22:57:46.058 [default-nioEventLoopGroup-1-3] DEBUG io.micronaut.context.DefaultBeanContext -- Qualifying bean [threadFactory] for qualifier: @Named('io') 
    22:57:46.058 [default-nioEventLoopGroup-1-3] DEBUG io.micronaut.context.DefaultBeanContext -- Found concrete candidate [Definition: io.micronaut.scheduling.executor.ExecutorFactory] for type: @Named('io') threadFactory 
    22:57:46.058 [default-nioEventLoopGroup-1-3] DEBUG io.micronaut.context.lifecycle -- Created bean [io.micronaut.scheduling.executor.NamedThreadFactory@4838055c] from definition [Definition: io.micronaut.scheduling.executor.ExecutorFactory] with qualifier [@Named('io')]
    22:57:46.058 [default-nioEventLoopGroup-1-3] DEBUG io.micronaut.context.lifecycle -- Created bean [io.micronaut.context.propagation.instrument.execution.ExecutorServiceInstrumenter$2@21c07084] from definition [Definition: io.micronaut.scheduling.executor.ExecutorFactory] with qualifier [@Named('io')]
    22:57:46.058 [default-nioEventLoopGroup-1-3] DEBUG io.micronaut.context.DefaultBeanContext -- Finding candidate beans for type: RuntimeEntityRegistry runtimeEntityRegistry
    22:57:46.059 [default-nioEventLoopGroup-1-3] DEBUG io.micronaut.context.DefaultBeanContext --   class io.micronaut.data.runtime.support.DefaultRuntimeEntityRegistry null Definition: io.micronaut.data.runtime.support.DefaultRuntimeEntityRegistry
    22:57:46.059 [default-nioEventLoopGroup-1-3] DEBUG io.micronaut.context.DefaultBeanContext -- Found concrete candidate [Definition: io.micronaut.data.runtime.support.DefaultRuntimeEntityRegistry] for type: runtimeEntityRegistry 
    22:57:46.059 [default-nioEventLoopGroup-1-3] DEBUG io.micronaut.context.lifecycle -- Created bean [io.micronaut.data.hibernate.operations.HibernateJpaOperations@29da8305] from definition [Definition: io.micronaut.data.hibernate.operations.HibernateJpaOperations] with qualifier [@Named('default')]
    22:57:46.066 [default-nioEventLoopGroup-1-3] DEBUG io.micronaut.core.reflect.ClassUtils -- Attempting to dynamically load class io.micronaut.core.async.publisher.Publishers
    22:57:46.067 [default-nioEventLoopGroup-1-3] DEBUG io.micronaut.core.reflect.ClassUtils -- Successfully loaded class io.micronaut.core.async.publisher.Publishers
    22:57:46.076 [default-nioEventLoopGroup-1-3] DEBUG io.micronaut.core.beans.DefaultBeanIntrospector -- Found BeanIntrospection for type: class com.taskflow.models.Task,
    22:57:46.081 [default-nioEventLoopGroup-1-3] DEBUG io.micronaut.context.lifecycle -- Created bean [io.micronaut.data.runtime.event.listeners.UUIDGeneratingEntityEventListener@4e10e9a7] from definition [Definition: io.micronaut.data.runtime.event.listeners.UUIDGeneratingEntityEventListener] with qualifier [null]
    22:57:46.082 [default-nioEventLoopGroup-1-3] DEBUG io.micronaut.context.lifecycle -- Created bean [io.micronaut.data.runtime.event.listeners.AnnotatedMethodInvokingEntityEventListener@7e779a7e] from definition [Definition: io.micronaut.data.runtime.event.listeners.AnnotatedMethodInvokingEntityEventListener] with qualifier [null]
    22:57:46.090 [default-nioEventLoopGroup-1-3] DEBUG org.hibernate.jpa.internal.util.FlushModeTypeHelper -- Interpreting Hibernate FlushMode#MANUAL to JPA FlushModeType#COMMIT; may cause problems if relying on FlushMode#MANUAL-specific behavior
    22:57:46.090 [default-nioEventLoopGroup-1-3] DEBUG io.micronaut.transaction.hibernate.HibernateTransactionManager -- Not preparing JDBC Connection of Hibernate Session [SessionImpl(880523036<open>)]
    22:57:46.090 [default-nioEventLoopGroup-1-3] DEBUG org.hibernate.engine.transaction.internal.TransactionImpl -- On TransactionImpl creation, JpaCompliance#isJpaTransactionComplianceEnabled == false
    22:57:46.090 [default-nioEventLoopGroup-1-3] DEBUG org.hibernate.engine.transaction.internal.TransactionImpl -- begin
    22:57:46.092 [default-nioEventLoopGroup-1-3] DEBUG io.micronaut.context.DefaultBeanContext -- Finding candidate beans for type: ConnectionOperations
    22:57:46.092 [default-nioEventLoopGroup-1-3] DEBUG io.micronaut.context.DefaultBeanContext -- Finding candidate beans for type: SessionFactory
    22:57:46.092 [default-nioEventLoopGroup-1-3] DEBUG io.micronaut.context.DefaultBeanContext -- Finding candidate beans for type: SessionFactoryBuilder
    22:57:46.093 [default-nioEventLoopGroup-1-3] DEBUG io.micronaut.context.DefaultBeanContext -- Finding candidate beans for type: Metadata
    22:57:46.093 [default-nioEventLoopGroup-1-3] DEBUG io.micronaut.context.DefaultBeanContext -- Finding candidate beans for type: MetadataSources
    22:57:46.093 [default-nioEventLoopGroup-1-3] DEBUG io.micronaut.context.DefaultBeanContext -- Finding candidate beans for type: ServiceRegistry
    22:57:46.093 [default-nioEventLoopGroup-1-3] DEBUG io.micronaut.context.DefaultBeanContext -- Finding candidate beans for type: DataSource
    22:57:46.093 [default-nioEventLoopGroup-1-3] DEBUG io.micronaut.context.DefaultBeanContext -- Finding candidate beans for type: DatasourceConfiguration
    22:57:46.093 [default-nioEventLoopGroup-1-3] DEBUG io.micronaut.context.DefaultBeanContext --   class io.micronaut.configuration.jdbc.hikari.DatasourceConfiguration @Named('default') Definition: io.micronaut.configuration.jdbc.hikari.DatasourceConfiguration
    22:57:46.094 [default-nioEventLoopGroup-1-3] DEBUG io.micronaut.context.DefaultBeanContext --   interface javax.sql.DataSource @Named('default') Definition: io.micronaut.configuration.jdbc.hikari.DatasourceFactory
    22:57:46.094 [default-nioEventLoopGroup-1-3] DEBUG io.micronaut.core.reflect.ClassUtils -- Attempting to dynamically load class org.hibernate.reactive.provider.ReactiveServiceRegistryBuilder
    22:57:46.095 [default-nioEventLoopGroup-1-3] DEBUG io.micronaut.core.reflect.ClassUtils -- Class org.hibernate.reactive.provider.ReactiveServiceRegistryBuilder is not present
    22:57:46.095 [default-nioEventLoopGroup-1-3] DEBUG io.micronaut.context.DefaultBeanContext --   interface org.hibernate.service.ServiceRegistry @Named('default') Definition: io.micronaut.configuration.hibernate.jpa.conf.SessionFactoryPerDataSourceFactory
    22:57:46.095 [default-nioEventLoopGroup-1-3] DEBUG io.micronaut.core.reflect.ClassUtils -- Attempting to dynamically load class org.hibernate.reactive.provider.ReactiveServiceRegistryBuilder
    22:57:46.095 [default-nioEventLoopGroup-1-3] DEBUG io.micronaut.core.reflect.ClassUtils -- Class org.hibernate.reactive.provider.ReactiveServiceRegistryBuilder is not present
    22:57:46.095 [default-nioEventLoopGroup-1-3] DEBUG io.micronaut.context.DefaultBeanContext --   class org.hibernate.boot.MetadataSources @Named('default') Definition: io.micronaut.configuration.hibernate.jpa.conf.SessionFactoryPerDataSourceFactory
    22:57:46.095 [default-nioEventLoopGroup-1-3] DEBUG io.micronaut.core.reflect.ClassUtils -- Attempting to dynamically load class org.hibernate.reactive.provider.ReactiveServiceRegistryBuilder
    22:57:46.096 [default-nioEventLoopGroup-1-3] DEBUG io.micronaut.core.reflect.ClassUtils -- Class org.hibernate.reactive.provider.ReactiveServiceRegistryBuilder is not present
    22:57:46.096 [default-nioEventLoopGroup-1-3] DEBUG io.micronaut.context.DefaultBeanContext --   interface org.hibernate.boot.Metadata @Named('default') Definition: io.micronaut.configuration.hibernate.jpa.conf.SessionFactoryPerDataSourceFactory
    22:57:46.096 [default-nioEventLoopGroup-1-3] DEBUG io.micronaut.core.reflect.ClassUtils -- Attempting to dynamically load class org.hibernate.reactive.provider.ReactiveServiceRegistryBuilder
    22:57:46.096 [default-nioEventLoopGroup-1-3] DEBUG io.micronaut.core.reflect.ClassUtils -- Class org.hibernate.reactive.provider.ReactiveServiceRegistryBuilder is not present
    22:57:46.096 [default-nioEventLoopGroup-1-3] DEBUG io.micronaut.context.DefaultBeanContext --   interface org.hibernate.boot.SessionFactoryBuilder @Named('default') Definition: io.micronaut.configuration.hibernate.jpa.conf.SessionFactoryPerDataSourceFactory
    22:57:46.096 [default-nioEventLoopGroup-1-3] DEBUG io.micronaut.core.reflect.ClassUtils -- Attempting to dynamically load class org.hibernate.reactive.provider.ReactiveServiceRegistryBuilder
    22:57:46.096 [default-nioEventLoopGroup-1-3] DEBUG io.micronaut.core.reflect.ClassUtils -- Class org.hibernate.reactive.provider.ReactiveServiceRegistryBuilder is not present
    22:57:46.097 [default-nioEventLoopGroup-1-3] DEBUG io.micronaut.context.DefaultBeanContext --   interface org.hibernate.SessionFactory @Named('default') Definition: io.micronaut.configuration.hibernate.jpa.conf.SessionFactoryPerDataSourceFactory
    22:57:46.097 [default-nioEventLoopGroup-1-3] DEBUG io.micronaut.context.DefaultBeanContext --   class io.micronaut.data.hibernate.connection.HibernateConnectionOperations @Named('default') Definition: io.micronaut.data.hibernate.connection.HibernateConnectionOperations
    22:57:46.097 [default-nioEventLoopGroup-1-3] DEBUG io.micronaut.context.DefaultBeanContext -- Qualifying bean [connectionOperations] for qualifier: @Named('default') 
    22:57:46.097 [default-nioEventLoopGroup-1-3] DEBUG io.micronaut.context.DefaultBeanContext -- Found concrete candidate [Definition: io.micronaut.data.hibernate.connection.HibernateConnectionOperations] for type: @Named('default') connectionOperations 
    22:57:46.099 [default-nioEventLoopGroup-1-3] DEBUG org.hibernate.orm.query.hql -- HQL : SELECT task_ FROM com.taskflow.models.Task AS task_
    22:57:46.257 [default-nioEventLoopGroup-1-3] DEBUG org.hibernate.query.hql.internal.SemanticQueryBuilder -- Handling root path - com.taskflow.models.Task
    22:57:46.276 [default-nioEventLoopGroup-1-3] DEBUG org.hibernate.orm.query.sqm.ast -- SqmStatement Tree :
        -> [select]
          -> [query-spec]
            -> [select]
              -> [selection]
                -> [root] - `com.taskflow.models.Task(task_)`
                <- [root] - `com.taskflow.models.Task(task_)`
              <- [selection]
            <- [select]
            -> [from]
              -> [root] - `com.taskflow.models.Task(task_)`
              <- [root] - `com.taskflow.models.Task(task_)`
            <- [from]
          <- [query-spec]
        <- [select]

    22:57:46.324 [default-nioEventLoopGroup-1-3] DEBUG org.hibernate.orm.sql.ast.create -- Created new SQL alias : t1_0
    22:57:46.324 [default-nioEventLoopGroup-1-3] DEBUG org.hibernate.orm.sql.ast.create -- Registration of TableGroup [StandardTableGroup(com.taskflow.models.Task(task_))] with identifierForTableGroup [com.taskflow.models.Task] for NavigablePath [com.taskflow.models.Task] 
    22:57:46.329 [default-nioEventLoopGroup-1-3] DEBUG org.hibernate.orm.sql.ast.create -- Registration of TableGroup [org.hibernate.sql.ast.tree.from.LazyTableGroup@7f51a562] with identifierForTableGroup [com.taskflow.models.Task.assignedTo] for NavigablePath [com.taskflow.models.Task.assignedTo] 
    22:57:46.329 [default-nioEventLoopGroup-1-3] DEBUG org.hibernate.orm.sql.ast.create -- Registration of TableGroup [org.hibernate.sql.ast.tree.from.LazyTableGroup@317bf2b7] with identifierForTableGroup [com.taskflow.models.Task.project] for NavigablePath [com.taskflow.models.Task.project] 
    22:57:46.332 [default-nioEventLoopGroup-1-3] DEBUG org.hibernate.orm.results.graph.AST -- DomainResult Graph:
     \-EntityResultImpl [com.taskflow.models.Task(task_)]
     |  +-EntityFetchSelectImpl [com.taskflow.models.Task(task_).assignedTo]
     |  +-DelayedCollectionFetch [com.taskflow.models.Task(task_).attachments]
     |  +-DelayedCollectionFetch [com.taskflow.models.Task(task_).comments]
     |  +-BasicFetch [com.taskflow.models.Task(task_).createdAt]
     |  +-BasicFetch [com.taskflow.models.Task(task_).description]
     |  +-BasicFetch [com.taskflow.models.Task(task_).dueDate]
     |  +-DelayedCollectionFetch [com.taskflow.models.Task(task_).labels]
     |  +-BasicFetch [com.taskflow.models.Task(task_).priority]
     |  +-CircularFetchImpl [com.taskflow.models.Task(task_).project]
     |  +-BasicFetch [com.taskflow.models.Task(task_).status]
     |  +-BasicFetch [com.taskflow.models.Task(task_).title]
     |  \-BasicFetch [com.taskflow.models.Task(task_).updatedAt]

    22:57:46.332 [default-nioEventLoopGroup-1-3] DEBUG org.hibernate.orm.sql.ast.tree -- SQL AST Tree:
        SelectStatement {
          FromClause {
            StandardTableGroup (t1 : com.taskflow.models.Task(task_)) {
              primaryTableReference : tasks as t1_0
              TableGroupJoins {
                left  join LazyTableGroup (a1 : com.taskflow.models.Task(task_).assignedTo) {
                }
                left  join LazyTableGroup (p1 : com.taskflow.models.Task(task_).project) {
                }
              }
            }
          }
        }

    22:57:46.346 [default-nioEventLoopGroup-1-3] DEBUG org.hibernate.orm.sql.exec -- Skipping reading Query result cache data: cache-enabled = false, cache-mode = NORMAL
    22:57:46.360 [default-nioEventLoopGroup-1-3] DEBUG org.hibernate.orm.results -- Initializer list:
    	  com.taskflow.models.Task(task_).project -> EntitySelectFetchInitializer(com.taskflow.models.Task(task_).project)@652779161 (ToOneAttributeMapping(NavigableRole[com.taskflow.models.Task.project])@701923702)
    	  com.taskflow.models.Task(task_).attachments -> DelayedCollectionInitializer(com.taskflow.models.Task(task_).attachments)@1115028960 (PluralAttribute(com.taskflow.models.Task.attachments))
    	  com.taskflow.models.Task(task_).comments -> DelayedCollectionInitializer(com.taskflow.models.Task(task_).comments)@1390482016 (PluralAttribute(com.taskflow.models.Task.comments))
    	  com.taskflow.models.Task(task_).assignedTo -> EntitySelectFetchInitializer(com.taskflow.models.Task(task_).assignedTo)@1599214674 (ToOneAttributeMapping(NavigableRole[com.taskflow.models.Task.assignedTo])@1108534271)
    	  com.taskflow.models.Task(task_) -> EntityResultInitializer(com.taskflow.models.Task(task_))@803572896 (SingleTableEntityPersister(com.taskflow.models.Task))
    	  com.taskflow.models.Task(task_).labels -> DelayedCollectionInitializer(com.taskflow.models.Task(task_).labels)@1968040238 (PluralAttribute(com.taskflow.models.Task.labels))

    22:57:46.363 [default-nioEventLoopGroup-1-3] DEBUG org.hibernate.SQL -- 
        select
            t1_0.id,
            t1_0.assigned_to,
            t1_0.created_at,
            t1_0.description,
            t1_0.due_date,
            t1_0.priority,
            t1_0.project_id,
            t1_0.status,
            t1_0.title,
            t1_0.updated_at 
        from
            tasks t1_0
    Hibernate: 
        select
            t1_0.id,
            t1_0.assigned_to,
            t1_0.created_at,
            t1_0.description,
            t1_0.due_date,
            t1_0.priority,
            t1_0.project_id,
            t1_0.status,
            t1_0.title,
            t1_0.updated_at 
        from
            tasks t1_0
    22:57:46.368 [default-nioEventLoopGroup-1-3] DEBUG io.micronaut.transaction.hibernate.HibernateTransactionManager -- Committing Hibernate transaction on Session [SessionImpl(880523036<open>)]
    22:57:46.368 [default-nioEventLoopGroup-1-3] DEBUG org.hibernate.engine.transaction.internal.TransactionImpl -- committing
    22:57:46.369 [default-nioEventLoopGroup-1-3] DEBUG org.hibernate.resource.jdbc.internal.LogicalConnectionManagedImpl -- Initiating JDBC connection release from afterTransaction
    22:57:46.370 [default-nioEventLoopGroup-1-3] DEBUG org.hibernate.resource.jdbc.internal.LogicalConnectionManagedImpl -- Initiating JDBC connection release from afterTransaction
    22:57:46.384 [default-nioEventLoopGroup-1-3] DEBUG io.micronaut.context.DefaultBeanContext -- Resolving beans for type: <HttpRequestTerminatedEvent> io.micronaut.context.event.ApplicationEventListener 
    22:57:46.385 [default-nioEventLoopGroup-1-3] DEBUG io.micronaut.context.lifecycle -- Created bean [io.micronaut.runtime.http.scope.RequestCustomScope@20413402] from definition [Definition: io.micronaut.runtime.http.scope.RequestCustomScope] with qualifier [null]
    22:57:46.385 [default-nioEventLoopGroup-1-3] DEBUG io.micronaut.context.DefaultBeanContext -- Found a registration BeanRegistration: io.micronaut.runtime.http.scope.RequestCustomScope@20413402 for candidate: Definition: io.micronaut.runtime.http.scope.RequestCustomScope with qualifier: <HttpRequestTerminatedEvent>
    22:57:46.385 [default-nioEventLoopGroup-1-3] DEBUG io.micronaut.context.event.ApplicationEventPublisher -- Publishing event: io.micronaut.http.context.event.HttpRequestTerminatedEvent[source=GET /tasks]
    22:57:46.385 [default-nioEventLoopGroup-1-3] DEBUG io.micronaut.http.server.netty.RoutingInBoundHandler -- Response 200 - GET /tasks
    22:57:46.392 [default-nioEventLoopGroup-1-2] DEBUG io.micronaut.context.DefaultBeanContext -- Finding candidate beans for type: MessageBodyReader
    22:57:46.393 [default-nioEventLoopGroup-1-2] DEBUG io.micronaut.context.DefaultBeanContext -- Bean [class io.micronaut.http.netty.body.NettyJsonHandler] replaces existing bean of type [class io.micronaut.json.body.JsonMessageHandler]
    22:57:46.393 [default-nioEventLoopGroup-1-2] DEBUG io.micronaut.context.DefaultBeanContext --   class io.micronaut.http.netty.body.NettyJsonHandler null Definition: io.micronaut.http.netty.body.NettyJsonHandler
    22:57:46.393 [default-nioEventLoopGroup-1-2] DEBUG io.micronaut.context.DefaultBeanContext --   class io.micronaut.http.netty.body.NettyJsonStreamHandler null Definition: io.micronaut.http.netty.body.NettyJsonStreamHandler
    22:57:46.419 [Test worker] DEBUG io.micronaut.transaction.hibernate.HibernateTransactionManager -- Rolling back Hibernate transaction on Session [SessionImpl(2009931623<open>)]
    22:57:46.420 [Test worker] DEBUG org.hibernate.engine.transaction.internal.TransactionImpl -- rolling back
    22:57:46.420 [Test worker] DEBUG org.hibernate.resource.jdbc.internal.LogicalConnectionManagedImpl -- Initiating JDBC connection release from afterTransaction
    22:57:46.420 [Test worker] DEBUG org.hibernate.resource.jdbc.internal.LogicalConnectionManagedImpl -- Initiating JDBC connection release from afterTransaction

TaskControllerTest > listTasks should return all tasks() FAILED
    org.opentest4j.AssertionFailedError: expected: <2> but was: <0>
        at app//org.junit.jupiter.api.AssertionFailureBuilder.build(AssertionFailureBuilder.java:151)
        at app//org.junit.jupiter.api.AssertionFailureBuilder.buildAndThrow(AssertionFailureBuilder.java:132)
        at app//org.junit.jupiter.api.AssertEquals.failNotEqual(AssertEquals.java:197)
        at app//org.junit.jupiter.api.AssertEquals.assertEquals(AssertEquals.java:182)
        at app//org.junit.jupiter.api.Assertions.assertEquals(Assertions.java:1156)
        at app//kotlin.test.junit5.JUnit5Asserter.assertEquals(JUnitSupport.kt:32)
        at app//kotlin.test.AssertionsKt__AssertionsKt.assertEquals(Assertions.kt:63)
        at app//kotlin.test.AssertionsKt.assertEquals(Unknown Source)
        at app//kotlin.test.AssertionsKt__AssertionsKt.assertEquals$default(Assertions.kt:62)
        at app//kotlin.test.AssertionsKt.assertEquals$default(Unknown Source)
        at app//com.taskflow.controller.TaskControllerTest.listTasks should return all tasks(TaskControllerTest.kt:49)

TaskControllerTest > createTask should return 201 created() STANDARD_OUT
    22:57:46.439 [Test worker] DEBUG io.micronaut.context.DefaultBeanContext -- Finding candidate beans for instance: com.taskflow.controller.TaskControllerTest@1c10eb3a
    22:57:46.439 [Test worker] DEBUG io.micronaut.context.DefaultBeanContext -- Finding candidate beans for type: HttpClient client
    22:57:46.440 [Test worker] DEBUG io.micronaut.context.DefaultBeanContext --   class io.micronaut.http.client.netty.DefaultHttpClient null Definition: io.micronaut.http.client.netty.DefaultNettyHttpClientRegistry
    22:57:46.440 [Test worker] DEBUG io.micronaut.context.DefaultBeanContext -- Found concrete candidate [Definition: io.micronaut.http.client.netty.DefaultNettyHttpClientRegistry] for type: client 
    22:57:46.440 [Test worker] DEBUG io.micronaut.context.DefaultBeanContext -- Finding candidate beans for type: DefaultNettyHttpClientRegistry
    22:57:46.440 [Test worker] DEBUG io.micronaut.context.DefaultBeanContext --   class io.micronaut.http.client.netty.DefaultNettyHttpClientRegistry null Definition: io.micronaut.http.client.netty.DefaultNettyHttpClientRegistry
    22:57:46.440 [Test worker] DEBUG io.micronaut.context.DefaultBeanContext -- Found concrete candidate [Definition: io.micronaut.http.client.netty.DefaultNettyHttpClientRegistry] for type: defaultNettyHttpClientRegistry 
    22:57:46.440 [Test worker] DEBUG io.micronaut.context.lifecycle -- Created bean [io.micronaut.http.client.netty.DefaultHttpClient@37dc7661] from definition [Definition: io.micronaut.http.client.netty.DefaultNettyHttpClientRegistry] with qualifier [null]
    22:57:46.441 [Test worker] DEBUG io.micronaut.context.DefaultBeanContext -- Resolving beans for type: @InterceptorBinding(io.micronaut.data.annotation.Repository) io.micronaut.aop.Interceptor 
    22:57:46.441 [Test worker] DEBUG io.micronaut.core.reflect.ClassUtils -- Attempting to dynamically load class io.micronaut.context.annotation.Prototype
    22:57:46.441 [Test worker] DEBUG io.micronaut.core.reflect.ClassUtils -- Successfully loaded class io.micronaut.context.annotation.Prototype
    22:57:46.441 [Test worker] DEBUG io.micronaut.context.lifecycle -- Created bean [io.micronaut.data.runtime.intercept.DataIntroductionAdvice@49f32bcb] from definition [Definition: io.micronaut.data.runtime.intercept.DataIntroductionAdvice] with qualifier [null]
    22:57:46.441 [Test worker] DEBUG io.micronaut.context.DefaultBeanContext -- Found a registration BeanRegistration: io.micronaut.data.runtime.intercept.DataIntroductionAdvice@49f32bcb for candidate: Definition: io.micronaut.data.runtime.intercept.DataIntroductionAdvice with qualifier: @InterceptorBinding(io.micronaut.data.annotation.Repository)
    22:57:46.441 [Test worker] DEBUG io.micronaut.context.DefaultBeanContext -- Found 1 bean registrations for type [@InterceptorBinding(io.micronaut.data.annotation.Repository) T]
    22:57:46.441 [Test worker] DEBUG io.micronaut.context.DefaultBeanContext --   Definition: io.micronaut.data.runtime.intercept.DataIntroductionAdvice null
    22:57:46.443 [Test worker] DEBUG io.micronaut.context.lifecycle -- Created bean [com.taskflow.repository.TaskRepository$Intercepted@1af29a19] from definition [Definition: com.taskflow.repository.TaskRepository$Intercepted] with qualifier [null]
    22:57:46.443 [Test worker] DEBUG io.micronaut.context.DefaultBeanContext -- Resolving beans for type: @InterceptorBinding(io.micronaut.test.annotation.MockBean) @InterceptorBinding(io.micronaut.runtime.context.scope.ScopedProxy) io.micronaut.aop.Interceptor 
    22:57:46.444 [Test worker] DEBUG io.micronaut.context.lifecycle -- Created bean [com.taskflow.controller.$TaskControllerTest$TaskService0$Definition$Intercepted@38624a3a] from definition [Definition: com.taskflow.controller.$TaskControllerTest$TaskService0$Definition$Intercepted] with qualifier [null]
    22:57:46.444 [Test worker] DEBUG io.micronaut.core.reflect.ClassUtils -- Attempting to dynamically load class io.micronaut.runtime.context.scope.Refreshable
    22:57:46.444 [Test worker] DEBUG io.micronaut.core.reflect.ClassUtils -- Successfully loaded class io.micronaut.runtime.context.scope.Refreshable
    22:57:46.444 [Test worker] DEBUG io.mockk.impl.instantiation.AbstractMockFactory -- Creating mockk for TaskService name=#3
    22:57:46.444 [Test worker] DEBUG io.micronaut.context.lifecycle -- Created bean [TaskService(#3)] from definition [Definition: com.taskflow.controller.TaskControllerTest] with qualifier [null]
    22:57:46.445 [Test worker] DEBUG org.hibernate.engine.transaction.internal.TransactionImpl -- On TransactionImpl creation, JpaCompliance#isJpaTransactionComplianceEnabled == false
    22:57:46.445 [Test worker] DEBUG org.hibernate.engine.transaction.internal.TransactionImpl -- begin
    22:57:46.535 [Test worker] DEBUG io.mockk.impl.instantiation.AbstractMockFactory -- Creating mockk for Task name=child of #3#4
    22:57:46.543 [Test worker] DEBUG io.micronaut.core.beans.DefaultBeanIntrospector -- Found BeanIntrospection for type: class com.taskflow.models.Comment,
    22:57:46.543 [Test worker] DEBUG io.micronaut.jackson.modules.BeanIntrospectionModule -- Updating 5 properties with BeanIntrospection data for type: class com.taskflow.models.Comment
    22:57:46.547 [Test worker] DEBUG io.micronaut.core.beans.DefaultBeanIntrospector -- Found BeanIntrospection for type: class com.taskflow.models.Attachment,
    22:57:46.547 [Test worker] DEBUG io.micronaut.jackson.modules.BeanIntrospectionModule -- Updating 4 properties with BeanIntrospection data for type: class com.taskflow.models.Attachment
    22:57:46.553 [Test worker] DEBUG io.micronaut.core.beans.DefaultBeanIntrospector -- Found BeanIntrospection for type: class com.taskflow.models.Label,
    22:57:46.553 [Test worker] DEBUG io.micronaut.jackson.modules.BeanIntrospectionModule -- Updating 4 properties with BeanIntrospection data for type: class com.taskflow.models.Label
    22:57:46.554 [Test worker] DEBUG io.micronaut.http.client.netty.DefaultHttpClient -- Sending HTTP POST to http://localhost:8080/tasks
    22:57:46.556 [default-nioEventLoopGroup-1-3] DEBUG io.micronaut.http.server.netty.NettyRequestLifecycle -- Request POST /tasks
    22:57:46.565 [default-nioEventLoopGroup-1-3] DEBUG io.micronaut.core.beans.DefaultBeanIntrospector -- No BeanIntrospection found for bean type: interface jakarta.validation.groups.Default
    22:57:46.570 [default-nioEventLoopGroup-1-3] DEBUG io.micronaut.context.DefaultBeanContext -- Finding candidate beans for type: ExceptionHandler
    22:57:46.575 [default-nioEventLoopGroup-1-3] DEBUG io.micronaut.context.DefaultBeanContext --   class io.micronaut.validation.exceptions.ConstraintExceptionHandler null Definition: io.micronaut.validation.exceptions.ConstraintExceptionHandler
    22:57:46.575 [default-nioEventLoopGroup-1-3] DEBUG io.micronaut.context.DefaultBeanContext --   class io.micronaut.http.server.exceptions.URISyntaxHandler null Definition: io.micronaut.http.server.exceptions.URISyntaxHandler
    22:57:46.575 [default-nioEventLoopGroup-1-3] DEBUG io.micronaut.context.DefaultBeanContext --   class io.micronaut.http.server.exceptions.UnsatisfiedRouteHandler null Definition: io.micronaut.http.server.exceptions.UnsatisfiedRouteHandler
    22:57:46.575 [default-nioEventLoopGroup-1-3] DEBUG io.micronaut.context.DefaultBeanContext --   class io.micronaut.http.server.exceptions.ContentLengthExceededHandler null Definition: io.micronaut.http.server.exceptions.ContentLengthExceededHandler
    22:57:46.575 [default-nioEventLoopGroup-1-3] DEBUG io.micronaut.context.DefaultBeanContext --   class io.micronaut.http.server.exceptions.DuplicateRouteHandler null Definition: io.micronaut.http.server.exceptions.DuplicateRouteHandler
    22:57:46.575 [default-nioEventLoopGroup-1-3] DEBUG io.micronaut.context.DefaultBeanContext --   class io.micronaut.http.server.exceptions.HttpStatusHandler null Definition: io.micronaut.http.server.exceptions.HttpStatusHandler
    22:57:46.575 [default-nioEventLoopGroup-1-3] DEBUG io.micronaut.context.DefaultBeanContext --   class io.micronaut.http.server.exceptions.ConversionErrorHandler null Definition: io.micronaut.http.server.exceptions.ConversionErrorHandler
    22:57:46.575 [default-nioEventLoopGroup-1-3] DEBUG io.micronaut.context.DefaultBeanContext --   class io.micronaut.http.server.exceptions.JacksonExceptionHandler null Definition: io.micronaut.http.server.exceptions.JacksonExceptionHandler
    22:57:46.575 [default-nioEventLoopGroup-1-3] DEBUG io.micronaut.context.DefaultBeanContext --   class io.micronaut.http.server.exceptions.JsonExceptionHandler null Definition: io.micronaut.http.server.exceptions.JsonExceptionHandler
    22:57:46.575 [default-nioEventLoopGroup-1-3] DEBUG io.micronaut.context.DefaultBeanContext --   class io.micronaut.http.server.exceptions.UnsatisfiedArgumentHandler null Definition: io.micronaut.http.server.exceptions.UnsatisfiedArgumentHandler
    22:57:46.575 [default-nioEventLoopGroup-1-3] DEBUG io.micronaut.context.DefaultBeanContext -- Qualifying bean [exceptionHandler] for qualifier: io.micronaut.inject.qualifiers.ClosestTypeArgumentQualifier@281b4238 
    22:57:46.578 [default-nioEventLoopGroup-1-3] DEBUG io.micronaut.context.DefaultBeanContext -- Found concrete candidate [Definition: io.micronaut.http.server.exceptions.ConversionErrorHandler] for type: io.micronaut.inject.qualifiers.ClosestTypeArgumentQualifier@281b4238 exceptionHandler 
    22:57:46.580 [default-nioEventLoopGroup-1-3] DEBUG io.micronaut.context.DefaultBeanContext -- Finding candidate beans for type: ErrorResponseProcessor responseProcessor
    22:57:46.581 [default-nioEventLoopGroup-1-3] DEBUG io.micronaut.context.DefaultBeanContext --   class io.micronaut.http.server.exceptions.response.HateoasErrorResponseProcessor @Secondary Definition: io.micronaut.http.server.exceptions.response.HateoasErrorResponseProcessor
    22:57:46.581 [default-nioEventLoopGroup-1-3] DEBUG io.micronaut.context.DefaultBeanContext -- Found concrete candidate [Definition: io.micronaut.http.server.exceptions.response.HateoasErrorResponseProcessor] for type: responseProcessor 
    22:57:46.581 [default-nioEventLoopGroup-1-3] DEBUG io.micronaut.context.lifecycle -- Created bean [io.micronaut.http.server.exceptions.ConversionErrorHandler@55fdcfce] from definition [Definition: io.micronaut.http.server.exceptions.ConversionErrorHandler] with qualifier [null]
    22:57:46.708 [default-nioEventLoopGroup-1-3] DEBUG io.micronaut.core.beans.DefaultBeanIntrospector -- Found BeanIntrospection for type: class io.micronaut.http.hateoas.JsonError,
    22:57:46.709 [default-nioEventLoopGroup-1-3] DEBUG io.micronaut.jackson.modules.BeanIntrospectionModule -- Updating 5 properties with BeanIntrospection data for type: class io.micronaut.http.hateoas.JsonError
    22:57:46.746 [default-nioEventLoopGroup-1-3] DEBUG io.micronaut.core.beans.DefaultBeanIntrospector -- Found BeanIntrospection for type: class io.micronaut.http.hateoas.DefaultLink,
    22:57:46.748 [default-nioEventLoopGroup-1-3] DEBUG io.micronaut.jackson.modules.BeanIntrospectionModule -- Updating 8 properties with BeanIntrospection data for type: class io.micronaut.http.hateoas.DefaultLink
    22:57:46.750 [default-nioEventLoopGroup-1-3] DEBUG io.micronaut.context.event.ApplicationEventPublisher -- Publishing event: io.micronaut.http.context.event.HttpRequestTerminatedEvent[source=POST /tasks]
    22:57:46.750 [default-nioEventLoopGroup-1-3] DEBUG io.micronaut.http.server.netty.RoutingInBoundHandler -- Response 400 - POST /tasks
    22:57:46.752 [default-nioEventLoopGroup-1-2] DEBUG io.micronaut.context.DefaultBeanContext -- Finding candidate beans for type: MessageBodyReader
    22:57:46.753 [default-nioEventLoopGroup-1-2] DEBUG io.micronaut.context.DefaultBeanContext -- Bean [class io.micronaut.http.netty.body.NettyJsonHandler] replaces existing bean of type [class io.micronaut.json.body.JsonMessageHandler]
    22:57:46.753 [default-nioEventLoopGroup-1-2] DEBUG io.micronaut.context.DefaultBeanContext --   class io.micronaut.http.netty.body.NettyJsonHandler null Definition: io.micronaut.http.netty.body.NettyJsonHandler
    22:57:46.753 [default-nioEventLoopGroup-1-2] DEBUG io.micronaut.context.DefaultBeanContext --   class io.micronaut.http.netty.body.NettyJsonStreamHandler null Definition: io.micronaut.http.netty.body.NettyJsonStreamHandler
    22:57:46.756 [default-nioEventLoopGroup-1-2] DEBUG io.micronaut.core.beans.DefaultBeanIntrospector -- Found BeanIntrospection for type: class io.micronaut.http.hateoas.JsonError,
    22:57:46.767 [default-nioEventLoopGroup-1-2] DEBUG io.micronaut.core.beans.DefaultBeanIntrospector -- Found BeanIntrospection for type: class io.micronaut.http.hateoas.GenericResource,
    22:57:46.790 [Test worker] DEBUG io.micronaut.transaction.hibernate.HibernateTransactionManager -- Rolling back Hibernate transaction on Session [SessionImpl(391010601<open>)]
    22:57:46.791 [Test worker] DEBUG org.hibernate.engine.transaction.internal.TransactionImpl -- rolling back
    22:57:46.791 [Test worker] DEBUG org.hibernate.resource.jdbc.internal.LogicalConnectionManagedImpl -- Initiating JDBC connection release from afterTransaction
    22:57:46.791 [Test worker] DEBUG org.hibernate.resource.jdbc.internal.LogicalConnectionManagedImpl -- Initiating JDBC connection release from afterTransaction

TaskControllerTest > createTask should return 201 created() FAILED
    org.opentest4j.AssertionFailedError: Request failed with status BAD_REQUEST: Bad Request. Body: null
        at app//org.junit.jupiter.api.AssertionUtils.fail(AssertionUtils.java:38)
        at app//org.junit.jupiter.api.Assertions.fail(Assertions.java:138)
        at app//kotlin.test.junit5.JUnit5Asserter.fail(JUnitSupport.kt:56)
        at app//kotlin.test.AssertionsKt__AssertionsKt.fail(Assertions.kt:520)
        at app//kotlin.test.AssertionsKt.fail(Unknown Source)
        at app//com.taskflow.controller.TaskControllerTest.createTask should return 201 created(TaskControllerTest.kt:100)

TaskControllerTest > deleteTask should return 204 no content() STANDARD_OUT
    22:57:46.796 [Test worker] DEBUG io.micronaut.context.DefaultBeanContext -- Finding candidate beans for instance: com.taskflow.controller.TaskControllerTest@758e6acd
    22:57:46.797 [Test worker] DEBUG io.micronaut.context.lifecycle -- Created bean [io.micronaut.http.client.netty.DefaultHttpClient@37dc7661] from definition [Definition: io.micronaut.http.client.netty.DefaultNettyHttpClientRegistry] with qualifier [null]
    22:57:46.797 [Test worker] DEBUG io.micronaut.context.DefaultBeanContext -- Resolving beans for type: @InterceptorBinding(io.micronaut.data.annotation.Repository) io.micronaut.aop.Interceptor 
    22:57:46.798 [Test worker] DEBUG io.micronaut.core.reflect.ClassUtils -- Attempting to dynamically load class io.micronaut.context.annotation.Prototype
    22:57:46.798 [Test worker] DEBUG io.micronaut.core.reflect.ClassUtils -- Successfully loaded class io.micronaut.context.annotation.Prototype
    22:57:46.798 [Test worker] DEBUG io.micronaut.context.lifecycle -- Created bean [io.micronaut.data.runtime.intercept.DataIntroductionAdvice@10ecf244] from definition [Definition: io.micronaut.data.runtime.intercept.DataIntroductionAdvice] with qualifier [null]
    22:57:46.798 [Test worker] DEBUG io.micronaut.context.DefaultBeanContext -- Found a registration BeanRegistration: io.micronaut.data.runtime.intercept.DataIntroductionAdvice@10ecf244 for candidate: Definition: io.micronaut.data.runtime.intercept.DataIntroductionAdvice with qualifier: @InterceptorBinding(io.micronaut.data.annotation.Repository)
    22:57:46.798 [Test worker] DEBUG io.micronaut.context.DefaultBeanContext -- Found 1 bean registrations for type [@InterceptorBinding(io.micronaut.data.annotation.Repository) T]
    22:57:46.798 [Test worker] DEBUG io.micronaut.context.DefaultBeanContext --   Definition: io.micronaut.data.runtime.intercept.DataIntroductionAdvice null
    22:57:46.800 [Test worker] DEBUG io.micronaut.context.lifecycle -- Created bean [com.taskflow.repository.TaskRepository$Intercepted@28592982] from definition [Definition: com.taskflow.repository.TaskRepository$Intercepted] with qualifier [null]
    22:57:46.800 [Test worker] DEBUG io.micronaut.context.DefaultBeanContext -- Resolving beans for type: @InterceptorBinding(io.micronaut.test.annotation.MockBean) @InterceptorBinding(io.micronaut.runtime.context.scope.ScopedProxy) io.micronaut.aop.Interceptor 
    22:57:46.800 [Test worker] DEBUG io.micronaut.context.lifecycle -- Created bean [com.taskflow.controller.$TaskControllerTest$TaskService0$Definition$Intercepted@caee26e] from definition [Definition: com.taskflow.controller.$TaskControllerTest$TaskService0$Definition$Intercepted] with qualifier [null]
    22:57:46.800 [Test worker] DEBUG io.micronaut.core.reflect.ClassUtils -- Attempting to dynamically load class io.micronaut.runtime.context.scope.Refreshable
    22:57:46.800 [Test worker] DEBUG io.micronaut.core.reflect.ClassUtils -- Successfully loaded class io.micronaut.runtime.context.scope.Refreshable
    22:57:46.800 [Test worker] DEBUG io.mockk.impl.instantiation.AbstractMockFactory -- Creating mockk for TaskService name=#5
    22:57:46.800 [Test worker] DEBUG io.micronaut.context.lifecycle -- Created bean [TaskService(#5)] from definition [Definition: com.taskflow.controller.TaskControllerTest] with qualifier [null]
    22:57:46.802 [Test worker] DEBUG org.hibernate.engine.transaction.internal.TransactionImpl -- On TransactionImpl creation, JpaCompliance#isJpaTransactionComplianceEnabled == false
    22:57:46.802 [Test worker] DEBUG org.hibernate.engine.transaction.internal.TransactionImpl -- begin
    22:57:46.828 [Test worker] DEBUG io.mockk.impl.instantiation.AbstractMockFactory -- Creating mockk for Unit name=child of #5#6
    22:57:46.831 [Test worker] DEBUG io.micronaut.http.client.netty.DefaultHttpClient -- Sending HTTP DELETE to http://localhost:8080/tasks/1
    22:57:46.832 [default-nioEventLoopGroup-1-3] DEBUG io.micronaut.http.server.netty.NettyRequestLifecycle -- Request DELETE /tasks/1
    22:57:46.837 [default-nioEventLoopGroup-1-3] DEBUG org.hibernate.engine.transaction.internal.TransactionImpl -- On TransactionImpl creation, JpaCompliance#isJpaTransactionComplianceEnabled == false
    22:57:46.837 [default-nioEventLoopGroup-1-3] DEBUG org.hibernate.engine.transaction.internal.TransactionImpl -- begin
    22:57:46.837 [default-nioEventLoopGroup-1-3] DEBUG org.hibernate.orm.query.hql -- HQL : DELETE com.taskflow.models.Task  AS task_ WHERE (task_.id = :p1)
    22:57:46.859 [default-nioEventLoopGroup-1-3] DEBUG org.hibernate.orm.query.hql.reservedWordAsIdentifier -- Encountered use of reserved word as identifier : =
    22:57:46.865 [default-nioEventLoopGroup-1-3] DEBUG org.hibernate.orm.query.sqm.creation -- Applying inferable type to SqmExpression [SqmNamedParameter(p1)] : null -> BasicSqmPathSource(id : Long)
    22:57:46.866 [default-nioEventLoopGroup-1-3] DEBUG org.hibernate.orm.query.sqm.ast -- SqmStatement Tree :
        -> [delete]
          [target = com.taskflow.models.Task(task_)]
          -> [where]
            -> [grouped]
                -> [EQUAL]
                    -> [basic-path] - `com.taskflow.models.Task(task_).id`
                    :p1
                <- [EQUAL]
            <- [grouped]
          <- [where]
        <- [delete]

    22:57:46.871 [default-nioEventLoopGroup-1-3] DEBUG org.hibernate.orm.sql.ast.create -- Created new SQL alias : t1_0
    22:57:46.871 [default-nioEventLoopGroup-1-3] DEBUG org.hibernate.orm.sql.ast.create -- Registration of TableGroup [StandardTableGroup(com.taskflow.models.Task(task_))] with identifierForTableGroup [com.taskflow.models.Task] for NavigablePath [com.taskflow.models.Task] 
    22:57:46.874 [default-nioEventLoopGroup-1-3] DEBUG org.hibernate.query.sqm.sql.BaseSqmToSqlAstConverter -- Determining mapping-model type for SqmParameter : SqmNamedParameter(p1)
    22:57:46.875 [default-nioEventLoopGroup-1-3] DEBUG org.hibernate.query.sqm.sql.BaseSqmToSqlAstConverter -- Determining mapping-model type for SqmPath : SqmBasicValuedSimplePath(com.taskflow.models.Task(task_).id) 
    22:57:46.884 [default-nioEventLoopGroup-1-3] DEBUG org.hibernate.SQL -- 
        delete 
        from
            task_labels 
        where
            task_id in(select
                t1_0.id 
            from
                tasks t1_0 
            where
                (t1_0.id=?))
    Hibernate: 
        delete 
        from
            task_labels 
        where
            task_id in(select
                t1_0.id 
            from
                tasks t1_0 
            where
                (t1_0.id=?))
    22:57:46.886 [default-nioEventLoopGroup-1-3] DEBUG org.hibernate.SQL -- 
        delete 
        from
            tasks 
        where
            (
                id=?
            )
    Hibernate: 
        delete 
        from
            tasks 
        where
            (
                id=?
            )
    22:57:46.887 [default-nioEventLoopGroup-1-3] DEBUG io.micronaut.transaction.hibernate.HibernateTransactionManager -- Committing Hibernate transaction on Session [SessionImpl(1469686770<open>)]
    22:57:46.887 [default-nioEventLoopGroup-1-3] DEBUG org.hibernate.engine.transaction.internal.TransactionImpl -- committing
    22:57:46.887 [default-nioEventLoopGroup-1-3] DEBUG org.hibernate.resource.jdbc.internal.LogicalConnectionManagedImpl -- Initiating JDBC connection release from afterTransaction
    22:57:46.887 [default-nioEventLoopGroup-1-3] DEBUG org.hibernate.resource.jdbc.internal.LogicalConnectionManagedImpl -- Initiating JDBC connection release from afterTransaction
    22:57:46.888 [default-nioEventLoopGroup-1-3] DEBUG io.micronaut.context.event.ApplicationEventPublisher -- Publishing event: io.micronaut.http.context.event.HttpRequestTerminatedEvent[source=DELETE /tasks/1]
    22:57:46.888 [default-nioEventLoopGroup-1-3] DEBUG io.micronaut.http.server.netty.RoutingInBoundHandler -- Response 204 - DELETE /tasks/1
    22:57:46.915 [Test worker] DEBUG io.micronaut.transaction.hibernate.HibernateTransactionManager -- Rolling back Hibernate transaction on Session [SessionImpl(1632873633<open>)]
    22:57:46.915 [Test worker] DEBUG org.hibernate.engine.transaction.internal.TransactionImpl -- rolling back
    22:57:46.916 [Test worker] DEBUG org.hibernate.resource.jdbc.internal.LogicalConnectionManagedImpl -- Initiating JDBC connection release from afterTransaction
    22:57:46.916 [Test worker] DEBUG org.hibernate.resource.jdbc.internal.LogicalConnectionManagedImpl -- Initiating JDBC connection release from afterTransaction

TaskControllerTest > deleteTask should return 204 no content() FAILED
    java.lang.AssertionError: Verification failed: call 1 of 1: TaskService(#5).delete(eq(1))) was not called.

    Calls to same mock:
    1) TaskService(#5).toString()


    Stack traces:
    1)                                                                                    io.mockk.impl.InternalPlatform.captureStackTrace                                           (InternalPlatform.kt:125)                          
                                                                                            io.mockk.impl.stub.MockKStub.handleInvocation                                            (MockKStub.kt:253)                                 
                                                          io.mockk.impl.instantiation.JvmMockFactoryHelper$mockHandler$1.invocation                                                  (JvmMockFactoryHelper.kt:24)                       
                                                                                   io.mockk.proxy.jvm.advice.Interceptor.call                                                        (Interceptor.kt:21)                                
                                                                                                        java.lang.Object.toString                                                    (Object.java:257)                                  
                                                                                      org.slf4j.helpers.MessageFormatter.safeObjectAppend                                            (MessageFormatter.java:291)                        
                                                                                      org.slf4j.helpers.MessageFormatter.deeplyAppendParameter                                       (MessageFormatter.java:263)                        
                                                                                      org.slf4j.helpers.MessageFormatter.arrayFormat                                                 (MessageFormatter.java:225)                        
                                                                                      org.slf4j.helpers.MessageFormatter.arrayFormat                                                 (MessageFormatter.java:160)                        
                                                                                 ch.qos.logback.classic.spi.LoggingEvent.getFormattedMessage                                         (LoggingEvent.java:396)                            
                                                                                 ch.qos.logback.classic.spi.LoggingEvent.prepareForDeferredProcessing                                (LoggingEvent.java:252)                            
                                                                                ch.qos.logback.core.OutputStreamAppender.subAppend                                                   (OutputStreamAppender.java:235)                    
                                                                                ch.qos.logback.core.OutputStreamAppender.append                                                      (OutputStreamAppender.java:102)                    
                                                                          ch.qos.logback.core.UnsynchronizedAppenderBase.doAppend                                                    (UnsynchronizedAppenderBase.java:85)               
                                                                          ch.qos.logback.core.spi.AppenderAttachableImpl.appendLoopOnAppenders                                       (AppenderAttachableImpl.java:51)                   
                                                                                           ch.qos.logback.classic.Logger.appendLoopOnAppenders                                       (Logger.java:272)                                  
                                                                                           ch.qos.logback.classic.Logger.callAppenders                                               (Logger.java:259)                                  
                                                                                           ch.qos.logback.classic.Logger.buildLoggingEventAndAppend                                  (Logger.java:426)                                  
                                                                                           ch.qos.logback.classic.Logger.filterAndLog_0_Or3Plus                                      (Logger.java:386)                                  
                                                                                           ch.qos.logback.classic.Logger.debug                                                       (Logger.java:499)                                  
                                                                                 io.micronaut.context.DefaultBeanContext.postBeanCreated                                             (DefaultBeanContext.java:2345)                     
                                                                                 io.micronaut.context.DefaultBeanContext.doCreateBean                                                (DefaultBeanContext.java:2283)                     
                                                                                 io.micronaut.context.DefaultBeanContext.doCreateBean                                                (DefaultBeanContext.java:2291)                     
                                                                                 io.micronaut.context.DefaultBeanContext.createRegistration                                          (DefaultBeanContext.java:3054)                     
                                                                               io.micronaut.context.DefaultBeanContext$5.create                                                      (DefaultBeanContext.java:3032)                     
                                                                 io.micronaut.runtime.context.scope.refresh.RefreshScope.lambda$getOrCreate$0                                        (RefreshScope.java:88)                             
                                                                                  java.util.concurrent.ConcurrentHashMap.computeIfAbsent                                             (ConcurrentHashMap.java:1708)                      
                                                                 io.micronaut.runtime.context.scope.refresh.RefreshScope.getOrCreate                                                 (RefreshScope.java:87)                             
                                                                                 io.micronaut.context.DefaultBeanContext.getOrCreateScopedRegistration                               (DefaultBeanContext.java:3015)                     
                                                                                 io.micronaut.context.DefaultBeanContext.resolveBeanRegistration                                     (DefaultBeanContext.java:2941)                     
                                                                                 io.micronaut.context.DefaultBeanContext.getProxyTargetBean                                          (DefaultBeanContext.java:1489)                     
                                         com.taskflow.controller.$TaskControllerTest$TaskService0$Definition$Intercepted.interceptedTarget                                           (-:-1)                                             
                                                            io.micronaut.test.extensions.junit5.MicronautJunit5Extension.lambda$alignMocks$0                                         (MicronautJunit5Extension.java:301)                
                                                                                                      java.util.Optional.ifPresent                                                   (Optional.java:178)                                
                                                            io.micronaut.test.extensions.junit5.MicronautJunit5Extension.alignMocks                                                  (MicronautJunit5Extension.java:291)                
                                                            io.micronaut.test.extensions.junit5.MicronautJunit5Extension.alignMocks                                                  (MicronautJunit5Extension.java:77)                 
                                                                 io.micronaut.test.extensions.AbstractMicronautExtension.beforeEach                                                  (AbstractMicronautExtension.java:455)              
                                                            io.micronaut.test.extensions.junit5.MicronautJunit5Extension.beforeEach                                                  (MicronautJunit5Extension.java:223)                
                                                            org.junit.jupiter.engine.descriptor.TestMethodTestDescriptor.lambda$invokeBeforeEachCallbacks$2                          (TestMethodTestDescriptor.java:167)                
                                                            org.junit.jupiter.engine.descriptor.TestMethodTestDescriptor.lambda$invokeBeforeMethodsOrCallbacksUntilExceptionOccurs$6 (TestMethodTestDescriptor.java:203)                
                                                       org.junit.platform.engine.support.hierarchical.ThrowableCollector.execute                                                     (ThrowableCollector.java:73)                       
                                                            org.junit.jupiter.engine.descriptor.TestMethodTestDescriptor.invokeBeforeMethodsOrCallbacksUntilExceptionOccurs          (TestMethodTestDescriptor.java:203)                
                                                            org.junit.jupiter.engine.descriptor.TestMethodTestDescriptor.invokeBeforeEachCallbacks                                   (TestMethodTestDescriptor.java:166)                
                                                            org.junit.jupiter.engine.descriptor.TestMethodTestDescriptor.execute                                                     (TestMethodTestDescriptor.java:133)                
                                                            org.junit.jupiter.engine.descriptor.TestMethodTestDescriptor.execute                                                     (TestMethodTestDescriptor.java:69)                 
                                                             org.junit.platform.engine.support.hierarchical.NodeTestTask.lambda$executeRecursively$6                                 (NodeTestTask.java:151)                            
                                                       org.junit.platform.engine.support.hierarchical.ThrowableCollector.execute                                                     (ThrowableCollector.java:73)                       
                                                             org.junit.platform.engine.support.hierarchical.NodeTestTask.lambda$executeRecursively$8                                 (NodeTestTask.java:141)                            
                                                                     org.junit.platform.engine.support.hierarchical.Node.around                                                      (Node.java:137)                                    
                                                             org.junit.platform.engine.support.hierarchical.NodeTestTask.lambda$executeRecursively$9                                 (NodeTestTask.java:139)                            
                                                       org.junit.platform.engine.support.hierarchical.ThrowableCollector.execute                                                     (ThrowableCollector.java:73)                       
                                                             org.junit.platform.engine.support.hierarchical.NodeTestTask.executeRecursively                                          (NodeTestTask.java:138)                            
                                                             org.junit.platform.engine.support.hierarchical.NodeTestTask.execute                                                     (NodeTestTask.java:95)                             
                                                                                                     java.util.ArrayList.forEach                                                     (ArrayList.java:1596)                              
                                org.junit.platform.engine.support.hierarchical.SameThreadHierarchicalTestExecutorService.invokeAll                                                   (SameThreadHierarchicalTestExecutorService.java:41)
                                                             org.junit.platform.engine.support.hierarchical.NodeTestTask.lambda$executeRecursively$6                                 (NodeTestTask.java:155)                            
                                                       org.junit.platform.engine.support.hierarchical.ThrowableCollector.execute                                                     (ThrowableCollector.java:73)                       
                                                             org.junit.platform.engine.support.hierarchical.NodeTestTask.lambda$executeRecursively$8                                 (NodeTestTask.java:141)                            
                                                                     org.junit.platform.engine.support.hierarchical.Node.around                                                      (Node.java:137)                                    
                                                             org.junit.platform.engine.support.hierarchical.NodeTestTask.lambda$executeRecursively$9                                 (NodeTestTask.java:139)                            
                                                       org.junit.platform.engine.support.hierarchical.ThrowableCollector.execute                                                     (ThrowableCollector.java:73)                       
                                                             org.junit.platform.engine.support.hierarchical.NodeTestTask.executeRecursively                                          (NodeTestTask.java:138)                            
                                                             org.junit.platform.engine.support.hierarchical.NodeTestTask.execute                                                     (NodeTestTask.java:95)                             
                                                                                                     java.util.ArrayList.forEach                                                     (ArrayList.java:1596)                              
                                org.junit.platform.engine.support.hierarchical.SameThreadHierarchicalTestExecutorService.invokeAll                                                   (SameThreadHierarchicalTestExecutorService.java:41)
                                                             org.junit.platform.engine.support.hierarchical.NodeTestTask.lambda$executeRecursively$6                                 (NodeTestTask.java:155)                            
                                                       org.junit.platform.engine.support.hierarchical.ThrowableCollector.execute                                                     (ThrowableCollector.java:73)                       
                                                             org.junit.platform.engine.support.hierarchical.NodeTestTask.lambda$executeRecursively$8                                 (NodeTestTask.java:141)                            
                                                                     org.junit.platform.engine.support.hierarchical.Node.around                                                      (Node.java:137)                                    
                                                             org.junit.platform.engine.support.hierarchical.NodeTestTask.lambda$executeRecursively$9                                 (NodeTestTask.java:139)                            
                                                       org.junit.platform.engine.support.hierarchical.ThrowableCollector.execute                                                     (ThrowableCollector.java:73)                       
                                                             org.junit.platform.engine.support.hierarchical.NodeTestTask.executeRecursively                                          (NodeTestTask.java:138)                            
                                                             org.junit.platform.engine.support.hierarchical.NodeTestTask.execute                                                     (NodeTestTask.java:95)                             
                                org.junit.platform.engine.support.hierarchical.SameThreadHierarchicalTestExecutorService.submit                                                      (SameThreadHierarchicalTestExecutorService.java:35)
                                                 org.junit.platform.engine.support.hierarchical.HierarchicalTestExecutor.execute                                                     (HierarchicalTestExecutor.java:57)                 
                                                   org.junit.platform.engine.support.hierarchical.HierarchicalTestEngine.execute                                                     (HierarchicalTestEngine.java:54)                   
                                                            org.junit.platform.launcher.core.EngineExecutionOrchestrator.execute                                                     (EngineExecutionOrchestrator.java:198)             
                                                            org.junit.platform.launcher.core.EngineExecutionOrchestrator.execute                                                     (EngineExecutionOrchestrator.java:169)             
                                                            org.junit.platform.launcher.core.EngineExecutionOrchestrator.execute                                                     (EngineExecutionOrchestrator.java:93)              
                                                            org.junit.platform.launcher.core.EngineExecutionOrchestrator.lambda$execute$0                                            (EngineExecutionOrchestrator.java:58)              
                                                            org.junit.platform.launcher.core.EngineExecutionOrchestrator.withInterceptedStreams                                      (EngineExecutionOrchestrator.java:141)             
                                                            org.junit.platform.launcher.core.EngineExecutionOrchestrator.execute                                                     (EngineExecutionOrchestrator.java:57)              
                                                                        org.junit.platform.launcher.core.DefaultLauncher.execute                                                     (DefaultLauncher.java:103)                         
                                                                        org.junit.platform.launcher.core.DefaultLauncher.execute                                                     (DefaultLauncher.java:85)                          
                                                                     org.junit.platform.launcher.core.DelegatingLauncher.execute                                                     (DelegatingLauncher.java:47)                       
       org.gradle.api.internal.tasks.testing.junitplatform.JUnitPlatformTestClassProcessor$CollectAllTestClassesExecutor.processAllTestClasses                                       (JUnitPlatformTestClassProcessor.java:124)         
       org.gradle.api.internal.tasks.testing.junitplatform.JUnitPlatformTestClassProcessor$CollectAllTestClassesExecutor.access$000                                                  (JUnitPlatformTestClassProcessor.java:99)          
                                     org.gradle.api.internal.tasks.testing.junitplatform.JUnitPlatformTestClassProcessor.stop                                                        (JUnitPlatformTestClassProcessor.java:94)          
                                                           org.gradle.api.internal.tasks.testing.SuiteTestClassProcessor.stop                                                        (SuiteTestClassProcessor.java:63)                  
                                                                         jdk.internal.reflect.DirectMethodHandleAccessor.invoke                                                      (DirectMethodHandleAccessor.java:103)              
                                                                                                java.lang.reflect.Method.invoke                                                      (Method.java:580)                                  
                                                                         org.gradle.internal.dispatch.ReflectionDispatch.dispatch                                                    (ReflectionDispatch.java:36)                       
                                                                         org.gradle.internal.dispatch.ReflectionDispatch.dispatch                                                    (ReflectionDispatch.java:24)                       
                                                                 org.gradle.internal.dispatch.ContextClassLoaderDispatch.dispatch                                                    (ContextClassLoaderDispatch.java:33)               
                                          org.gradle.internal.dispatch.ProxyDispatchAdapter$DispatchingInvocationHandler.invoke                                                      (ProxyDispatchAdapter.java:92)                     
                                                                                                      jdk.proxy1.$Proxy4.stop                                                        (-:-1)                                             
                                                               org.gradle.api.internal.tasks.testing.worker.TestWorker$3.run                                                         (TestWorker.java:198)                              
                                                                 org.gradle.api.internal.tasks.testing.worker.TestWorker.executeAndMaintainThreadName                                (TestWorker.java:130)                              
                                                                 org.gradle.api.internal.tasks.testing.worker.TestWorker.execute                                                     (TestWorker.java:101)                              
                                                                 org.gradle.api.internal.tasks.testing.worker.TestWorker.execute                                                     (TestWorker.java:61)                               
                                                          org.gradle.process.internal.worker.child.ActionExecutionWorker.execute                                                     (ActionExecutionWorker.java:56)                    
                                             org.gradle.process.internal.worker.child.SystemApplicationClassLoaderWorker.call                                                        (SystemApplicationClassLoaderWorker.java:122)      
                                             org.gradle.process.internal.worker.child.SystemApplicationClassLoaderWorker.call                                                        (SystemApplicationClassLoaderWorker.java:69)       
                                                              worker.org.gradle.process.internal.worker.GradleWorkerMain.run                                                         (GradleWorkerMain.java:69)                         
                                                              worker.org.gradle.process.internal.worker.GradleWorkerMain.main                                                        (GradleWorkerMain.java:74)                         
        at io.mockk.impl.recording.states.VerifyingState.failIfNotPassed(VerifyingState.kt:63)
        at io.mockk.impl.recording.states.VerifyingState.recordingDone(VerifyingState.kt:42)
        at io.mockk.impl.recording.CommonCallRecorder.done(CommonCallRecorder.kt:47)
        at io.mockk.impl.eval.RecordedBlockEvaluator.record(RecordedBlockEvaluator.kt:63)
        at io.mockk.impl.eval.VerifyBlockEvaluator.verify(VerifyBlockEvaluator.kt:30)
        at io.mockk.MockKDsl.internalVerify(API.kt:120)
        at io.mockk.MockKKt.verify(MockK.kt:218)
        at io.mockk.MockKKt.verify$default(MockK.kt:209)
        at com.taskflow.controller.TaskControllerTest.deleteTask should return 204 no content(TaskControllerTest.kt:127)

TaskControllerTest > getTask should return task when found() STANDARD_OUT
    22:57:46.919 [Test worker] DEBUG io.micronaut.context.DefaultBeanContext -- Finding candidate beans for instance: com.taskflow.controller.TaskControllerTest@4f66f2dd
    22:57:46.919 [Test worker] DEBUG io.micronaut.context.lifecycle -- Created bean [io.micronaut.http.client.netty.DefaultHttpClient@37dc7661] from definition [Definition: io.micronaut.http.client.netty.DefaultNettyHttpClientRegistry] with qualifier [null]
    22:57:46.919 [Test worker] DEBUG io.micronaut.context.DefaultBeanContext -- Resolving beans for type: @InterceptorBinding(io.micronaut.data.annotation.Repository) io.micronaut.aop.Interceptor 
    22:57:46.919 [Test worker] DEBUG io.micronaut.core.reflect.ClassUtils -- Attempting to dynamically load class io.micronaut.context.annotation.Prototype
    22:57:46.919 [Test worker] DEBUG io.micronaut.core.reflect.ClassUtils -- Successfully loaded class io.micronaut.context.annotation.Prototype
    22:57:46.919 [Test worker] DEBUG io.micronaut.context.lifecycle -- Created bean [io.micronaut.data.runtime.intercept.DataIntroductionAdvice@33ac7934] from definition [Definition: io.micronaut.data.runtime.intercept.DataIntroductionAdvice] with qualifier [null]
    22:57:46.919 [Test worker] DEBUG io.micronaut.context.DefaultBeanContext -- Found a registration BeanRegistration: io.micronaut.data.runtime.intercept.DataIntroductionAdvice@33ac7934 for candidate: Definition: io.micronaut.data.runtime.intercept.DataIntroductionAdvice with qualifier: @InterceptorBinding(io.micronaut.data.annotation.Repository)
    22:57:46.920 [Test worker] DEBUG io.micronaut.context.DefaultBeanContext -- Found 1 bean registrations for type [@InterceptorBinding(io.micronaut.data.annotation.Repository) T]
    22:57:46.920 [Test worker] DEBUG io.micronaut.context.DefaultBeanContext --   Definition: io.micronaut.data.runtime.intercept.DataIntroductionAdvice null
    22:57:46.921 [Test worker] DEBUG io.micronaut.context.lifecycle -- Created bean [com.taskflow.repository.TaskRepository$Intercepted@152bb4cc] from definition [Definition: com.taskflow.repository.TaskRepository$Intercepted] with qualifier [null]
    22:57:46.921 [Test worker] DEBUG io.micronaut.context.DefaultBeanContext -- Resolving beans for type: @InterceptorBinding(io.micronaut.test.annotation.MockBean) @InterceptorBinding(io.micronaut.runtime.context.scope.ScopedProxy) io.micronaut.aop.Interceptor 
    22:57:46.921 [Test worker] DEBUG io.micronaut.context.lifecycle -- Created bean [com.taskflow.controller.$TaskControllerTest$TaskService0$Definition$Intercepted@6f87bc6c] from definition [Definition: com.taskflow.controller.$TaskControllerTest$TaskService0$Definition$Intercepted] with qualifier [null]
    22:57:46.921 [Test worker] DEBUG io.micronaut.core.reflect.ClassUtils -- Attempting to dynamically load class io.micronaut.runtime.context.scope.Refreshable
    22:57:46.921 [Test worker] DEBUG io.micronaut.core.reflect.ClassUtils -- Successfully loaded class io.micronaut.runtime.context.scope.Refreshable
    22:57:46.922 [Test worker] DEBUG io.mockk.impl.instantiation.AbstractMockFactory -- Creating mockk for TaskService name=#7
    22:57:46.922 [Test worker] DEBUG io.micronaut.context.lifecycle -- Created bean [TaskService(#7)] from definition [Definition: com.taskflow.controller.TaskControllerTest] with qualifier [null]
    22:57:46.923 [Test worker] DEBUG org.hibernate.engine.transaction.internal.TransactionImpl -- On TransactionImpl creation, JpaCompliance#isJpaTransactionComplianceEnabled == false
    22:57:46.923 [Test worker] DEBUG org.hibernate.engine.transaction.internal.TransactionImpl -- begin
    22:57:46.925 [Test worker] DEBUG io.mockk.impl.instantiation.AbstractMockFactory -- Creating mockk for Task name=child of #7#8
    22:57:46.926 [Test worker] DEBUG io.micronaut.http.client.netty.DefaultHttpClient -- Sending HTTP GET to http://localhost:8080/tasks/1
    22:57:46.927 [default-nioEventLoopGroup-1-3] DEBUG io.micronaut.http.server.netty.NettyRequestLifecycle -- Request GET /tasks/1
    22:57:46.929 [default-nioEventLoopGroup-1-3] DEBUG org.hibernate.jpa.internal.util.FlushModeTypeHelper -- Interpreting Hibernate FlushMode#MANUAL to JPA FlushModeType#COMMIT; may cause problems if relying on FlushMode#MANUAL-specific behavior
    22:57:46.929 [default-nioEventLoopGroup-1-3] DEBUG io.micronaut.transaction.hibernate.HibernateTransactionManager -- Not preparing JDBC Connection of Hibernate Session [SessionImpl(365082112<open>)]
    22:57:46.929 [default-nioEventLoopGroup-1-3] DEBUG org.hibernate.engine.transaction.internal.TransactionImpl -- On TransactionImpl creation, JpaCompliance#isJpaTransactionComplianceEnabled == false
    22:57:46.929 [default-nioEventLoopGroup-1-3] DEBUG org.hibernate.engine.transaction.internal.TransactionImpl -- begin
    22:57:46.929 [default-nioEventLoopGroup-1-3] DEBUG org.hibernate.orm.query.hql -- HQL : SELECT task_ FROM com.taskflow.models.Task AS task_ WHERE (task_.id = :p1)
    22:57:46.936 [default-nioEventLoopGroup-1-3] DEBUG org.hibernate.orm.query.hql.reservedWordAsIdentifier -- Encountered use of reserved word as identifier : =
    22:57:46.936 [default-nioEventLoopGroup-1-3] DEBUG org.hibernate.query.hql.internal.SemanticQueryBuilder -- Handling root path - com.taskflow.models.Task
    22:57:46.936 [default-nioEventLoopGroup-1-3] DEBUG org.hibernate.orm.query.sqm.creation -- Applying inferable type to SqmExpression [SqmNamedParameter(p1)] : null -> BasicSqmPathSource(id : Long)
    22:57:46.937 [default-nioEventLoopGroup-1-3] DEBUG org.hibernate.orm.query.sqm.ast -- SqmStatement Tree :
        -> [select]
          -> [query-spec]
            -> [select]
              -> [selection]
                -> [root] - `com.taskflow.models.Task(task_)`
                <- [root] - `com.taskflow.models.Task(task_)`
              <- [selection]
            <- [select]
            -> [from]
              -> [root] - `com.taskflow.models.Task(task_)`
              <- [root] - `com.taskflow.models.Task(task_)`
            <- [from]
            -> [where]
              -> [grouped]
                  -> [EQUAL]
                      -> [basic-path] - `com.taskflow.models.Task(task_).id`
                      :p1
                  <- [EQUAL]
              <- [grouped]
            <- [where]
          <- [query-spec]
        <- [select]

    22:57:46.937 [default-nioEventLoopGroup-1-3] DEBUG org.hibernate.orm.sql.ast.create -- Created new SQL alias : t1_0
    22:57:46.937 [default-nioEventLoopGroup-1-3] DEBUG org.hibernate.orm.sql.ast.create -- Registration of TableGroup [StandardTableGroup(com.taskflow.models.Task(task_))] with identifierForTableGroup [com.taskflow.models.Task] for NavigablePath [com.taskflow.models.Task] 
    22:57:46.937 [default-nioEventLoopGroup-1-3] DEBUG org.hibernate.orm.sql.ast.create -- Registration of TableGroup [org.hibernate.sql.ast.tree.from.LazyTableGroup@3913fb2] with identifierForTableGroup [com.taskflow.models.Task.assignedTo] for NavigablePath [com.taskflow.models.Task.assignedTo] 
    22:57:46.938 [default-nioEventLoopGroup-1-3] DEBUG org.hibernate.orm.sql.ast.create -- Registration of TableGroup [org.hibernate.sql.ast.tree.from.LazyTableGroup@28ac8ee3] with identifierForTableGroup [com.taskflow.models.Task.project] for NavigablePath [com.taskflow.models.Task.project] 
    22:57:46.938 [default-nioEventLoopGroup-1-3] DEBUG org.hibernate.query.sqm.sql.BaseSqmToSqlAstConverter -- Determining mapping-model type for SqmParameter : SqmNamedParameter(p1)
    22:57:46.938 [default-nioEventLoopGroup-1-3] DEBUG org.hibernate.query.sqm.sql.BaseSqmToSqlAstConverter -- Determining mapping-model type for SqmPath : SqmBasicValuedSimplePath(com.taskflow.models.Task(task_).id) 
    22:57:46.938 [default-nioEventLoopGroup-1-3] DEBUG org.hibernate.orm.results.graph.AST -- DomainResult Graph:
     \-EntityResultImpl [com.taskflow.models.Task(task_)]
     |  +-EntityFetchSelectImpl [com.taskflow.models.Task(task_).assignedTo]
     |  +-DelayedCollectionFetch [com.taskflow.models.Task(task_).attachments]
     |  +-DelayedCollectionFetch [com.taskflow.models.Task(task_).comments]
     |  +-BasicFetch [com.taskflow.models.Task(task_).createdAt]
     |  +-BasicFetch [com.taskflow.models.Task(task_).description]
     |  +-BasicFetch [com.taskflow.models.Task(task_).dueDate]
     |  +-DelayedCollectionFetch [com.taskflow.models.Task(task_).labels]
     |  +-BasicFetch [com.taskflow.models.Task(task_).priority]
     |  +-CircularFetchImpl [com.taskflow.models.Task(task_).project]
     |  +-BasicFetch [com.taskflow.models.Task(task_).status]
     |  +-BasicFetch [com.taskflow.models.Task(task_).title]
     |  \-BasicFetch [com.taskflow.models.Task(task_).updatedAt]

    22:57:46.938 [default-nioEventLoopGroup-1-3] DEBUG org.hibernate.orm.sql.ast.tree -- SQL AST Tree:
        SelectStatement {
          FromClause {
            StandardTableGroup (t1 : com.taskflow.models.Task(task_)) {
              primaryTableReference : tasks as t1_0
              TableGroupJoins {
                left  join LazyTableGroup (a1 : com.taskflow.models.Task(task_).assignedTo) {
                }
                left  join LazyTableGroup (p1 : com.taskflow.models.Task(task_).project) {
                }
              }
            }
          }
        }

    22:57:46.939 [default-nioEventLoopGroup-1-3] DEBUG org.hibernate.orm.sql.exec -- Skipping reading Query result cache data: cache-enabled = false, cache-mode = NORMAL
    22:57:46.939 [default-nioEventLoopGroup-1-3] DEBUG org.hibernate.orm.results -- Initializer list:
    	  com.taskflow.models.Task(task_).project -> EntitySelectFetchInitializer(com.taskflow.models.Task(task_).project)@1195273134 (ToOneAttributeMapping(NavigableRole[com.taskflow.models.Task.project])@701923702)
    	  com.taskflow.models.Task(task_).attachments -> DelayedCollectionInitializer(com.taskflow.models.Task(task_).attachments)@279019397 (PluralAttribute(com.taskflow.models.Task.attachments))
    	  com.taskflow.models.Task(task_).comments -> DelayedCollectionInitializer(com.taskflow.models.Task(task_).comments)@830710110 (PluralAttribute(com.taskflow.models.Task.comments))
    	  com.taskflow.models.Task(task_).assignedTo -> EntitySelectFetchInitializer(com.taskflow.models.Task(task_).assignedTo)@303573887 (ToOneAttributeMapping(NavigableRole[com.taskflow.models.Task.assignedTo])@1108534271)
    	  com.taskflow.models.Task(task_) -> EntityResultInitializer(com.taskflow.models.Task(task_))@642728329 (SingleTableEntityPersister(com.taskflow.models.Task))
    	  com.taskflow.models.Task(task_).labels -> DelayedCollectionInitializer(com.taskflow.models.Task(task_).labels)@1024024466 (PluralAttribute(com.taskflow.models.Task.labels))

    22:57:46.939 [default-nioEventLoopGroup-1-3] DEBUG org.hibernate.SQL -- 
        select
            t1_0.id,
            t1_0.assigned_to,
            t1_0.created_at,
            t1_0.description,
            t1_0.due_date,
            t1_0.priority,
            t1_0.project_id,
            t1_0.status,
            t1_0.title,
            t1_0.updated_at 
        from
            tasks t1_0 
        where
            (
                t1_0.id=?
            ) 
        fetch
            first ? rows only
    Hibernate: 
        select
            t1_0.id,
            t1_0.assigned_to,
            t1_0.created_at,
            t1_0.description,
            t1_0.due_date,
            t1_0.priority,
            t1_0.project_id,
            t1_0.status,
            t1_0.title,
            t1_0.updated_at 
        from
            tasks t1_0 
        where
            (
                t1_0.id=?
            ) 
        fetch
            first ? rows only
    22:57:46.940 [default-nioEventLoopGroup-1-3] DEBUG io.micronaut.transaction.hibernate.HibernateTransactionManager -- Committing Hibernate transaction on Session [SessionImpl(365082112<open>)]
    22:57:46.940 [default-nioEventLoopGroup-1-3] DEBUG org.hibernate.engine.transaction.internal.TransactionImpl -- committing
    22:57:46.941 [default-nioEventLoopGroup-1-3] DEBUG org.hibernate.resource.jdbc.internal.LogicalConnectionManagedImpl -- Initiating JDBC connection release from afterTransaction
    22:57:46.941 [default-nioEventLoopGroup-1-3] DEBUG org.hibernate.resource.jdbc.internal.LogicalConnectionManagedImpl -- Initiating JDBC connection release from afterTransaction
    22:57:46.941 [default-nioEventLoopGroup-1-3] DEBUG io.micronaut.context.event.ApplicationEventPublisher -- Publishing event: io.micronaut.http.context.event.HttpRequestTerminatedEvent[source=GET /tasks/1]
    22:57:46.942 [default-nioEventLoopGroup-1-3] DEBUG io.micronaut.http.server.netty.RoutingInBoundHandler -- Response 404 - GET /tasks/1
    22:57:46.943 [Test worker] DEBUG io.micronaut.transaction.hibernate.HibernateTransactionManager -- Rolling back Hibernate transaction on Session [SessionImpl(1315729466<open>)]
    22:57:46.943 [Test worker] DEBUG org.hibernate.engine.transaction.internal.TransactionImpl -- rolling back
    22:57:46.943 [Test worker] DEBUG org.hibernate.resource.jdbc.internal.LogicalConnectionManagedImpl -- Initiating JDBC connection release from afterTransaction
    22:57:46.943 [Test worker] DEBUG org.hibernate.resource.jdbc.internal.LogicalConnectionManagedImpl -- Initiating JDBC connection release from afterTransaction

TaskControllerTest > getTask should return task when found() FAILED
    org.opentest4j.AssertionFailedError: Request failed with status NOT_FOUND: Client '/': Not Found. Body: null
        at app//org.junit.jupiter.api.AssertionUtils.fail(AssertionUtils.java:38)
        at app//org.junit.jupiter.api.Assertions.fail(Assertions.java:138)
        at app//kotlin.test.junit5.JUnit5Asserter.fail(JUnitSupport.kt:56)
        at app//kotlin.test.AssertionsKt__AssertionsKt.fail(Assertions.kt:520)
        at app//kotlin.test.AssertionsKt.fail(Unknown Source)
        at app//com.taskflow.controller.TaskControllerTest.getTask should return task when found(TaskControllerTest.kt:64)

TaskControllerTest > getTask should return 404 when not found() STANDARD_OUT
    22:57:46.946 [Test worker] DEBUG io.micronaut.context.DefaultBeanContext -- Finding candidate beans for instance: com.taskflow.controller.TaskControllerTest@7d1b96b9
    22:57:46.947 [Test worker] DEBUG io.micronaut.context.lifecycle -- Created bean [io.micronaut.http.client.netty.DefaultHttpClient@37dc7661] from definition [Definition: io.micronaut.http.client.netty.DefaultNettyHttpClientRegistry] with qualifier [null]
    22:57:46.947 [Test worker] DEBUG io.micronaut.context.DefaultBeanContext -- Resolving beans for type: @InterceptorBinding(io.micronaut.data.annotation.Repository) io.micronaut.aop.Interceptor 
    22:57:46.947 [Test worker] DEBUG io.micronaut.core.reflect.ClassUtils -- Attempting to dynamically load class io.micronaut.context.annotation.Prototype
    22:57:46.947 [Test worker] DEBUG io.micronaut.core.reflect.ClassUtils -- Successfully loaded class io.micronaut.context.annotation.Prototype
    22:57:46.947 [Test worker] DEBUG io.micronaut.context.lifecycle -- Created bean [io.micronaut.data.runtime.intercept.DataIntroductionAdvice@505bc480] from definition [Definition: io.micronaut.data.runtime.intercept.DataIntroductionAdvice] with qualifier [null]
    22:57:46.947 [Test worker] DEBUG io.micronaut.context.DefaultBeanContext -- Found a registration BeanRegistration: io.micronaut.data.runtime.intercept.DataIntroductionAdvice@505bc480 for candidate: Definition: io.micronaut.data.runtime.intercept.DataIntroductionAdvice with qualifier: @InterceptorBinding(io.micronaut.data.annotation.Repository)
    22:57:46.948 [Test worker] DEBUG io.micronaut.context.DefaultBeanContext -- Found 1 bean registrations for type [@InterceptorBinding(io.micronaut.data.annotation.Repository) T]
    22:57:46.948 [Test worker] DEBUG io.micronaut.context.DefaultBeanContext --   Definition: io.micronaut.data.runtime.intercept.DataIntroductionAdvice null
    22:57:46.949 [Test worker] DEBUG io.micronaut.context.lifecycle -- Created bean [com.taskflow.repository.TaskRepository$Intercepted@394a7390] from definition [Definition: com.taskflow.repository.TaskRepository$Intercepted] with qualifier [null]
    22:57:46.949 [Test worker] DEBUG io.micronaut.context.DefaultBeanContext -- Resolving beans for type: @InterceptorBinding(io.micronaut.test.annotation.MockBean) @InterceptorBinding(io.micronaut.runtime.context.scope.ScopedProxy) io.micronaut.aop.Interceptor 
    22:57:46.949 [Test worker] DEBUG io.micronaut.context.lifecycle -- Created bean [com.taskflow.controller.$TaskControllerTest$TaskService0$Definition$Intercepted@7926d092] from definition [Definition: com.taskflow.controller.$TaskControllerTest$TaskService0$Definition$Intercepted] with qualifier [null]
    22:57:46.949 [Test worker] DEBUG io.micronaut.core.reflect.ClassUtils -- Attempting to dynamically load class io.micronaut.runtime.context.scope.Refreshable
    22:57:46.949 [Test worker] DEBUG io.micronaut.core.reflect.ClassUtils -- Successfully loaded class io.micronaut.runtime.context.scope.Refreshable
    22:57:46.949 [Test worker] DEBUG io.mockk.impl.instantiation.AbstractMockFactory -- Creating mockk for TaskService name=#9
    22:57:46.950 [Test worker] DEBUG io.micronaut.context.lifecycle -- Created bean [TaskService(#9)] from definition [Definition: com.taskflow.controller.TaskControllerTest] with qualifier [null]
    22:57:46.951 [Test worker] DEBUG org.hibernate.engine.transaction.internal.TransactionImpl -- On TransactionImpl creation, JpaCompliance#isJpaTransactionComplianceEnabled == false
    22:57:46.951 [Test worker] DEBUG org.hibernate.engine.transaction.internal.TransactionImpl -- begin
    22:57:46.952 [Test worker] DEBUG io.mockk.impl.instantiation.AbstractMockFactory -- Creating mockk for Task name=child of #9#10
    22:57:46.955 [Test worker] DEBUG io.micronaut.http.client.netty.DefaultHttpClient -- Sending HTTP GET to http://localhost:8080/tasks/1
    22:57:46.955 [default-nioEventLoopGroup-1-3] DEBUG io.micronaut.http.server.netty.NettyRequestLifecycle -- Request GET /tasks/1
    22:57:46.956 [default-nioEventLoopGroup-1-3] DEBUG org.hibernate.jpa.internal.util.FlushModeTypeHelper -- Interpreting Hibernate FlushMode#MANUAL to JPA FlushModeType#COMMIT; may cause problems if relying on FlushMode#MANUAL-specific behavior
    22:57:46.956 [default-nioEventLoopGroup-1-3] DEBUG io.micronaut.transaction.hibernate.HibernateTransactionManager -- Not preparing JDBC Connection of Hibernate Session [SessionImpl(1763801579<open>)]
    22:57:46.956 [default-nioEventLoopGroup-1-3] DEBUG org.hibernate.engine.transaction.internal.TransactionImpl -- On TransactionImpl creation, JpaCompliance#isJpaTransactionComplianceEnabled == false
    22:57:46.956 [default-nioEventLoopGroup-1-3] DEBUG org.hibernate.engine.transaction.internal.TransactionImpl -- begin
    22:57:46.958 [default-nioEventLoopGroup-1-3] DEBUG org.hibernate.orm.sql.exec -- Skipping reading Query result cache data: cache-enabled = false, cache-mode = NORMAL
    22:57:46.958 [default-nioEventLoopGroup-1-3] DEBUG org.hibernate.orm.results -- Initializer list:
    	  com.taskflow.models.Task(task_).project -> EntitySelectFetchInitializer(com.taskflow.models.Task(task_).project)@221911510 (ToOneAttributeMapping(NavigableRole[com.taskflow.models.Task.project])@701923702)
    	  com.taskflow.models.Task(task_).attachments -> DelayedCollectionInitializer(com.taskflow.models.Task(task_).attachments)@573282243 (PluralAttribute(com.taskflow.models.Task.attachments))
    	  com.taskflow.models.Task(task_).comments -> DelayedCollectionInitializer(com.taskflow.models.Task(task_).comments)@780567647 (PluralAttribute(com.taskflow.models.Task.comments))
    	  com.taskflow.models.Task(task_).assignedTo -> EntitySelectFetchInitializer(com.taskflow.models.Task(task_).assignedTo)@652707470 (ToOneAttributeMapping(NavigableRole[com.taskflow.models.Task.assignedTo])@1108534271)
    	  com.taskflow.models.Task(task_) -> EntityResultInitializer(com.taskflow.models.Task(task_))@2077155117 (SingleTableEntityPersister(com.taskflow.models.Task))
    	  com.taskflow.models.Task(task_).labels -> DelayedCollectionInitializer(com.taskflow.models.Task(task_).labels)@94755352 (PluralAttribute(com.taskflow.models.Task.labels))

    22:57:46.958 [default-nioEventLoopGroup-1-3] DEBUG org.hibernate.SQL -- 
        select
            t1_0.id,
            t1_0.assigned_to,
            t1_0.created_at,
            t1_0.description,
            t1_0.due_date,
            t1_0.priority,
            t1_0.project_id,
            t1_0.status,
            t1_0.title,
            t1_0.updated_at 
        from
            tasks t1_0 
        where
            (
                t1_0.id=?
            ) 
        fetch
            first ? rows only
    Hibernate: 
        select
            t1_0.id,
            t1_0.assigned_to,
            t1_0.created_at,
            t1_0.description,
            t1_0.due_date,
            t1_0.priority,
            t1_0.project_id,
            t1_0.status,
            t1_0.title,
            t1_0.updated_at 
        from
            tasks t1_0 
        where
            (
                t1_0.id=?
            ) 
        fetch
            first ? rows only
    22:57:46.959 [default-nioEventLoopGroup-1-3] DEBUG io.micronaut.transaction.hibernate.HibernateTransactionManager -- Committing Hibernate transaction on Session [SessionImpl(1763801579<open>)]
    22:57:46.959 [default-nioEventLoopGroup-1-3] DEBUG org.hibernate.engine.transaction.internal.TransactionImpl -- committing
    22:57:46.959 [default-nioEventLoopGroup-1-3] DEBUG org.hibernate.resource.jdbc.internal.LogicalConnectionManagedImpl -- Initiating JDBC connection release from afterTransaction
    22:57:46.959 [default-nioEventLoopGroup-1-3] DEBUG org.hibernate.resource.jdbc.internal.LogicalConnectionManagedImpl -- Initiating JDBC connection release from afterTransaction
    22:57:46.959 [default-nioEventLoopGroup-1-3] DEBUG io.micronaut.context.event.ApplicationEventPublisher -- Publishing event: io.micronaut.http.context.event.HttpRequestTerminatedEvent[source=GET /tasks/1]
    22:57:46.959 [default-nioEventLoopGroup-1-3] DEBUG io.micronaut.http.server.netty.RoutingInBoundHandler -- Response 404 - GET /tasks/1
    22:57:46.962 [Test worker] DEBUG io.micronaut.transaction.hibernate.HibernateTransactionManager -- Rolling back Hibernate transaction on Session [SessionImpl(1410669831<open>)]
    22:57:46.962 [Test worker] DEBUG org.hibernate.engine.transaction.internal.TransactionImpl -- rolling back
    22:57:46.962 [Test worker] DEBUG org.hibernate.resource.jdbc.internal.LogicalConnectionManagedImpl -- Initiating JDBC connection release from afterTransaction
    22:57:46.962 [Test worker] DEBUG org.hibernate.resource.jdbc.internal.LogicalConnectionManagedImpl -- Initiating JDBC connection release from afterTransaction

TaskControllerTest STANDARD_OUT
    22:57:46.973 [Test worker] DEBUG io.micronaut.context.DefaultBeanContext -- Finding candidate beans for type: ApplicationEventPublisher
    22:57:46.974 [Test worker] DEBUG io.micronaut.context.DefaultBeanContext --   interface io.micronaut.context.event.ApplicationEventPublisher null io.micronaut.context.event.ApplicationEventPublisherFactory@526c3eb8
    22:57:46.974 [Test worker] DEBUG io.micronaut.context.DefaultBeanContext -- Found concrete candidate [io.micronaut.context.event.ApplicationEventPublisherFactory@526c3eb8] for type: applicationEventPublisher 
    22:57:46.974 [Test worker] DEBUG io.micronaut.context.lifecycle -- Created bean [io.micronaut.context.event.ApplicationEventPublisherFactory$2@7b186fb8] from definition [io.micronaut.context.event.ApplicationEventPublisherFactory@526c3eb8] with qualifier [null]
    22:57:46.974 [Test worker] DEBUG io.micronaut.context.event.ApplicationEventPublisher -- Publishing event: io.micronaut.runtime.server.event.ServerShutdownEvent[source=io.micronaut.http.server.netty.NettyHttpServer@5527dbb0]
    22:57:46.974 [Test worker] DEBUG io.micronaut.context.DefaultBeanContext -- Resolving beans for type: <ServerShutdownEvent> io.micronaut.context.event.ApplicationEventListener 
    22:57:46.974 [Test worker] DEBUG io.micronaut.context.DefaultBeanContext -- Resolving beans for type: @InterceptorBinding(NONE) io.micronaut.aop.Interceptor 
    22:57:46.975 [Test worker] DEBUG io.micronaut.context.DefaultBeanContext -- Finding candidate beans for type: NettyServiceDiscovery
    22:57:46.975 [Test worker] DEBUG io.micronaut.context.DefaultBeanContext --   class io.micronaut.http.server.netty.discovery.NettyServiceDiscovery null Definition: io.micronaut.http.server.netty.discovery.NettyServiceDiscovery
    22:57:46.975 [Test worker] DEBUG io.micronaut.context.DefaultBeanContext -- Found concrete candidate [Definition: io.micronaut.http.server.netty.discovery.NettyServiceDiscovery] for type: nettyServiceDiscovery 
    22:57:46.976 [Test worker] DEBUG io.micronaut.context.lifecycle -- Created bean [io.micronaut.http.server.netty.discovery.NettyServiceDiscovery$ApplicationEventListener$onStop2$Intercepted@157e0f6b] from definition [Definition: io.micronaut.http.server.netty.discovery.NettyServiceDiscovery$ApplicationEventListener$onStop2$Intercepted] with qualifier [null]
    22:57:46.976 [Test worker] DEBUG io.micronaut.context.DefaultBeanContext -- Found a registration BeanRegistration: io.micronaut.http.server.netty.discovery.NettyServiceDiscovery$ApplicationEventListener$onStop2$Intercepted@157e0f6b for candidate: Definition: io.micronaut.http.server.netty.discovery.NettyServiceDiscovery$ApplicationEventListener$onStop2$Intercepted with qualifier: <ServerShutdownEvent>
    22:57:46.976 [Test worker] DEBUG io.micronaut.context.event.ApplicationEventPublisher -- Publishing event: io.micronaut.discovery.event.ServiceStoppedEvent[source=io.micronaut.http.server.netty.discovery.NettyEmbeddedServerInstance@180e33b0]
    22:57:46.976 [Test worker] DEBUG io.micronaut.context.DefaultBeanContext -- Resolving beans for type: <ServiceStoppedEvent> io.micronaut.context.event.ApplicationEventListener 
    22:57:46.976 [Test worker] DEBUG io.micronaut.context.DefaultBeanContext -- Stopping BeanContext
    22:57:46.976 [Test worker] DEBUG io.micronaut.context.DefaultBeanContext -- Finding candidate beans for type: ApplicationEventPublisher
    22:57:46.976 [Test worker] DEBUG io.micronaut.context.DefaultBeanContext --   interface io.micronaut.context.event.ApplicationEventPublisher null io.micronaut.context.event.ApplicationEventPublisherFactory@526c3eb8
    22:57:46.976 [Test worker] DEBUG io.micronaut.context.DefaultBeanContext -- Found concrete candidate [io.micronaut.context.event.ApplicationEventPublisherFactory@526c3eb8] for type: applicationEventPublisher 
    22:57:46.977 [Test worker] DEBUG io.micronaut.context.lifecycle -- Created bean [io.micronaut.context.event.ApplicationEventPublisherFactory$2@22781286] from definition [io.micronaut.context.event.ApplicationEventPublisherFactory@526c3eb8] with qualifier [null]
    22:57:46.977 [Test worker] DEBUG io.micronaut.context.event.ApplicationEventPublisher -- Publishing event: io.micronaut.context.event.ShutdownEvent[source=io.micronaut.context.DefaultApplicationContext@54e0f76f]
    22:57:46.977 [Test worker] DEBUG io.micronaut.context.DefaultBeanContext -- Resolving beans for type: <ShutdownEvent> io.micronaut.context.event.ApplicationEventListener 
    22:57:46.983 [Test worker] DEBUG io.micronaut.context.lifecycle -- Destroying bean [io.micronaut.http.server.netty.DefaultNettyEmbeddedServerFactory@1af6974c] with identifier [defaultNettyEmbeddedServerFactory]
    22:57:46.983 [Test worker] DEBUG io.micronaut.context.lifecycle -- Destroying bean [io.micronaut.http.server.netty.DefaultNettyEmbeddedServerFactory@1af6974c] with identifier [defaultNettyEmbeddedServerFactory]
    22:57:46.984 [Test worker] DEBUG io.micronaut.context.DefaultBeanContext -- Finding candidate beans for type: BeanPreDestroyEventListener
    22:57:46.984 [Test worker] DEBUG io.micronaut.context.DefaultBeanContext -- No bean candidates found for type: BeanPreDestroyEventListener
    22:57:46.985 [Test worker] DEBUG io.micronaut.context.DefaultBeanContext -- Finding candidate beans for type: BeanDestroyedEventListener
    22:57:46.985 [Test worker] DEBUG io.micronaut.context.DefaultBeanContext -- No bean candidates found for type: BeanDestroyedEventListener
    22:57:46.985 [Test worker] DEBUG io.micronaut.context.lifecycle -- Destroying bean [io.micronaut.http.client.netty.DefaultNettyHttpClientRegistry@5169db2f] with identifier [defaultNettyHttpClientRegistry]
    22:57:46.985 [Test worker] DEBUG io.micronaut.context.lifecycle -- Destroying bean [io.micronaut.http.client.netty.DefaultNettyHttpClientRegistry@5169db2f] with identifier [defaultNettyHttpClientRegistry]
    22:57:46.986 [Test worker] DEBUG io.micronaut.context.lifecycle -- Destroying bean [io.micronaut.http.netty.channel.DefaultEventLoopGroupFactory@34d3bfca] with identifier [eventLoopGroupFactory]
    22:57:46.986 [Test worker] DEBUG io.micronaut.context.lifecycle -- Destroying bean [io.micronaut.http.netty.channel.DefaultEventLoopGroupFactory@34d3bfca] with identifier [eventLoopGroupFactory]
    22:57:46.987 [Test worker] DEBUG io.micronaut.context.lifecycle -- Destroying bean [io.micronaut.http.netty.channel.DefaultEventLoopGroupRegistry@30d5fc1b] with identifier [eventLoopGroupRegistry]
    22:57:46.987 [Test worker] DEBUG io.micronaut.context.lifecycle -- Destroying bean [io.micronaut.http.netty.channel.DefaultEventLoopGroupRegistry@30d5fc1b] with identifier [eventLoopGroupRegistry]
    22:57:46.988 [Test worker] DEBUG io.micronaut.context.lifecycle -- Destroying bean [io.micronaut.http.server.codec.TextStreamCodec@226e95e9] with identifier [textStreamCodec]
    22:57:46.988 [Test worker] DEBUG io.micronaut.context.lifecycle -- Destroying bean [io.micronaut.http.server.codec.TextStreamCodec@226e95e9] with identifier [textStreamCodec]
    22:57:46.988 [Test worker] DEBUG io.micronaut.context.lifecycle -- Destroying bean [io.micronaut.inject.provider.BeanProviderDefinition$1@8dedec8] with identifier [codecRegistryProvider]
    22:57:46.988 [Test worker] DEBUG io.micronaut.context.lifecycle -- Destroying bean [io.micronaut.http.codec.DefaultMediaTypeCodecRegistry@6fb219dd] with identifier [mediaTypeCodecRegistry]
    22:57:46.988 [Test worker] DEBUG io.micronaut.context.lifecycle -- Destroying bean [io.micronaut.http.codec.DefaultMediaTypeCodecRegistry@6fb219dd] with identifier [mediaTypeCodecRegistry]
    22:57:46.988 [Test worker] DEBUG io.micronaut.context.lifecycle -- Destroying bean [io.micronaut.validation.validator.DefaultValidatorFactory@7e2f86e6] with identifier [validatorFactory]
    22:57:46.988 [Test worker] DEBUG io.micronaut.context.lifecycle -- Destroying bean [io.micronaut.validation.validator.DefaultValidatorFactory@7e2f86e6] with identifier [validatorFactory]
    22:57:46.989 [Test worker] DEBUG io.micronaut.context.lifecycle -- Destroying bean [io.micronaut.jackson.modules.BeanIntrospectionModule@2f166d61] with identifier [beanIntrospectionModule]
    22:57:46.989 [Test worker] DEBUG io.micronaut.context.lifecycle -- Destroying bean [io.micronaut.jackson.modules.BeanIntrospectionModule@2f166d61] with identifier [beanIntrospectionModule]
    22:57:46.989 [Test worker] DEBUG io.micronaut.context.lifecycle -- Destroying bean [io.micronaut.jackson.validation.ValidationJacksonDeserializationPreInstantiateCallback@71285693] with identifier [preInstantiateCallback]
    22:57:46.989 [Test worker] DEBUG io.micronaut.context.lifecycle -- Destroying bean [io.micronaut.jackson.validation.ValidationJacksonDeserializationPreInstantiateCallback@71285693] with identifier [preInstantiateCallback]
    22:57:46.989 [Test worker] DEBUG io.micronaut.context.lifecycle -- Destroying bean [io.micronaut.validation.validator.DefaultValidator@6fd5717c] with identifier [validator]
    22:57:46.989 [Test worker] DEBUG io.micronaut.context.lifecycle -- Destroying bean [io.micronaut.validation.validator.DefaultValidator@6fd5717c] with identifier [validator]
    22:57:46.989 [Test worker] DEBUG io.micronaut.context.lifecycle -- Destroying bean [io.micronaut.validation.validator.DefaultValidatorConfiguration@4992613f] with identifier [configuration]
    22:57:46.989 [Test worker] DEBUG io.micronaut.context.lifecycle -- Destroying bean [io.micronaut.validation.validator.DefaultValidatorConfiguration@4992613f] with identifier [configuration]
    22:57:46.989 [Test worker] DEBUG io.micronaut.context.lifecycle -- Destroying bean [io.micronaut.validation.validator.resolver.CompositeTraversableResolver@3bead518] with identifier [traversableResolver]
    22:57:46.989 [Test worker] DEBUG io.micronaut.context.lifecycle -- Destroying bean [io.micronaut.validation.validator.resolver.CompositeTraversableResolver@3bead518] with identifier [traversableResolver]
    22:57:46.989 [Test worker] DEBUG io.micronaut.context.lifecycle -- Destroying bean [io.micronaut.http.server.RouteExecutor@684f7f1c] with identifier [routeExecutor]
    22:57:46.989 [Test worker] DEBUG io.micronaut.context.lifecycle -- Destroying bean [io.micronaut.http.server.RouteExecutor@684f7f1c] with identifier [routeExecutor]
    22:57:46.989 [Test worker] DEBUG io.micronaut.context.lifecycle -- Destroying bean [io.micronaut.http.server.netty.NettyRequestArgumentSatisfier@f310675] with identifier [requestArgumentSatisfier]
    22:57:46.989 [Test worker] DEBUG io.micronaut.context.lifecycle -- Destroying bean [io.micronaut.http.server.netty.NettyRequestArgumentSatisfier@f310675] with identifier [requestArgumentSatisfier]
    22:57:46.989 [Test worker] DEBUG io.micronaut.context.lifecycle -- Destroying bean [io.micronaut.http.server.netty.binders.NettyServerRequestBinderRegistry@5819ee0f] with identifier [requestBinderRegistry]
    22:57:46.989 [Test worker] DEBUG io.micronaut.context.lifecycle -- Destroying bean [io.micronaut.http.server.netty.binders.NettyServerRequestBinderRegistry@5819ee0f] with identifier [requestBinderRegistry]
    22:57:46.989 [Test worker] DEBUG io.micronaut.context.lifecycle -- Destroying bean [io.micronaut.inject.provider.BeanProviderDefinition$1@7fd4b9ec] with identifier [@Named('blocking') executorService]
    22:57:46.990 [Test worker] DEBUG io.micronaut.context.lifecycle -- Destroying bean [io.micronaut.inject.provider.BeanProviderDefinition$1@52fec840] with identifier [httpServerConfiguration]
    22:57:46.990 [Test worker] DEBUG io.micronaut.context.lifecycle -- Destroying bean [io.micronaut.data.hibernate.operations.HibernateJpaOperations@29da8305] with identifier [primaryRepositoryOperations]
    22:57:46.990 [Test worker] DEBUG io.micronaut.context.lifecycle -- Destroying bean [io.micronaut.data.hibernate.operations.HibernateJpaOperations@29da8305] with identifier [primaryRepositoryOperations]
    22:57:46.990 [Test worker] DEBUG io.micronaut.context.lifecycle -- Destroying bean [io.micronaut.scheduling.executor.DefaultExecutorSelector@1fbd5e0] with identifier [executorSelector]
    22:57:46.990 [Test worker] DEBUG io.micronaut.context.lifecycle -- Destroying bean [io.micronaut.scheduling.executor.DefaultExecutorSelector@1fbd5e0] with identifier [executorSelector]
    22:57:46.990 [Test worker] DEBUG io.micronaut.context.lifecycle -- Destroying bean [io.micronaut.inject.provider.BeanProviderDefinition$1@39514976] with identifier [@Named('blocking') blockingExecutor]
    22:57:46.990 [Test worker] DEBUG io.micronaut.context.lifecycle -- Destroying bean [io.micronaut.inject.provider.BeanProviderDefinition$1@6df37f7a] with identifier [@Named('io') ioExecutor]
    22:57:46.990 [Test worker] DEBUG io.micronaut.context.lifecycle -- Destroying bean [io.micronaut.scheduling.ScheduledExecutorTaskScheduler@3da1a80e] with identifier [@Named('scheduled') taskScheduler]
    22:57:46.990 [Test worker] DEBUG io.micronaut.context.lifecycle -- Destroying bean [io.micronaut.scheduling.ScheduledExecutorTaskScheduler@3da1a80e] with identifier [@Named('scheduled') taskScheduler]
    22:57:46.990 [Test worker] DEBUG io.micronaut.context.lifecycle -- Destroying bean [io.micronaut.context.propagation.instrument.execution.ExecutorServiceInstrumenter$2@354e2bff] with identifier [@Named('blocking') T]
    22:57:46.990 [Test worker] DEBUG io.micronaut.context.lifecycle -- Destroying bean [io.micronaut.context.propagation.instrument.execution.ExecutorServiceInstrumenter$2@354e2bff] with identifier [@Named('blocking') T]
    22:57:46.990 [Test worker] DEBUG io.micronaut.context.lifecycle -- Destroying bean [io.micronaut.inject.provider.BeanProviderDefinition$1@6dfebd2a] with identifier [@Named('virtual') virtual]
    22:57:46.990 [Test worker] DEBUG io.micronaut.context.lifecycle -- Destroying bean [io.micronaut.inject.provider.BeanProviderDefinition$1@593354fa] with identifier [@Named('io') io]
    22:57:46.990 [Test worker] DEBUG io.micronaut.context.lifecycle -- Destroying bean [io.micronaut.transaction.test.DefaultTestTransactionExecutionListener@5d3b6585] with identifier [@Named('default') defaultTestTransactionExecutionListener]
    22:57:46.990 [Test worker] DEBUG io.micronaut.context.lifecycle -- Destroying bean [io.micronaut.transaction.test.DefaultTestTransactionExecutionListener@5d3b6585] with identifier [@Named('default') defaultTestTransactionExecutionListener]
    22:57:46.990 [Test worker] DEBUG io.micronaut.context.lifecycle -- Destroying bean [io.micronaut.transaction.hibernate.HibernateTransactionManager@7b3c2ae0] with identifier [@Named('default') transactionManager]
    22:57:46.990 [Test worker] DEBUG io.micronaut.context.lifecycle -- Destroying bean [io.micronaut.transaction.hibernate.HibernateTransactionManager@7b3c2ae0] with identifier [@Named('default') transactionManager]
    22:57:46.990 [Test worker] DEBUG io.micronaut.context.lifecycle -- Destroying bean [io.micronaut.data.hibernate.connection.HibernateConnectionOperations@553fbe94] with identifier [@Named('default') connectionOperations]
    22:57:46.990 [Test worker] DEBUG io.micronaut.context.lifecycle -- Destroying bean [io.micronaut.data.hibernate.connection.HibernateConnectionOperations@553fbe94] with identifier [@Named('default') connectionOperations]
    22:57:46.990 [Test worker] DEBUG io.micronaut.context.lifecycle -- Destroying bean [org.hibernate.internal.SessionFactoryImpl@6253e59a] with identifier [sessionFactory]
    22:57:46.990 [Test worker] DEBUG io.micronaut.context.lifecycle -- Destroying bean [org.hibernate.internal.SessionFactoryImpl@6253e59a] with identifier [sessionFactory]
    22:57:46.991 [Test worker] DEBUG org.hibernate.internal.SessionFactoryImpl -- HHH000031: Closing
    22:57:46.991 [Test worker] DEBUG org.hibernate.type.spi.TypeConfiguration$Scope -- Un-scoping TypeConfiguration [org.hibernate.type.spi.TypeConfiguration$Scope@59e9ba7] from SessionFactory [org.hibernate.internal.SessionFactoryImpl@6253e59a]
    22:57:46.992 [Test worker] DEBUG org.hibernate.service.internal.AbstractServiceRegistryImpl -- Implicitly destroying ServiceRegistry on de-registration of all child ServiceRegistries
    22:57:46.992 [Test worker] DEBUG org.hibernate.boot.registry.internal.BootstrapServiceRegistryImpl -- Implicitly destroying Boot-strap registry on de-registration of all child ServiceRegistries
    22:57:46.992 [Test worker] DEBUG io.micronaut.context.lifecycle -- Destroying bean [org.hibernate.boot.internal.SessionFactoryBuilderImpl@9e02f84] with identifier [@Named('default') sessionFactoryBuilder]
    22:57:46.992 [Test worker] DEBUG io.micronaut.context.lifecycle -- Destroying bean [org.hibernate.boot.internal.SessionFactoryBuilderImpl@9e02f84] with identifier [@Named('default') sessionFactoryBuilder]
    22:57:46.992 [Test worker] DEBUG io.micronaut.context.lifecycle -- Destroying bean [org.hibernate.boot.internal.MetadataImpl@fe09383] with identifier [@Named('default') metadata]
    22:57:46.992 [Test worker] DEBUG io.micronaut.context.lifecycle -- Destroying bean [org.hibernate.boot.internal.MetadataImpl@fe09383] with identifier [@Named('default') metadata]
    22:57:46.992 [Test worker] DEBUG io.micronaut.context.lifecycle -- Destroying bean [org.hibernate.boot.MetadataSources@1b4ae4e0] with identifier [@Named('default') metadataSources]
    22:57:46.992 [Test worker] DEBUG io.micronaut.context.lifecycle -- Destroying bean [org.hibernate.boot.MetadataSources@1b4ae4e0] with identifier [@Named('default') metadataSources]
    22:57:46.992 [Test worker] DEBUG io.micronaut.context.lifecycle -- Destroying bean [io.micronaut.configuration.hibernate.jpa.conf.SessionFactoryPerDataSourceFactory@771cbb1a] with identifier [sessionFactoryPerDataSourceFactory]
    22:57:46.992 [Test worker] DEBUG io.micronaut.context.lifecycle -- Destroying bean [io.micronaut.configuration.hibernate.jpa.conf.SessionFactoryPerDataSourceFactory@771cbb1a] with identifier [sessionFactoryPerDataSourceFactory]
    22:57:46.992 [Test worker] DEBUG io.micronaut.context.lifecycle -- Destroying bean [io.micronaut.configuration.hibernate.jpa.conf.serviceregistry.builder.configures.internal.SettingsConfigurer@39e43310] with identifier [settingsConfigurer]
    22:57:46.992 [Test worker] DEBUG io.micronaut.context.lifecycle -- Destroying bean [io.micronaut.configuration.hibernate.jpa.conf.settings.internal.MicronautContainerSettingsSupplier@6f4ade6e] with identifier [micronautContainerSettingsSupplier]
    22:57:46.993 [Test worker] DEBUG io.micronaut.context.lifecycle -- Destroying bean [io.micronaut.configuration.hibernate.jpa.conf.settings.internal.DataSourceSettingSupplier@514cd540] with identifier [dataSourceSettingSupplier]
    22:57:46.993 [Test worker] DEBUG io.micronaut.context.lifecycle -- Destroying bean [io.micronaut.inject.provider.BeanProviderDefinition$1@15f8701f] with identifier [dataSourceBeanProvider]
    22:57:46.993 [Test worker] DEBUG io.micronaut.context.lifecycle -- Destroying bean [io.micronaut.configuration.hibernate.jpa.conf.settings.internal.ValidatorFactorySettingSupplier@3effd4f3] with identifier [validatorFactorySettingSupplier]
    22:57:46.993 [Test worker] DEBUG io.micronaut.context.lifecycle -- Destroying bean [io.micronaut.configuration.hibernate.jpa.conf.settings.internal.CurrentSessionContextClassSettingSupplier@4bbb49b0] with identifier [currentSessionContextClassSettingSupplier]
    22:57:46.993 [Test worker] DEBUG io.micronaut.context.lifecycle -- Destroying bean [io.micronaut.inject.provider.BeanProviderDefinition$1@4b2e3e8f] with identifier [provider]
    22:57:46.993 [Test worker] DEBUG io.micronaut.context.lifecycle -- Destroying bean [io.micronaut.transaction.hibernate.BeanContextServiceConfigurer@4c48fe92] with identifier [beanContextServiceConfigurer]
    22:57:46.993 [Test worker] DEBUG io.micronaut.context.lifecycle -- Destroying bean [io.micronaut.configuration.hibernate.jpa.conf.serviceregistry.builder.configures.internal.CompileProxyConfigurer@55e3d6c3] with identifier [compileProxyConfigurer]
    22:57:46.993 [Test worker] DEBUG io.micronaut.context.lifecycle -- Destroying bean [io.micronaut.inject.provider.BeanProviderDefinition$1@3ae0b770] with identifier [bytecodeProviderBeanProvider]
    22:57:46.993 [Test worker] DEBUG io.micronaut.context.lifecycle -- Destroying bean [io.micronaut.configuration.hibernate.jpa.conf.serviceregistry.builder.supplier.internal.DefaultStandardServiceRegistryBuilderCreatorCreator@1bf39d06] with identifier [serviceRegistryBuilderSupplier]
    22:57:46.993 [Test worker] DEBUG io.micronaut.context.lifecycle -- Destroying bean [io.micronaut.configuration.hibernate.jpa.conf.sessionfactory.configure.internal.ValidatorFactoryConfigurer@4d774249] with identifier [validatorFactoryConfigurer]
    22:57:46.993 [Test worker] DEBUG io.micronaut.context.lifecycle -- Destroying bean [org.hibernate.boot.registry.internal.StandardServiceRegistryImpl@35e8316e] with identifier [@Named('default') serviceRegistry]
    22:57:46.993 [Test worker] DEBUG io.micronaut.context.lifecycle -- Destroying bean [org.hibernate.boot.registry.internal.StandardServiceRegistryImpl@35e8316e] with identifier [@Named('default') serviceRegistry]
    22:57:46.993 [Test worker] DEBUG io.micronaut.context.lifecycle -- Destroying bean [io.micronaut.http.server.cors.CorsFilter@7a3feb8a] with identifier [corsFilter]
    22:57:46.993 [Test worker] DEBUG io.micronaut.context.lifecycle -- Destroying bean [io.micronaut.http.server.cors.CorsFilter@7a3feb8a] with identifier [corsFilter]
    22:57:46.993 [Test worker] DEBUG io.micronaut.context.lifecycle -- Destroying bean [io.micronaut.web.router.DefaultRouter@7a85dc58] with identifier [router]
    22:57:46.993 [Test worker] DEBUG io.micronaut.context.lifecycle -- Destroying bean [io.micronaut.web.router.DefaultRouter@7a85dc58] with identifier [router]
    22:57:46.993 [Test worker] DEBUG io.micronaut.context.lifecycle -- Destroying bean [io.micronaut.web.router.ServerFilterRouteBuilder@356fa0d1] with identifier [serverFilterRouteBuilder]
    22:57:46.993 [Test worker] DEBUG io.micronaut.context.lifecycle -- Destroying bean [io.micronaut.web.router.ServerFilterRouteBuilder@356fa0d1] with identifier [serverFilterRouteBuilder]
    22:57:46.993 [Test worker] DEBUG io.micronaut.context.lifecycle -- Destroying bean [io.micronaut.management.endpoint.processors.DeleteEndpointRouteBuilder@2976ef56] with identifier [deleteEndpointRouteBuilder]
    22:57:46.993 [Test worker] DEBUG io.micronaut.context.lifecycle -- Destroying bean [io.micronaut.management.endpoint.processors.DeleteEndpointRouteBuilder@2976ef56] with identifier [deleteEndpointRouteBuilder]
    22:57:46.993 [Test worker] DEBUG io.micronaut.context.lifecycle -- Destroying bean [io.micronaut.management.endpoint.processors.ReadEndpointRouteBuilder@6e49b011] with identifier [readEndpointRouteBuilder]
    22:57:46.993 [Test worker] DEBUG io.micronaut.context.lifecycle -- Destroying bean [io.micronaut.management.endpoint.processors.ReadEndpointRouteBuilder@6e49b011] with identifier [readEndpointRouteBuilder]
    22:57:46.994 [Test worker] DEBUG io.micronaut.context.lifecycle -- Destroying bean [io.micronaut.configuration.hibernate.jpa.JpaConfiguration@2cec704c] with identifier [jpaConfiguration]
    22:57:46.994 [Test worker] DEBUG io.micronaut.context.lifecycle -- Destroying bean [io.micronaut.configuration.hibernate.jpa.JpaConfiguration@2cec704c] with identifier [jpaConfiguration]
    22:57:46.994 [Test worker] DEBUG io.micronaut.context.lifecycle -- Destroying bean [io.micronaut.web.router.AnnotatedFilterRouteBuilder@1f48fa72] with identifier [annotatedFilterRouteBuilder]
    22:57:46.994 [Test worker] DEBUG io.micronaut.context.lifecycle -- Destroying bean [io.micronaut.web.router.AnnotatedFilterRouteBuilder@1f48fa72] with identifier [annotatedFilterRouteBuilder]
    22:57:46.994 [Test worker] DEBUG io.micronaut.context.lifecycle -- Destroying bean [io.micronaut.management.endpoint.processors.WriteEndpointRouteBuilder@5b0e9e0c] with identifier [writeEndpointRouteBuilder]
    22:57:46.994 [Test worker] DEBUG io.micronaut.context.lifecycle -- Destroying bean [io.micronaut.management.endpoint.processors.WriteEndpointRouteBuilder@5b0e9e0c] with identifier [writeEndpointRouteBuilder]
    22:57:46.994 [Test worker] DEBUG io.micronaut.context.lifecycle -- Destroying bean [io.micronaut.http.bind.DefaultRequestBinderRegistry@1a819901] with identifier [requestBinderRegistry]
    22:57:46.994 [Test worker] DEBUG io.micronaut.context.lifecycle -- Destroying bean [io.micronaut.http.bind.DefaultRequestBinderRegistry@1a819901] with identifier [requestBinderRegistry]
    22:57:46.994 [Test worker] DEBUG io.micronaut.context.lifecycle -- Destroying bean [io.micronaut.http.server.websocket.ServerWebSocketProcessor@19a7906c] with identifier [serverWebSocketProcessor]
    22:57:46.994 [Test worker] DEBUG io.micronaut.context.lifecycle -- Destroying bean [io.micronaut.http.server.websocket.ServerWebSocketProcessor@19a7906c] with identifier [serverWebSocketProcessor]
    22:57:46.994 [Test worker] DEBUG io.micronaut.context.lifecycle -- Destroying bean [io.micronaut.json.codec.JsonMediaTypeCodec@3922b297] with identifier [@Named('json') jsonMediaTypeCodec]
    22:57:46.994 [Test worker] DEBUG io.micronaut.context.lifecycle -- Destroying bean [io.micronaut.json.codec.JsonMediaTypeCodec@3922b297] with identifier [@Named('json') jsonMediaTypeCodec]
    22:57:46.994 [Test worker] DEBUG io.micronaut.context.lifecycle -- Destroying bean [io.micronaut.inject.provider.BeanProviderDefinition$1@647aa45c] with identifier [jsonCodec]
    22:57:46.994 [Test worker] DEBUG io.micronaut.context.lifecycle -- Destroying bean [io.micronaut.json.codec.JsonStreamMediaTypeCodec@1e836aed] with identifier [jsonStreamMediaTypeCodec]
    22:57:46.994 [Test worker] DEBUG io.micronaut.context.lifecycle -- Destroying bean [io.micronaut.json.codec.JsonStreamMediaTypeCodec@1e836aed] with identifier [jsonStreamMediaTypeCodec]
    22:57:46.995 [Test worker] DEBUG io.micronaut.context.lifecycle -- Destroying bean [io.micronaut.inject.provider.BeanProviderDefinition$1@6219006a] with identifier [jsonCodec]
    22:57:46.995 [Test worker] DEBUG io.micronaut.context.lifecycle -- Destroying bean [io.micronaut.scheduling.async.AsyncInterceptor@4d4d48a6] with identifier [asyncInterceptor]
    22:57:46.995 [Test worker] DEBUG io.micronaut.context.lifecycle -- Destroying bean [io.micronaut.scheduling.async.AsyncInterceptor@4d4d48a6] with identifier [asyncInterceptor]
    22:57:46.995 [Test worker] DEBUG io.micronaut.context.lifecycle -- Destroying bean [io.micronaut.inject.provider.BeanProviderDefinition$1@eadb475] with identifier [@Named('scheduled') T]
    22:57:46.995 [Test worker] DEBUG io.micronaut.context.lifecycle -- Destroying bean [io.micronaut.runtime.http.codec.TextPlainCodec@326dbe25] with identifier [textPlainCodec]
    22:57:46.995 [Test worker] DEBUG io.micronaut.context.lifecycle -- Destroying bean [io.micronaut.runtime.http.codec.TextPlainCodec@326dbe25] with identifier [textPlainCodec]
    22:57:46.995 [Test worker] DEBUG io.micronaut.context.lifecycle -- Destroying bean [io.micronaut.web.router.AnnotatedMethodRouteBuilder@5bde6148] with identifier [annotatedMethodRouteBuilder]
    22:57:46.995 [Test worker] DEBUG io.micronaut.context.lifecycle -- Destroying bean [io.micronaut.web.router.AnnotatedMethodRouteBuilder@5bde6148] with identifier [annotatedMethodRouteBuilder]
    22:57:46.995 [Test worker] DEBUG io.micronaut.context.lifecycle -- Destroying bean [io.micronaut.http.client.DefaultHttpClientConfiguration@ad585fb] with identifier [defaultHttpClientConfiguration]
    22:57:46.995 [Test worker] DEBUG io.micronaut.context.lifecycle -- Destroying bean [io.micronaut.http.client.DefaultHttpClientConfiguration@ad585fb] with identifier [defaultHttpClientConfiguration]
    22:57:46.995 [Test worker] DEBUG io.micronaut.context.lifecycle -- Destroying bean [io.micronaut.http.server.util.DefaultHttpHostResolver@6295a576] with identifier [httpHostResolver]
    22:57:46.995 [Test worker] DEBUG io.micronaut.context.lifecycle -- Destroying bean [io.micronaut.http.server.util.DefaultHttpHostResolver@6295a576] with identifier [httpHostResolver]
    22:57:46.995 [Test worker] DEBUG io.micronaut.context.lifecycle -- Destroying bean [io.micronaut.inject.provider.BeanProviderDefinition$1@17589888] with identifier [embeddedServer]
    22:57:46.995 [Test worker] DEBUG io.micronaut.context.lifecycle -- Destroying bean [io.micronaut.scheduling.executor.ExecutorFactory@4bfd7015] with identifier [executorFactory]
    22:57:46.995 [Test worker] DEBUG io.micronaut.context.lifecycle -- Destroying bean [io.micronaut.scheduling.executor.ExecutorFactory@4bfd7015] with identifier [executorFactory]
    22:57:46.995 [Test worker] DEBUG io.micronaut.context.lifecycle -- Destroying bean [io.micronaut.http.server.netty.websocket.WebSocketUpgradeHandlerFactory@6b3bc1f6] with identifier [webSocketUpgradeHandlerFactory]
    22:57:46.995 [Test worker] DEBUG io.micronaut.context.lifecycle -- Destroying bean [io.micronaut.http.server.netty.websocket.WebSocketUpgradeHandlerFactory@6b3bc1f6] with identifier [webSocketUpgradeHandlerFactory]
    22:57:46.995 [Test worker] DEBUG io.micronaut.context.lifecycle -- Destroying bean [io.micronaut.http.netty.body.NettyJsonHandler@4be460e5] with identifier [nettyJsonHandler]
    22:57:46.996 [Test worker] DEBUG io.micronaut.context.lifecycle -- Destroying bean [io.micronaut.http.netty.body.NettyJsonHandler@4be460e5] with identifier [nettyJsonHandler]
    22:57:46.996 [Test worker] DEBUG io.micronaut.context.lifecycle -- Destroying bean [io.micronaut.data.hibernate.event.EventIntegrator@58e85c6f] with identifier [integrator]
    22:57:46.996 [Test worker] DEBUG io.micronaut.context.lifecycle -- Destroying bean [io.micronaut.data.hibernate.event.EventIntegrator@58e85c6f] with identifier [integrator]
    22:57:46.996 [Test worker] DEBUG io.micronaut.context.lifecycle -- Destroying bean [io.micronaut.http.server.netty.NettyHttpServer@5527dbb0] with identifier [embeddedApplication]
    22:57:46.996 [Test worker] DEBUG io.micronaut.context.lifecycle -- Destroying bean [io.micronaut.http.server.netty.NettyHttpServer@5527dbb0] with identifier [embeddedApplication]
    22:57:46.996 [Test worker] DEBUG io.micronaut.context.lifecycle -- Destroying bean [io.micronaut.management.endpoint.EndpointsFilter@66f489af] with identifier [endpointsFilter]
    22:57:46.996 [Test worker] DEBUG io.micronaut.context.lifecycle -- Destroying bean [io.micronaut.management.endpoint.EndpointsFilter@66f489af] with identifier [endpointsFilter]
    22:57:46.996 [Test worker] DEBUG io.micronaut.context.lifecycle -- Destroying bean [io.micronaut.http.server.netty.DefaultHttpCompressionStrategy@33e6bd36] with identifier [httpCompressionStrategy]
    22:57:46.996 [Test worker] DEBUG io.micronaut.context.lifecycle -- Destroying bean [io.micronaut.http.server.netty.DefaultHttpCompressionStrategy@33e6bd36] with identifier [httpCompressionStrategy]
    22:57:46.996 [Test worker] DEBUG io.micronaut.context.lifecycle -- Destroying bean [io.micronaut.http.bind.binders.DefaultBodyAnnotationBinder@ca2be53] with identifier [defaultBodyAnnotationBinder]
    22:57:46.996 [Test worker] DEBUG io.micronaut.context.lifecycle -- Destroying bean [io.micronaut.http.bind.binders.DefaultBodyAnnotationBinder@ca2be53] with identifier [defaultBodyAnnotationBinder]
    22:57:46.996 [Test worker] DEBUG io.micronaut.context.lifecycle -- Destroying bean [io.micronaut.reactor.instrument.ReactorInstrumentation@4c50cd7d] with identifier [reactorInstrumentation]
    22:57:46.996 [Test worker] DEBUG io.micronaut.context.lifecycle -- Destroying bean [io.micronaut.reactor.instrument.ReactorInstrumentation@4c50cd7d] with identifier [reactorInstrumentation]
    22:57:46.997 [Test worker] DEBUG io.micronaut.context.lifecycle -- Destroying bean [io.micronaut.jackson.databind.JacksonDatabindMapper@35d114f4] with identifier [jsonMapper]
    22:57:46.997 [Test worker] DEBUG io.micronaut.context.lifecycle -- Destroying bean [io.micronaut.jackson.databind.JacksonDatabindMapper@35d114f4] with identifier [jsonMapper]
    22:57:46.997 [Test worker] DEBUG io.micronaut.context.lifecycle -- Destroying bean [io.micronaut.http.server.binding.LocaleArgumentBinder@7c8df667] with identifier [localeArgumentBinder]
    22:57:46.997 [Test worker] DEBUG io.micronaut.context.lifecycle -- Destroying bean [io.micronaut.http.server.binding.LocaleArgumentBinder@7c8df667] with identifier [localeArgumentBinder]
    22:57:46.997 [Test worker] DEBUG io.micronaut.context.lifecycle -- Destroying bean [io.netty.channel.nio.NioEventLoopGroup@7eea934d] with identifier [eventLoopGroup]
    22:57:46.997 [Test worker] DEBUG io.micronaut.context.lifecycle -- Destroying bean [io.netty.channel.nio.NioEventLoopGroup@7eea934d] with identifier [eventLoopGroup]
    22:57:46.997 [Test worker] DEBUG io.micronaut.context.lifecycle -- Destroying bean [io.micronaut.flyway.$DataSourceMigrationRunner$Definition$Intercepted@749ab7b4] with identifier [$DataSourceMigrationRunner$Definition$Intercepted]
    22:57:46.997 [Test worker] DEBUG io.micronaut.context.lifecycle -- Destroying bean [io.micronaut.flyway.$DataSourceMigrationRunner$Definition$Intercepted@749ab7b4] with identifier [$DataSourceMigrationRunner$Definition$Intercepted]
    22:57:46.997 [Test worker] DEBUG io.micronaut.context.lifecycle -- Destroying bean [io.micronaut.context.event.ApplicationEventPublisherFactory$1@5cbf9e9f] with identifier [eventPublisher]
    22:57:46.997 [Test worker] DEBUG io.micronaut.context.lifecycle -- Destroying bean [io.micronaut.http.ssl.ClientSslConfiguration@68feca3a] with identifier [sslConfiguration]
    22:57:46.997 [Test worker] DEBUG io.micronaut.context.lifecycle -- Destroying bean [io.micronaut.http.ssl.ClientSslConfiguration@68feca3a] with identifier [sslConfiguration]
    22:57:46.997 [Test worker] DEBUG io.micronaut.context.lifecycle -- Destroying bean [io.micronaut.flyway.$AlternativeMigrationRunner$Definition$Intercepted@65ef722a] with identifier [$AlternativeMigrationRunner$Definition$Intercepted]
    22:57:46.997 [Test worker] DEBUG io.micronaut.context.lifecycle -- Destroying bean [io.micronaut.flyway.$AlternativeMigrationRunner$Definition$Intercepted@65ef722a] with identifier [$AlternativeMigrationRunner$Definition$Intercepted]
    22:57:46.997 [Test worker] DEBUG io.micronaut.context.lifecycle -- Destroying bean [io.micronaut.context.event.ApplicationEventPublisherFactory$1@5cbf9e9f] with identifier [eventPublisher]
    22:57:46.997 [Test worker] DEBUG io.micronaut.context.lifecycle -- Destroying bean [io.micronaut.http.server.netty.discovery.NettyServiceDiscovery$ApplicationEventListener$onStop2$Intercepted@157e0f6b] with identifier [nettyServiceDiscovery$ApplicationEventListener$onStop2$Intercepted]
    22:57:46.997 [Test worker] DEBUG io.micronaut.context.lifecycle -- Destroying bean [io.micronaut.http.server.netty.discovery.NettyServiceDiscovery$ApplicationEventListener$onStop2$Intercepted@157e0f6b] with identifier [nettyServiceDiscovery$ApplicationEventListener$onStop2$Intercepted]
    22:57:46.997 [Test worker] DEBUG io.micronaut.context.lifecycle -- Destroying bean [io.micronaut.http.server.netty.discovery.NettyServiceDiscovery$ApplicationEventListener$onStart1$Intercepted@aca594d] with identifier [nettyServiceDiscovery$ApplicationEventListener$onStart1$Intercepted]
    22:57:46.997 [Test worker] DEBUG io.micronaut.context.lifecycle -- Destroying bean [io.micronaut.http.server.netty.discovery.NettyServiceDiscovery$ApplicationEventListener$onStart1$Intercepted@aca594d] with identifier [nettyServiceDiscovery$ApplicationEventListener$onStart1$Intercepted]
    22:57:46.997 [Test worker] DEBUG io.micronaut.context.lifecycle -- Destroying bean [io.micronaut.data.runtime.support.DefaultRuntimeEntityRegistry@3cd206b5] with identifier [entityRegistry]
    22:57:46.997 [Test worker] DEBUG io.micronaut.context.lifecycle -- Destroying bean [io.micronaut.data.runtime.support.DefaultRuntimeEntityRegistry@3cd206b5] with identifier [entityRegistry]
    22:57:46.997 [Test worker] DEBUG io.micronaut.context.lifecycle -- Destroying bean [io.micronaut.management.health.indicator.service.ServiceReadyHealthIndicator$ApplicationEventListener$onServiceStarted1$Intercepted@78f35e39] with identifier [serviceReadyHealthIndicator$ApplicationEventListener$onServiceStarted1$Intercepted]
    22:57:46.997 [Test worker] DEBUG io.micronaut.context.lifecycle -- Destroying bean [io.micronaut.management.health.indicator.service.ServiceReadyHealthIndicator$ApplicationEventListener$onServiceStarted1$Intercepted@78f35e39] with identifier [serviceReadyHealthIndicator$ApplicationEventListener$onServiceStarted1$Intercepted]
    22:57:46.997 [Test worker] DEBUG io.micronaut.context.lifecycle -- Destroying bean [io.micronaut.management.health.indicator.service.ServiceReadyHealthIndicator$ApplicationEventListener$onServerStarted2$Intercepted@558575fe] with identifier [serviceReadyHealthIndicator$ApplicationEventListener$onServerStarted2$Intercepted]
    22:57:46.997 [Test worker] DEBUG io.micronaut.context.lifecycle -- Destroying bean [io.micronaut.management.health.indicator.service.ServiceReadyHealthIndicator$ApplicationEventListener$onServerStarted2$Intercepted@558575fe] with identifier [serviceReadyHealthIndicator$ApplicationEventListener$onServerStarted2$Intercepted]
    22:57:46.997 [Test worker] DEBUG io.micronaut.context.lifecycle -- Destroying bean [io.micronaut.http.server.netty.configuration.NettyHttpServerConfiguration@351d93bd] with identifier [contextPathProvider]
    22:57:46.997 [Test worker] DEBUG io.micronaut.context.lifecycle -- Destroying bean [io.micronaut.http.server.netty.configuration.NettyHttpServerConfiguration@351d93bd] with identifier [contextPathProvider]
    22:57:46.997 [Test worker] DEBUG io.micronaut.context.lifecycle -- Destroying bean [io.micronaut.management.endpoint.EndpointSensitivityProcessor@5527e122] with identifier [endpointSensitivityProcessor]
    22:57:46.997 [Test worker] DEBUG io.micronaut.context.lifecycle -- Destroying bean [io.micronaut.management.endpoint.EndpointSensitivityProcessor@5527e122] with identifier [endpointSensitivityProcessor]
    22:57:46.998 [Test worker] DEBUG io.micronaut.context.lifecycle -- Destroying bean [io.micronaut.http.body.DefaultMessageBodyHandlerRegistry@6fc0e448] with identifier [messageBodyHandlerRegistry]
    22:57:46.998 [Test worker] DEBUG io.micronaut.context.lifecycle -- Destroying bean [io.micronaut.http.body.DefaultMessageBodyHandlerRegistry@6fc0e448] with identifier [messageBodyHandlerRegistry]
    22:57:46.998 [Test worker] DEBUG io.micronaut.context.lifecycle -- Destroying bean [io.micronaut.scheduling.processor.ScheduledMethodProcessor@63c84d31] with identifier [scheduledMethodProcessor]
    22:57:46.998 [Test worker] DEBUG io.micronaut.context.lifecycle -- Destroying bean [io.micronaut.scheduling.processor.ScheduledMethodProcessor@63c84d31] with identifier [scheduledMethodProcessor]
    22:57:46.998 [Test worker] DEBUG io.micronaut.context.lifecycle -- Destroying bean [io.micronaut.http.client.filter.DefaultHttpClientFilterResolver@75df4b1d] with identifier [httpClientFilterResolver]
    22:57:46.998 [Test worker] DEBUG io.micronaut.context.lifecycle -- Destroying bean [io.micronaut.http.client.filter.DefaultHttpClientFilterResolver@75df4b1d] with identifier [httpClientFilterResolver]
    22:57:46.998 [Test worker] DEBUG io.micronaut.context.lifecycle -- Destroying bean [com.fasterxml.jackson.databind.ObjectMapper@3bcedb06] with identifier [objectMapper]
    22:57:46.998 [Test worker] DEBUG io.micronaut.context.lifecycle -- Destroying bean [com.fasterxml.jackson.databind.ObjectMapper@3bcedb06] with identifier [objectMapper]
    22:57:46.998 [Test worker] DEBUG io.micronaut.context.lifecycle -- Destroying bean [io.micronaut.data.runtime.intercept.DataInterceptorResolver@1d4e06bb] with identifier [dataInterceptorResolver]
    22:57:46.998 [Test worker] DEBUG io.micronaut.context.lifecycle -- Destroying bean [io.micronaut.data.runtime.intercept.DataInterceptorResolver@1d4e06bb] with identifier [dataInterceptorResolver]
    22:57:46.998 [Test worker] DEBUG io.micronaut.context.lifecycle -- Destroying bean [io.micronaut.http.client.DefaultLoadBalancerResolver@67372d20] with identifier [loadBalancerResolver]
    22:57:46.998 [Test worker] DEBUG io.micronaut.context.lifecycle -- Destroying bean [io.micronaut.http.client.DefaultLoadBalancerResolver@67372d20] with identifier [loadBalancerResolver]
    22:57:46.998 [Test worker] DEBUG io.micronaut.context.lifecycle -- Destroying bean [io.micronaut.data.runtime.support.convert.DefaultAttributeConverterRegistry@44841b43] with identifier [attributeConverterRegistry]
    22:57:46.998 [Test worker] DEBUG io.micronaut.context.lifecycle -- Destroying bean [io.micronaut.data.runtime.support.convert.DefaultAttributeConverterRegistry@44841b43] with identifier [attributeConverterRegistry]
    22:57:46.999 [Test worker] DEBUG io.micronaut.context.lifecycle -- Destroying bean [io.micronaut.http.server.util.locale.CompositeHttpLocaleResolver@d13379e] with identifier [localeResolver]
    22:57:46.999 [Test worker] DEBUG io.micronaut.context.lifecycle -- Destroying bean [io.micronaut.http.server.util.locale.CompositeHttpLocaleResolver@d13379e] with identifier [localeResolver]
    22:57:46.999 [Test worker] DEBUG io.micronaut.context.lifecycle -- Destroying bean [io.micronaut.data.runtime.event.listeners.AutoTimestampEntityEventListener@1431267b] with identifier [autoTimestampEntityEventListener]
    22:57:46.999 [Test worker] DEBUG io.micronaut.context.lifecycle -- Destroying bean [io.micronaut.data.runtime.event.listeners.AutoTimestampEntityEventListener@1431267b] with identifier [autoTimestampEntityEventListener]
    22:57:46.999 [Test worker] DEBUG io.micronaut.context.lifecycle -- Destroying bean [io.micronaut.http.server.netty.configuration.NettyHttpServerConfiguration$FileTypeHandlerConfiguration@19ec5357] with identifier [fileTypeHandlerConfiguration]
    22:57:46.999 [Test worker] DEBUG io.micronaut.context.lifecycle -- Destroying bean [io.micronaut.http.server.netty.configuration.NettyHttpServerConfiguration$FileTypeHandlerConfiguration@19ec5357] with identifier [fileTypeHandlerConfiguration]
    22:57:46.999 [Test worker] DEBUG io.micronaut.context.lifecycle -- Destroying bean [io.micronaut.data.runtime.event.listeners.VersionGeneratingEntityEventListener@3f93e4a8] with identifier [versionGeneratingEntityEventListener]
    22:57:46.999 [Test worker] DEBUG io.micronaut.context.lifecycle -- Destroying bean [io.micronaut.data.runtime.event.listeners.VersionGeneratingEntityEventListener@3f93e4a8] with identifier [versionGeneratingEntityEventListener]
    22:57:46.999 [Test worker] DEBUG io.micronaut.context.lifecycle -- Destroying bean [io.micronaut.http.netty.body.NettyWritableBodyWriter@42d174ad] with identifier [nettyWritableBodyWriter]
    22:57:46.999 [Test worker] DEBUG io.micronaut.context.lifecycle -- Destroying bean [io.micronaut.http.netty.body.NettyWritableBodyWriter@42d174ad] with identifier [nettyWritableBodyWriter]
    22:57:46.999 [Test worker] DEBUG io.micronaut.context.lifecycle -- Destroying bean [com.fasterxml.jackson.core.JsonFactory@4bc21e34] with identifier [jsonFactory]
    22:57:46.999 [Test worker] DEBUG io.micronaut.context.lifecycle -- Destroying bean [com.fasterxml.jackson.core.JsonFactory@4bc21e34] with identifier [jsonFactory]
    22:57:46.999 [Test worker] DEBUG io.micronaut.context.lifecycle -- Destroying bean [io.micronaut.http.server.netty.discovery.NettyServiceDiscovery@254d8ef6] with identifier [nettyServiceDiscovery]
    22:57:46.999 [Test worker] DEBUG io.micronaut.context.lifecycle -- Destroying bean [io.micronaut.http.server.netty.discovery.NettyServiceDiscovery@254d8ef6] with identifier [nettyServiceDiscovery]
    22:57:46.999 [Test worker] DEBUG io.micronaut.context.lifecycle -- Destroying bean [io.micronaut.context.event.ApplicationEventPublisherFactory$2@7a78d2aa] with identifier [serviceStoppedEventApplicationEventPublisher]
    22:57:46.999 [Test worker] DEBUG io.micronaut.context.lifecycle -- Destroying bean [io.micronaut.context.event.ApplicationEventPublisherFactory$2@2175d53f] with identifier [serviceReadyEventApplicationEventPublisher]
    22:57:46.999 [Test worker] DEBUG io.micronaut.context.lifecycle -- Destroying bean [com.taskflow.controller.TaskController@742952cf] with identifier [taskController]
    22:57:46.999 [Test worker] DEBUG io.micronaut.context.lifecycle -- Destroying bean [com.taskflow.controller.TaskController@742952cf] with identifier [taskController]
    22:57:46.999 [Test worker] DEBUG io.micronaut.context.lifecycle -- Destroying bean [com.taskflow.controller.$TaskControllerTest$TaskService0$Definition$Intercepted@27666fe] with identifier [taskService]
    22:57:46.999 [Test worker] DEBUG io.micronaut.context.lifecycle -- Destroying bean [com.taskflow.repository.TaskRepository$Intercepted@3d7943b2] with identifier [taskRepository]
    22:57:46.999 [Test worker] DEBUG io.micronaut.context.lifecycle -- Destroying bean [io.micronaut.data.runtime.intercept.DataIntroductionAdvice@70dc0a47] with identifier [dataIntroductionAdvice]
    22:57:47.000 [Test worker] DEBUG io.micronaut.context.lifecycle -- Destroying bean [io.micronaut.flyway.FlywayConfigurationProperties@35e52059] with identifier [flywayConfigurationProperties]
    22:57:47.000 [Test worker] DEBUG io.micronaut.context.lifecycle -- Destroying bean [io.micronaut.flyway.FlywayConfigurationProperties@35e52059] with identifier [flywayConfigurationProperties]
    22:57:47.000 [Test worker] DEBUG io.micronaut.context.lifecycle -- Destroying bean [io.micronaut.configuration.jdbc.hikari.DatasourceFactory@2fb68ec6] with identifier [datasourceFactory]
    22:57:47.000 [Test worker] DEBUG io.micronaut.context.lifecycle -- Destroying bean [io.micronaut.configuration.jdbc.hikari.DatasourceFactory@2fb68ec6] with identifier [datasourceFactory]
    22:57:47.000 [Test worker] INFO com.zaxxer.hikari.HikariDataSource -- HikariPool-1 - Shutdown initiated...
    22:57:47.000 [Test worker] DEBUG com.zaxxer.hikari.pool.HikariPool -- HikariPool-1 - Before shutdown stats (total=10, active=0, idle=10, waiting=0)
    22:57:47.001 [HikariPool-1 connection closer] DEBUG com.zaxxer.hikari.pool.PoolBase -- HikariPool-1 - Closing connection conn0: url=jdbc:h2:mem:devDb user=SA: (connection evicted)
    22:57:47.001 [HikariPool-1 connection closer] DEBUG com.zaxxer.hikari.pool.PoolBase -- HikariPool-1 - Closing connection conn1: url=jdbc:h2:mem:devDb user=SA: (connection evicted)
    22:57:47.002 [HikariPool-1 connection closer] DEBUG com.zaxxer.hikari.pool.PoolBase -- HikariPool-1 - Closing connection conn2: url=jdbc:h2:mem:devDb user=SA: (connection evicted)
    22:57:47.002 [HikariPool-1 connection closer] DEBUG com.zaxxer.hikari.pool.PoolBase -- HikariPool-1 - Closing connection conn3: url=jdbc:h2:mem:devDb user=SA: (connection evicted)
    22:57:47.002 [HikariPool-1 connection closer] DEBUG com.zaxxer.hikari.pool.PoolBase -- HikariPool-1 - Closing connection conn4: url=jdbc:h2:mem:devDb user=SA: (connection evicted)
    22:57:47.002 [HikariPool-1 connection closer] DEBUG com.zaxxer.hikari.pool.PoolBase -- HikariPool-1 - Closing connection conn5: url=jdbc:h2:mem:devDb user=SA: (connection evicted)
    22:57:47.002 [HikariPool-1 connection closer] DEBUG com.zaxxer.hikari.pool.PoolBase -- HikariPool-1 - Closing connection conn6: url=jdbc:h2:mem:devDb user=SA: (connection evicted)
    22:57:47.002 [HikariPool-1 connection closer] DEBUG com.zaxxer.hikari.pool.PoolBase -- HikariPool-1 - Closing connection conn7: url=jdbc:h2:mem:devDb user=SA: (connection evicted)
    22:57:47.002 [HikariPool-1 connection closer] DEBUG com.zaxxer.hikari.pool.PoolBase -- HikariPool-1 - Closing connection conn8: url=jdbc:h2:mem:devDb user=SA: (connection evicted)
    22:57:47.002 [HikariPool-1 connection closer] DEBUG com.zaxxer.hikari.pool.PoolBase -- HikariPool-1 - Closing connection conn9: url=jdbc:h2:mem:devDb user=SA: (connection evicted)
    22:57:47.002 [Test worker] DEBUG com.zaxxer.hikari.pool.HikariPool -- HikariPool-1 - After shutdown stats (total=0, active=0, idle=0, waiting=0)
    22:57:47.002 [Test worker] INFO com.zaxxer.hikari.HikariDataSource -- HikariPool-1 - Shutdown completed.
    22:57:47.002 [Test worker] DEBUG io.micronaut.context.lifecycle -- Destroying bean [io.micronaut.context.propagation.instrument.execution.ExecutorServiceInstrumenter$2@4fea095b] with identifier [@Named('virtual') T]
    22:57:47.002 [Test worker] DEBUG io.micronaut.context.lifecycle -- Destroying bean [io.micronaut.context.propagation.instrument.execution.ExecutorServiceInstrumenter$2@4fea095b] with identifier [@Named('virtual') T]
    22:57:47.002 [Test worker] DEBUG io.micronaut.context.lifecycle -- Destroying bean [io.micronaut.http.server.CoroutineHelper@18c0f025] with identifier [coroutineHelper]
    22:57:47.002 [Test worker] DEBUG io.micronaut.context.lifecycle -- Destroying bean [io.micronaut.http.server.CoroutineHelper@18c0f025] with identifier [coroutineHelper]
    22:57:47.002 [Test worker] DEBUG io.micronaut.context.lifecycle -- Destroying bean [io.micronaut.data.runtime.convert.DataConversionServiceImpl@2add4d24] with identifier [conversionService]
    22:57:47.002 [Test worker] DEBUG io.micronaut.context.lifecycle -- Destroying bean [io.micronaut.data.runtime.convert.DataConversionServiceImpl@2add4d24] with identifier [conversionService]
    22:57:47.002 [Test worker] DEBUG io.micronaut.context.lifecycle -- Destroying bean [io.micronaut.data.runtime.event.EntityEventRegistry@3cec79d3] with identifier [eventRegistry]
    22:57:47.002 [Test worker] DEBUG io.micronaut.context.lifecycle -- Destroying bean [io.micronaut.data.runtime.event.EntityEventRegistry@3cec79d3] with identifier [eventRegistry]
    22:57:47.003 [Test worker] DEBUG io.micronaut.context.lifecycle -- Destroying bean [io.micronaut.data.connection.jdbc.advice.ContextualAwareDataSource$DataSourceProxy@6c298dc] with identifier [dataSource]
    22:57:47.003 [Test worker] DEBUG io.micronaut.context.lifecycle -- Destroying bean [io.micronaut.data.connection.jdbc.advice.ContextualAwareDataSource$DataSourceProxy@6c298dc] with identifier [dataSource]
    22:57:47.003 [Test worker] DEBUG io.micronaut.context.lifecycle -- Destroying bean [io.micronaut.web.router.resource.StaticResourceResolver$1@60d32006] with identifier [staticResourceResolver]
    22:57:47.003 [Test worker] DEBUG io.micronaut.context.lifecycle -- Destroying bean [io.micronaut.web.router.resource.StaticResourceResolver$1@60d32006] with identifier [staticResourceResolver]
    22:57:47.003 [Test worker] DEBUG io.micronaut.context.lifecycle -- Destroying bean [io.micronaut.data.runtime.http.PageableRequestArgumentBinder@2e0652ab] with identifier [pageableRequestArgumentBinder]
    22:57:47.003 [Test worker] DEBUG io.micronaut.context.lifecycle -- Destroying bean [io.micronaut.data.runtime.http.PageableRequestArgumentBinder@2e0652ab] with identifier [pageableRequestArgumentBinder]
    22:57:47.003 [Test worker] DEBUG io.micronaut.context.lifecycle -- Destroying bean [io.micronaut.configuration.jdbc.hikari.DatasourceConfiguration@31198ceb] with identifier [@Named('default') datasourceConfiguration]
    22:57:47.003 [Test worker] DEBUG io.micronaut.context.lifecycle -- Destroying bean [io.micronaut.configuration.jdbc.hikari.DatasourceConfiguration@31198ceb] with identifier [@Named('default') datasourceConfiguration]
    22:57:47.003 [Test worker] DEBUG io.micronaut.context.lifecycle -- Destroying bean [io.micronaut.management.health.indicator.service.ServiceReadyHealthIndicator@7fa8fff] with identifier [serviceReadyHealthIndicator]
    22:57:47.003 [Test worker] DEBUG io.micronaut.context.lifecycle -- Destroying bean [io.micronaut.management.health.indicator.service.ServiceReadyHealthIndicator@7fa8fff] with identifier [serviceReadyHealthIndicator]
    22:57:47.003 [Test worker] DEBUG io.micronaut.context.lifecycle -- Destroying bean [io.micronaut.http.server.exceptions.ConversionErrorHandler@55fdcfce] with identifier [conversionErrorHandler]
    22:57:47.003 [Test worker] DEBUG io.micronaut.context.lifecycle -- Destroying bean [io.micronaut.http.server.exceptions.ConversionErrorHandler@55fdcfce] with identifier [conversionErrorHandler]
    22:57:47.003 [Test worker] DEBUG io.micronaut.context.lifecycle -- Destroying bean [ReactorConfiguration[enableAutomaticContextPropagation=null, enableScheduleHookContextPropagation=null]] with identifier [configuration]
    22:57:47.003 [Test worker] DEBUG io.micronaut.context.lifecycle -- Destroying bean [ReactorConfiguration[enableAutomaticContextPropagation=null, enableScheduleHookContextPropagation=null]] with identifier [configuration]
    22:57:47.003 [Test worker] DEBUG io.micronaut.context.lifecycle -- Destroying bean [io.micronaut.data.connection.jdbc.advice.ContextualAwareDataSource@2bf94401] with identifier [contextualAwareDataSource]
    22:57:47.003 [Test worker] DEBUG io.micronaut.context.lifecycle -- Destroying bean [io.micronaut.data.connection.jdbc.advice.ContextualAwareDataSource@2bf94401] with identifier [contextualAwareDataSource]
    22:57:47.003 [Test worker] DEBUG io.micronaut.context.lifecycle -- Destroying bean [io.micronaut.runtime.context.scope.refresh.RefreshScope@69fe8c75] with identifier [refreshScope]
    22:57:47.003 [Test worker] DEBUG io.micronaut.context.lifecycle -- Destroying bean [io.micronaut.runtime.context.scope.refresh.RefreshScope@69fe8c75] with identifier [refreshScope]
    22:57:47.003 [Test worker] DEBUG io.micronaut.context.lifecycle -- Destroying bean [io.micronaut.data.runtime.operations.DefaultRepositoryOperationsRegistry@3b18009f] with identifier [repositoryOperationsRegistry]
    22:57:47.003 [Test worker] DEBUG io.micronaut.context.lifecycle -- Destroying bean [io.micronaut.data.runtime.operations.DefaultRepositoryOperationsRegistry@3b18009f] with identifier [repositoryOperationsRegistry]
    22:57:47.003 [Test worker] DEBUG io.micronaut.context.lifecycle -- Destroying bean [io.micronaut.http.client.netty.ssl.NettyClientSslBuilder@23119bc3] with identifier [nettyClientSslBuilder]
    22:57:47.003 [Test worker] DEBUG io.micronaut.context.lifecycle -- Destroying bean [io.micronaut.http.client.netty.ssl.NettyClientSslBuilder@23119bc3] with identifier [nettyClientSslBuilder]
    22:57:47.003 [Test worker] DEBUG io.micronaut.context.lifecycle -- Destroying bean [io.micronaut.context.propagation.instrument.execution.ExecutorServiceInstrumenter$2@21c07084] with identifier [@Named('io') executorService]
    22:57:47.003 [Test worker] DEBUG io.micronaut.context.lifecycle -- Destroying bean [io.micronaut.context.propagation.instrument.execution.ExecutorServiceInstrumenter$2@21c07084] with identifier [@Named('io') executorService]
    22:57:47.003 [Test worker] DEBUG io.micronaut.context.lifecycle -- Destroying bean [java.lang.ThreadBuilders$VirtualThreadFactory@6fdd3382] with identifier [@Named('virtual') threadFactory]
    22:57:47.004 [Test worker] DEBUG io.micronaut.context.lifecycle -- Destroying bean [java.lang.ThreadBuilders$VirtualThreadFactory@6fdd3382] with identifier [@Named('virtual') threadFactory]
    22:57:47.004 [Test worker] DEBUG io.micronaut.context.lifecycle -- Destroying bean [io.micronaut.context.propagation.instrument.execution.ExecutorServiceInstrumenter$1@97226c7] with identifier [@Named('scheduled') executorService]
    22:57:47.004 [Test worker] DEBUG io.micronaut.context.lifecycle -- Destroying bean [io.micronaut.context.propagation.instrument.execution.ExecutorServiceInstrumenter$1@97226c7] with identifier [@Named('scheduled') executorService]
    22:57:47.004 [Test worker] DEBUG io.micronaut.context.lifecycle -- Destroying bean [io.micronaut.context.propagation.instrument.execution.ExecutorServiceInstrumenter@26843315] with identifier [executorServiceInstrumenter]
    22:57:47.004 [Test worker] DEBUG io.micronaut.context.lifecycle -- Destroying bean [io.micronaut.validation.validator.extractors.DefaultValueExtractors@64c4c01] with identifier [valueExtractorRegistry]
    22:57:47.004 [Test worker] DEBUG io.micronaut.context.lifecycle -- Destroying bean [io.micronaut.validation.validator.extractors.DefaultValueExtractors@64c4c01] with identifier [valueExtractorRegistry]
    22:57:47.004 [Test worker] DEBUG io.micronaut.context.lifecycle -- Destroying bean [io.micronaut.scheduling.executor.NamedThreadFactory@4a016e91] with identifier [@Named('scheduled') threadFactory]
    22:57:47.004 [Test worker] DEBUG io.micronaut.context.lifecycle -- Destroying bean [io.micronaut.scheduling.executor.NamedThreadFactory@4a016e91] with identifier [@Named('scheduled') threadFactory]
    22:57:47.004 [Test worker] DEBUG io.micronaut.context.lifecycle -- Destroying bean [io.micronaut.http.server.exceptions.response.HateoasErrorResponseProcessor@6885f3f7] with identifier [errorResponseProcessor]
    22:57:47.004 [Test worker] DEBUG io.micronaut.context.lifecycle -- Destroying bean [io.micronaut.http.server.exceptions.response.HateoasErrorResponseProcessor@6885f3f7] with identifier [errorResponseProcessor]
    22:57:47.004 [Test worker] DEBUG io.micronaut.context.lifecycle -- Destroying bean [io.micronaut.scheduling.executor.NamedThreadFactory@4838055c] with identifier [@Named('io') threadFactory]
    22:57:47.004 [Test worker] DEBUG io.micronaut.context.lifecycle -- Destroying bean [io.micronaut.scheduling.executor.NamedThreadFactory@4838055c] with identifier [@Named('io') threadFactory]
    22:57:47.004 [Test worker] DEBUG io.micronaut.context.lifecycle -- Destroying bean [io.micronaut.validation.validator.constraints.DefaultConstraintValidators@10667848] with identifier [constraintValidatorRegistry]
    22:57:47.004 [Test worker] DEBUG io.micronaut.context.lifecycle -- Destroying bean [io.micronaut.validation.validator.constraints.DefaultConstraintValidators@10667848] with identifier [constraintValidatorRegistry]
    22:57:47.004 [Test worker] DEBUG io.micronaut.context.lifecycle -- Destroying bean [io.micronaut.jackson.serialize.OptionalValuesSerializer@79445efb] with identifier [optionalValuesSerializer]
    22:57:47.004 [Test worker] DEBUG io.micronaut.context.lifecycle -- Destroying bean [io.micronaut.jackson.serialize.OptionalValuesSerializer@79445efb] with identifier [optionalValuesSerializer]
    22:57:47.004 [Test worker] DEBUG io.micronaut.context.lifecycle -- Destroying bean [io.micronaut.http.resource.ResourceLoaderFactory@8dc3019] with identifier [resourceLoaderFactory]
    22:57:47.004 [Test worker] DEBUG io.micronaut.context.lifecycle -- Destroying bean [io.micronaut.http.resource.ResourceLoaderFactory@8dc3019] with identifier [resourceLoaderFactory]
    22:57:47.004 [Test worker] DEBUG io.micronaut.context.lifecycle -- Destroying bean [io.micronaut.http.body.RawMessageBodyHandlerRegistry$RawByteBufferHandler@2558f65c] with identifier [rawByteBufferHandler]
    22:57:47.004 [Test worker] DEBUG io.micronaut.context.lifecycle -- Destroying bean [io.micronaut.http.body.RawMessageBodyHandlerRegistry$RawByteBufferHandler@2558f65c] with identifier [rawByteBufferHandler]
    22:57:47.004 [Test worker] DEBUG io.micronaut.context.lifecycle -- Destroying bean [io.micronaut.http.body.RawMessageBodyHandlerRegistry$RawStringHandler@11f3400c] with identifier [rawStringHandler]
    22:57:47.004 [Test worker] DEBUG io.micronaut.context.lifecycle -- Destroying bean [io.micronaut.http.body.RawMessageBodyHandlerRegistry$RawStringHandler@11f3400c] with identifier [rawStringHandler]
    22:57:47.004 [Test worker] DEBUG io.micronaut.context.lifecycle -- Destroying bean [io.micronaut.core.io.ResourceResolver@3662c887] with identifier [resourceResolver]
    22:57:47.004 [Test worker] DEBUG io.micronaut.context.lifecycle -- Destroying bean [io.micronaut.core.io.ResourceResolver@3662c887] with identifier [resourceResolver]
    22:57:47.004 [Test worker] DEBUG io.micronaut.context.lifecycle -- Destroying bean [io.micronaut.validation.validator.messages.DefaultMessageInterpolator@49cf9028] with identifier [messageInterpolator]
    22:57:47.004 [Test worker] DEBUG io.micronaut.context.lifecycle -- Destroying bean [io.micronaut.validation.validator.messages.DefaultMessageInterpolator@49cf9028] with identifier [messageInterpolator]
    22:57:47.004 [Test worker] DEBUG io.micronaut.context.lifecycle -- Destroying bean [io.micronaut.runtime.context.CompositeMessageSource@1fde4f40] with identifier [messageSource]
    22:57:47.005 [Test worker] DEBUG io.micronaut.context.lifecycle -- Destroying bean [io.micronaut.validation.validator.messages.DefaultMessages@30814f43] with identifier [defaultMessages]
    22:57:47.005 [Test worker] DEBUG io.micronaut.context.lifecycle -- Destroying bean [io.micronaut.data.hibernate.naming.PhysicalNamingStrategyConfiguration@221dad51] with identifier [physicalNamingStrategyConfiguration]
    22:57:47.005 [Test worker] DEBUG io.micronaut.context.lifecycle -- Destroying bean [io.micronaut.data.hibernate.naming.PhysicalNamingStrategyConfiguration@221dad51] with identifier [physicalNamingStrategyConfiguration]
    22:57:47.005 [Test worker] DEBUG io.micronaut.context.lifecycle -- Destroying bean [io.micronaut.http.server.util.locale.RequestLocaleResolver@35ceec81] with identifier [requestLocaleResolver]
    22:57:47.005 [Test worker] DEBUG io.micronaut.context.lifecycle -- Destroying bean [io.micronaut.http.server.util.locale.RequestLocaleResolver@35ceec81] with identifier [requestLocaleResolver]
    22:57:47.005 [Test worker] DEBUG io.micronaut.context.lifecycle -- Destroying bean [io.micronaut.web.router.resource.StaticResourceResolverFactory@5a24390b] with identifier [staticResourceResolverFactory]
    22:57:47.005 [Test worker] DEBUG io.micronaut.context.lifecycle -- Destroying bean [io.micronaut.web.router.resource.StaticResourceResolverFactory@5a24390b] with identifier [staticResourceResolverFactory]
    22:57:47.005 [Test worker] DEBUG io.micronaut.context.lifecycle -- Destroying bean [io.micronaut.scheduling.executor.UserExecutorConfiguration@9dbb1d9] with identifier [@Named('virtual') executorConfiguration]
    22:57:47.005 [Test worker] DEBUG io.micronaut.context.lifecycle -- Destroying bean [io.micronaut.scheduling.executor.UserExecutorConfiguration@9dbb1d9] with identifier [@Named('virtual') executorConfiguration]
    22:57:47.005 [Test worker] DEBUG io.micronaut.context.lifecycle -- Destroying bean [io.micronaut.http.ssl.DefaultSslConfiguration$DefaultKeyStoreConfiguration@7df23848] with identifier [defaultKeyStoreConfiguration]
    22:57:47.005 [Test worker] DEBUG io.micronaut.context.lifecycle -- Destroying bean [io.micronaut.http.ssl.DefaultSslConfiguration$DefaultKeyStoreConfiguration@7df23848] with identifier [defaultKeyStoreConfiguration]
    22:57:47.005 [Test worker] DEBUG io.micronaut.context.lifecycle -- Destroying bean [io.micronaut.configuration.hibernate.jpa.validation.JPATraversableResolver@cfbc8e8] with identifier [JPATraversableResolver]
    22:57:47.005 [Test worker] DEBUG io.micronaut.context.lifecycle -- Destroying bean [io.micronaut.configuration.hibernate.jpa.validation.JPATraversableResolver@cfbc8e8] with identifier [JPATraversableResolver]
    22:57:47.005 [Test worker] DEBUG io.micronaut.context.lifecycle -- Destroying bean [io.micronaut.jackson.JacksonConfiguration@fceab5d] with identifier [jacksonConfiguration]
    22:57:47.005 [Test worker] DEBUG io.micronaut.context.lifecycle -- Destroying bean [io.micronaut.jackson.JacksonConfiguration@fceab5d] with identifier [jacksonConfiguration]
    22:57:47.005 [Test worker] DEBUG io.micronaut.context.lifecycle -- Destroying bean [java.util.concurrent.Executors$DefaultThreadFactory@46949489] with identifier [threadFactory]
    22:57:47.005 [Test worker] DEBUG io.micronaut.context.lifecycle -- Destroying bean [java.util.concurrent.Executors$DefaultThreadFactory@46949489] with identifier [threadFactory]
    22:57:47.005 [Test worker] DEBUG io.micronaut.context.lifecycle -- Destroying bean [io.micronaut.jackson.serialize.ConvertibleValuesSerializer@3e2772a9] with identifier [convertibleValuesSerializer]
    22:57:47.005 [Test worker] DEBUG io.micronaut.context.lifecycle -- Destroying bean [io.micronaut.jackson.serialize.ConvertibleValuesSerializer@3e2772a9] with identifier [convertibleValuesSerializer]
    22:57:47.005 [Test worker] DEBUG io.micronaut.context.lifecycle -- Destroying bean [io.micronaut.data.connection.jdbc.DelegatingDataSourceResolver@65fd6708] with identifier [dataSourceResolver]
    22:57:47.005 [Test worker] DEBUG io.micronaut.context.lifecycle -- Destroying bean [io.micronaut.data.connection.jdbc.DelegatingDataSourceResolver@65fd6708] with identifier [dataSourceResolver]
    22:57:47.005 [Test worker] DEBUG io.micronaut.context.lifecycle -- Destroying bean [io.micronaut.data.hibernate.naming.DefaultPhysicalNamingStrategy@4e73b552] with identifier [physicalNamingStrategy]
    22:57:47.005 [Test worker] DEBUG io.micronaut.context.lifecycle -- Destroying bean [io.micronaut.data.hibernate.naming.DefaultPhysicalNamingStrategy@4e73b552] with identifier [physicalNamingStrategy]
    22:57:47.005 [Test worker] DEBUG io.micronaut.context.lifecycle -- Destroying bean [io.micronaut.jackson.serialize.JsonNodeDeserializer@117fb9ba] with identifier [jsonNodeDeserializer]
    22:57:47.005 [Test worker] DEBUG io.micronaut.context.lifecycle -- Destroying bean [io.micronaut.jackson.serialize.JsonNodeDeserializer@117fb9ba] with identifier [jsonNodeDeserializer]
    22:57:47.005 [Test worker] DEBUG io.micronaut.context.lifecycle -- Destroying bean [io.micronaut.scheduling.DefaultTaskExceptionHandler@2e1ba142] with identifier [taskExceptionHandler]
    22:57:47.005 [Test worker] DEBUG io.micronaut.context.lifecycle -- Destroying bean [io.micronaut.scheduling.DefaultTaskExceptionHandler@2e1ba142] with identifier [taskExceptionHandler]
    22:57:47.005 [Test worker] DEBUG io.micronaut.context.lifecycle -- Destroying bean [io.micronaut.jackson.serialize.JsonNodeSerializer@6ffbf0ac] with identifier [jsonNodeSerializer]
    22:57:47.005 [Test worker] DEBUG io.micronaut.context.lifecycle -- Destroying bean [io.micronaut.jackson.serialize.JsonNodeSerializer@6ffbf0ac] with identifier [jsonNodeSerializer]
    22:57:47.005 [Test worker] DEBUG io.micronaut.context.lifecycle -- Destroying bean [io.micronaut.http.netty.channel.NettyThreadFactory@758ebec4] with identifier [nettyThreadFactory]
    22:57:47.005 [Test worker] DEBUG io.micronaut.context.lifecycle -- Destroying bean [io.micronaut.http.netty.channel.NettyThreadFactory@758ebec4] with identifier [nettyThreadFactory]
    22:57:47.005 [Test worker] DEBUG io.micronaut.context.lifecycle -- Destroying bean [io.micronaut.runtime.http.scope.RequestCustomScope@20413402] with identifier [requestCustomScope]
    22:57:47.005 [Test worker] DEBUG io.micronaut.context.lifecycle -- Destroying bean [io.micronaut.runtime.http.scope.RequestCustomScope@20413402] with identifier [requestCustomScope]
    22:57:47.006 [Test worker] DEBUG io.micronaut.context.lifecycle -- Destroying bean [io.micronaut.http.netty.channel.NioEventLoopGroupFactory@cc7909f] with identifier [nioEventLoopGroupFactory]
    22:57:47.006 [Test worker] DEBUG io.micronaut.context.lifecycle -- Destroying bean [io.micronaut.http.netty.channel.NioEventLoopGroupFactory@cc7909f] with identifier [nioEventLoopGroupFactory]
    22:57:47.006 [Test worker] DEBUG io.micronaut.context.lifecycle -- Destroying bean [io.micronaut.http.netty.channel.converters.DefaultChannelOptionFactory@5c7a06ec] with identifier [channelOptionFactory]
    22:57:47.006 [Test worker] DEBUG io.micronaut.context.lifecycle -- Destroying bean [io.micronaut.http.netty.channel.converters.DefaultChannelOptionFactory@5c7a06ec] with identifier [channelOptionFactory]
    22:57:47.006 [Test worker] DEBUG io.micronaut.context.lifecycle -- Destroying bean [io.micronaut.scheduling.executor.IOExecutorServiceConfig@522fb69] with identifier [IOExecutorServiceConfig]
    22:57:47.006 [Test worker] DEBUG io.micronaut.context.lifecycle -- Destroying bean [io.micronaut.scheduling.executor.IOExecutorServiceConfig@522fb69] with identifier [IOExecutorServiceConfig]
    22:57:47.006 [Test worker] DEBUG io.micronaut.context.lifecycle -- Destroying bean [io.micronaut.data.runtime.event.listeners.AnnotatedMethodInvokingEntityEventListener@7e779a7e] with identifier [annotatedMethodInvokingEntityEventListener]
    22:57:47.006 [Test worker] DEBUG io.micronaut.context.lifecycle -- Destroying bean [io.micronaut.data.runtime.event.listeners.AnnotatedMethodInvokingEntityEventListener@7e779a7e] with identifier [annotatedMethodInvokingEntityEventListener]
    22:57:47.006 [Test worker] DEBUG io.micronaut.context.lifecycle -- Destroying bean [io.micronaut.data.runtime.support.convert.convert.jpa.JakartaAttributeConverterProvider@62628e78] with identifier [jakartaAttributeConverterProvider]
    22:57:47.006 [Test worker] DEBUG io.micronaut.context.lifecycle -- Destroying bean [io.micronaut.data.runtime.support.convert.convert.jpa.JakartaAttributeConverterProvider@62628e78] with identifier [jakartaAttributeConverterProvider]
    22:57:47.006 [Test worker] DEBUG io.micronaut.context.lifecycle -- Destroying bean [io.micronaut.web.router.naming.HyphenatedUriNamingStrategy@49e0b123] with identifier [uriNamingStrategy]
    22:57:47.006 [Test worker] DEBUG io.micronaut.context.lifecycle -- Destroying bean [io.micronaut.web.router.naming.HyphenatedUriNamingStrategy@49e0b123] with identifier [uriNamingStrategy]
    22:57:47.006 [Test worker] DEBUG io.micronaut.context.lifecycle -- Destroying bean [io.micronaut.runtime.ApplicationConfiguration@768f4b42] with identifier [applicationConfiguration]
    22:57:47.006 [Test worker] DEBUG io.micronaut.context.lifecycle -- Destroying bean [io.micronaut.runtime.ApplicationConfiguration@768f4b42] with identifier [applicationConfiguration]
    22:57:47.006 [Test worker] DEBUG io.micronaut.context.lifecycle -- Destroying bean [io.micronaut.core.io.scan.DefaultClassPathResourceLoader@34ab398b] with identifier [classPathResourceLoader]
    22:57:47.006 [Test worker] DEBUG io.micronaut.context.lifecycle -- Destroying bean [io.micronaut.core.io.scan.DefaultClassPathResourceLoader@34ab398b] with identifier [classPathResourceLoader]
    22:57:47.006 [Test worker] DEBUG io.micronaut.context.lifecycle -- Destroying bean [io.micronaut.data.runtime.date.CurrentDateTimeProvider@72e789cb] with identifier [dateTimeProvider]
    22:57:47.006 [Test worker] DEBUG io.micronaut.context.lifecycle -- Destroying bean [io.micronaut.data.runtime.date.CurrentDateTimeProvider@72e789cb] with identifier [dateTimeProvider]
    22:57:47.006 [Test worker] DEBUG io.micronaut.context.lifecycle -- Destroying bean [io.micronaut.data.runtime.event.listeners.UUIDGeneratingEntityEventListener@4e10e9a7] with identifier [UUIDGeneratingEntityEventListener]
    22:57:47.006 [Test worker] DEBUG io.micronaut.context.lifecycle -- Destroying bean [io.micronaut.data.runtime.event.listeners.UUIDGeneratingEntityEventListener@4e10e9a7] with identifier [UUIDGeneratingEntityEventListener]
    22:57:47.006 [Test worker] DEBUG io.micronaut.context.lifecycle -- Destroying bean [io.micronaut.data.runtime.config.DataConfiguration$PageableConfiguration@1d622556] with identifier [configuration]
    22:57:47.006 [Test worker] DEBUG io.micronaut.context.lifecycle -- Destroying bean [io.micronaut.data.runtime.config.DataConfiguration$PageableConfiguration@1d622556] with identifier [configuration]
    22:57:47.006 [Test worker] DEBUG io.micronaut.context.lifecycle -- Destroying bean [io.micronaut.http.netty.configuration.NettyGlobalConfiguration@3c538e62] with identifier [nettyGlobalConfiguration]
    22:57:47.006 [Test worker] DEBUG io.micronaut.context.lifecycle -- Destroying bean [io.micronaut.http.netty.configuration.NettyGlobalConfiguration@3c538e62] with identifier [nettyGlobalConfiguration]
    22:57:47.006 [Test worker] DEBUG io.micronaut.context.lifecycle -- Destroying bean [io.micronaut.jackson.serialize.ResourceModule@570ed9c] with identifier [resourceModule]
    22:57:47.006 [Test worker] DEBUG io.micronaut.context.lifecycle -- Destroying bean [io.micronaut.jackson.serialize.ResourceModule@570ed9c] with identifier [resourceModule]
    22:57:47.006 [Test worker] DEBUG io.micronaut.context.lifecycle -- Destroying bean [io.micronaut.flyway.ValidatePatternTypeConverter@54afd745] with identifier [validatePatternTypeConverter]
    22:57:47.006 [Test worker] DEBUG io.micronaut.context.lifecycle -- Destroying bean [io.micronaut.flyway.ValidatePatternTypeConverter@54afd745] with identifier [validatePatternTypeConverter]
    22:57:47.006 [Test worker] DEBUG io.micronaut.context.lifecycle -- Destroying bean [io.micronaut.management.endpoint.EndpointDefaultConfiguration@58bad46f] with identifier [endpointDefaultConfiguration]
    22:57:47.006 [Test worker] DEBUG io.micronaut.context.lifecycle -- Destroying bean [io.micronaut.management.endpoint.EndpointDefaultConfiguration@58bad46f] with identifier [endpointDefaultConfiguration]
    22:57:47.006 [Test worker] DEBUG io.micronaut.context.lifecycle -- Destroying bean [io.micronaut.http.server.HttpServerConfiguration$HttpLocaleResolutionConfigurationProperties@32c0fecc] with identifier [httpLocaleResolutionConfiguration]
    22:57:47.006 [Test worker] DEBUG io.micronaut.context.lifecycle -- Destroying bean [io.micronaut.http.server.HttpServerConfiguration$HttpLocaleResolutionConfigurationProperties@32c0fecc] with identifier [httpLocaleResolutionConfiguration]
    22:57:47.006 [Test worker] DEBUG io.micronaut.context.lifecycle -- Destroying bean [io.micronaut.context.DefaultApplicationContext$RuntimeConfiguredEnvironment@f0e995e] with identifier [environment]
    22:57:47.006 [Test worker] DEBUG io.micronaut.context.lifecycle -- Destroying bean [io.micronaut.context.DefaultApplicationContext$RuntimeConfiguredEnvironment@f0e995e] with identifier [environment]
    22:57:47.007 [Test worker] DEBUG io.micronaut.context.lifecycle -- Destroying bean [io.micronaut.http.server.cors.CorsOriginConverter@f31c0c6] with identifier [corsOriginConverter]
    22:57:47.007 [Test worker] DEBUG io.micronaut.context.lifecycle -- Destroying bean [io.micronaut.http.server.cors.CorsOriginConverter@f31c0c6] with identifier [corsOriginConverter]
    22:57:47.007 [Test worker] DEBUG io.micronaut.context.lifecycle -- Destroying bean [io.micronaut.http.server.binding.BasicAuthArgumentBinder@129b69b2] with identifier [basicAuthArgumentBinder]
    22:57:47.007 [Test worker] DEBUG io.micronaut.context.lifecycle -- Destroying bean [io.micronaut.http.server.binding.BasicAuthArgumentBinder@129b69b2] with identifier [basicAuthArgumentBinder]
    22:57:47.007 [Test worker] DEBUG io.micronaut.context.lifecycle -- Destroying bean [io.micronaut.http.ssl.DefaultSslConfiguration@796613b7] with identifier [defaultSslConfiguration]
    22:57:47.007 [Test worker] DEBUG io.micronaut.context.lifecycle -- Destroying bean [io.micronaut.http.ssl.DefaultSslConfiguration@796613b7] with identifier [defaultSslConfiguration]
    22:57:47.007 [Test worker] DEBUG io.micronaut.context.lifecycle -- Destroying bean [io.micronaut.http.cookie.SameSiteConverter@4a9419d7] with identifier [sameSiteConverter]
    22:57:47.007 [Test worker] DEBUG io.micronaut.context.lifecycle -- Destroying bean [io.micronaut.http.cookie.SameSiteConverter@4a9419d7] with identifier [sameSiteConverter]
    22:57:47.007 [Test worker] DEBUG io.micronaut.context.lifecycle -- Destroying bean [io.netty.util.concurrent.DefaultThreadFactory@2d758472] with identifier [@Named('netty') nettyThreadFactory]
    22:57:47.007 [Test worker] DEBUG io.micronaut.context.lifecycle -- Destroying bean [io.netty.util.concurrent.DefaultThreadFactory@2d758472] with identifier [@Named('netty') nettyThreadFactory]
    22:57:47.007 [Test worker] DEBUG io.micronaut.context.lifecycle -- Destroying bean [io.micronaut.jackson.ObjectMapperFactory@573870cb] with identifier [objectMapperFactory]
    22:57:47.007 [Test worker] DEBUG io.micronaut.context.lifecycle -- Destroying bean [io.micronaut.jackson.ObjectMapperFactory@573870cb] with identifier [objectMapperFactory]
    22:57:47.007 [Test worker] DEBUG io.micronaut.context.lifecycle -- Destroying bean [io.micronaut.runtime.http.codec.MediaTypeCodecRegistryFactory@52f118aa] with identifier [mediaTypeCodecRegistryFactory]
    22:57:47.007 [Test worker] DEBUG io.micronaut.context.lifecycle -- Destroying bean [io.micronaut.runtime.http.codec.MediaTypeCodecRegistryFactory@52f118aa] with identifier [mediaTypeCodecRegistryFactory]
    22:57:47.007 [Test worker] DEBUG io.micronaut.context.lifecycle -- Destroying bean [io.micronaut.scheduling.executor.UserExecutorConfiguration@f9c22b2] with identifier [@Named('scheduled') executorConfiguration]
    22:57:47.007 [Test worker] DEBUG io.micronaut.context.lifecycle -- Destroying bean [io.micronaut.scheduling.executor.UserExecutorConfiguration@f9c22b2] with identifier [@Named('scheduled') executorConfiguration]
    22:57:47.007 [Test worker] DEBUG io.micronaut.context.lifecycle -- Destroying bean [io.micronaut.jackson.serialize.ConvertibleMultiValuesSerializer@1d06801f] with identifier [convertibleMultiValuesSerializer]
    22:57:47.007 [Test worker] DEBUG io.micronaut.context.lifecycle -- Destroying bean [io.micronaut.jackson.serialize.ConvertibleMultiValuesSerializer@1d06801f] with identifier [convertibleMultiValuesSerializer]
    22:57:47.007 [Test worker] DEBUG io.micronaut.context.lifecycle -- Destroying bean [io.micronaut.http.netty.body.ByteBufRawMessageBodyHandler@1a3b1f7e] with identifier [byteBufRawMessageBodyHandler]
    22:57:47.007 [Test worker] DEBUG io.micronaut.context.lifecycle -- Destroying bean [io.micronaut.http.netty.body.ByteBufRawMessageBodyHandler@1a3b1f7e] with identifier [byteBufRawMessageBodyHandler]
    22:57:47.007 [Test worker] DEBUG io.micronaut.context.lifecycle -- Destroying bean [io.micronaut.http.server.HttpServerConfiguration$CorsConfiguration@75000702] with identifier [corsConfiguration]
    22:57:47.007 [Test worker] DEBUG io.micronaut.context.lifecycle -- Destroying bean [io.micronaut.http.server.HttpServerConfiguration$CorsConfiguration@75000702] with identifier [corsConfiguration]
    22:57:47.007 [Test worker] DEBUG io.micronaut.context.lifecycle -- Destroying bean [io.micronaut.http.ssl.DefaultSslConfiguration$DefaultTrustStoreConfiguration@4d1b4fa1] with identifier [defaultTrustStoreConfiguration]
    22:57:47.007 [Test worker] DEBUG io.micronaut.context.lifecycle -- Destroying bean [io.micronaut.http.ssl.DefaultSslConfiguration$DefaultTrustStoreConfiguration@4d1b4fa1] with identifier [defaultTrustStoreConfiguration]
    22:57:47.007 [Test worker] DEBUG io.micronaut.context.lifecycle -- Destroying bean [io.micronaut.aop.chain.DefaultInterceptorRegistry@bae47a0] with identifier [interceptorRegistry]
    22:57:47.007 [Test worker] DEBUG io.micronaut.context.lifecycle -- Destroying bean [io.micronaut.aop.chain.DefaultInterceptorRegistry@bae47a0] with identifier [interceptorRegistry]
    22:57:47.007 [Test worker] DEBUG io.micronaut.context.lifecycle -- Destroying bean [io.micronaut.scheduling.executor.UserExecutorConfiguration@240fe3df] with identifier [@Named('io') executorConfiguration]
    22:57:47.007 [Test worker] DEBUG io.micronaut.context.lifecycle -- Destroying bean [io.micronaut.scheduling.executor.UserExecutorConfiguration@240fe3df] with identifier [@Named('io') executorConfiguration]
    22:57:47.007 [Test worker] DEBUG io.micronaut.context.lifecycle -- Destroying bean [io.micronaut.http.ssl.DefaultSslConfiguration$DefaultKeyConfiguration@44df834c] with identifier [defaultKeyConfiguration]
    22:57:47.007 [Test worker] DEBUG io.micronaut.context.lifecycle -- Destroying bean [io.micronaut.http.ssl.DefaultSslConfiguration$DefaultKeyConfiguration@44df834c] with identifier [defaultKeyConfiguration]
    22:57:47.007 [Test worker] DEBUG io.micronaut.context.lifecycle -- Destroying bean [io.micronaut.scheduling.executor.ScheduledExecutorServiceConfig@1569236f] with identifier [scheduledExecutorServiceConfig]
    22:57:47.007 [Test worker] DEBUG io.micronaut.context.lifecycle -- Destroying bean [io.micronaut.scheduling.executor.ScheduledExecutorServiceConfig@1569236f] with identifier [scheduledExecutorServiceConfig]
    22:57:47.008 [Test worker] DEBUG io.micronaut.context.lifecycle -- Destroying bean [io.micronaut.validation.validator.DefaultClockProvider@a20b94b] with identifier [clockProvider]
    22:57:47.008 [Test worker] DEBUG io.micronaut.context.lifecycle -- Destroying bean [io.micronaut.validation.validator.DefaultClockProvider@a20b94b] with identifier [clockProvider]
    22:57:47.008 [Test worker] DEBUG io.micronaut.context.lifecycle -- Destroying bean [io.micronaut.data.runtime.convert.DataConversionServiceFactory@77010a30] with identifier [dataConversionServiceFactory]
    22:57:47.008 [Test worker] DEBUG io.micronaut.context.lifecycle -- Destroying bean [io.micronaut.data.runtime.convert.DataConversionServiceFactory@77010a30] with identifier [dataConversionServiceFactory]
    22:57:47.008 [Test worker] DEBUG io.micronaut.context.lifecycle -- Destroying bean [io.micronaut.scheduling.executor.DefaultThreadFactory@665e432] with identifier [defaultThreadFactory]
    22:57:47.008 [Test worker] DEBUG io.micronaut.context.lifecycle -- Destroying bean [io.micronaut.scheduling.executor.DefaultThreadFactory@665e432] with identifier [defaultThreadFactory]
    22:57:47.008 [Test worker] DEBUG io.micronaut.context.lifecycle -- Destroying bean [io.micronaut.core.io.file.DefaultFileSystemResourceLoader@7e615c6a] with identifier [fileSystemResourceLoader]
    22:57:47.008 [Test worker] DEBUG io.micronaut.context.lifecycle -- Destroying bean [io.micronaut.core.io.file.DefaultFileSystemResourceLoader@7e615c6a] with identifier [fileSystemResourceLoader]
    22:57:47.008 [Test worker] DEBUG io.micronaut.context.lifecycle -- Destroying bean [io.micronaut.http.client.DefaultHttpClientConfiguration$DefaultConnectionPoolConfiguration@443b6765] with identifier [connectionPoolConfiguration]
    22:57:47.008 [Test worker] DEBUG io.micronaut.context.lifecycle -- Destroying bean [io.micronaut.http.client.DefaultHttpClientConfiguration$DefaultConnectionPoolConfiguration@443b6765] with identifier [connectionPoolConfiguration]
    22:57:47.008 [Test worker] DEBUG io.micronaut.context.lifecycle -- Destroying bean [io.micronaut.http.body.RawMessageBodyHandlerRegistry$RawByteArrayHandler@40017e98] with identifier [rawByteArrayHandler]
    22:57:47.008 [Test worker] DEBUG io.micronaut.context.lifecycle -- Destroying bean [io.micronaut.http.body.RawMessageBodyHandlerRegistry$RawByteArrayHandler@40017e98] with identifier [rawByteArrayHandler]
    22:57:47.008 [Test worker] DEBUG io.micronaut.context.lifecycle -- Destroying bean [io.micronaut.buffer.netty.NettyByteBufferFactory@71e9a896] with identifier [nettyByteBufferFactory]
    22:57:47.008 [Test worker] DEBUG io.micronaut.context.lifecycle -- Destroying bean [io.micronaut.buffer.netty.NettyByteBufferFactory@71e9a896] with identifier [nettyByteBufferFactory]

TaskServiceTest STANDARD_OUT
    22:57:47.046 [Test worker] DEBUG io.micronaut.context.DefaultApplicationContext$RuntimeConfiguredEnvironment -- Environment deduction is using the default of: true
    22:57:47.046 [Test worker] INFO io.micronaut.context.DefaultApplicationContext$RuntimeConfiguredEnvironment -- Established active environments: [test]
    22:57:47.046 [Test worker] DEBUG io.micronaut.context.DefaultApplicationContext$RuntimeConfiguredEnvironment -- Starting environment io.micronaut.context.DefaultApplicationContext$RuntimeConfiguredEnvironment@5d72dd86 for active names [test]
    22:57:47.047 [Test worker] DEBUG io.micronaut.context.DefaultApplicationContext$RuntimeConfiguredEnvironment -- Reading property sources from loader: io.micronaut.context.env.hocon.HoconPropertySourceLoader@26247027
    22:57:47.047 [Test worker] DEBUG io.micronaut.core.reflect.ClassUtils -- Attempting to dynamically load class com.typesafe.config.Config
    22:57:47.047 [Test worker] DEBUG io.micronaut.core.reflect.ClassUtils -- Successfully loaded class com.typesafe.config.Config
    22:57:47.047 [Test worker] DEBUG io.micronaut.core.reflect.ClassUtils -- Attempting to dynamically load class io.micronaut.context.env.hocon.HoconPropertySourceLoaderImpl
    22:57:47.047 [Test worker] DEBUG io.micronaut.core.reflect.ClassUtils -- Successfully loaded class io.micronaut.context.env.hocon.HoconPropertySourceLoaderImpl
    22:57:47.048 [Test worker] DEBUG io.micronaut.core.reflect.ClassUtils -- Attempting to dynamically load class com.typesafe.config.Config
    22:57:47.048 [Test worker] DEBUG io.micronaut.core.reflect.ClassUtils -- Successfully loaded class com.typesafe.config.Config
    22:57:47.048 [Test worker] DEBUG io.micronaut.context.DefaultApplicationContext$RuntimeConfiguredEnvironment -- Reading property sources from loader: io.micronaut.jackson.core.env.CloudFoundryVcapApplicationPropertySourceLoader@70e560ef
    22:57:47.048 [Test worker] DEBUG io.micronaut.jackson.core.env.CloudFoundryVcapApplicationPropertySourceLoader -- No PropertySource found for file name: application.VCAP_APPLICATION
    22:57:47.048 [Test worker] DEBUG io.micronaut.jackson.core.env.CloudFoundryVcapApplicationPropertySourceLoader -- No PropertySource found for file name: application-test.VCAP_APPLICATION
    22:57:47.048 [Test worker] DEBUG io.micronaut.context.DefaultApplicationContext$RuntimeConfiguredEnvironment -- Reading property sources from loader: io.micronaut.jackson.core.env.JsonPropertySourceLoader@77228160
    22:57:47.048 [Test worker] DEBUG io.micronaut.jackson.core.env.JsonPropertySourceLoader -- No PropertySource found for file name: application.json
    22:57:47.049 [Test worker] DEBUG io.micronaut.jackson.core.env.JsonPropertySourceLoader -- No PropertySource found for file name: application-test.json
    22:57:47.049 [Test worker] DEBUG io.micronaut.context.DefaultApplicationContext$RuntimeConfiguredEnvironment -- Reading property sources from loader: io.micronaut.jackson.core.env.EnvJsonPropertySourceLoader@19faa9dc
    22:57:47.049 [Test worker] DEBUG io.micronaut.jackson.core.env.EnvJsonPropertySourceLoader -- No PropertySource found for file name: application.json
    22:57:47.049 [Test worker] DEBUG io.micronaut.jackson.core.env.EnvJsonPropertySourceLoader -- No PropertySource found for file name: application-test.json
    22:57:47.049 [Test worker] DEBUG io.micronaut.context.DefaultApplicationContext$RuntimeConfiguredEnvironment -- Reading property sources from loader: io.micronaut.jackson.core.env.CloudFoundryVcapServicesPropertySourceLoader@522fc988
    22:57:47.049 [Test worker] DEBUG io.micronaut.jackson.core.env.CloudFoundryVcapServicesPropertySourceLoader -- No PropertySource found for file name: application.VCAP_SERVICES
    22:57:47.049 [Test worker] DEBUG io.micronaut.jackson.core.env.CloudFoundryVcapServicesPropertySourceLoader -- No PropertySource found for file name: application-test.VCAP_SERVICES
    22:57:47.049 [Test worker] DEBUG io.micronaut.context.DefaultApplicationContext$RuntimeConfiguredEnvironment -- Reading property sources from loader: io.micronaut.context.env.PropertiesPropertySourceLoader@996293a
    22:57:47.049 [Test worker] DEBUG io.micronaut.context.env.PropertiesPropertySourceLoader -- No PropertySource found for file name: application.properties
    22:57:47.049 [Test worker] DEBUG io.micronaut.context.env.PropertiesPropertySourceLoader -- No PropertySource found for file name: application-test.properties
    22:57:47.049 [Test worker] DEBUG io.micronaut.context.DefaultApplicationContext$RuntimeConfiguredEnvironment -- Reading property sources from loader: io.micronaut.context.env.yaml.YamlPropertySourceLoader@6adc90e9
    22:57:47.050 [Test worker] DEBUG io.micronaut.context.env.yaml.YamlPropertySourceLoader -- Found PropertySource for file name: application.yml
    22:57:47.053 [Test worker] DEBUG io.micronaut.context.env.yaml.YamlPropertySourceLoader -- Found PropertySource for file name: application-test.yml
    22:57:47.055 [Test worker] DEBUG io.micronaut.context.DefaultApplicationContext$RuntimeConfiguredEnvironment -- Processing property source: application
    22:57:47.056 [Test worker] DEBUG io.micronaut.context.DefaultApplicationContext$RuntimeConfiguredEnvironment -- Processing property source: application-test
    22:57:47.056 [Test worker] DEBUG io.micronaut.context.DefaultApplicationContext$RuntimeConfiguredEnvironment -- Processing property source: env
    22:57:47.057 [Test worker] DEBUG io.micronaut.context.DefaultApplicationContext$RuntimeConfiguredEnvironment -- Processing property source: system
    22:57:47.058 [Test worker] DEBUG io.micronaut.context.DefaultApplicationContext$RuntimeConfiguredEnvironment -- Processing property source: test-properties
    22:57:47.058 [Test worker] DEBUG io.micronaut.context.DefaultBeanContext -- Finding candidate beans for type: DefaultEnvironment
    22:57:47.058 [Test worker] DEBUG io.micronaut.context.DefaultBeanContext -- No bean candidates found for type: DefaultEnvironment
    22:57:47.058 [Test worker] DEBUG io.micronaut.context.DefaultBeanContext -- Starting BeanContext
    22:57:47.061 [Test worker] DEBUG io.micronaut.context.DefaultBeanContext -- Finding candidate beans for type: HttpClientRegistry
    22:57:47.062 [Test worker] DEBUG io.micronaut.context.DefaultBeanContext --   class io.micronaut.http.client.netty.DefaultNettyHttpClientRegistry null Definition: io.micronaut.http.client.netty.DefaultNettyHttpClientRegistry
    22:57:47.063 [Test worker] DEBUG io.micronaut.context.DefaultBeanContext -- Finding candidate beans for type: BeanCreatedEventListener
    22:57:47.063 [Test worker] DEBUG io.micronaut.context.condition.Condition -- Bean [io.micronaut.configuration.hibernate.jpa.metrics.$HibernateMetricsBinder$Definition] will not be loaded due to failing conditions:
    22:57:47.063 [Test worker] DEBUG io.micronaut.context.condition.Condition -- * Class [org.hibernate.stat.HibernateMetrics] is not present
    22:57:47.064 [Test worker] DEBUG io.micronaut.context.condition.Condition -- Bean [io.micronaut.web.router.version.$VersionAwareRouterListener$Definition] will not be loaded due to failing conditions:
    22:57:47.064 [Test worker] DEBUG io.micronaut.context.condition.Condition -- * Required property [micronaut.router.versioning.enabled] with value [true] not present
    22:57:47.064 [Test worker] DEBUG io.micronaut.context.DefaultBeanContext --   class io.micronaut.data.hibernate.naming.PhysicalNamingStrategyConfiguration null Definition: io.micronaut.data.hibernate.naming.PhysicalNamingStrategyConfiguration
    22:57:47.064 [Test worker] DEBUG io.micronaut.context.DefaultBeanContext --   class io.micronaut.flyway.$DataSourceMigrationRunner$Definition$Intercepted null Definition: io.micronaut.flyway.$DataSourceMigrationRunner$Definition$Intercepted
    22:57:47.064 [Test worker] DEBUG io.micronaut.context.DefaultBeanContext --   class io.micronaut.data.connection.jdbc.advice.ContextualAwareDataSource null Definition: io.micronaut.data.connection.jdbc.advice.ContextualAwareDataSource
    22:57:47.064 [Test worker] DEBUG io.micronaut.context.DefaultBeanContext --   class io.micronaut.context.propagation.instrument.execution.ExecutorServiceInstrumenter null Definition: io.micronaut.context.propagation.instrument.execution.ExecutorServiceInstrumenter
    22:57:47.064 [Test worker] DEBUG io.micronaut.context.DefaultBeanContext --   class io.micronaut.flyway.$AlternativeMigrationRunner$Definition$Intercepted null Definition: io.micronaut.flyway.$AlternativeMigrationRunner$Definition$Intercepted
    22:57:47.064 [Test worker] DEBUG io.micronaut.context.DefaultBeanContext -- Finding candidate beans for type: BeanInitializedEventListener
    22:57:47.064 [Test worker] DEBUG io.micronaut.context.DefaultBeanContext -- No bean candidates found for type: BeanInitializedEventListener
    22:57:47.064 [Test worker] DEBUG io.micronaut.context.DefaultBeanContext -- Resolving beans for type: io.micronaut.core.convert.TypeConverter
    22:57:47.064 [Test worker] DEBUG io.micronaut.context.DefaultBeanContext -- Finding candidate beans for type: TypeConverter
    22:57:47.064 [Test worker] DEBUG io.micronaut.context.DefaultBeanContext --   class io.micronaut.flyway.ValidatePatternTypeConverter null Definition: io.micronaut.flyway.ValidatePatternTypeConverter
    22:57:47.064 [Test worker] DEBUG io.micronaut.context.DefaultBeanContext --   class io.micronaut.http.server.cors.CorsOriginConverter null Definition: io.micronaut.http.server.cors.CorsOriginConverter
    22:57:47.064 [Test worker] DEBUG io.micronaut.context.DefaultBeanContext --   class io.micronaut.http.cookie.SameSiteConverter null Definition: io.micronaut.http.cookie.SameSiteConverter
    22:57:47.064 [Test worker] DEBUG io.micronaut.context.lifecycle -- Created bean [io.micronaut.flyway.ValidatePatternTypeConverter@508de524] from definition [Definition: io.micronaut.flyway.ValidatePatternTypeConverter] with qualifier [null]
    22:57:47.064 [Test worker] DEBUG io.micronaut.context.DefaultBeanContext -- Found a registration BeanRegistration: io.micronaut.flyway.ValidatePatternTypeConverter@508de524 for candidate: Definition: io.micronaut.flyway.ValidatePatternTypeConverter with qualifier: null
    22:57:47.064 [Test worker] DEBUG io.micronaut.context.lifecycle -- Created bean [io.micronaut.http.server.cors.CorsOriginConverter@617d697] from definition [Definition: io.micronaut.http.server.cors.CorsOriginConverter] with qualifier [null]
    22:57:47.064 [Test worker] DEBUG io.micronaut.context.DefaultBeanContext -- Found a registration BeanRegistration: io.micronaut.http.server.cors.CorsOriginConverter@617d697 for candidate: Definition: io.micronaut.http.server.cors.CorsOriginConverter with qualifier: null
    22:57:47.064 [Test worker] DEBUG io.micronaut.context.lifecycle -- Created bean [io.micronaut.http.cookie.SameSiteConverter@3a4d0ca2] from definition [Definition: io.micronaut.http.cookie.SameSiteConverter] with qualifier [null]
    22:57:47.064 [Test worker] DEBUG io.micronaut.context.DefaultBeanContext -- Found a registration BeanRegistration: io.micronaut.http.cookie.SameSiteConverter@3a4d0ca2 for candidate: Definition: io.micronaut.http.cookie.SameSiteConverter with qualifier: null
    22:57:47.064 [Test worker] DEBUG io.micronaut.context.DefaultBeanContext -- Resolving beans for type: io.micronaut.core.convert.TypeConverterRegistrar
    22:57:47.064 [Test worker] DEBUG io.micronaut.context.DefaultBeanContext -- Finding candidate beans for type: TypeConverterRegistrar
    22:57:47.065 [Test worker] DEBUG io.micronaut.context.condition.Condition -- Bean [io.micronaut.reactor.convert.$ReactorToRxJava2ConverterRegistrar$Definition] will not be loaded due to failing conditions:
    22:57:47.065 [Test worker] DEBUG io.micronaut.context.condition.Condition -- * Class [io.reactivex.Maybe] is not present
    22:57:47.065 [Test worker] DEBUG io.micronaut.context.condition.Condition -- Bean [io.micronaut.reactor.convert.$ReactorToRxJava3ConverterRegistrar$Definition] will not be loaded due to failing conditions:
    22:57:47.065 [Test worker] DEBUG io.micronaut.context.condition.Condition -- * Class [io.reactivex.rxjava3.core.Maybe] is not present
    22:57:47.065 [Test worker] DEBUG io.micronaut.context.condition.Condition -- Bean [io.micronaut.http.netty.channel.converters.$KQueueChannelOptionFactory$Definition] will not be loaded due to failing conditions:
    22:57:47.065 [Test worker] DEBUG io.micronaut.context.condition.Condition -- * Class [io.netty.channel.kqueue.KQueue] is not present
    22:57:47.065 [Test worker] DEBUG io.micronaut.context.DefaultBeanContext --   class io.micronaut.http.converters.HttpConverterRegistrar null Definition: io.micronaut.http.converters.HttpConverterRegistrar
    22:57:47.065 [Test worker] DEBUG io.micronaut.context.DefaultBeanContext --   class io.micronaut.jackson.databind.convert.JacksonConverterRegistrar null Definition: io.micronaut.jackson.databind.convert.JacksonConverterRegistrar
    22:57:47.065 [Test worker] DEBUG io.micronaut.context.DefaultBeanContext --   class io.micronaut.kotlin.converters.FlowReactorConverterRegistrar null Definition: io.micronaut.kotlin.converters.FlowReactorConverterRegistrar
    22:57:47.065 [Test worker] DEBUG io.micronaut.context.DefaultBeanContext --   class io.micronaut.http.server.netty.converters.NettyConverters null Definition: io.micronaut.http.server.netty.converters.NettyConverters
    22:57:47.065 [Test worker] DEBUG io.micronaut.context.DefaultBeanContext --   class io.micronaut.kotlin.converters.FlowPublisherConverterRegistrar null Definition: io.micronaut.kotlin.converters.FlowPublisherConverterRegistrar
    22:57:47.065 [Test worker] DEBUG io.micronaut.context.DefaultBeanContext --   class io.micronaut.json.convert.JsonConverterRegistrar null Definition: io.micronaut.json.convert.JsonConverterRegistrar
    22:57:47.065 [Test worker] DEBUG io.micronaut.context.DefaultBeanContext --   class io.micronaut.buffer.netty.NettyByteBufferFactory null Definition: io.micronaut.buffer.netty.NettyByteBufferFactory
    22:57:47.065 [Test worker] DEBUG io.micronaut.core.reflect.ClassUtils -- Attempting to dynamically load class io.micronaut.context.annotation.Prototype
    22:57:47.065 [Test worker] DEBUG io.micronaut.core.reflect.ClassUtils -- Successfully loaded class io.micronaut.context.annotation.Prototype
    22:57:47.065 [Test worker] DEBUG io.micronaut.context.DefaultBeanContext -- Finding candidate beans for type: BeanProvider resourceResolver
    22:57:47.065 [Test worker] DEBUG io.micronaut.context.DefaultBeanContext --   interface io.micronaut.context.BeanProvider null io.micronaut.inject.provider.BeanProviderDefinition@58df6bef
    22:57:47.065 [Test worker] DEBUG io.micronaut.context.DefaultBeanContext -- Found concrete candidate [io.micronaut.inject.provider.BeanProviderDefinition@58df6bef] for type: resourceResolver 
    22:57:47.065 [Test worker] DEBUG io.micronaut.context.lifecycle -- Created bean [io.micronaut.inject.provider.BeanProviderDefinition$1@2b8a11d7] from definition [io.micronaut.inject.provider.BeanProviderDefinition@58df6bef] with qualifier [null]
    22:57:47.065 [Test worker] DEBUG io.micronaut.context.lifecycle -- Created bean [io.micronaut.http.converters.HttpConverterRegistrar@1391d95f] from definition [Definition: io.micronaut.http.converters.HttpConverterRegistrar] with qualifier [null]
    22:57:47.065 [Test worker] DEBUG io.micronaut.context.DefaultBeanContext -- Found a registration BeanRegistration: io.micronaut.http.converters.HttpConverterRegistrar@1391d95f for candidate: Definition: io.micronaut.http.converters.HttpConverterRegistrar with qualifier: null
    22:57:47.065 [Test worker] DEBUG io.micronaut.core.reflect.ClassUtils -- Attempting to dynamically load class io.micronaut.context.annotation.Prototype
    22:57:47.065 [Test worker] DEBUG io.micronaut.core.reflect.ClassUtils -- Successfully loaded class io.micronaut.context.annotation.Prototype
    22:57:47.065 [Test worker] DEBUG io.micronaut.context.DefaultBeanContext -- Finding candidate beans for type: BeanProvider objectMapper
    22:57:47.065 [Test worker] DEBUG io.micronaut.context.DefaultBeanContext --   interface io.micronaut.context.BeanProvider null io.micronaut.inject.provider.BeanProviderDefinition@58df6bef
    22:57:47.066 [Test worker] DEBUG io.micronaut.context.DefaultBeanContext -- Found concrete candidate [io.micronaut.inject.provider.BeanProviderDefinition@58df6bef] for type: objectMapper 
    22:57:47.066 [Test worker] DEBUG io.micronaut.context.lifecycle -- Created bean [io.micronaut.inject.provider.BeanProviderDefinition$1@416bff93] from definition [io.micronaut.inject.provider.BeanProviderDefinition@58df6bef] with qualifier [null]
    22:57:47.066 [Test worker] DEBUG io.micronaut.context.lifecycle -- Created bean [io.micronaut.jackson.databind.convert.JacksonConverterRegistrar@5ef03158] from definition [Definition: io.micronaut.jackson.databind.convert.JacksonConverterRegistrar] with qualifier [null]
    22:57:47.066 [Test worker] DEBUG io.micronaut.context.DefaultBeanContext -- Found a registration BeanRegistration: io.micronaut.jackson.databind.convert.JacksonConverterRegistrar@5ef03158 for candidate: Definition: io.micronaut.jackson.databind.convert.JacksonConverterRegistrar with qualifier: null
    22:57:47.066 [Test worker] DEBUG io.micronaut.core.reflect.ClassUtils -- Attempting to dynamically load class io.micronaut.context.annotation.Prototype
    22:57:47.066 [Test worker] DEBUG io.micronaut.core.reflect.ClassUtils -- Successfully loaded class io.micronaut.context.annotation.Prototype
    22:57:47.066 [Test worker] DEBUG io.micronaut.context.lifecycle -- Created bean [io.micronaut.kotlin.converters.FlowReactorConverterRegistrar@258f97f8] from definition [Definition: io.micronaut.kotlin.converters.FlowReactorConverterRegistrar] with qualifier [null]
    22:57:47.066 [Test worker] DEBUG io.micronaut.context.DefaultBeanContext -- Found a registration BeanRegistration: io.micronaut.kotlin.converters.FlowReactorConverterRegistrar@258f97f8 for candidate: Definition: io.micronaut.kotlin.converters.FlowReactorConverterRegistrar with qualifier: null
    22:57:47.066 [Test worker] DEBUG io.micronaut.core.reflect.ClassUtils -- Attempting to dynamically load class io.micronaut.context.annotation.Prototype
    22:57:47.066 [Test worker] DEBUG io.micronaut.core.reflect.ClassUtils -- Successfully loaded class io.micronaut.context.annotation.Prototype
    22:57:47.066 [Test worker] DEBUG io.micronaut.context.DefaultBeanContext -- Finding candidate beans for type: BeanProvider decoderRegistryProvider
    22:57:47.066 [Test worker] DEBUG io.micronaut.context.DefaultBeanContext --   interface io.micronaut.context.BeanProvider null io.micronaut.inject.provider.BeanProviderDefinition@58df6bef
    22:57:47.066 [Test worker] DEBUG io.micronaut.context.DefaultBeanContext -- Found concrete candidate [io.micronaut.inject.provider.BeanProviderDefinition@58df6bef] for type: decoderRegistryProvider 
    22:57:47.066 [Test worker] DEBUG io.micronaut.context.lifecycle -- Created bean [io.micronaut.inject.provider.BeanProviderDefinition$1@38c9e937] from definition [io.micronaut.inject.provider.BeanProviderDefinition@58df6bef] with qualifier [null]
    22:57:47.066 [Test worker] DEBUG io.micronaut.context.DefaultBeanContext -- Finding candidate beans for type: BeanProvider channelOptionFactory
    22:57:47.066 [Test worker] DEBUG io.micronaut.context.DefaultBeanContext --   interface io.micronaut.context.BeanProvider null io.micronaut.inject.provider.BeanProviderDefinition@58df6bef
    22:57:47.066 [Test worker] DEBUG io.micronaut.context.DefaultBeanContext -- Found concrete candidate [io.micronaut.inject.provider.BeanProviderDefinition@58df6bef] for type: channelOptionFactory 
    22:57:47.066 [Test worker] DEBUG io.micronaut.context.lifecycle -- Created bean [io.micronaut.inject.provider.BeanProviderDefinition$1@26401eda] from definition [io.micronaut.inject.provider.BeanProviderDefinition@58df6bef] with qualifier [null]
    22:57:47.066 [Test worker] DEBUG io.micronaut.context.lifecycle -- Created bean [io.micronaut.http.server.netty.converters.NettyConverters@79e591bb] from definition [Definition: io.micronaut.http.server.netty.converters.NettyConverters] with qualifier [null]
    22:57:47.066 [Test worker] DEBUG io.micronaut.context.DefaultBeanContext -- Found a registration BeanRegistration: io.micronaut.http.server.netty.converters.NettyConverters@79e591bb for candidate: Definition: io.micronaut.http.server.netty.converters.NettyConverters with qualifier: null
    22:57:47.066 [Test worker] DEBUG io.micronaut.core.reflect.ClassUtils -- Attempting to dynamically load class io.micronaut.context.annotation.Prototype
    22:57:47.066 [Test worker] DEBUG io.micronaut.core.reflect.ClassUtils -- Successfully loaded class io.micronaut.context.annotation.Prototype
    22:57:47.066 [Test worker] DEBUG io.micronaut.context.lifecycle -- Created bean [io.micronaut.kotlin.converters.FlowPublisherConverterRegistrar@208ce928] from definition [Definition: io.micronaut.kotlin.converters.FlowPublisherConverterRegistrar] with qualifier [null]
    22:57:47.066 [Test worker] DEBUG io.micronaut.context.DefaultBeanContext -- Found a registration BeanRegistration: io.micronaut.kotlin.converters.FlowPublisherConverterRegistrar@208ce928 for candidate: Definition: io.micronaut.kotlin.converters.FlowPublisherConverterRegistrar with qualifier: null
    22:57:47.066 [Test worker] DEBUG io.micronaut.core.reflect.ClassUtils -- Attempting to dynamically load class io.micronaut.context.annotation.Prototype
    22:57:47.066 [Test worker] DEBUG io.micronaut.core.reflect.ClassUtils -- Successfully loaded class io.micronaut.context.annotation.Prototype
    22:57:47.066 [Test worker] DEBUG io.micronaut.context.DefaultBeanContext -- Finding candidate beans for type: BeanProvider objectCodec
    22:57:47.066 [Test worker] DEBUG io.micronaut.context.DefaultBeanContext --   interface io.micronaut.context.BeanProvider null io.micronaut.inject.provider.BeanProviderDefinition@58df6bef
    22:57:47.066 [Test worker] DEBUG io.micronaut.context.DefaultBeanContext -- Found concrete candidate [io.micronaut.inject.provider.BeanProviderDefinition@58df6bef] for type: objectCodec 
    22:57:47.066 [Test worker] DEBUG io.micronaut.context.lifecycle -- Created bean [io.micronaut.inject.provider.BeanProviderDefinition$1@577b2c5f] from definition [io.micronaut.inject.provider.BeanProviderDefinition@58df6bef] with qualifier [null]
    22:57:47.066 [Test worker] DEBUG io.micronaut.context.DefaultBeanContext -- Finding candidate beans for type: BeanProvider beanPropertyBinder
    22:57:47.066 [Test worker] DEBUG io.micronaut.context.DefaultBeanContext --   interface io.micronaut.context.BeanProvider null io.micronaut.inject.provider.BeanProviderDefinition@58df6bef
    22:57:47.066 [Test worker] DEBUG io.micronaut.context.DefaultBeanContext -- Found concrete candidate [io.micronaut.inject.provider.BeanProviderDefinition@58df6bef] for type: beanPropertyBinder 
    22:57:47.066 [Test worker] DEBUG io.micronaut.context.lifecycle -- Created bean [io.micronaut.inject.provider.BeanProviderDefinition$1@71eb4ea4] from definition [io.micronaut.inject.provider.BeanProviderDefinition@58df6bef] with qualifier [null]
    22:57:47.067 [Test worker] DEBUG io.micronaut.context.lifecycle -- Created bean [io.micronaut.json.convert.JsonConverterRegistrar@2456716b] from definition [Definition: io.micronaut.json.convert.JsonConverterRegistrar] with qualifier [null]
    22:57:47.067 [Test worker] DEBUG io.micronaut.context.DefaultBeanContext -- Found a registration BeanRegistration: io.micronaut.json.convert.JsonConverterRegistrar@2456716b for candidate: Definition: io.micronaut.json.convert.JsonConverterRegistrar with qualifier: null
    22:57:47.067 [Test worker] DEBUG io.micronaut.context.lifecycle -- Created bean [io.micronaut.buffer.netty.NettyByteBufferFactory@63541960] from definition [Definition: io.micronaut.buffer.netty.NettyByteBufferFactory] with qualifier [null]
    22:57:47.067 [Test worker] DEBUG io.micronaut.context.DefaultBeanContext -- Found a registration BeanRegistration: io.micronaut.buffer.netty.NettyByteBufferFactory@63541960 for candidate: Definition: io.micronaut.buffer.netty.NettyByteBufferFactory with qualifier: null
    22:57:47.067 [Test worker] DEBUG io.micronaut.context.DefaultBeanContext -- Found 7 bean registrations for type [typeConverterRegistrar]
    22:57:47.067 [Test worker] DEBUG io.micronaut.context.DefaultBeanContext --   Definition: io.micronaut.kotlin.converters.FlowPublisherConverterRegistrar null
    22:57:47.067 [Test worker] DEBUG io.micronaut.context.DefaultBeanContext --   Definition: io.micronaut.kotlin.converters.FlowReactorConverterRegistrar null
    22:57:47.067 [Test worker] DEBUG io.micronaut.context.DefaultBeanContext --   Definition: io.micronaut.json.convert.JsonConverterRegistrar null
    22:57:47.067 [Test worker] DEBUG io.micronaut.context.DefaultBeanContext --   Definition: io.micronaut.http.server.netty.converters.NettyConverters null
    22:57:47.067 [Test worker] DEBUG io.micronaut.context.DefaultBeanContext --   Definition: io.micronaut.buffer.netty.NettyByteBufferFactory null
    22:57:47.067 [Test worker] DEBUG io.micronaut.context.DefaultBeanContext --   Definition: io.micronaut.jackson.databind.convert.JacksonConverterRegistrar null
    22:57:47.067 [Test worker] DEBUG io.micronaut.context.DefaultBeanContext --   Definition: io.micronaut.http.converters.HttpConverterRegistrar null
    22:57:47.067 [Test worker] DEBUG io.micronaut.context.DefaultBeanContext -- Finding candidate beans for type: SessionFactoryPerDataSourceFactory
    22:57:47.067 [Test worker] DEBUG io.micronaut.core.reflect.ClassUtils -- Attempting to dynamically load class org.hibernate.reactive.provider.ReactiveServiceRegistryBuilder
    22:57:47.067 [Test worker] DEBUG io.micronaut.core.reflect.ClassUtils -- Class org.hibernate.reactive.provider.ReactiveServiceRegistryBuilder is not present
    22:57:47.068 [Test worker] DEBUG io.micronaut.core.reflect.ClassUtils -- Attempting to dynamically load class org.hibernate.reactive.provider.ReactiveServiceRegistryBuilder
    22:57:47.068 [Test worker] DEBUG io.micronaut.core.reflect.ClassUtils -- Class org.hibernate.reactive.provider.ReactiveServiceRegistryBuilder is not present
    22:57:47.068 [Test worker] DEBUG io.micronaut.context.DefaultBeanContext --   class io.micronaut.configuration.hibernate.jpa.conf.SessionFactoryPerDataSourceFactory null Definition: io.micronaut.configuration.hibernate.jpa.conf.SessionFactoryPerDataSourceFactory
    22:57:47.068 [Test worker] DEBUG io.micronaut.context.condition.Condition -- Bean [Definition: io.micronaut.configuration.hibernate.jpa.conf.SessionFactoryPerJpaConfigurationFactory] will not be loaded due to failing conditions:
    22:57:47.068 [Test worker] DEBUG io.micronaut.context.condition.Condition -- * Existing bean [io.micronaut.configuration.hibernate.jpa.conf.SessionFactoryPerDataSourceFactory] of type [class io.micronaut.configuration.hibernate.jpa.conf.SessionFactoryPerDataSourceFactory] registered in context
    22:57:47.069 [Test worker] DEBUG io.micronaut.core.reflect.ClassUtils -- Attempting to dynamically load class org.hibernate.reactive.provider.ReactiveServiceRegistryBuilder
    22:57:47.069 [Test worker] DEBUG io.micronaut.core.reflect.ClassUtils -- Class org.hibernate.reactive.provider.ReactiveServiceRegistryBuilder is not present
    22:57:47.069 [Test worker] DEBUG io.micronaut.core.reflect.ClassUtils -- Attempting to dynamically load class org.hibernate.reactive.provider.ReactiveServiceRegistryBuilder
    22:57:47.069 [Test worker] DEBUG io.micronaut.core.reflect.ClassUtils -- Class org.hibernate.reactive.provider.ReactiveServiceRegistryBuilder is not present
    22:57:47.069 [Test worker] DEBUG io.micronaut.context.condition.Condition -- Bean [io.micronaut.reactor.instrument.$ReactorAutomaticContextPropagation$Definition] will not be loaded due to failing conditions:
    22:57:47.069 [Test worker] DEBUG io.micronaut.context.condition.Condition -- * Class [io.micrometer.context.ContextRegistry] is not present
    22:57:47.069 [Test worker] DEBUG io.micronaut.context.condition.Condition -- Bean [io.micronaut.logging.$PropertiesLoggingLevelsConfigurer$Definition] will not be loaded due to failing conditions:
    22:57:47.069 [Test worker] DEBUG io.micronaut.context.condition.Condition -- * Required property [logger] with value [null] not present
    22:57:47.069 [Test worker] DEBUG io.micronaut.context.condition.Condition -- Bean [io.micronaut.buffer.netty.$DefaultByteBufAllocatorConfiguration$Definition] will not be loaded due to failing conditions:
    22:57:47.069 [Test worker] DEBUG io.micronaut.context.condition.Condition -- * Required property [netty.default.allocator] with value [null] not present
    22:57:47.070 [Test worker] DEBUG io.micronaut.context.DefaultBeanContext -- Finding candidate beans for type: ApplicationEventPublisher eventPublisher
    22:57:47.070 [Test worker] DEBUG io.micronaut.context.DefaultBeanContext --   interface io.micronaut.context.event.ApplicationEventPublisher null io.micronaut.context.event.ApplicationEventPublisherFactory@526c3eb8
    22:57:47.070 [Test worker] DEBUG io.micronaut.context.DefaultBeanContext -- Found concrete candidate [io.micronaut.context.event.ApplicationEventPublisherFactory@526c3eb8] for type: eventPublisher 
    22:57:47.070 [Test worker] DEBUG io.micronaut.context.lifecycle -- Created bean [io.micronaut.context.event.ApplicationEventPublisherFactory$1@467625e3] from definition [io.micronaut.context.event.ApplicationEventPublisherFactory@526c3eb8] with qualifier [null]
    22:57:47.071 [Test worker] DEBUG io.micronaut.context.DefaultBeanContext -- Resolving beans for type: @InterceptorBinding(io.micronaut.scheduling.annotation.Async)@InterceptorBinding(interceptorType = class io.micronaut.scheduling.async.AsyncInterceptor) io.micronaut.aop.Interceptor 
    22:57:47.071 [Test worker] DEBUG io.micronaut.context.DefaultBeanContext -- Finding candidate beans for type: Interceptor T
    22:57:47.071 [Test worker] DEBUG io.micronaut.context.DefaultBeanContext --   class io.micronaut.configuration.hibernate.jpa.TransactionalSessionInterceptor null Definition: io.micronaut.configuration.hibernate.jpa.TransactionalSessionInterceptor
    22:57:47.071 [Test worker] DEBUG io.micronaut.context.DefaultBeanContext --   class io.micronaut.http.client.interceptor.HttpClientIntroductionAdvice null Definition: io.micronaut.http.client.interceptor.HttpClientIntroductionAdvice
    22:57:47.071 [Test worker] DEBUG io.micronaut.context.DefaultBeanContext --   class io.micronaut.data.connection.interceptor.ConnectableInterceptor null Definition: io.micronaut.data.connection.interceptor.ConnectableInterceptor
    22:57:47.071 [Test worker] DEBUG io.micronaut.context.DefaultBeanContext --   class io.micronaut.data.connection.jdbc.advice.ContextualConnectionInterceptor null Definition: io.micronaut.data.connection.jdbc.advice.ContextualConnectionInterceptor
    22:57:47.071 [Test worker] DEBUG io.micronaut.context.DefaultBeanContext --   class io.micronaut.transaction.interceptor.TransactionalInterceptor null Definition: io.micronaut.transaction.interceptor.TransactionalInterceptor
    22:57:47.071 [Test worker] DEBUG io.micronaut.context.DefaultBeanContext --   class io.micronaut.data.runtime.intercept.DataIntroductionAdvice null Definition: io.micronaut.data.runtime.intercept.DataIntroductionAdvice
    22:57:47.071 [Test worker] DEBUG io.micronaut.context.DefaultBeanContext --   class io.micronaut.runtime.context.scope.refresh.RefreshInterceptor null Definition: io.micronaut.runtime.context.scope.refresh.RefreshInterceptor
    22:57:47.071 [Test worker] DEBUG io.micronaut.context.DefaultBeanContext --   class io.micronaut.runtime.context.env.ConfigurationIntroductionAdvice null Definition: io.micronaut.runtime.context.env.ConfigurationIntroductionAdvice
    22:57:47.071 [Test worker] DEBUG io.micronaut.context.DefaultBeanContext --   class io.micronaut.websocket.interceptor.ClientWebSocketInterceptor null Definition: io.micronaut.websocket.interceptor.ClientWebSocketInterceptor
    22:57:47.071 [Test worker] DEBUG io.micronaut.context.DefaultBeanContext --   class io.micronaut.validation.ValidatingInterceptor null Definition: io.micronaut.validation.ValidatingInterceptor
    22:57:47.071 [Test worker] DEBUG io.micronaut.context.DefaultBeanContext --   class io.micronaut.retry.intercept.DefaultRetryInterceptor null Definition: io.micronaut.retry.intercept.DefaultRetryInterceptor
    22:57:47.071 [Test worker] DEBUG io.micronaut.context.DefaultBeanContext --   class io.micronaut.retry.intercept.RecoveryInterceptor null Definition: io.micronaut.retry.intercept.RecoveryInterceptor
    22:57:47.071 [Test worker] DEBUG io.micronaut.context.DefaultBeanContext --   class io.micronaut.scheduling.async.AsyncInterceptor null Definition: io.micronaut.scheduling.async.AsyncInterceptor
    22:57:47.071 [Test worker] DEBUG io.micronaut.context.DefaultBeanContext --   class io.micronaut.transaction.interceptor.TransactionalEventInterceptor null Definition: io.micronaut.transaction.interceptor.TransactionalEventInterceptor
    22:57:47.071 [Test worker] DEBUG io.micronaut.context.DefaultBeanContext --   class io.micronaut.configuration.hibernate.jpa.proxy.IntroducedHibernateProxyAdvice null Definition: io.micronaut.configuration.hibernate.jpa.proxy.IntroducedHibernateProxyAdvice
    22:57:47.071 [Test worker] DEBUG io.micronaut.context.DefaultBeanContext --   class io.micronaut.runtime.beans.MapperIntroduction null Definition: io.micronaut.runtime.beans.MapperIntroduction
    22:57:47.071 [Test worker] DEBUG io.micronaut.context.DefaultBeanContext -- Finding candidate beans for type: BeanProvider T
    22:57:47.071 [Test worker] DEBUG io.micronaut.context.DefaultBeanContext --   interface io.micronaut.context.BeanProvider null io.micronaut.inject.provider.BeanProviderDefinition@58df6bef
    22:57:47.071 [Test worker] DEBUG io.micronaut.context.DefaultBeanContext -- Qualifying bean [T] for qualifier: @Named('scheduled') 
    22:57:47.071 [Test worker] DEBUG io.micronaut.context.DefaultBeanContext -- Found concrete candidate [io.micronaut.inject.provider.BeanProviderDefinition@58df6bef] for type: @Named('scheduled') T 
    22:57:47.071 [Test worker] DEBUG io.micronaut.context.DefaultBeanContext -- Finding candidate beans for type: ExecutorService T
    22:57:47.072 [Test worker] DEBUG io.micronaut.context.DefaultBeanContext -- Finding candidate beans for type: EventLoopGroupConfiguration
    22:57:47.073 [Test worker] DEBUG io.micronaut.context.DefaultBeanContext --   class io.micronaut.http.server.netty.configuration.NettyHttpServerConfiguration$Worker @Named('netty-server-worker-event-loop') Definition: io.micronaut.http.server.netty.configuration.NettyHttpServerConfiguration$Worker
    22:57:47.073 [Test worker] DEBUG io.micronaut.context.DefaultBeanContext --   class io.micronaut.http.server.netty.configuration.NettyHttpServerConfiguration$Parent @Named('netty-server-parent-event-loop') Definition: io.micronaut.http.server.netty.configuration.NettyHttpServerConfiguration$Parent
    22:57:47.073 [Test worker] DEBUG io.micronaut.context.DefaultBeanContext -- Finding candidate beans for type: ExecutorConfiguration
    22:57:47.074 [Test worker] DEBUG io.micronaut.context.DefaultBeanContext --   interface io.micronaut.scheduling.executor.ExecutorConfiguration @Named('virtual') Definition: io.micronaut.scheduling.executor.IOExecutorServiceConfig
    22:57:47.074 [Test worker] DEBUG io.micronaut.context.DefaultBeanContext --   interface io.micronaut.scheduling.executor.ExecutorConfiguration @Named('scheduled') Definition: io.micronaut.scheduling.executor.ScheduledExecutorServiceConfig
    22:57:47.074 [Test worker] DEBUG io.micronaut.context.DefaultBeanContext --   interface io.micronaut.scheduling.executor.ExecutorConfiguration @Named('io') Definition: io.micronaut.scheduling.executor.IOExecutorServiceConfig
    22:57:47.074 [Test worker] DEBUG io.micronaut.context.DefaultBeanContext --   interface java.util.concurrent.ExecutorService @Named('io') Definition: io.micronaut.scheduling.executor.ExecutorFactory
    22:57:47.074 [Test worker] DEBUG io.micronaut.context.DefaultBeanContext --   interface java.util.concurrent.ExecutorService @Named('virtual') Definition: io.micronaut.scheduling.executor.ExecutorFactory
    22:57:47.074 [Test worker] DEBUG io.micronaut.context.DefaultBeanContext --   interface java.util.concurrent.ExecutorService @Named('blocking') Definition: io.micronaut.scheduling.executor.IOExecutorServiceConfig
    22:57:47.074 [Test worker] DEBUG io.micronaut.context.DefaultBeanContext --   interface io.netty.channel.EventLoopGroup @Named('netty-server-worker-event-loop') Definition: io.micronaut.http.netty.channel.DefaultEventLoopGroupRegistry
    22:57:47.074 [Test worker] DEBUG io.micronaut.context.DefaultBeanContext --   interface io.netty.channel.EventLoopGroup @Named('netty-server-parent-event-loop') Definition: io.micronaut.http.netty.channel.DefaultEventLoopGroupRegistry
    22:57:47.074 [Test worker] DEBUG io.micronaut.context.DefaultBeanContext --   interface java.util.concurrent.ExecutorService @Named('scheduled') Definition: io.micronaut.scheduling.executor.ExecutorFactory
    22:57:47.074 [Test worker] DEBUG io.micronaut.context.lifecycle -- Created bean [io.micronaut.inject.provider.BeanProviderDefinition$1@513cd96f] from definition [io.micronaut.inject.provider.BeanProviderDefinition@58df6bef] with qualifier [@Named('scheduled')]
    22:57:47.074 [Test worker] DEBUG io.micronaut.context.lifecycle -- Created bean [io.micronaut.scheduling.async.AsyncInterceptor@12e04531] from definition [Definition: io.micronaut.scheduling.async.AsyncInterceptor] with qualifier [null]
    22:57:47.074 [Test worker] DEBUG io.micronaut.context.DefaultBeanContext -- Found a registration BeanRegistration: io.micronaut.scheduling.async.AsyncInterceptor@12e04531 for candidate: Definition: io.micronaut.scheduling.async.AsyncInterceptor with qualifier: @InterceptorBinding(io.micronaut.scheduling.annotation.Async)@InterceptorBinding(interceptorType = class io.micronaut.scheduling.async.AsyncInterceptor)
    22:57:47.074 [Test worker] DEBUG io.micronaut.context.DefaultBeanContext -- Finding candidate beans for type: InterceptorRegistry
    22:57:47.075 [Test worker] DEBUG io.micronaut.context.DefaultBeanContext --   interface io.micronaut.aop.InterceptorRegistry null io.micronaut.aop.internal.InterceptorRegistryBean@5eb89000
    22:57:47.075 [Test worker] DEBUG io.micronaut.context.DefaultBeanContext -- Found concrete candidate [io.micronaut.aop.internal.InterceptorRegistryBean@5eb89000] for type: interceptorRegistry 
    22:57:47.075 [Test worker] DEBUG io.micronaut.context.lifecycle -- Created bean [io.micronaut.aop.chain.DefaultInterceptorRegistry@6114902c] from definition [io.micronaut.aop.internal.InterceptorRegistryBean@5eb89000] with qualifier [null]
    22:57:47.075 [Test worker] DEBUG io.micronaut.context.lifecycle -- Created bean [io.micronaut.flyway.$AlternativeMigrationRunner$Definition$Intercepted@16baf8d0] from definition [Definition: io.micronaut.flyway.$AlternativeMigrationRunner$Definition$Intercepted] with qualifier [null]
    22:57:47.075 [Test worker] DEBUG io.micronaut.context.lifecycle -- Created bean [io.micronaut.flyway.FlywayConfigurationProperties@217abcc9] from definition [Definition: io.micronaut.flyway.FlywayConfigurationProperties] with qualifier [@Named('default')]
    22:57:47.075 [Test worker] DEBUG io.micronaut.context.DefaultBeanContext -- Finding candidate beans for type: DatasourceConfiguration
    22:57:47.075 [Test worker] DEBUG io.micronaut.context.DefaultBeanContext --   class io.micronaut.configuration.jdbc.hikari.DatasourceConfiguration @Named('default') Definition: io.micronaut.configuration.jdbc.hikari.DatasourceConfiguration
    22:57:47.075 [Test worker] DEBUG io.micronaut.context.DefaultBeanContext -- Finding candidate beans for type: DatasourceFactory
    22:57:47.076 [Test worker] DEBUG io.micronaut.context.DefaultBeanContext --   class io.micronaut.configuration.jdbc.hikari.DatasourceFactory null Definition: io.micronaut.configuration.jdbc.hikari.DatasourceFactory
    22:57:47.076 [Test worker] DEBUG io.micronaut.context.DefaultBeanContext -- Found concrete candidate [Definition: io.micronaut.configuration.jdbc.hikari.DatasourceFactory] for type: datasourceFactory 
    22:57:47.076 [Test worker] DEBUG io.micronaut.context.lifecycle -- Created bean [io.micronaut.configuration.jdbc.hikari.DatasourceFactory@3123ac1a] from definition [Definition: io.micronaut.configuration.jdbc.hikari.DatasourceFactory] with qualifier [null]
    22:57:47.076 [Test worker] DEBUG io.micronaut.context.DefaultBeanContext -- Finding candidate beans for type: DatasourceConfiguration datasourceConfiguration
    22:57:47.076 [Test worker] DEBUG io.micronaut.context.DefaultBeanContext --   class io.micronaut.configuration.jdbc.hikari.DatasourceConfiguration @Named('default') Definition: io.micronaut.configuration.jdbc.hikari.DatasourceConfiguration
    22:57:47.076 [Test worker] DEBUG io.micronaut.context.DefaultBeanContext -- Qualifying bean [datasourceConfiguration] for qualifier: @Named('default') 
    22:57:47.076 [Test worker] DEBUG io.micronaut.context.DefaultBeanContext -- Found concrete candidate [Definition: io.micronaut.configuration.jdbc.hikari.DatasourceConfiguration] for type: @Named('default') datasourceConfiguration 
    22:57:47.076 [Test worker] DEBUG io.micronaut.core.reflect.ClassUtils -- Attempting to dynamically load class org.h2.Driver
    22:57:47.076 [Test worker] DEBUG io.micronaut.core.reflect.ClassUtils -- Successfully loaded class org.h2.Driver
    22:57:47.076 [Test worker] DEBUG com.zaxxer.hikari.HikariConfig -- Driver class org.h2.Driver found in Thread context class loader jdk.internal.loader.ClassLoaders$AppClassLoader@639fee48
    22:57:47.077 [Test worker] DEBUG io.micronaut.context.lifecycle -- Created bean [io.micronaut.configuration.jdbc.hikari.DatasourceConfiguration@7473cfe2] from definition [Definition: io.micronaut.configuration.jdbc.hikari.DatasourceConfiguration] with qualifier [@Named('default')]
    22:57:47.077 [Test worker] DEBUG com.zaxxer.hikari.HikariConfig -- HikariPool-2 - configuration:
    22:57:47.078 [Test worker] DEBUG com.zaxxer.hikari.HikariConfig -- allowPoolSuspension.............false
    22:57:47.079 [Test worker] DEBUG com.zaxxer.hikari.HikariConfig -- autoCommit......................true
    22:57:47.079 [Test worker] DEBUG com.zaxxer.hikari.HikariConfig -- catalog.........................none
    22:57:47.079 [Test worker] DEBUG com.zaxxer.hikari.HikariConfig -- connectionInitSql...............none
    22:57:47.079 [Test worker] DEBUG com.zaxxer.hikari.HikariConfig -- connectionTestQuery............."SELECT 1"
    22:57:47.079 [Test worker] DEBUG com.zaxxer.hikari.HikariConfig -- connectionTimeout...............30000
    22:57:47.079 [Test worker] DEBUG com.zaxxer.hikari.HikariConfig -- dataSource......................none
    22:57:47.079 [Test worker] DEBUG com.zaxxer.hikari.HikariConfig -- dataSourceClassName.............none
    22:57:47.079 [Test worker] DEBUG com.zaxxer.hikari.HikariConfig -- dataSourceJNDI..................none
    22:57:47.079 [Test worker] DEBUG com.zaxxer.hikari.HikariConfig -- dataSourceProperties............{password=<masked>}
    22:57:47.079 [Test worker] DEBUG io.micronaut.core.reflect.ClassUtils -- Attempting to dynamically load class org.h2.Driver
    22:57:47.079 [Test worker] DEBUG io.micronaut.core.reflect.ClassUtils -- Successfully loaded class org.h2.Driver
    22:57:47.079 [Test worker] DEBUG com.zaxxer.hikari.HikariConfig -- driverClassName................."org.h2.Driver"
    22:57:47.079 [Test worker] DEBUG com.zaxxer.hikari.HikariConfig -- exceptionOverrideClassName......none
    22:57:47.080 [Test worker] DEBUG com.zaxxer.hikari.HikariConfig -- healthCheckProperties...........{}
    22:57:47.080 [Test worker] DEBUG com.zaxxer.hikari.HikariConfig -- healthCheckRegistry.............none
    22:57:47.080 [Test worker] DEBUG com.zaxxer.hikari.HikariConfig -- idleTimeout.....................600000
    22:57:47.080 [Test worker] DEBUG com.zaxxer.hikari.HikariConfig -- initializationFailTimeout.......1
    22:57:47.080 [Test worker] DEBUG com.zaxxer.hikari.HikariConfig -- isolateInternalQueries..........false
    22:57:47.080 [Test worker] DEBUG com.zaxxer.hikari.HikariConfig -- jdbcUrl.........................jdbc:h2:mem:devDb;LOCK_TIMEOUT=10000;DB_CLOSE_DELAY=-1
    22:57:47.080 [Test worker] DEBUG com.zaxxer.hikari.HikariConfig -- keepaliveTime...................0
    22:57:47.080 [Test worker] DEBUG com.zaxxer.hikari.HikariConfig -- leakDetectionThreshold..........0
    22:57:47.080 [Test worker] DEBUG com.zaxxer.hikari.HikariConfig -- maxLifetime.....................1800000
    22:57:47.080 [Test worker] DEBUG com.zaxxer.hikari.HikariConfig -- maximumPoolSize.................10
    22:57:47.080 [Test worker] DEBUG com.zaxxer.hikari.HikariConfig -- metricRegistry..................none
    22:57:47.081 [Test worker] DEBUG com.zaxxer.hikari.HikariConfig -- metricsTrackerFactory...........none
    22:57:47.081 [Test worker] DEBUG com.zaxxer.hikari.HikariConfig -- minimumIdle.....................10
    22:57:47.081 [Test worker] DEBUG io.micronaut.core.reflect.ClassUtils -- Attempting to dynamically load class org.h2.Driver
    22:57:47.081 [Test worker] DEBUG io.micronaut.core.reflect.ClassUtils -- Successfully loaded class org.h2.Driver
    22:57:47.081 [Test worker] DEBUG com.zaxxer.hikari.HikariConfig -- password........................<masked>
    22:57:47.081 [Test worker] DEBUG com.zaxxer.hikari.HikariConfig -- poolName........................"HikariPool-2"
    22:57:47.081 [Test worker] DEBUG com.zaxxer.hikari.HikariConfig -- readOnly........................false
    22:57:47.081 [Test worker] DEBUG com.zaxxer.hikari.HikariConfig -- registerMbeans..................false
    22:57:47.081 [Test worker] DEBUG com.zaxxer.hikari.HikariConfig -- scheduledExecutor...............none
    22:57:47.081 [Test worker] DEBUG com.zaxxer.hikari.HikariConfig -- schema..........................none
    22:57:47.081 [Test worker] DEBUG com.zaxxer.hikari.HikariConfig -- threadFactory...................internal
    22:57:47.081 [Test worker] DEBUG com.zaxxer.hikari.HikariConfig -- transactionIsolation............default
    22:57:47.081 [Test worker] DEBUG com.zaxxer.hikari.HikariConfig -- username........................"sa"
    22:57:47.081 [Test worker] DEBUG com.zaxxer.hikari.HikariConfig -- validationTimeout...............5000
    22:57:47.083 [Test worker] INFO com.zaxxer.hikari.HikariDataSource -- HikariPool-2 - Starting...
    22:57:47.084 [Test worker] INFO com.zaxxer.hikari.pool.HikariPool -- HikariPool-2 - Added connection conn10: url=jdbc:h2:mem:devDb user=SA
    22:57:47.084 [Test worker] INFO com.zaxxer.hikari.HikariDataSource -- HikariPool-2 - Start completed.
    22:57:47.084 [Test worker] DEBUG io.micronaut.configuration.jdbc.hikari.DatasourceFactory -- Could not wire metrics to HikariCP as there is no class of type MeterRegistry on the classpath, io.micronaut.micrometer:micrometer-core library missing.
    22:57:47.085 [Test worker] DEBUG io.micronaut.context.lifecycle -- Created bean [io.micronaut.context.event.ApplicationEventPublisherFactory$1@467625e3] from definition [io.micronaut.context.event.ApplicationEventPublisherFactory@526c3eb8] with qualifier [null]
    22:57:47.085 [Test worker] DEBUG io.micronaut.context.DefaultBeanContext -- Finding candidate beans for type: DataSourceResolver dataSourceResolver
    22:57:47.085 [Test worker] DEBUG io.micronaut.context.DefaultBeanContext --   class io.micronaut.data.connection.jdbc.DelegatingDataSourceResolver null Definition: io.micronaut.data.connection.jdbc.DelegatingDataSourceResolver
    22:57:47.085 [Test worker] DEBUG io.micronaut.context.DefaultBeanContext -- Found concrete candidate [Definition: io.micronaut.data.connection.jdbc.DelegatingDataSourceResolver] for type: dataSourceResolver 
    22:57:47.086 [Test worker] DEBUG io.micronaut.context.lifecycle -- Created bean [io.micronaut.data.connection.jdbc.DelegatingDataSourceResolver@155cf9f6] from definition [Definition: io.micronaut.data.connection.jdbc.DelegatingDataSourceResolver] with qualifier [null]
    22:57:47.086 [Test worker] DEBUG io.micronaut.context.DefaultBeanContext -- Resolving beans for type: @InterceptorBinding(io.micronaut.scheduling.annotation.Async)@InterceptorBinding(interceptorType = class io.micronaut.scheduling.async.AsyncInterceptor) io.micronaut.aop.Interceptor 
    22:57:47.086 [Test worker] DEBUG io.micronaut.context.DefaultBeanContext -- Found 1 existing beans for type [@InterceptorBinding(io.micronaut.scheduling.annotation.Async)@InterceptorBinding(interceptorType = class io.micronaut.scheduling.async.AsyncInterceptor) T]: [BeanRegistration: io.micronaut.scheduling.async.AsyncInterceptor@12e04531] 
    22:57:47.086 [Test worker] DEBUG io.micronaut.context.lifecycle -- Created bean [io.micronaut.flyway.$DataSourceMigrationRunner$Definition$Intercepted@b7b26c6] from definition [Definition: io.micronaut.flyway.$DataSourceMigrationRunner$Definition$Intercepted] with qualifier [null]
    22:57:47.086 [Test worker] DEBUG io.micronaut.context.lifecycle -- Created bean [io.micronaut.data.connection.jdbc.advice.ContextualAwareDataSource@2db07651] from definition [Definition: io.micronaut.data.connection.jdbc.advice.ContextualAwareDataSource] with qualifier [null]
    22:57:47.086 [Test worker] DEBUG io.micronaut.context.lifecycle -- Created bean [io.micronaut.data.connection.jdbc.advice.ContextualAwareDataSource$DataSourceProxy@718b9d56] from definition [Definition: io.micronaut.configuration.jdbc.hikari.DatasourceFactory] with qualifier [@Named('default')]
    22:57:47.086 [Test worker] DEBUG io.micronaut.context.DefaultBeanContext -- Finding candidate beans for type: SessionFactoryBuilder
    22:57:47.086 [Test worker] DEBUG io.micronaut.core.reflect.ClassUtils -- Attempting to dynamically load class org.hibernate.reactive.provider.ReactiveServiceRegistryBuilder
    22:57:47.087 [Test worker] DEBUG io.micronaut.core.reflect.ClassUtils -- Class org.hibernate.reactive.provider.ReactiveServiceRegistryBuilder is not present
    22:57:47.087 [Test worker] DEBUG io.micronaut.core.reflect.ClassUtils -- Attempting to dynamically load class org.hibernate.reactive.provider.ReactiveServiceRegistryBuilder
    22:57:47.087 [Test worker] DEBUG io.micronaut.core.reflect.ClassUtils -- Class org.hibernate.reactive.provider.ReactiveServiceRegistryBuilder is not present
    22:57:47.087 [Test worker] DEBUG io.micronaut.context.DefaultBeanContext -- Finding candidate beans for type: Metadata
    22:57:47.088 [Test worker] DEBUG io.micronaut.context.DefaultBeanContext -- Finding candidate beans for type: SessionFactoryPerDataSourceFactory
    22:57:47.088 [Test worker] DEBUG io.micronaut.context.DefaultBeanContext --   class io.micronaut.configuration.hibernate.jpa.conf.SessionFactoryPerDataSourceFactory null Definition: io.micronaut.configuration.hibernate.jpa.conf.SessionFactoryPerDataSourceFactory
    22:57:47.088 [Test worker] DEBUG io.micronaut.context.condition.Condition -- Bean [Definition: io.micronaut.configuration.hibernate.jpa.conf.SessionFactoryPerJpaConfigurationFactory] will not be loaded due to failing conditions:
    22:57:47.088 [Test worker] DEBUG io.micronaut.context.condition.Condition -- * Existing bean [io.micronaut.configuration.hibernate.jpa.conf.SessionFactoryPerDataSourceFactory] of type [class io.micronaut.configuration.hibernate.jpa.conf.SessionFactoryPerDataSourceFactory] registered in context
    22:57:47.089 [Test worker] DEBUG io.micronaut.core.reflect.ClassUtils -- Attempting to dynamically load class org.hibernate.reactive.provider.ReactiveServiceRegistryBuilder
    22:57:47.089 [Test worker] DEBUG io.micronaut.core.reflect.ClassUtils -- Class org.hibernate.reactive.provider.ReactiveServiceRegistryBuilder is not present
    22:57:47.089 [Test worker] DEBUG io.micronaut.core.reflect.ClassUtils -- Attempting to dynamically load class org.hibernate.reactive.provider.ReactiveServiceRegistryBuilder
    22:57:47.089 [Test worker] DEBUG io.micronaut.core.reflect.ClassUtils -- Class org.hibernate.reactive.provider.ReactiveServiceRegistryBuilder is not present
    22:57:47.089 [Test worker] DEBUG io.micronaut.context.DefaultBeanContext -- Finding candidate beans for type: MetadataSources
    22:57:47.089 [Test worker] DEBUG io.micronaut.core.reflect.ClassUtils -- Attempting to dynamically load class org.hibernate.reactive.provider.ReactiveServiceRegistryBuilder
    22:57:47.089 [Test worker] DEBUG io.micronaut.core.reflect.ClassUtils -- Class org.hibernate.reactive.provider.ReactiveServiceRegistryBuilder is not present
    22:57:47.089 [Test worker] DEBUG io.micronaut.core.reflect.ClassUtils -- Attempting to dynamically load class org.hibernate.reactive.provider.ReactiveServiceRegistryBuilder
    22:57:47.090 [Test worker] DEBUG io.micronaut.core.reflect.ClassUtils -- Class org.hibernate.reactive.provider.ReactiveServiceRegistryBuilder is not present
    22:57:47.090 [Test worker] DEBUG io.micronaut.context.DefaultBeanContext -- Finding candidate beans for type: ServiceRegistry
    22:57:47.090 [Test worker] DEBUG io.micronaut.context.DefaultBeanContext -- Finding candidate beans for type: SessionFactoryPerDataSourceFactory
    22:57:47.090 [Test worker] DEBUG io.micronaut.context.DefaultBeanContext --   class io.micronaut.configuration.hibernate.jpa.conf.SessionFactoryPerDataSourceFactory null Definition: io.micronaut.configuration.hibernate.jpa.conf.SessionFactoryPerDataSourceFactory
    22:57:47.090 [Test worker] DEBUG io.micronaut.context.condition.Condition -- Bean [Definition: io.micronaut.configuration.hibernate.jpa.conf.SessionFactoryPerJpaConfigurationFactory] will not be loaded due to failing conditions:
    22:57:47.090 [Test worker] DEBUG io.micronaut.context.condition.Condition -- * Existing bean [io.micronaut.configuration.hibernate.jpa.conf.SessionFactoryPerDataSourceFactory] of type [class io.micronaut.configuration.hibernate.jpa.conf.SessionFactoryPerDataSourceFactory] registered in context
    22:57:47.090 [Test worker] DEBUG io.micronaut.core.reflect.ClassUtils -- Attempting to dynamically load class org.hibernate.reactive.provider.ReactiveServiceRegistryBuilder
    22:57:47.090 [Test worker] DEBUG io.micronaut.core.reflect.ClassUtils -- Class org.hibernate.reactive.provider.ReactiveServiceRegistryBuilder is not present
    22:57:47.090 [Test worker] DEBUG io.micronaut.core.reflect.ClassUtils -- Attempting to dynamically load class org.hibernate.reactive.provider.ReactiveServiceRegistryBuilder
    22:57:47.091 [Test worker] DEBUG io.micronaut.core.reflect.ClassUtils -- Class org.hibernate.reactive.provider.ReactiveServiceRegistryBuilder is not present
    22:57:47.091 [Test worker] DEBUG io.micronaut.context.DefaultBeanContext -- Finding candidate beans for type: DataSource
    22:57:47.091 [Test worker] DEBUG io.micronaut.context.DefaultBeanContext -- Finding candidate beans for type: DatasourceConfiguration
    22:57:47.091 [Test worker] DEBUG io.micronaut.context.DefaultBeanContext --   class io.micronaut.configuration.jdbc.hikari.DatasourceConfiguration @Named('default') Definition: io.micronaut.configuration.jdbc.hikari.DatasourceConfiguration
    22:57:47.092 [Test worker] DEBUG io.micronaut.context.DefaultBeanContext --   interface javax.sql.DataSource @Named('default') Definition: io.micronaut.configuration.jdbc.hikari.DatasourceFactory
    22:57:47.092 [Test worker] DEBUG io.micronaut.core.reflect.ClassUtils -- Attempting to dynamically load class org.hibernate.reactive.provider.ReactiveServiceRegistryBuilder
    22:57:47.092 [Test worker] DEBUG io.micronaut.core.reflect.ClassUtils -- Class org.hibernate.reactive.provider.ReactiveServiceRegistryBuilder is not present
    22:57:47.092 [Test worker] DEBUG io.micronaut.context.DefaultBeanContext --   interface org.hibernate.service.ServiceRegistry @Named('default') Definition: io.micronaut.configuration.hibernate.jpa.conf.SessionFactoryPerDataSourceFactory
    22:57:47.092 [Test worker] DEBUG io.micronaut.core.reflect.ClassUtils -- Attempting to dynamically load class org.hibernate.reactive.provider.ReactiveServiceRegistryBuilder
    22:57:47.092 [Test worker] DEBUG io.micronaut.core.reflect.ClassUtils -- Class org.hibernate.reactive.provider.ReactiveServiceRegistryBuilder is not present
    22:57:47.092 [Test worker] DEBUG io.micronaut.context.DefaultBeanContext -- Finding candidate beans for type: SessionFactoryPerDataSourceFactory
    22:57:47.093 [Test worker] DEBUG io.micronaut.context.DefaultBeanContext --   class io.micronaut.configuration.hibernate.jpa.conf.SessionFactoryPerDataSourceFactory null Definition: io.micronaut.configuration.hibernate.jpa.conf.SessionFactoryPerDataSourceFactory
    22:57:47.093 [Test worker] DEBUG io.micronaut.context.condition.Condition -- Bean [Definition: io.micronaut.configuration.hibernate.jpa.conf.SessionFactoryPerJpaConfigurationFactory] will not be loaded due to failing conditions:
    22:57:47.093 [Test worker] DEBUG io.micronaut.context.condition.Condition -- * Existing bean [io.micronaut.configuration.hibernate.jpa.conf.SessionFactoryPerDataSourceFactory] of type [class io.micronaut.configuration.hibernate.jpa.conf.SessionFactoryPerDataSourceFactory] registered in context
    22:57:47.093 [Test worker] DEBUG io.micronaut.context.DefaultBeanContext --   class org.hibernate.boot.MetadataSources @Named('default') Definition: io.micronaut.configuration.hibernate.jpa.conf.SessionFactoryPerDataSourceFactory
    22:57:47.093 [Test worker] DEBUG io.micronaut.core.reflect.ClassUtils -- Attempting to dynamically load class org.hibernate.reactive.provider.ReactiveServiceRegistryBuilder
    22:57:47.093 [Test worker] DEBUG io.micronaut.core.reflect.ClassUtils -- Class org.hibernate.reactive.provider.ReactiveServiceRegistryBuilder is not present
    22:57:47.093 [Test worker] DEBUG io.micronaut.context.DefaultBeanContext --   interface org.hibernate.boot.Metadata @Named('default') Definition: io.micronaut.configuration.hibernate.jpa.conf.SessionFactoryPerDataSourceFactory
    22:57:47.093 [Test worker] DEBUG io.micronaut.core.reflect.ClassUtils -- Attempting to dynamically load class org.hibernate.reactive.provider.ReactiveServiceRegistryBuilder
    22:57:47.093 [Test worker] DEBUG io.micronaut.core.reflect.ClassUtils -- Class org.hibernate.reactive.provider.ReactiveServiceRegistryBuilder is not present
    22:57:47.093 [Test worker] DEBUG io.micronaut.context.DefaultBeanContext -- Finding candidate beans for type: SessionFactoryPerDataSourceFactory
    22:57:47.094 [Test worker] DEBUG io.micronaut.context.DefaultBeanContext --   class io.micronaut.configuration.hibernate.jpa.conf.SessionFactoryPerDataSourceFactory null Definition: io.micronaut.configuration.hibernate.jpa.conf.SessionFactoryPerDataSourceFactory
    22:57:47.094 [Test worker] DEBUG io.micronaut.context.condition.Condition -- Bean [Definition: io.micronaut.configuration.hibernate.jpa.conf.SessionFactoryPerJpaConfigurationFactory] will not be loaded due to failing conditions:
    22:57:47.094 [Test worker] DEBUG io.micronaut.context.condition.Condition -- * Existing bean [io.micronaut.configuration.hibernate.jpa.conf.SessionFactoryPerDataSourceFactory] of type [class io.micronaut.configuration.hibernate.jpa.conf.SessionFactoryPerDataSourceFactory] registered in context
    22:57:47.094 [Test worker] DEBUG io.micronaut.context.DefaultBeanContext --   interface org.hibernate.boot.SessionFactoryBuilder @Named('default') Definition: io.micronaut.configuration.hibernate.jpa.conf.SessionFactoryPerDataSourceFactory
    22:57:47.094 [Test worker] DEBUG io.micronaut.core.reflect.ClassUtils -- Attempting to dynamically load class org.hibernate.reactive.provider.ReactiveServiceRegistryBuilder
    22:57:47.094 [Test worker] DEBUG io.micronaut.core.reflect.ClassUtils -- Class org.hibernate.reactive.provider.ReactiveServiceRegistryBuilder is not present
    22:57:47.094 [Test worker] DEBUG io.micronaut.context.DefaultBeanContext -- Finding candidate beans for type: SessionFactoryPerDataSourceFactory
    22:57:47.094 [Test worker] DEBUG io.micronaut.context.DefaultBeanContext --   class io.micronaut.configuration.hibernate.jpa.conf.SessionFactoryPerDataSourceFactory null Definition: io.micronaut.configuration.hibernate.jpa.conf.SessionFactoryPerDataSourceFactory
    22:57:47.094 [Test worker] DEBUG io.micronaut.context.DefaultBeanContext -- Found concrete candidate [Definition: io.micronaut.configuration.hibernate.jpa.conf.SessionFactoryPerDataSourceFactory] for type: sessionFactoryPerDataSourceFactory 
    22:57:47.094 [Test worker] DEBUG io.micronaut.context.DefaultBeanContext -- Finding candidate beans for type: Environment environment
    22:57:47.095 [Test worker] DEBUG io.micronaut.context.DefaultBeanContext --   class io.micronaut.context.env.DefaultEnvironment @Primary io.micronaut.context.DefaultRuntimeBeanDefinition@36a59d8
    22:57:47.095 [Test worker] DEBUG io.micronaut.context.DefaultBeanContext -- Found concrete candidate [io.micronaut.context.DefaultRuntimeBeanDefinition@36a59d8] for type: environment 
    22:57:47.095 [Test worker] DEBUG io.micronaut.context.lifecycle -- Created bean [io.micronaut.context.DefaultApplicationContext$RuntimeConfiguredEnvironment@5d72dd86] from definition [io.micronaut.context.DefaultRuntimeBeanDefinition@36a59d8] with qualifier [@Primary]
    22:57:47.095 [Test worker] DEBUG io.micronaut.context.DefaultBeanContext -- Resolving beans for type: io.micronaut.configuration.hibernate.jpa.conf.sessionfactory.configure.SessionFactoryBuilderConfigurer
    22:57:47.095 [Test worker] DEBUG io.micronaut.context.DefaultBeanContext -- Finding candidate beans for type: SessionFactoryBuilderConfigurer E
    22:57:47.095 [Test worker] DEBUG io.micronaut.context.DefaultBeanContext -- Finding candidate beans for type: ValidatorFactory
    22:57:47.095 [Test worker] DEBUG io.micronaut.context.DefaultBeanContext -- Finding candidate beans for type: ValidatorFactory
    22:57:47.095 [Test worker] DEBUG io.micronaut.context.DefaultBeanContext -- No bean candidates found for type: ValidatorFactory
    22:57:47.095 [Test worker] DEBUG io.micronaut.context.DefaultBeanContext --   class io.micronaut.validation.validator.DefaultValidatorFactory null Definition: io.micronaut.validation.validator.DefaultValidatorFactory
    22:57:47.095 [Test worker] DEBUG io.micronaut.context.DefaultBeanContext --   class io.micronaut.configuration.hibernate.jpa.conf.sessionfactory.configure.internal.ValidatorFactoryConfigurer null Definition: io.micronaut.configuration.hibernate.jpa.conf.sessionfactory.configure.internal.ValidatorFactoryConfigurer
    22:57:47.096 [Test worker] DEBUG io.micronaut.core.reflect.ClassUtils -- Attempting to dynamically load class io.micronaut.context.annotation.Prototype
    22:57:47.096 [Test worker] DEBUG io.micronaut.core.reflect.ClassUtils -- Successfully loaded class io.micronaut.context.annotation.Prototype
    22:57:47.096 [Test worker] DEBUG io.micronaut.context.DefaultBeanContext -- Finding candidate beans for type: ValidatorFactory validatorFactory
    22:57:47.096 [Test worker] DEBUG io.micronaut.context.DefaultBeanContext --   class io.micronaut.validation.validator.DefaultValidatorFactory null Definition: io.micronaut.validation.validator.DefaultValidatorFactory
    22:57:47.096 [Test worker] DEBUG io.micronaut.context.DefaultBeanContext -- Found concrete candidate [Definition: io.micronaut.validation.validator.DefaultValidatorFactory] for type: validatorFactory 
    22:57:47.096 [Test worker] DEBUG io.micronaut.context.DefaultBeanContext -- Finding candidate beans for type: Validator validator
    22:57:47.096 [Test worker] DEBUG io.micronaut.context.DefaultBeanContext --   class io.micronaut.validation.validator.DefaultValidator null Definition: io.micronaut.validation.validator.DefaultValidator
    22:57:47.096 [Test worker] DEBUG io.micronaut.context.DefaultBeanContext -- Found concrete candidate [Definition: io.micronaut.validation.validator.DefaultValidator] for type: validator 
    22:57:47.096 [Test worker] DEBUG io.micronaut.context.DefaultBeanContext -- Finding candidate beans for type: ValidatorConfiguration configuration
    22:57:47.096 [Test worker] DEBUG io.micronaut.context.DefaultBeanContext --   class io.micronaut.validation.validator.DefaultValidatorConfiguration null Definition: io.micronaut.validation.validator.DefaultValidatorConfiguration
    22:57:47.097 [Test worker] DEBUG io.micronaut.context.DefaultBeanContext -- Found concrete candidate [Definition: io.micronaut.validation.validator.DefaultValidatorConfiguration] for type: configuration 
    22:57:47.097 [Test worker] DEBUG io.micronaut.context.DefaultBeanContext -- Finding candidate beans for type: ConstraintValidatorRegistry constraintValidatorRegistry
    22:57:47.097 [Test worker] DEBUG io.micronaut.context.DefaultBeanContext --   class io.micronaut.validation.validator.constraints.DefaultConstraintValidators null Definition: io.micronaut.validation.validator.constraints.DefaultConstraintValidators
    22:57:47.097 [Test worker] DEBUG io.micronaut.context.DefaultBeanContext -- Found concrete candidate [Definition: io.micronaut.validation.validator.constraints.DefaultConstraintValidators] for type: constraintValidatorRegistry 
    22:57:47.097 [Test worker] DEBUG io.micronaut.core.beans.DefaultBeanIntrospector -- Found BeanIntrospection for type: class io.micronaut.validation.validator.constraints.InternalConstraintValidators,
    22:57:47.097 [Test worker] DEBUG io.micronaut.context.lifecycle -- Created bean [io.micronaut.validation.validator.constraints.DefaultConstraintValidators@51751265] from definition [Definition: io.micronaut.validation.validator.constraints.DefaultConstraintValidators] with qualifier [null]
    22:57:47.097 [Test worker] DEBUG io.micronaut.context.DefaultBeanContext -- Finding candidate beans for type: ValueExtractorRegistry valueExtractorRegistry
    22:57:47.098 [Test worker] DEBUG io.micronaut.context.DefaultBeanContext --   class io.micronaut.validation.validator.extractors.DefaultValueExtractors null Definition: io.micronaut.validation.validator.extractors.DefaultValueExtractors
    22:57:47.098 [Test worker] DEBUG io.micronaut.context.DefaultBeanContext -- Found concrete candidate [Definition: io.micronaut.validation.validator.extractors.DefaultValueExtractors] for type: valueExtractorRegistry 
    22:57:47.098 [Test worker] DEBUG io.micronaut.core.beans.DefaultBeanIntrospector -- Found BeanIntrospection for type: class io.micronaut.validation.validator.extractors.InternalValueExtractors,
    22:57:47.098 [Test worker] DEBUG io.micronaut.context.DefaultBeanContext -- Finding candidate beans for type: ValueExtractor
    22:57:47.098 [Test worker] DEBUG io.micronaut.context.DefaultBeanContext -- No bean candidates found for type: ValueExtractor
    22:57:47.098 [Test worker] DEBUG io.micronaut.context.lifecycle -- Created bean [io.micronaut.validation.validator.extractors.DefaultValueExtractors@7f59f4e4] from definition [Definition: io.micronaut.validation.validator.extractors.DefaultValueExtractors] with qualifier [null]
    22:57:47.098 [Test worker] DEBUG io.micronaut.context.DefaultBeanContext -- Finding candidate beans for type: ClockProvider clockProvider
    22:57:47.098 [Test worker] DEBUG io.micronaut.context.DefaultBeanContext --   class io.micronaut.validation.validator.DefaultClockProvider null Definition: io.micronaut.validation.validator.DefaultClockProvider
    22:57:47.098 [Test worker] DEBUG io.micronaut.context.DefaultBeanContext -- Found concrete candidate [Definition: io.micronaut.validation.validator.DefaultClockProvider] for type: clockProvider 
    22:57:47.098 [Test worker] DEBUG io.micronaut.context.lifecycle -- Created bean [io.micronaut.validation.validator.DefaultClockProvider@5295a774] from definition [Definition: io.micronaut.validation.validator.DefaultClockProvider] with qualifier [null]
    22:57:47.098 [Test worker] DEBUG io.micronaut.context.DefaultBeanContext -- Finding candidate beans for type: TraversableResolver traversableResolver
    22:57:47.098 [Test worker] DEBUG io.micronaut.context.DefaultBeanContext --   class io.micronaut.validation.validator.resolver.CompositeTraversableResolver null Definition: io.micronaut.validation.validator.resolver.CompositeTraversableResolver
    22:57:47.098 [Test worker] DEBUG io.micronaut.context.DefaultBeanContext --   class io.micronaut.configuration.hibernate.jpa.validation.JPATraversableResolver null Definition: io.micronaut.configuration.hibernate.jpa.validation.JPATraversableResolver
    22:57:47.099 [Test worker] DEBUG io.micronaut.context.DefaultBeanContext -- Searching for @Primary for type [traversableResolver] from candidates: [Definition: io.micronaut.validation.validator.resolver.CompositeTraversableResolver, Definition: io.micronaut.configuration.hibernate.jpa.validation.JPATraversableResolver] 
    22:57:47.099 [Test worker] DEBUG io.micronaut.context.DefaultBeanContext -- Found concrete candidate [Definition: io.micronaut.validation.validator.resolver.CompositeTraversableResolver] for type: traversableResolver 
    22:57:47.099 [Test worker] DEBUG io.micronaut.context.DefaultBeanContext -- Resolving beans for type: jakarta.validation.TraversableResolver
    22:57:47.099 [Test worker] DEBUG io.micronaut.context.DefaultBeanContext -- Finding candidate beans for type: TraversableResolver E
    22:57:47.099 [Test worker] DEBUG io.micronaut.context.DefaultBeanContext --   class io.micronaut.validation.validator.resolver.CompositeTraversableResolver null Definition: io.micronaut.validation.validator.resolver.CompositeTraversableResolver
    22:57:47.099 [Test worker] DEBUG io.micronaut.context.DefaultBeanContext --   class io.micronaut.configuration.hibernate.jpa.validation.JPATraversableResolver null Definition: io.micronaut.configuration.hibernate.jpa.validation.JPATraversableResolver
    22:57:47.099 [Test worker] DEBUG io.micronaut.context.lifecycle -- Created bean [io.micronaut.configuration.hibernate.jpa.validation.JPATraversableResolver@3e09067] from definition [Definition: io.micronaut.configuration.hibernate.jpa.validation.JPATraversableResolver] with qualifier [null]
    22:57:47.099 [Test worker] DEBUG io.micronaut.context.DefaultBeanContext -- Found a registration BeanRegistration: io.micronaut.configuration.hibernate.jpa.validation.JPATraversableResolver@3e09067 for candidate: Definition: io.micronaut.configuration.hibernate.jpa.validation.JPATraversableResolver with qualifier: null
    22:57:47.099 [Test worker] DEBUG io.micronaut.context.lifecycle -- Created bean [io.micronaut.validation.validator.resolver.CompositeTraversableResolver@7a7f5c44] from definition [Definition: io.micronaut.validation.validator.resolver.CompositeTraversableResolver] with qualifier [null]
    22:57:47.099 [Test worker] DEBUG io.micronaut.context.DefaultBeanContext -- Finding candidate beans for type: MessageInterpolator messageInterpolator
    22:57:47.099 [Test worker] DEBUG io.micronaut.context.DefaultBeanContext --   class io.micronaut.validation.validator.messages.DefaultMessageInterpolator null Definition: io.micronaut.validation.validator.messages.DefaultMessageInterpolator
    22:57:47.099 [Test worker] DEBUG io.micronaut.context.DefaultBeanContext -- Found concrete candidate [Definition: io.micronaut.validation.validator.messages.DefaultMessageInterpolator] for type: messageInterpolator 
    22:57:47.099 [Test worker] DEBUG io.micronaut.context.DefaultBeanContext -- Finding candidate beans for type: MessageSource messageSource
    22:57:47.099 [Test worker] DEBUG io.micronaut.context.DefaultBeanContext --   class io.micronaut.validation.validator.messages.DefaultMessages null Definition: io.micronaut.validation.validator.messages.DefaultMessages
    22:57:47.099 [Test worker] DEBUG io.micronaut.context.DefaultBeanContext --   class io.micronaut.runtime.context.CompositeMessageSource null Definition: io.micronaut.runtime.context.CompositeMessageSource
    22:57:47.099 [Test worker] DEBUG io.micronaut.context.DefaultBeanContext -- Searching for @Primary for type [messageSource] from candidates: [Definition: io.micronaut.validation.validator.messages.DefaultMessages, Definition: io.micronaut.runtime.context.CompositeMessageSource] 
    22:57:47.099 [Test worker] DEBUG io.micronaut.context.DefaultBeanContext -- Found concrete candidate [Definition: io.micronaut.runtime.context.CompositeMessageSource] for type: messageSource 
    22:57:47.100 [Test worker] DEBUG io.micronaut.context.DefaultBeanContext -- Resolving beans for type: io.micronaut.context.MessageSource
    22:57:47.100 [Test worker] DEBUG io.micronaut.context.DefaultBeanContext -- Finding candidate beans for type: MessageSource E
    22:57:47.100 [Test worker] DEBUG io.micronaut.context.DefaultBeanContext --   class io.micronaut.validation.validator.messages.DefaultMessages null Definition: io.micronaut.validation.validator.messages.DefaultMessages
    22:57:47.100 [Test worker] DEBUG io.micronaut.context.DefaultBeanContext --   class io.micronaut.runtime.context.CompositeMessageSource null Definition: io.micronaut.runtime.context.CompositeMessageSource
    22:57:47.100 [Test worker] DEBUG io.micronaut.core.reflect.ClassUtils -- Attempting to dynamically load class io.micronaut.context.annotation.Prototype
    22:57:47.100 [Test worker] DEBUG io.micronaut.core.reflect.ClassUtils -- Successfully loaded class io.micronaut.context.annotation.Prototype
    22:57:47.100 [Test worker] DEBUG io.micronaut.context.lifecycle -- Created bean [io.micronaut.validation.validator.messages.DefaultMessages@4ab1693b] from definition [Definition: io.micronaut.validation.validator.messages.DefaultMessages] with qualifier [null]
    22:57:47.100 [Test worker] DEBUG io.micronaut.context.DefaultBeanContext -- Found a registration BeanRegistration: io.micronaut.validation.validator.messages.DefaultMessages@4ab1693b for candidate: Definition: io.micronaut.validation.validator.messages.DefaultMessages with qualifier: null
    22:57:47.100 [Test worker] DEBUG io.micronaut.context.DefaultBeanContext -- Found 1 bean registrations for type [E]
    22:57:47.100 [Test worker] DEBUG io.micronaut.context.DefaultBeanContext --   Definition: io.micronaut.validation.validator.messages.DefaultMessages null
    22:57:47.100 [Test worker] DEBUG io.micronaut.context.lifecycle -- Created bean [io.micronaut.runtime.context.CompositeMessageSource@35e0d91e] from definition [Definition: io.micronaut.runtime.context.CompositeMessageSource] with qualifier [null]
    22:57:47.100 [Test worker] DEBUG io.micronaut.context.lifecycle -- Created bean [io.micronaut.validation.validator.messages.DefaultMessageInterpolator@3204146d] from definition [Definition: io.micronaut.validation.validator.messages.DefaultMessageInterpolator] with qualifier [null]
    22:57:47.100 [Test worker] DEBUG io.micronaut.context.lifecycle -- Created bean [io.micronaut.validation.validator.DefaultValidatorConfiguration@3299e315] from definition [Definition: io.micronaut.validation.validator.DefaultValidatorConfiguration] with qualifier [null]
    22:57:47.100 [Test worker] DEBUG io.micronaut.context.lifecycle -- Created bean [io.micronaut.validation.validator.DefaultValidator@7320bccc] from definition [Definition: io.micronaut.validation.validator.DefaultValidator] with qualifier [null]
    22:57:47.100 [Test worker] DEBUG io.micronaut.context.lifecycle -- Created bean [io.micronaut.validation.validator.DefaultValidatorFactory@403ba39f] from definition [Definition: io.micronaut.validation.validator.DefaultValidatorFactory] with qualifier [null]
    22:57:47.100 [Test worker] DEBUG io.micronaut.context.lifecycle -- Created bean [io.micronaut.configuration.hibernate.jpa.conf.sessionfactory.configure.internal.ValidatorFactoryConfigurer@520e6089] from definition [Definition: io.micronaut.configuration.hibernate.jpa.conf.sessionfactory.configure.internal.ValidatorFactoryConfigurer] with qualifier [null]
    22:57:47.100 [Test worker] DEBUG io.micronaut.context.DefaultBeanContext -- Found a registration BeanRegistration: io.micronaut.configuration.hibernate.jpa.conf.sessionfactory.configure.internal.ValidatorFactoryConfigurer@520e6089 for candidate: Definition: io.micronaut.configuration.hibernate.jpa.conf.sessionfactory.configure.internal.ValidatorFactoryConfigurer with qualifier: null
    22:57:47.100 [Test worker] DEBUG io.micronaut.context.DefaultBeanContext -- Found 1 bean registrations for type [E]
    22:57:47.100 [Test worker] DEBUG io.micronaut.context.DefaultBeanContext --   Definition: io.micronaut.configuration.hibernate.jpa.conf.sessionfactory.configure.internal.ValidatorFactoryConfigurer null
    22:57:47.100 [Test worker] DEBUG io.micronaut.context.DefaultBeanContext -- Finding candidate beans for type: StandardServiceRegistryBuilderCreator serviceRegistryBuilderSupplier
    22:57:47.100 [Test worker] DEBUG io.micronaut.context.DefaultBeanContext -- Finding candidate beans for type: StandardServiceRegistryBuilderCreator
    22:57:47.100 [Test worker] DEBUG io.micronaut.context.DefaultBeanContext -- No bean candidates found for type: StandardServiceRegistryBuilderCreator
    22:57:47.100 [Test worker] DEBUG io.micronaut.context.DefaultBeanContext --   class io.micronaut.configuration.hibernate.jpa.conf.serviceregistry.builder.supplier.internal.DefaultStandardServiceRegistryBuilderCreatorCreator null Definition: io.micronaut.configuration.hibernate.jpa.conf.serviceregistry.builder.supplier.internal.DefaultStandardServiceRegistryBuilderCreatorCreator
    22:57:47.100 [Test worker] DEBUG io.micronaut.context.DefaultBeanContext -- Found concrete candidate [Definition: io.micronaut.configuration.hibernate.jpa.conf.serviceregistry.builder.supplier.internal.DefaultStandardServiceRegistryBuilderCreatorCreator] for type: serviceRegistryBuilderSupplier 
    22:57:47.100 [Test worker] DEBUG io.micronaut.core.reflect.ClassUtils -- Attempting to dynamically load class io.micronaut.context.annotation.Prototype
    22:57:47.100 [Test worker] DEBUG io.micronaut.core.reflect.ClassUtils -- Successfully loaded class io.micronaut.context.annotation.Prototype
    22:57:47.100 [Test worker] DEBUG io.micronaut.context.DefaultBeanContext -- Finding candidate beans for type: Integrator integrator
    22:57:47.101 [Test worker] DEBUG io.micronaut.context.DefaultBeanContext --   class io.micronaut.data.hibernate.event.EventIntegrator null Definition: io.micronaut.data.hibernate.event.EventIntegrator
    22:57:47.101 [Test worker] DEBUG io.micronaut.context.DefaultBeanContext -- Found concrete candidate [Definition: io.micronaut.data.hibernate.event.EventIntegrator] for type: integrator 
    22:57:47.101 [Test worker] DEBUG io.micronaut.context.DefaultBeanContext -- Finding candidate beans for type: RuntimeEntityRegistry entityRegistry
    22:57:47.101 [Test worker] DEBUG io.micronaut.context.DefaultBeanContext --   class io.micronaut.data.runtime.support.DefaultRuntimeEntityRegistry null Definition: io.micronaut.data.runtime.support.DefaultRuntimeEntityRegistry
    22:57:47.101 [Test worker] DEBUG io.micronaut.context.DefaultBeanContext -- Found concrete candidate [Definition: io.micronaut.data.runtime.support.DefaultRuntimeEntityRegistry] for type: entityRegistry 
    22:57:47.101 [Test worker] DEBUG io.micronaut.context.DefaultBeanContext -- Finding candidate beans for type: EntityEventRegistry eventRegistry
    22:57:47.101 [Test worker] DEBUG io.micronaut.context.DefaultBeanContext --   class io.micronaut.data.runtime.event.EntityEventRegistry null Definition: io.micronaut.data.runtime.event.EntityEventRegistry
    22:57:47.101 [Test worker] DEBUG io.micronaut.context.DefaultBeanContext -- Found concrete candidate [Definition: io.micronaut.data.runtime.event.EntityEventRegistry] for type: eventRegistry 
    22:57:47.101 [Test worker] DEBUG io.micronaut.context.DefaultBeanContext -- Finding candidate beans for type: EntityEventListener
    22:57:47.101 [Test worker] DEBUG io.micronaut.context.DefaultBeanContext --   class io.micronaut.data.runtime.event.listeners.UUIDGeneratingEntityEventListener null Definition: io.micronaut.data.runtime.event.listeners.UUIDGeneratingEntityEventListener
    22:57:47.101 [Test worker] DEBUG io.micronaut.context.DefaultBeanContext --   class io.micronaut.data.runtime.event.listeners.AnnotatedMethodInvokingEntityEventListener null Definition: io.micronaut.data.runtime.event.listeners.AnnotatedMethodInvokingEntityEventListener
    22:57:47.101 [Test worker] DEBUG io.micronaut.context.DefaultBeanContext --   class io.micronaut.data.runtime.event.EntityEventRegistry null Definition: io.micronaut.data.runtime.event.EntityEventRegistry
    22:57:47.102 [Test worker] DEBUG io.micronaut.context.DefaultBeanContext --   class io.micronaut.data.runtime.event.listeners.VersionGeneratingEntityEventListener null Definition: io.micronaut.data.runtime.event.listeners.VersionGeneratingEntityEventListener
    22:57:47.102 [Test worker] DEBUG io.micronaut.context.DefaultBeanContext --   class io.micronaut.data.runtime.event.listeners.AutoTimestampEntityEventListener null Definition: io.micronaut.data.runtime.event.listeners.AutoTimestampEntityEventListener
    22:57:47.102 [Test worker] DEBUG io.micronaut.context.DefaultBeanContext -- Finding candidate beans for qualifier: @EntityEventMapping
    22:57:47.102 [Test worker] DEBUG io.micronaut.context.condition.Condition -- Bean [io.micronaut.jackson.kotlin.$KotlinModuleFactory$KotlinModuleFactory0$Definition] will not be loaded due to failing conditions:
    22:57:47.102 [Test worker] DEBUG io.micronaut.context.condition.Condition -- * Required property [jackson.module-scan] with value [false] not present
    22:57:47.102 [Test worker] DEBUG io.micronaut.context.condition.Condition -- Bean [io.micronaut.configuration.hibernate.jpa.conf.settings.internal.$JCacheManagerSettingSupplier$Definition] will not be loaded due to failing conditions:
    22:57:47.102 [Test worker] DEBUG io.micronaut.context.condition.Condition -- * Class [org.hibernate.cache.jcache.ConfigSettings] is not present
    22:57:47.102 [Test worker] DEBUG io.micronaut.context.condition.Condition -- Bean [io.micronaut.data.runtime.support.convert.convert.jpa.$JxAttributeConverterProvider$Definition] will not be loaded due to failing conditions:
    22:57:47.102 [Test worker] DEBUG io.micronaut.context.condition.Condition -- * Class [javax.persistence.AttributeConverter] is not present
    22:57:47.102 [Test worker] DEBUG io.micronaut.context.condition.Condition -- Bean [io.micronaut.data.runtime.multitenancy.internal.$DefaultTenantResolver$Definition] will not be loaded due to failing conditions:
    22:57:47.102 [Test worker] DEBUG io.micronaut.context.condition.Condition -- * Class [io.micronaut.multitenancy.tenantresolver.TenantResolver] is not present
    22:57:47.102 [Test worker] DEBUG io.micronaut.context.condition.Condition -- Bean [io.micronaut.test.support.server.$TestEmbeddedServer$Definition] will not be loaded due to failing conditions:
    22:57:47.102 [Test worker] DEBUG io.micronaut.context.condition.Condition -- * Required property [micronaut.test.server.url] with value [null] not present
    22:57:47.102 [Test worker] DEBUG io.micronaut.context.condition.Condition -- Bean [io.micronaut.test.support.sql.$ConnectionFactoryHandler$Definition] will not be loaded due to failing conditions:
    22:57:47.102 [Test worker] DEBUG io.micronaut.context.condition.Condition -- * Class [io.r2dbc.spi.ConnectionFactory] is not present
    22:57:47.102 [Test worker] DEBUG io.micronaut.context.condition.Condition -- Bean [io.micronaut.test.support.server.$TestExecutableEmbeddedServer$Definition] will not be loaded due to failing conditions:
    22:57:47.102 [Test worker] DEBUG io.micronaut.context.condition.Condition -- * Required property [micronaut.test.server.executable] with value [null] not present
    22:57:47.102 [Test worker] DEBUG io.micronaut.context.condition.Condition -- Bean [io.micronaut.transaction.kotlin.$DefaultCoroutineTransactionOperations$Definition] will not be loaded due to failing conditions:
    22:57:47.103 [Test worker] DEBUG io.micronaut.context.condition.Condition -- * Class [kotlinx.coroutines.reactor.ReactorContext] is not present
    22:57:47.103 [Test worker] DEBUG io.micronaut.context.condition.Condition -- Bean [io.micronaut.data.connection.kotlin.$DefaultCoroutineConnectionOperations$Definition] will not be loaded due to failing conditions:
    22:57:47.103 [Test worker] DEBUG io.micronaut.context.condition.Condition -- * Class [kotlinx.coroutines.reactor.ReactorContext] is not present
    22:57:47.103 [Test worker] DEBUG io.micronaut.context.condition.Condition -- Bean [io.micronaut.management.health.indicator.client.$ServiceHttpClientHealthIndicator$Definition] will not be loaded due to failing conditions:
    22:57:47.103 [Test worker] DEBUG io.micronaut.context.condition.Condition -- * Property [endpoints.health.service-http-client.enabled] with value [false] should not equal: false
    22:57:47.103 [Test worker] DEBUG io.micronaut.context.condition.Condition -- Bean [io.micronaut.management.endpoint.loggers.impl.$Log4jLoggingSystem$Definition] will not be loaded due to failing conditions:
    22:57:47.103 [Test worker] DEBUG io.micronaut.context.condition.Condition -- * Class [org.apache.logging.log4j.core.LoggerContext] is not present
    22:57:47.103 [Test worker] DEBUG io.micronaut.context.condition.Condition -- Bean [io.micronaut.discovery.cloud.digitalocean.$DigitalOceanMetadataResolver$Definition] will not be loaded due to failing conditions:
    22:57:47.103 [Test worker] DEBUG io.micronaut.context.condition.Condition -- * None of the required environments [digitalocean] are active: [test]
    22:57:47.103 [Test worker] DEBUG io.micronaut.context.condition.Condition -- Bean [io.micronaut.discovery.cloud.digitalocean.$DigitalOceanMetadataConfiguration$Definition] will not be loaded due to failing conditions:
    22:57:47.103 [Test worker] DEBUG io.micronaut.context.condition.Condition -- * None of the required environments [digitalocean] are active: [test]
    22:57:47.104 [Test worker] DEBUG io.micronaut.context.condition.Condition -- Bean [io.micronaut.http.server.netty.jackson.$JsonViewServerFilter$Definition] will not be loaded due to failing conditions:
    22:57:47.104 [Test worker] DEBUG io.micronaut.context.condition.Condition -- * Required property [jackson.json-view.enabled] with value [null] not present
    22:57:47.104 [Test worker] DEBUG io.micronaut.context.condition.Condition -- Bean [io.micronaut.http.server.netty.jackson.$JsonViewMediaTypeCodecFactory$Definition] will not be loaded due to failing conditions:
    22:57:47.104 [Test worker] DEBUG io.micronaut.context.condition.Condition -- * Required property [jackson.json-view.enabled] with value [null] not present
    22:57:47.104 [Test worker] DEBUG io.micronaut.context.condition.Condition -- Bean [io.micronaut.http.netty.channel.converters.$EpollChannelOptionFactory$Definition] will not be loaded due to failing conditions:
    22:57:47.104 [Test worker] DEBUG io.micronaut.context.condition.Condition -- * Class [io.netty.channel.epoll.Epoll] is not present
    22:57:47.104 [Test worker] DEBUG io.micronaut.context.condition.Condition -- Bean [io.micronaut.http.netty.channel.$KQueueEventLoopGroupFactory$Definition] will not be loaded due to failing conditions:
    22:57:47.104 [Test worker] DEBUG io.micronaut.context.condition.Condition -- * Class [io.netty.channel.kqueue.KQueue] is not present
    22:57:47.104 [Test worker] DEBUG io.micronaut.context.condition.Condition -- Bean [io.micronaut.http.netty.channel.$IoUringEventLoopGroupFactory$Definition] will not be loaded due to failing conditions:
    22:57:47.104 [Test worker] DEBUG io.micronaut.context.condition.Condition -- * Class [io.netty.incubator.channel.uring.IOUring] is not present
    22:57:47.104 [Test worker] DEBUG io.micronaut.context.condition.Condition -- Bean [io.micronaut.http.netty.channel.$EpollEventLoopGroupFactory$Definition] will not be loaded due to failing conditions:
    22:57:47.104 [Test worker] DEBUG io.micronaut.context.condition.Condition -- * Class [io.netty.channel.epoll.Epoll] is not present
    22:57:47.104 [Test worker] DEBUG io.micronaut.context.condition.Condition -- Bean [io.micronaut.http.server.util.locale.$HttpFixedLocaleResolver$Definition] will not be loaded due to failing conditions:
    22:57:47.104 [Test worker] DEBUG io.micronaut.context.condition.Condition -- * Required property [micronaut.server.locale-resolution.fixed] with value [null] not present
    22:57:47.104 [Test worker] DEBUG io.micronaut.context.condition.Condition -- Bean [io.micronaut.http.server.$OptionsFilter$Definition] will not be loaded due to failing conditions:
    22:57:47.104 [Test worker] DEBUG io.micronaut.context.condition.Condition -- * Property [micronaut.server.dispatch-options-requests] with value [false] does not equal required value: true
    22:57:47.104 [Test worker] DEBUG io.micronaut.context.condition.Condition -- Bean [io.micronaut.http.server.util.locale.$CookieLocaleResolver$Definition] will not be loaded due to failing conditions:
    22:57:47.104 [Test worker] DEBUG io.micronaut.context.condition.Condition -- * Required property [micronaut.server.locale-resolution.cookie-name] with value [null] not present
    22:57:47.104 [Test worker] DEBUG io.micronaut.context.condition.Condition -- Bean [io.micronaut.web.router.version.$ConfigurationDefaultVersionProvider$Definition] will not be loaded due to failing conditions:
    22:57:47.104 [Test worker] DEBUG io.micronaut.context.condition.Condition -- * Required property [micronaut.router.versioning.default-version] with value [null] not present
    22:57:47.105 [Test worker] DEBUG io.micronaut.context.condition.Condition -- Bean [io.micronaut.web.router.version.resolution.$HeaderVersionResolverConfiguration$Definition] will not be loaded due to failing conditions:
    22:57:47.105 [Test worker] DEBUG io.micronaut.context.condition.Condition -- * Required property [micronaut.router.versioning.header.enabled] with value [true] not present
    22:57:47.105 [Test worker] DEBUG io.micronaut.context.condition.Condition -- Bean [io.micronaut.web.router.version.$RoutesVersioningConfiguration$Definition] will not be loaded due to failing conditions:
    22:57:47.105 [Test worker] DEBUG io.micronaut.context.condition.Condition -- * Required property [micronaut.router.versioning.enabled] with value [true] not present
    22:57:47.105 [Test worker] DEBUG io.micronaut.context.condition.Condition -- Bean [io.micronaut.web.router.naming.$ConfigurableUriNamingStrategy$Definition] will not be loaded due to failing conditions:
    22:57:47.105 [Test worker] DEBUG io.micronaut.context.condition.Condition -- * Required property [micronaut.server.context-path] with value [null] not present
    22:57:47.105 [Test worker] DEBUG io.micronaut.context.condition.Condition -- Bean [io.micronaut.web.router.version.resolution.$ParameterVersionResolverConfiguration$Definition] will not be loaded due to failing conditions:
    22:57:47.105 [Test worker] DEBUG io.micronaut.context.condition.Condition -- * Required property [micronaut.router.versioning.parameter.enabled] with value [true] not present
    22:57:47.105 [Test worker] DEBUG io.micronaut.context.condition.Condition -- Bean [io.micronaut.http.ssl.$ServerSslConfiguration$DefaultKeyStoreConfiguration$Definition] will not be loaded due to failing conditions:
    22:57:47.105 [Test worker] DEBUG io.micronaut.context.condition.Condition -- * Required property [micronaut.server.ssl.key-store] with value [null] not present
    22:57:47.105 [Test worker] DEBUG io.micronaut.context.condition.Condition -- Bean [io.micronaut.http.body.$ConversionTextPlainHandler$Definition] will not be loaded due to failing conditions:
    22:57:47.105 [Test worker] DEBUG io.micronaut.context.condition.Condition -- * Required property [micronaut.http.legacy-text-conversion] with value [true] not present
    22:57:47.105 [Test worker] DEBUG io.micronaut.context.condition.Condition -- Bean [io.micronaut.http.ssl.$ServerSslConfiguration$DefaultKeyConfiguration$Definition] will not be loaded due to failing conditions:
    22:57:47.105 [Test worker] DEBUG io.micronaut.context.condition.Condition -- * Required property [micronaut.server.ssl.key] with value [null] not present
    22:57:47.105 [Test worker] DEBUG io.micronaut.context.condition.Condition -- Bean [io.micronaut.http.ssl.$ClientSslConfiguration$DefaultTrustStoreConfiguration$Definition] will not be loaded due to failing conditions:
    22:57:47.105 [Test worker] DEBUG io.micronaut.context.condition.Condition -- * Required property [micronaut.http.client.ssl.trust-store] with value [null] not present
    22:57:47.105 [Test worker] DEBUG io.micronaut.context.condition.Condition -- Bean [io.micronaut.http.ssl.$ServerSslConfiguration$DefaultTrustStoreConfiguration$Definition] will not be loaded due to failing conditions:
    22:57:47.105 [Test worker] DEBUG io.micronaut.context.condition.Condition -- * Required property [micronaut.server.ssl.trust-store] with value [null] not present
    22:57:47.105 [Test worker] DEBUG io.micronaut.context.condition.Condition -- Bean [io.micronaut.http.ssl.$ClientSslConfiguration$DefaultKeyConfiguration$Definition] will not be loaded due to failing conditions:
    22:57:47.105 [Test worker] DEBUG io.micronaut.context.condition.Condition -- * Required property [micronaut.http.client.ssl.key] with value [null] not present
    22:57:47.105 [Test worker] DEBUG io.micronaut.context.condition.Condition -- Bean [io.micronaut.http.ssl.$ClientSslConfiguration$DefaultKeyStoreConfiguration$Definition] will not be loaded due to failing conditions:
    22:57:47.105 [Test worker] DEBUG io.micronaut.context.condition.Condition -- * Required property [micronaut.http.client.ssl.key-store] with value [null] not present
    22:57:47.105 [Test worker] DEBUG io.micronaut.core.reflect.ClassUtils -- Attempting to dynamically load class io.methvin.watchservice.MacOSXListeningWatchService
    22:57:47.105 [Test worker] DEBUG io.micronaut.core.reflect.ClassUtils -- Class io.methvin.watchservice.MacOSXListeningWatchService is not present
    22:57:47.105 [Test worker] DEBUG io.micronaut.context.condition.Condition -- Bean [io.micronaut.runtime.server.watch.event.$FileWatchRestartListener$Definition] will not be loaded due to failing conditions:
    22:57:47.105 [Test worker] DEBUG io.micronaut.context.condition.Condition -- * Property [micronaut.io.watch.restart] with value [false] does not equal required value: true
    22:57:47.106 [Test worker] DEBUG io.micronaut.core.reflect.ClassUtils -- Attempting to dynamically load class io.methvin.watchservice.MacOSXListeningWatchService
    22:57:47.106 [Test worker] DEBUG io.micronaut.core.reflect.ClassUtils -- Class io.methvin.watchservice.MacOSXListeningWatchService is not present
    22:57:47.106 [Test worker] DEBUG io.micronaut.context.condition.Condition -- Bean [io.micronaut.scheduling.io.watch.$WatchServiceFactory$WatchService0$Definition] will not be loaded due to failing conditions:
    22:57:47.106 [Test worker] DEBUG io.micronaut.context.condition.Condition -- * Required property [micronaut.io.watch.paths] with value [null] not present
    22:57:47.106 [Test worker] DEBUG io.micronaut.context.condition.Condition -- Bean [io.micronaut.scheduling.io.watch.$DefaultWatchThread$Definition] will not be loaded due to failing conditions:
    22:57:47.106 [Test worker] DEBUG io.micronaut.context.condition.Condition -- * Required property [micronaut.io.watch.paths] with value [null] not present
    22:57:47.106 [Test worker] DEBUG io.micronaut.context.condition.Condition -- Bean [io.micronaut.scheduling.io.watch.$FileWatchConfiguration$Definition] will not be loaded due to failing conditions:
    22:57:47.106 [Test worker] DEBUG io.micronaut.context.condition.Condition -- * Required property [micronaut.io.watch.paths] with value [null] not present
    22:57:47.106 [Test worker] DEBUG io.micronaut.context.condition.Condition -- Bean [io.micronaut.logging.impl.$Log4jLoggingSystem$Definition] will not be loaded due to failing conditions:
    22:57:47.106 [Test worker] DEBUG io.micronaut.context.condition.Condition -- * Class [org.apache.logging.log4j.core.config.Configurator] is not present
    22:57:47.106 [Test worker] DEBUG io.micronaut.context.lifecycle -- Created bean [io.micronaut.data.runtime.event.EntityEventRegistry@2ff2a096] from definition [Definition: io.micronaut.data.runtime.event.EntityEventRegistry] with qualifier [null]
    22:57:47.106 [Test worker] DEBUG io.micronaut.context.DefaultBeanContext -- Resolving beans for type: io.micronaut.data.model.runtime.PropertyAutoPopulator<java.lang.annotation.Annotation>
    22:57:47.106 [Test worker] DEBUG io.micronaut.context.DefaultBeanContext -- Finding candidate beans for type: PropertyAutoPopulator T
    22:57:47.106 [Test worker] DEBUG io.micronaut.context.DefaultBeanContext --   class io.micronaut.data.runtime.event.listeners.VersionGeneratingEntityEventListener null Definition: io.micronaut.data.runtime.event.listeners.VersionGeneratingEntityEventListener
    22:57:47.106 [Test worker] DEBUG io.micronaut.context.DefaultBeanContext --   class io.micronaut.data.runtime.event.listeners.AutoTimestampEntityEventListener null Definition: io.micronaut.data.runtime.event.listeners.AutoTimestampEntityEventListener
    22:57:47.106 [Test worker] DEBUG io.micronaut.context.DefaultBeanContext -- Finding candidate beans for type: DateTimeProvider dateTimeProvider
    22:57:47.107 [Test worker] DEBUG io.micronaut.context.DefaultBeanContext --   class io.micronaut.data.runtime.date.CurrentDateTimeProvider null Definition: io.micronaut.data.runtime.date.CurrentDateTimeProvider
    22:57:47.107 [Test worker] DEBUG io.micronaut.context.DefaultBeanContext -- Found concrete candidate [Definition: io.micronaut.data.runtime.date.CurrentDateTimeProvider] for type: dateTimeProvider 
    22:57:47.107 [Test worker] DEBUG io.micronaut.context.lifecycle -- Created bean [io.micronaut.data.runtime.date.CurrentDateTimeProvider@59c2bf78] from definition [Definition: io.micronaut.data.runtime.date.CurrentDateTimeProvider] with qualifier [null]
    22:57:47.107 [Test worker] DEBUG io.micronaut.context.DefaultBeanContext -- Finding candidate beans for type: DataConversionService conversionService
    22:57:47.107 [Test worker] DEBUG io.micronaut.context.DefaultBeanContext --   class io.micronaut.data.runtime.convert.DataConversionServiceImpl null Definition: io.micronaut.data.runtime.convert.DataConversionServiceFactory
    22:57:47.107 [Test worker] DEBUG io.micronaut.context.DefaultBeanContext -- Found concrete candidate [Definition: io.micronaut.data.runtime.convert.DataConversionServiceFactory] for type: conversionService 
    22:57:47.107 [Test worker] DEBUG io.micronaut.context.DefaultBeanContext -- Finding candidate beans for type: DataConversionServiceFactory
    22:57:47.108 [Test worker] DEBUG io.micronaut.context.DefaultBeanContext --   class io.micronaut.data.runtime.convert.DataConversionServiceFactory null Definition: io.micronaut.data.runtime.convert.DataConversionServiceFactory
    22:57:47.108 [Test worker] DEBUG io.micronaut.context.DefaultBeanContext -- Found concrete candidate [Definition: io.micronaut.data.runtime.convert.DataConversionServiceFactory] for type: dataConversionServiceFactory 
    22:57:47.108 [Test worker] DEBUG io.micronaut.context.lifecycle -- Created bean [io.micronaut.data.runtime.convert.DataConversionServiceFactory@44f8d884] from definition [Definition: io.micronaut.data.runtime.convert.DataConversionServiceFactory] with qualifier [null]
    22:57:47.109 [Test worker] DEBUG io.micronaut.context.DefaultBeanContext -- Resolving beans for type: io.micronaut.data.runtime.convert.DataTypeConverter
    22:57:47.109 [Test worker] DEBUG io.micronaut.context.DefaultBeanContext -- Finding candidate beans for type: DataTypeConverter
    22:57:47.109 [Test worker] DEBUG io.micronaut.context.DefaultBeanContext -- No bean candidates found for type: DataTypeConverter
    22:57:47.109 [Test worker] DEBUG io.micronaut.context.DefaultBeanContext -- Resolving beans for type: io.micronaut.core.convert.TypeConverterRegistrar
    22:57:47.110 [Test worker] DEBUG io.micronaut.core.reflect.ClassUtils -- Attempting to dynamically load class io.micronaut.context.annotation.Prototype
    22:57:47.110 [Test worker] DEBUG io.micronaut.core.reflect.ClassUtils -- Successfully loaded class io.micronaut.context.annotation.Prototype
    22:57:47.110 [Test worker] DEBUG io.micronaut.context.lifecycle -- Created bean [io.micronaut.inject.provider.BeanProviderDefinition$1@61bfd7da] from definition [io.micronaut.inject.provider.BeanProviderDefinition@58df6bef] with qualifier [null]
    22:57:47.110 [Test worker] DEBUG io.micronaut.context.lifecycle -- Created bean [io.micronaut.http.converters.HttpConverterRegistrar@6179af64] from definition [Definition: io.micronaut.http.converters.HttpConverterRegistrar] with qualifier [null]
    22:57:47.110 [Test worker] DEBUG io.micronaut.context.DefaultBeanContext -- Found a registration BeanRegistration: io.micronaut.http.converters.HttpConverterRegistrar@6179af64 for candidate: Definition: io.micronaut.http.converters.HttpConverterRegistrar with qualifier: null
    22:57:47.110 [Test worker] DEBUG io.micronaut.core.reflect.ClassUtils -- Attempting to dynamically load class io.micronaut.context.annotation.Prototype
    22:57:47.110 [Test worker] DEBUG io.micronaut.core.reflect.ClassUtils -- Successfully loaded class io.micronaut.context.annotation.Prototype
    22:57:47.110 [Test worker] DEBUG io.micronaut.context.lifecycle -- Created bean [io.micronaut.inject.provider.BeanProviderDefinition$1@193f5509] from definition [io.micronaut.inject.provider.BeanProviderDefinition@58df6bef] with qualifier [null]
    22:57:47.110 [Test worker] DEBUG io.micronaut.context.lifecycle -- Created bean [io.micronaut.jackson.databind.convert.JacksonConverterRegistrar@475a8415] from definition [Definition: io.micronaut.jackson.databind.convert.JacksonConverterRegistrar] with qualifier [null]
    22:57:47.110 [Test worker] DEBUG io.micronaut.context.DefaultBeanContext -- Found a registration BeanRegistration: io.micronaut.jackson.databind.convert.JacksonConverterRegistrar@475a8415 for candidate: Definition: io.micronaut.jackson.databind.convert.JacksonConverterRegistrar with qualifier: null
    22:57:47.110 [Test worker] DEBUG io.micronaut.core.reflect.ClassUtils -- Attempting to dynamically load class io.micronaut.context.annotation.Prototype
    22:57:47.110 [Test worker] DEBUG io.micronaut.core.reflect.ClassUtils -- Successfully loaded class io.micronaut.context.annotation.Prototype
    22:57:47.110 [Test worker] DEBUG io.micronaut.context.lifecycle -- Created bean [io.micronaut.kotlin.converters.FlowReactorConverterRegistrar@58c48a23] from definition [Definition: io.micronaut.kotlin.converters.FlowReactorConverterRegistrar] with qualifier [null]
    22:57:47.110 [Test worker] DEBUG io.micronaut.context.DefaultBeanContext -- Found a registration BeanRegistration: io.micronaut.kotlin.converters.FlowReactorConverterRegistrar@58c48a23 for candidate: Definition: io.micronaut.kotlin.converters.FlowReactorConverterRegistrar with qualifier: null
    22:57:47.110 [Test worker] DEBUG io.micronaut.core.reflect.ClassUtils -- Attempting to dynamically load class io.micronaut.context.annotation.Prototype
    22:57:47.110 [Test worker] DEBUG io.micronaut.core.reflect.ClassUtils -- Successfully loaded class io.micronaut.context.annotation.Prototype
    22:57:47.110 [Test worker] DEBUG io.micronaut.context.lifecycle -- Created bean [io.micronaut.inject.provider.BeanProviderDefinition$1@74ea1cd0] from definition [io.micronaut.inject.provider.BeanProviderDefinition@58df6bef] with qualifier [null]
    22:57:47.110 [Test worker] DEBUG io.micronaut.context.lifecycle -- Created bean [io.micronaut.inject.provider.BeanProviderDefinition$1@179e8859] from definition [io.micronaut.inject.provider.BeanProviderDefinition@58df6bef] with qualifier [null]
    22:57:47.110 [Test worker] DEBUG io.micronaut.context.lifecycle -- Created bean [io.micronaut.http.server.netty.converters.NettyConverters@477dc93] from definition [Definition: io.micronaut.http.server.netty.converters.NettyConverters] with qualifier [null]
    22:57:47.110 [Test worker] DEBUG io.micronaut.context.DefaultBeanContext -- Found a registration BeanRegistration: io.micronaut.http.server.netty.converters.NettyConverters@477dc93 for candidate: Definition: io.micronaut.http.server.netty.converters.NettyConverters with qualifier: null
    22:57:47.110 [Test worker] DEBUG io.micronaut.core.reflect.ClassUtils -- Attempting to dynamically load class io.micronaut.context.annotation.Prototype
    22:57:47.110 [Test worker] DEBUG io.micronaut.core.reflect.ClassUtils -- Successfully loaded class io.micronaut.context.annotation.Prototype
    22:57:47.110 [Test worker] DEBUG io.micronaut.context.lifecycle -- Created bean [io.micronaut.kotlin.converters.FlowPublisherConverterRegistrar@781ecbac] from definition [Definition: io.micronaut.kotlin.converters.FlowPublisherConverterRegistrar] with qualifier [null]
    22:57:47.110 [Test worker] DEBUG io.micronaut.context.DefaultBeanContext -- Found a registration BeanRegistration: io.micronaut.kotlin.converters.FlowPublisherConverterRegistrar@781ecbac for candidate: Definition: io.micronaut.kotlin.converters.FlowPublisherConverterRegistrar with qualifier: null
    22:57:47.110 [Test worker] DEBUG io.micronaut.core.reflect.ClassUtils -- Attempting to dynamically load class io.micronaut.context.annotation.Prototype
    22:57:47.110 [Test worker] DEBUG io.micronaut.core.reflect.ClassUtils -- Successfully loaded class io.micronaut.context.annotation.Prototype
    22:57:47.110 [Test worker] DEBUG io.micronaut.context.lifecycle -- Created bean [io.micronaut.inject.provider.BeanProviderDefinition$1@5cb654e3] from definition [io.micronaut.inject.provider.BeanProviderDefinition@58df6bef] with qualifier [null]
    22:57:47.110 [Test worker] DEBUG io.micronaut.context.lifecycle -- Created bean [io.micronaut.inject.provider.BeanProviderDefinition$1@3f89d36c] from definition [io.micronaut.inject.provider.BeanProviderDefinition@58df6bef] with qualifier [null]
    22:57:47.110 [Test worker] DEBUG io.micronaut.context.lifecycle -- Created bean [io.micronaut.json.convert.JsonConverterRegistrar@520034a] from definition [Definition: io.micronaut.json.convert.JsonConverterRegistrar] with qualifier [null]
    22:57:47.110 [Test worker] DEBUG io.micronaut.context.DefaultBeanContext -- Found a registration BeanRegistration: io.micronaut.json.convert.JsonConverterRegistrar@520034a for candidate: Definition: io.micronaut.json.convert.JsonConverterRegistrar with qualifier: null
    22:57:47.110 [Test worker] DEBUG io.micronaut.context.DefaultBeanContext -- Found a registration BeanRegistration: io.micronaut.buffer.netty.NettyByteBufferFactory@63541960 for candidate: Definition: io.micronaut.buffer.netty.NettyByteBufferFactory with qualifier: null
    22:57:47.110 [Test worker] DEBUG io.micronaut.context.DefaultBeanContext -- Found 7 bean registrations for type [typeConverterRegistrar]
    22:57:47.110 [Test worker] DEBUG io.micronaut.context.DefaultBeanContext --   Definition: io.micronaut.kotlin.converters.FlowPublisherConverterRegistrar null
    22:57:47.110 [Test worker] DEBUG io.micronaut.context.DefaultBeanContext --   Definition: io.micronaut.kotlin.converters.FlowReactorConverterRegistrar null
    22:57:47.110 [Test worker] DEBUG io.micronaut.context.DefaultBeanContext --   Definition: io.micronaut.json.convert.JsonConverterRegistrar null
    22:57:47.110 [Test worker] DEBUG io.micronaut.context.DefaultBeanContext --   Definition: io.micronaut.http.server.netty.converters.NettyConverters null
    22:57:47.110 [Test worker] DEBUG io.micronaut.context.DefaultBeanContext --   Definition: io.micronaut.buffer.netty.NettyByteBufferFactory null
    22:57:47.110 [Test worker] DEBUG io.micronaut.context.DefaultBeanContext --   Definition: io.micronaut.jackson.databind.convert.JacksonConverterRegistrar null
    22:57:47.110 [Test worker] DEBUG io.micronaut.context.DefaultBeanContext --   Definition: io.micronaut.http.converters.HttpConverterRegistrar null
    22:57:47.111 [Test worker] DEBUG io.micronaut.context.lifecycle -- Created bean [io.micronaut.data.runtime.convert.DataConversionServiceImpl@bedebe9] from definition [Definition: io.micronaut.data.runtime.convert.DataConversionServiceFactory] with qualifier [null]
    22:57:47.111 [Test worker] DEBUG io.micronaut.context.lifecycle -- Created bean [io.micronaut.data.runtime.event.listeners.VersionGeneratingEntityEventListener@6592a73b] from definition [Definition: io.micronaut.data.runtime.event.listeners.VersionGeneratingEntityEventListener] with qualifier [null]
    22:57:47.111 [Test worker] DEBUG io.micronaut.context.DefaultBeanContext -- Found a registration BeanRegistration: io.micronaut.data.runtime.event.listeners.VersionGeneratingEntityEventListener@6592a73b for candidate: Definition: io.micronaut.data.runtime.event.listeners.VersionGeneratingEntityEventListener with qualifier: null
    22:57:47.111 [Test worker] DEBUG io.micronaut.context.lifecycle -- Created bean [io.micronaut.data.runtime.event.listeners.AutoTimestampEntityEventListener@14f11a56] from definition [Definition: io.micronaut.data.runtime.event.listeners.AutoTimestampEntityEventListener] with qualifier [null]
    22:57:47.111 [Test worker] DEBUG io.micronaut.context.DefaultBeanContext -- Found a registration BeanRegistration: io.micronaut.data.runtime.event.listeners.AutoTimestampEntityEventListener@14f11a56 for candidate: Definition: io.micronaut.data.runtime.event.listeners.AutoTimestampEntityEventListener with qualifier: null
    22:57:47.111 [Test worker] DEBUG io.micronaut.context.DefaultBeanContext -- Finding candidate beans for type: AttributeConverterRegistry attributeConverterRegistry
    22:57:47.112 [Test worker] DEBUG io.micronaut.context.DefaultBeanContext --   class io.micronaut.data.runtime.support.convert.DefaultAttributeConverterRegistry null Definition: io.micronaut.data.runtime.support.convert.DefaultAttributeConverterRegistry
    22:57:47.112 [Test worker] DEBUG io.micronaut.context.DefaultBeanContext -- Found concrete candidate [Definition: io.micronaut.data.runtime.support.convert.DefaultAttributeConverterRegistry] for type: attributeConverterRegistry 
    22:57:47.112 [Test worker] DEBUG io.micronaut.context.DefaultBeanContext -- Resolving beans for type: io.micronaut.data.runtime.support.convert.AttributeConverterProvider
    22:57:47.112 [Test worker] DEBUG io.micronaut.context.DefaultBeanContext -- Finding candidate beans for type: AttributeConverterProvider E
    22:57:47.112 [Test worker] DEBUG io.micronaut.context.DefaultBeanContext --   class io.micronaut.data.runtime.support.convert.convert.jpa.JakartaAttributeConverterProvider null Definition: io.micronaut.data.runtime.support.convert.convert.jpa.JakartaAttributeConverterProvider
    22:57:47.112 [Test worker] DEBUG io.micronaut.context.lifecycle -- Created bean [io.micronaut.data.runtime.support.convert.convert.jpa.JakartaAttributeConverterProvider@11ce61d1] from definition [Definition: io.micronaut.data.runtime.support.convert.convert.jpa.JakartaAttributeConverterProvider] with qualifier [null]
    22:57:47.112 [Test worker] DEBUG io.micronaut.context.DefaultBeanContext -- Found a registration BeanRegistration: io.micronaut.data.runtime.support.convert.convert.jpa.JakartaAttributeConverterProvider@11ce61d1 for candidate: Definition: io.micronaut.data.runtime.support.convert.convert.jpa.JakartaAttributeConverterProvider with qualifier: null
    22:57:47.112 [Test worker] DEBUG io.micronaut.context.lifecycle -- Created bean [io.micronaut.data.runtime.support.convert.DefaultAttributeConverterRegistry@759862a2] from definition [Definition: io.micronaut.data.runtime.support.convert.DefaultAttributeConverterRegistry] with qualifier [null]
    22:57:47.112 [Test worker] DEBUG io.micronaut.context.lifecycle -- Created bean [io.micronaut.data.runtime.support.DefaultRuntimeEntityRegistry@543b855] from definition [Definition: io.micronaut.data.runtime.support.DefaultRuntimeEntityRegistry] with qualifier [null]
    22:57:47.112 [Test worker] DEBUG io.micronaut.context.lifecycle -- Created bean [io.micronaut.data.hibernate.event.EventIntegrator@197c3101] from definition [Definition: io.micronaut.data.hibernate.event.EventIntegrator] with qualifier [null]
    22:57:47.112 [Test worker] DEBUG org.hibernate.integrator.internal.IntegratorServiceImpl -- Adding Integrator [org.hibernate.boot.beanvalidation.BeanValidationIntegrator].
    22:57:47.112 [Test worker] DEBUG org.hibernate.integrator.internal.IntegratorServiceImpl -- Adding Integrator [org.hibernate.cache.internal.CollectionCacheInvalidator].
    22:57:47.112 [Test worker] DEBUG org.hibernate.integrator.internal.IntegratorServiceImpl -- Adding Integrator [io.micronaut.data.hibernate.event.EventIntegrator].
    22:57:47.113 [Test worker] DEBUG io.micronaut.context.lifecycle -- Created bean [io.micronaut.configuration.hibernate.jpa.conf.serviceregistry.builder.supplier.internal.DefaultStandardServiceRegistryBuilderCreatorCreator@2df0a4c3] from definition [Definition: io.micronaut.configuration.hibernate.jpa.conf.serviceregistry.builder.supplier.internal.DefaultStandardServiceRegistryBuilderCreatorCreator] with qualifier [null]
    22:57:47.113 [Test worker] DEBUG io.micronaut.context.DefaultBeanContext -- Resolving beans for type: io.micronaut.configuration.hibernate.jpa.conf.serviceregistry.builder.configures.StandardServiceRegistryBuilderConfigurer
    22:57:47.113 [Test worker] DEBUG io.micronaut.context.DefaultBeanContext -- Finding candidate beans for type: StandardServiceRegistryBuilderConfigurer E
    22:57:47.113 [Test worker] DEBUG io.micronaut.context.DefaultBeanContext --   class io.micronaut.configuration.hibernate.jpa.conf.serviceregistry.builder.configures.internal.CompileProxyConfigurer null Definition: io.micronaut.configuration.hibernate.jpa.conf.serviceregistry.builder.configures.internal.CompileProxyConfigurer
    22:57:47.113 [Test worker] DEBUG io.micronaut.context.DefaultBeanContext --   class io.micronaut.transaction.hibernate.BeanContextServiceConfigurer null Definition: io.micronaut.transaction.hibernate.BeanContextServiceConfigurer
    22:57:47.113 [Test worker] DEBUG io.micronaut.context.DefaultBeanContext --   class io.micronaut.configuration.hibernate.jpa.conf.serviceregistry.builder.configures.internal.SettingsConfigurer null Definition: io.micronaut.configuration.hibernate.jpa.conf.serviceregistry.builder.configures.internal.SettingsConfigurer
    22:57:47.114 [Test worker] DEBUG io.micronaut.core.reflect.ClassUtils -- Attempting to dynamically load class io.micronaut.context.annotation.Prototype
    22:57:47.114 [Test worker] DEBUG io.micronaut.core.reflect.ClassUtils -- Successfully loaded class io.micronaut.context.annotation.Prototype
    22:57:47.114 [Test worker] DEBUG io.micronaut.context.DefaultBeanContext -- Finding candidate beans for type: BeanProvider bytecodeProviderBeanProvider
    22:57:47.114 [Test worker] DEBUG io.micronaut.context.DefaultBeanContext --   interface io.micronaut.context.BeanProvider null io.micronaut.inject.provider.BeanProviderDefinition@58df6bef
    22:57:47.114 [Test worker] DEBUG io.micronaut.context.DefaultBeanContext -- Found concrete candidate [io.micronaut.inject.provider.BeanProviderDefinition@58df6bef] for type: bytecodeProviderBeanProvider 
    22:57:47.114 [Test worker] DEBUG io.micronaut.context.lifecycle -- Created bean [io.micronaut.inject.provider.BeanProviderDefinition$1@267d9cc0] from definition [io.micronaut.inject.provider.BeanProviderDefinition@58df6bef] with qualifier [null]
    22:57:47.114 [Test worker] DEBUG io.micronaut.context.lifecycle -- Created bean [io.micronaut.configuration.hibernate.jpa.conf.serviceregistry.builder.configures.internal.CompileProxyConfigurer@44a7a331] from definition [Definition: io.micronaut.configuration.hibernate.jpa.conf.serviceregistry.builder.configures.internal.CompileProxyConfigurer] with qualifier [null]
    22:57:47.114 [Test worker] DEBUG io.micronaut.context.DefaultBeanContext -- Found a registration BeanRegistration: io.micronaut.configuration.hibernate.jpa.conf.serviceregistry.builder.configures.internal.CompileProxyConfigurer@44a7a331 for candidate: Definition: io.micronaut.configuration.hibernate.jpa.conf.serviceregistry.builder.configures.internal.CompileProxyConfigurer with qualifier: null
    22:57:47.114 [Test worker] DEBUG io.micronaut.core.reflect.ClassUtils -- Attempting to dynamically load class io.micronaut.context.annotation.Prototype
    22:57:47.114 [Test worker] DEBUG io.micronaut.core.reflect.ClassUtils -- Successfully loaded class io.micronaut.context.annotation.Prototype
    22:57:47.114 [Test worker] DEBUG io.micronaut.context.lifecycle -- Created bean [io.micronaut.transaction.hibernate.BeanContextServiceConfigurer@72f71ea2] from definition [Definition: io.micronaut.transaction.hibernate.BeanContextServiceConfigurer] with qualifier [null]
    22:57:47.114 [Test worker] DEBUG io.micronaut.context.DefaultBeanContext -- Found a registration BeanRegistration: io.micronaut.transaction.hibernate.BeanContextServiceConfigurer@72f71ea2 for candidate: Definition: io.micronaut.transaction.hibernate.BeanContextServiceConfigurer with qualifier: null
    22:57:47.114 [Test worker] DEBUG io.micronaut.core.reflect.ClassUtils -- Attempting to dynamically load class io.micronaut.context.annotation.Prototype
    22:57:47.114 [Test worker] DEBUG io.micronaut.core.reflect.ClassUtils -- Successfully loaded class io.micronaut.context.annotation.Prototype
    22:57:47.114 [Test worker] DEBUG io.micronaut.context.DefaultBeanContext -- Resolving beans for type: io.micronaut.configuration.hibernate.jpa.conf.settings.SettingsSupplier
    22:57:47.114 [Test worker] DEBUG io.micronaut.context.DefaultBeanContext -- Finding candidate beans for type: SettingsSupplier E
    22:57:47.114 [Test worker] DEBUG io.micronaut.context.DefaultBeanContext --   class io.micronaut.configuration.hibernate.jpa.conf.settings.internal.CurrentSessionContextClassSettingSupplier null Definition: io.micronaut.configuration.hibernate.jpa.conf.settings.internal.CurrentSessionContextClassSettingSupplier
    22:57:47.114 [Test worker] DEBUG io.micronaut.context.DefaultBeanContext --   class io.micronaut.configuration.hibernate.jpa.conf.settings.internal.ValidatorFactorySettingSupplier null Definition: io.micronaut.configuration.hibernate.jpa.conf.settings.internal.ValidatorFactorySettingSupplier
    22:57:47.114 [Test worker] DEBUG io.micronaut.context.DefaultBeanContext --   class io.micronaut.configuration.hibernate.jpa.conf.settings.internal.DataSourceSettingSupplier null Definition: io.micronaut.configuration.hibernate.jpa.conf.settings.internal.DataSourceSettingSupplier
    22:57:47.114 [Test worker] DEBUG io.micronaut.context.DefaultBeanContext --   class io.micronaut.configuration.hibernate.jpa.conf.settings.internal.MicronautContainerSettingsSupplier null Definition: io.micronaut.configuration.hibernate.jpa.conf.settings.internal.MicronautContainerSettingsSupplier
    22:57:47.114 [Test worker] DEBUG io.micronaut.core.reflect.ClassUtils -- Attempting to dynamically load class io.micronaut.context.annotation.Prototype
    22:57:47.114 [Test worker] DEBUG io.micronaut.core.reflect.ClassUtils -- Successfully loaded class io.micronaut.context.annotation.Prototype
    22:57:47.114 [Test worker] DEBUG io.micronaut.context.DefaultBeanContext -- Finding candidate beans for type: BeanProvider provider
    22:57:47.114 [Test worker] DEBUG io.micronaut.context.DefaultBeanContext --   interface io.micronaut.context.BeanProvider null io.micronaut.inject.provider.BeanProviderDefinition@58df6bef
    22:57:47.114 [Test worker] DEBUG io.micronaut.context.DefaultBeanContext -- Found concrete candidate [io.micronaut.inject.provider.BeanProviderDefinition@58df6bef] for type: provider 
    22:57:47.114 [Test worker] DEBUG io.micronaut.context.lifecycle -- Created bean [io.micronaut.inject.provider.BeanProviderDefinition$1@5a097a83] from definition [io.micronaut.inject.provider.BeanProviderDefinition@58df6bef] with qualifier [null]
    22:57:47.114 [Test worker] DEBUG io.micronaut.context.lifecycle -- Created bean [io.micronaut.configuration.hibernate.jpa.conf.settings.internal.CurrentSessionContextClassSettingSupplier@10d8769e] from definition [Definition: io.micronaut.configuration.hibernate.jpa.conf.settings.internal.CurrentSessionContextClassSettingSupplier] with qualifier [null]
    22:57:47.114 [Test worker] DEBUG io.micronaut.context.DefaultBeanContext -- Found a registration BeanRegistration: io.micronaut.configuration.hibernate.jpa.conf.settings.internal.CurrentSessionContextClassSettingSupplier@10d8769e for candidate: Definition: io.micronaut.configuration.hibernate.jpa.conf.settings.internal.CurrentSessionContextClassSettingSupplier with qualifier: null
    22:57:47.114 [Test worker] DEBUG io.micronaut.core.reflect.ClassUtils -- Attempting to dynamically load class io.micronaut.context.annotation.Prototype
    22:57:47.114 [Test worker] DEBUG io.micronaut.core.reflect.ClassUtils -- Successfully loaded class io.micronaut.context.annotation.Prototype
    22:57:47.115 [Test worker] DEBUG io.micronaut.context.lifecycle -- Created bean [io.micronaut.configuration.hibernate.jpa.conf.settings.internal.ValidatorFactorySettingSupplier@699fe19f] from definition [Definition: io.micronaut.configuration.hibernate.jpa.conf.settings.internal.ValidatorFactorySettingSupplier] with qualifier [null]
    22:57:47.115 [Test worker] DEBUG io.micronaut.context.DefaultBeanContext -- Found a registration BeanRegistration: io.micronaut.configuration.hibernate.jpa.conf.settings.internal.ValidatorFactorySettingSupplier@699fe19f for candidate: Definition: io.micronaut.configuration.hibernate.jpa.conf.settings.internal.ValidatorFactorySettingSupplier with qualifier: null
    22:57:47.115 [Test worker] DEBUG io.micronaut.core.reflect.ClassUtils -- Attempting to dynamically load class io.micronaut.context.annotation.Prototype
    22:57:47.115 [Test worker] DEBUG io.micronaut.core.reflect.ClassUtils -- Successfully loaded class io.micronaut.context.annotation.Prototype
    22:57:47.115 [Test worker] DEBUG io.micronaut.context.DefaultBeanContext -- Finding candidate beans for type: BeanProvider dataSourceBeanProvider
    22:57:47.115 [Test worker] DEBUG io.micronaut.context.DefaultBeanContext --   interface io.micronaut.context.BeanProvider null io.micronaut.inject.provider.BeanProviderDefinition@58df6bef
    22:57:47.115 [Test worker] DEBUG io.micronaut.context.DefaultBeanContext -- Found concrete candidate [io.micronaut.inject.provider.BeanProviderDefinition@58df6bef] for type: dataSourceBeanProvider 
    22:57:47.115 [Test worker] DEBUG io.micronaut.context.lifecycle -- Created bean [io.micronaut.inject.provider.BeanProviderDefinition$1@2357f000] from definition [io.micronaut.inject.provider.BeanProviderDefinition@58df6bef] with qualifier [null]
    22:57:47.115 [Test worker] DEBUG io.micronaut.context.lifecycle -- Created bean [io.micronaut.configuration.hibernate.jpa.conf.settings.internal.DataSourceSettingSupplier@329b4b8b] from definition [Definition: io.micronaut.configuration.hibernate.jpa.conf.settings.internal.DataSourceSettingSupplier] with qualifier [null]
    22:57:47.115 [Test worker] DEBUG io.micronaut.context.DefaultBeanContext -- Found a registration BeanRegistration: io.micronaut.configuration.hibernate.jpa.conf.settings.internal.DataSourceSettingSupplier@329b4b8b for candidate: Definition: io.micronaut.configuration.hibernate.jpa.conf.settings.internal.DataSourceSettingSupplier with qualifier: null
    22:57:47.115 [Test worker] DEBUG io.micronaut.core.reflect.ClassUtils -- Attempting to dynamically load class io.micronaut.context.annotation.Prototype
    22:57:47.115 [Test worker] DEBUG io.micronaut.core.reflect.ClassUtils -- Successfully loaded class io.micronaut.context.annotation.Prototype
    22:57:47.115 [Test worker] DEBUG io.micronaut.context.lifecycle -- Created bean [io.micronaut.configuration.hibernate.jpa.conf.settings.internal.MicronautContainerSettingsSupplier@6124a7c0] from definition [Definition: io.micronaut.configuration.hibernate.jpa.conf.settings.internal.MicronautContainerSettingsSupplier] with qualifier [null]
    22:57:47.115 [Test worker] DEBUG io.micronaut.context.DefaultBeanContext -- Found a registration BeanRegistration: io.micronaut.configuration.hibernate.jpa.conf.settings.internal.MicronautContainerSettingsSupplier@6124a7c0 for candidate: Definition: io.micronaut.configuration.hibernate.jpa.conf.settings.internal.MicronautContainerSettingsSupplier with qualifier: null
    22:57:47.115 [Test worker] DEBUG io.micronaut.context.DefaultBeanContext -- Found 4 bean registrations for type [E]
    22:57:47.115 [Test worker] DEBUG io.micronaut.context.DefaultBeanContext --   Definition: io.micronaut.configuration.hibernate.jpa.conf.settings.internal.ValidatorFactorySettingSupplier null
    22:57:47.115 [Test worker] DEBUG io.micronaut.context.DefaultBeanContext --   Definition: io.micronaut.configuration.hibernate.jpa.conf.settings.internal.DataSourceSettingSupplier null
    22:57:47.115 [Test worker] DEBUG io.micronaut.context.DefaultBeanContext --   Definition: io.micronaut.configuration.hibernate.jpa.conf.settings.internal.CurrentSessionContextClassSettingSupplier null
    22:57:47.115 [Test worker] DEBUG io.micronaut.context.DefaultBeanContext --   Definition: io.micronaut.configuration.hibernate.jpa.conf.settings.internal.MicronautContainerSettingsSupplier null
    22:57:47.115 [Test worker] DEBUG io.micronaut.context.lifecycle -- Created bean [io.micronaut.configuration.hibernate.jpa.conf.serviceregistry.builder.configures.internal.SettingsConfigurer@77a13162] from definition [Definition: io.micronaut.configuration.hibernate.jpa.conf.serviceregistry.builder.configures.internal.SettingsConfigurer] with qualifier [null]
    22:57:47.115 [Test worker] DEBUG io.micronaut.context.DefaultBeanContext -- Found a registration BeanRegistration: io.micronaut.configuration.hibernate.jpa.conf.serviceregistry.builder.configures.internal.SettingsConfigurer@77a13162 for candidate: Definition: io.micronaut.configuration.hibernate.jpa.conf.serviceregistry.builder.configures.internal.SettingsConfigurer with qualifier: null
    22:57:47.115 [Test worker] DEBUG io.micronaut.context.DefaultBeanContext -- Found 3 bean registrations for type [E]
    22:57:47.115 [Test worker] DEBUG io.micronaut.context.DefaultBeanContext --   Definition: io.micronaut.configuration.hibernate.jpa.conf.serviceregistry.builder.configures.internal.CompileProxyConfigurer null
    22:57:47.115 [Test worker] DEBUG io.micronaut.context.DefaultBeanContext --   Definition: io.micronaut.transaction.hibernate.BeanContextServiceConfigurer null
    22:57:47.115 [Test worker] DEBUG io.micronaut.context.DefaultBeanContext --   Definition: io.micronaut.configuration.hibernate.jpa.conf.serviceregistry.builder.configures.internal.SettingsConfigurer null
    22:57:47.115 [Test worker] DEBUG io.micronaut.context.DefaultBeanContext -- Finding candidate beans for type: JpaConfiguration jpaConfiguration
    22:57:47.116 [Test worker] DEBUG io.micronaut.context.DefaultBeanContext --   class io.micronaut.configuration.hibernate.jpa.JpaConfiguration @Named('default') Definition: io.micronaut.configuration.hibernate.jpa.JpaConfiguration
    22:57:47.116 [Test worker] DEBUG io.micronaut.context.DefaultBeanContext -- Found concrete candidate [Definition: io.micronaut.configuration.hibernate.jpa.JpaConfiguration] for type: jpaConfiguration 
    22:57:47.116 [Test worker] DEBUG io.micronaut.context.DefaultBeanContext -- Finding candidate beans for type: EntityScanConfiguration entityScanConfiguration
    22:57:47.116 [Test worker] DEBUG io.micronaut.context.DefaultBeanContext -- No bean candidates found for type: EntityScanConfiguration entityScanConfiguration
    22:57:47.116 [Test worker] DEBUG io.micronaut.context.DefaultBeanContext -- Finding candidate beans for type: PhysicalNamingStrategy physicalNamingStrategy
    22:57:47.117 [Test worker] DEBUG io.micronaut.context.DefaultBeanContext --   class io.micronaut.data.hibernate.naming.DefaultPhysicalNamingStrategy null Definition: io.micronaut.data.hibernate.naming.DefaultPhysicalNamingStrategy
    22:57:47.117 [Test worker] DEBUG io.micronaut.context.DefaultBeanContext -- Found concrete candidate [Definition: io.micronaut.data.hibernate.naming.DefaultPhysicalNamingStrategy] for type: physicalNamingStrategy 
    22:57:47.117 [Test worker] DEBUG io.micronaut.context.lifecycle -- Created bean [io.micronaut.data.hibernate.naming.DefaultPhysicalNamingStrategy@6bea0866] from definition [Definition: io.micronaut.data.hibernate.naming.DefaultPhysicalNamingStrategy] with qualifier [null]
    22:57:47.117 [Test worker] DEBUG io.micronaut.context.lifecycle -- Created bean [io.micronaut.data.hibernate.naming.PhysicalNamingStrategyConfiguration@3c5d183] from definition [Definition: io.micronaut.data.hibernate.naming.PhysicalNamingStrategyConfiguration] with qualifier [null]
    22:57:47.117 [Test worker] DEBUG io.micronaut.context.lifecycle -- Created bean [io.micronaut.configuration.hibernate.jpa.JpaConfiguration@471b7c9c] from definition [Definition: io.micronaut.configuration.hibernate.jpa.JpaConfiguration] with qualifier [@Named('default')]
    22:57:47.117 [Test worker] DEBUG io.micronaut.context.lifecycle -- Created bean [io.micronaut.configuration.hibernate.jpa.conf.SessionFactoryPerDataSourceFactory@39cf7f3c] from definition [Definition: io.micronaut.configuration.hibernate.jpa.conf.SessionFactoryPerDataSourceFactory] with qualifier [null]
    22:57:47.117 [Test worker] DEBUG io.micronaut.context.DefaultBeanContext -- Finding candidate beans for type: SessionFactoryBuilder sessionFactoryBuilder
    22:57:47.117 [Test worker] DEBUG io.micronaut.context.DefaultBeanContext -- Finding candidate beans for type: Metadata
    22:57:47.117 [Test worker] DEBUG io.micronaut.context.DefaultBeanContext -- Finding candidate beans for type: MetadataSources
    22:57:47.117 [Test worker] DEBUG io.micronaut.context.DefaultBeanContext -- Finding candidate beans for type: ServiceRegistry
    22:57:47.117 [Test worker] DEBUG io.micronaut.context.DefaultBeanContext -- Finding candidate beans for type: DataSource
    22:57:47.117 [Test worker] DEBUG io.micronaut.context.DefaultBeanContext -- Finding candidate beans for type: DatasourceConfiguration
    22:57:47.118 [Test worker] DEBUG io.micronaut.context.DefaultBeanContext --   class io.micronaut.configuration.jdbc.hikari.DatasourceConfiguration @Named('default') Definition: io.micronaut.configuration.jdbc.hikari.DatasourceConfiguration
    22:57:47.118 [Test worker] DEBUG io.micronaut.context.DefaultBeanContext --   interface javax.sql.DataSource @Named('default') Definition: io.micronaut.configuration.jdbc.hikari.DatasourceFactory
    22:57:47.118 [Test worker] DEBUG io.micronaut.core.reflect.ClassUtils -- Attempting to dynamically load class org.hibernate.reactive.provider.ReactiveServiceRegistryBuilder
    22:57:47.118 [Test worker] DEBUG io.micronaut.core.reflect.ClassUtils -- Class org.hibernate.reactive.provider.ReactiveServiceRegistryBuilder is not present
    22:57:47.118 [Test worker] DEBUG io.micronaut.context.DefaultBeanContext --   interface org.hibernate.service.ServiceRegistry @Named('default') Definition: io.micronaut.configuration.hibernate.jpa.conf.SessionFactoryPerDataSourceFactory
    22:57:47.118 [Test worker] DEBUG io.micronaut.core.reflect.ClassUtils -- Attempting to dynamically load class org.hibernate.reactive.provider.ReactiveServiceRegistryBuilder
    22:57:47.118 [Test worker] DEBUG io.micronaut.core.reflect.ClassUtils -- Class org.hibernate.reactive.provider.ReactiveServiceRegistryBuilder is not present
    22:57:47.118 [Test worker] DEBUG io.micronaut.context.DefaultBeanContext --   class org.hibernate.boot.MetadataSources @Named('default') Definition: io.micronaut.configuration.hibernate.jpa.conf.SessionFactoryPerDataSourceFactory
    22:57:47.119 [Test worker] DEBUG io.micronaut.core.reflect.ClassUtils -- Attempting to dynamically load class org.hibernate.reactive.provider.ReactiveServiceRegistryBuilder
    22:57:47.119 [Test worker] DEBUG io.micronaut.core.reflect.ClassUtils -- Class org.hibernate.reactive.provider.ReactiveServiceRegistryBuilder is not present
    22:57:47.119 [Test worker] DEBUG io.micronaut.context.DefaultBeanContext --   interface org.hibernate.boot.Metadata @Named('default') Definition: io.micronaut.configuration.hibernate.jpa.conf.SessionFactoryPerDataSourceFactory
    22:57:47.119 [Test worker] DEBUG io.micronaut.core.reflect.ClassUtils -- Attempting to dynamically load class org.hibernate.reactive.provider.ReactiveServiceRegistryBuilder
    22:57:47.119 [Test worker] DEBUG io.micronaut.core.reflect.ClassUtils -- Class org.hibernate.reactive.provider.ReactiveServiceRegistryBuilder is not present
    22:57:47.119 [Test worker] DEBUG io.micronaut.context.DefaultBeanContext --   interface org.hibernate.boot.SessionFactoryBuilder @Named('default') Definition: io.micronaut.configuration.hibernate.jpa.conf.SessionFactoryPerDataSourceFactory
    22:57:47.119 [Test worker] DEBUG io.micronaut.context.DefaultBeanContext -- Qualifying bean [sessionFactoryBuilder] for qualifier: @Named('default') 
    22:57:47.119 [Test worker] DEBUG io.micronaut.context.DefaultBeanContext -- Found concrete candidate [Definition: io.micronaut.configuration.hibernate.jpa.conf.SessionFactoryPerDataSourceFactory] for type: @Named('default') sessionFactoryBuilder 
    22:57:47.119 [Test worker] DEBUG io.micronaut.context.DefaultBeanContext -- Finding candidate beans for type: SessionFactoryPerDataSourceFactory
    22:57:47.120 [Test worker] DEBUG io.micronaut.context.DefaultBeanContext --   class io.micronaut.configuration.hibernate.jpa.conf.SessionFactoryPerDataSourceFactory null Definition: io.micronaut.configuration.hibernate.jpa.conf.SessionFactoryPerDataSourceFactory
    22:57:47.120 [Test worker] DEBUG io.micronaut.context.DefaultBeanContext -- Found concrete candidate [Definition: io.micronaut.configuration.hibernate.jpa.conf.SessionFactoryPerDataSourceFactory] for type: sessionFactoryPerDataSourceFactory 
    22:57:47.120 [Test worker] DEBUG io.micronaut.context.DefaultBeanContext -- Finding candidate beans for type: Metadata metadata
    22:57:47.120 [Test worker] DEBUG io.micronaut.context.DefaultBeanContext -- Finding candidate beans for type: MetadataSources
    22:57:47.120 [Test worker] DEBUG io.micronaut.context.DefaultBeanContext -- Finding candidate beans for type: ServiceRegistry
    22:57:47.120 [Test worker] DEBUG io.micronaut.context.DefaultBeanContext -- Finding candidate beans for type: DataSource
    22:57:47.120 [Test worker] DEBUG io.micronaut.context.DefaultBeanContext -- Finding candidate beans for type: DatasourceConfiguration
    22:57:47.120 [Test worker] DEBUG io.micronaut.context.DefaultBeanContext --   class io.micronaut.configuration.jdbc.hikari.DatasourceConfiguration @Named('default') Definition: io.micronaut.configuration.jdbc.hikari.DatasourceConfiguration
    22:57:47.120 [Test worker] DEBUG io.micronaut.context.DefaultBeanContext --   interface javax.sql.DataSource @Named('default') Definition: io.micronaut.configuration.jdbc.hikari.DatasourceFactory
    22:57:47.121 [Test worker] DEBUG io.micronaut.core.reflect.ClassUtils -- Attempting to dynamically load class org.hibernate.reactive.provider.ReactiveServiceRegistryBuilder
    22:57:47.121 [Test worker] DEBUG io.micronaut.core.reflect.ClassUtils -- Class org.hibernate.reactive.provider.ReactiveServiceRegistryBuilder is not present
    22:57:47.121 [Test worker] DEBUG io.micronaut.context.DefaultBeanContext --   interface org.hibernate.service.ServiceRegistry @Named('default') Definition: io.micronaut.configuration.hibernate.jpa.conf.SessionFactoryPerDataSourceFactory
    22:57:47.121 [Test worker] DEBUG io.micronaut.core.reflect.ClassUtils -- Attempting to dynamically load class org.hibernate.reactive.provider.ReactiveServiceRegistryBuilder
    22:57:47.121 [Test worker] DEBUG io.micronaut.core.reflect.ClassUtils -- Class org.hibernate.reactive.provider.ReactiveServiceRegistryBuilder is not present
    22:57:47.121 [Test worker] DEBUG io.micronaut.context.DefaultBeanContext --   class org.hibernate.boot.MetadataSources @Named('default') Definition: io.micronaut.configuration.hibernate.jpa.conf.SessionFactoryPerDataSourceFactory
    22:57:47.121 [Test worker] DEBUG io.micronaut.core.reflect.ClassUtils -- Attempting to dynamically load class org.hibernate.reactive.provider.ReactiveServiceRegistryBuilder
    22:57:47.121 [Test worker] DEBUG io.micronaut.core.reflect.ClassUtils -- Class org.hibernate.reactive.provider.ReactiveServiceRegistryBuilder is not present
    22:57:47.121 [Test worker] DEBUG io.micronaut.context.DefaultBeanContext --   interface org.hibernate.boot.Metadata @Named('default') Definition: io.micronaut.configuration.hibernate.jpa.conf.SessionFactoryPerDataSourceFactory
    22:57:47.121 [Test worker] DEBUG io.micronaut.context.DefaultBeanContext -- Qualifying bean [metadata] for qualifier: @Named('default') 
    22:57:47.121 [Test worker] DEBUG io.micronaut.context.DefaultBeanContext -- Found concrete candidate [Definition: io.micronaut.configuration.hibernate.jpa.conf.SessionFactoryPerDataSourceFactory] for type: @Named('default') metadata 
    22:57:47.122 [Test worker] DEBUG io.micronaut.context.DefaultBeanContext -- Finding candidate beans for type: MetadataSources metadataSources
    22:57:47.122 [Test worker] DEBUG io.micronaut.context.DefaultBeanContext -- Finding candidate beans for type: ServiceRegistry
    22:57:47.122 [Test worker] DEBUG io.micronaut.context.DefaultBeanContext -- Finding candidate beans for type: DataSource
    22:57:47.122 [Test worker] DEBUG io.micronaut.context.DefaultBeanContext -- Finding candidate beans for type: DatasourceConfiguration
    22:57:47.122 [Test worker] DEBUG io.micronaut.context.DefaultBeanContext --   class io.micronaut.configuration.jdbc.hikari.DatasourceConfiguration @Named('default') Definition: io.micronaut.configuration.jdbc.hikari.DatasourceConfiguration
    22:57:47.122 [Test worker] DEBUG io.micronaut.context.DefaultBeanContext --   interface javax.sql.DataSource @Named('default') Definition: io.micronaut.configuration.jdbc.hikari.DatasourceFactory
    22:57:47.122 [Test worker] DEBUG io.micronaut.core.reflect.ClassUtils -- Attempting to dynamically load class org.hibernate.reactive.provider.ReactiveServiceRegistryBuilder
    22:57:47.122 [Test worker] DEBUG io.micronaut.core.reflect.ClassUtils -- Class org.hibernate.reactive.provider.ReactiveServiceRegistryBuilder is not present
    22:57:47.122 [Test worker] DEBUG io.micronaut.context.DefaultBeanContext --   interface org.hibernate.service.ServiceRegistry @Named('default') Definition: io.micronaut.configuration.hibernate.jpa.conf.SessionFactoryPerDataSourceFactory
    22:57:47.122 [Test worker] DEBUG io.micronaut.core.reflect.ClassUtils -- Attempting to dynamically load class org.hibernate.reactive.provider.ReactiveServiceRegistryBuilder
    22:57:47.123 [Test worker] DEBUG io.micronaut.core.reflect.ClassUtils -- Class org.hibernate.reactive.provider.ReactiveServiceRegistryBuilder is not present
    22:57:47.123 [Test worker] DEBUG io.micronaut.context.DefaultBeanContext --   class org.hibernate.boot.MetadataSources @Named('default') Definition: io.micronaut.configuration.hibernate.jpa.conf.SessionFactoryPerDataSourceFactory
    22:57:47.123 [Test worker] DEBUG io.micronaut.context.DefaultBeanContext -- Qualifying bean [metadataSources] for qualifier: @Named('default') 
    22:57:47.123 [Test worker] DEBUG io.micronaut.context.DefaultBeanContext -- Found concrete candidate [Definition: io.micronaut.configuration.hibernate.jpa.conf.SessionFactoryPerDataSourceFactory] for type: @Named('default') metadataSources 
    22:57:47.123 [Test worker] DEBUG io.micronaut.context.DefaultBeanContext -- Finding candidate beans for type: ServiceRegistry serviceRegistry
    22:57:47.123 [Test worker] DEBUG io.micronaut.context.DefaultBeanContext -- Finding candidate beans for type: DataSource
    22:57:47.123 [Test worker] DEBUG io.micronaut.context.DefaultBeanContext -- Finding candidate beans for type: DatasourceConfiguration
    22:57:47.123 [Test worker] DEBUG io.micronaut.context.DefaultBeanContext --   class io.micronaut.configuration.jdbc.hikari.DatasourceConfiguration @Named('default') Definition: io.micronaut.configuration.jdbc.hikari.DatasourceConfiguration
    22:57:47.124 [Test worker] DEBUG io.micronaut.context.DefaultBeanContext --   interface javax.sql.DataSource @Named('default') Definition: io.micronaut.configuration.jdbc.hikari.DatasourceFactory
    22:57:47.124 [Test worker] DEBUG io.micronaut.core.reflect.ClassUtils -- Attempting to dynamically load class org.hibernate.reactive.provider.ReactiveServiceRegistryBuilder
    22:57:47.124 [Test worker] DEBUG io.micronaut.core.reflect.ClassUtils -- Class org.hibernate.reactive.provider.ReactiveServiceRegistryBuilder is not present
    22:57:47.124 [Test worker] DEBUG io.micronaut.context.DefaultBeanContext --   interface org.hibernate.service.ServiceRegistry @Named('default') Definition: io.micronaut.configuration.hibernate.jpa.conf.SessionFactoryPerDataSourceFactory
    22:57:47.124 [Test worker] DEBUG io.micronaut.context.DefaultBeanContext -- Qualifying bean [serviceRegistry] for qualifier: @Named('default') 
    22:57:47.124 [Test worker] DEBUG io.micronaut.context.DefaultBeanContext -- Found concrete candidate [Definition: io.micronaut.configuration.hibernate.jpa.conf.SessionFactoryPerDataSourceFactory] for type: @Named('default') serviceRegistry 
    22:57:47.124 [Test worker] DEBUG io.micronaut.context.DefaultBeanContext -- Finding candidate beans for type: BeanProvider
    22:57:47.124 [Test worker] DEBUG io.micronaut.context.DefaultBeanContext --   interface io.micronaut.context.BeanProvider null io.micronaut.inject.provider.BeanProviderDefinition@58df6bef
    22:57:47.124 [Test worker] DEBUG io.micronaut.context.DefaultBeanContext -- Qualifying bean [beanProvider] for qualifier: @Named('default') 
    22:57:47.124 [Test worker] DEBUG io.micronaut.context.DefaultBeanContext -- Found concrete candidate [io.micronaut.inject.provider.BeanProviderDefinition@58df6bef] for type: @Named('default') beanProvider 
    22:57:47.125 [Test worker] DEBUG io.micronaut.context.lifecycle -- Created bean [io.micronaut.inject.provider.BeanProviderDefinition$1@25df95b] from definition [io.micronaut.inject.provider.BeanProviderDefinition@58df6bef] with qualifier [@Named('default')]
    22:57:47.125 [Test worker] DEBUG io.micronaut.context.DefaultBeanContext -- Finding candidate beans for type: HibernateCurrentSessionContextClassProvider T
    22:57:47.125 [Test worker] DEBUG io.micronaut.context.DefaultBeanContext -- No bean candidates found for type: HibernateCurrentSessionContextClassProvider T
    22:57:47.126 [Test worker] DEBUG org.hibernate.service.spi.ServiceBinding -- Overriding existing service binding [io.micronaut.transaction.hibernate.ConnectionOperationsProviderService]
    22:57:47.126 [Test worker] DEBUG io.micronaut.context.lifecycle -- Created bean [org.hibernate.boot.registry.internal.StandardServiceRegistryImpl@2fb9695a] from definition [Definition: io.micronaut.configuration.hibernate.jpa.conf.SessionFactoryPerDataSourceFactory] with qualifier [@Named('default')]
    22:57:47.126 [Test worker] DEBUG io.micronaut.context.lifecycle -- Created bean [org.hibernate.boot.MetadataSources@33da0fad] from definition [Definition: io.micronaut.configuration.hibernate.jpa.conf.SessionFactoryPerDataSourceFactory] with qualifier [@Named('default')]
    22:57:47.127 [Test worker] DEBUG org.hibernate.orm.idgen.factory -- Ignoring CDI for resolving IdentifierGenerator instances as extended or delayed CDI support was enabled
    22:57:47.127 [Test worker] DEBUG org.hibernate.orm.idgen.factory -- Registering IdentifierGenerator strategy [uuid2] -> [org.hibernate.id.UUIDGenerator]
    22:57:47.127 [Test worker] DEBUG org.hibernate.orm.idgen.factory -- Registering IdentifierGenerator strategy [guid] -> [org.hibernate.id.GUIDGenerator]
    22:57:47.127 [Test worker] DEBUG org.hibernate.orm.idgen.factory -- Registering IdentifierGenerator strategy [uuid] -> [org.hibernate.id.UUIDHexGenerator]
    22:57:47.127 [Test worker] DEBUG org.hibernate.orm.idgen.factory -- Registering IdentifierGenerator strategy [uuid.hex] -> [org.hibernate.id.UUIDHexGenerator]
    22:57:47.127 [Test worker] DEBUG org.hibernate.orm.idgen.factory -- Registering IdentifierGenerator strategy [assigned] -> [org.hibernate.id.Assigned]
    22:57:47.127 [Test worker] DEBUG org.hibernate.orm.idgen.factory -- Registering IdentifierGenerator strategy [identity] -> [org.hibernate.id.IdentityGenerator]
    22:57:47.127 [Test worker] DEBUG org.hibernate.orm.idgen.factory -- Registering IdentifierGenerator strategy [select] -> [org.hibernate.id.SelectGenerator]
    22:57:47.127 [Test worker] DEBUG org.hibernate.orm.idgen.factory -- Registering IdentifierGenerator strategy [sequence] -> [org.hibernate.id.enhanced.SequenceStyleGenerator]
    22:57:47.127 [Test worker] DEBUG org.hibernate.orm.idgen.factory -- Registering IdentifierGenerator strategy [increment] -> [org.hibernate.id.IncrementGenerator]
    22:57:47.127 [Test worker] DEBUG org.hibernate.orm.idgen.factory -- Registering IdentifierGenerator strategy [foreign] -> [org.hibernate.id.ForeignGenerator]
    22:57:47.127 [Test worker] DEBUG org.hibernate.orm.idgen.factory -- Registering IdentifierGenerator strategy [enhanced-sequence] -> [org.hibernate.id.enhanced.SequenceStyleGenerator]
    22:57:47.127 [Test worker] DEBUG org.hibernate.orm.idgen.factory -- Registering IdentifierGenerator strategy [enhanced-table] -> [org.hibernate.id.enhanced.TableGenerator]
    22:57:47.127 [Test worker] DEBUG org.hibernate.cache.internal.RegionFactoryInitiator -- Cannot default RegionFactory based on registered strategies as `[]` RegionFactory strategies were registered
    22:57:47.128 [Test worker] DEBUG org.hibernate.cache.internal.RegionFactoryInitiator -- Cache region factory : org.hibernate.cache.internal.NoCachingRegionFactory
    22:57:47.128 [Test worker] DEBUG org.hibernate.type.BasicTypeRegistry -- Adding type registration boolean -> org.hibernate.type.BasicTypeReference@4d21c56e
    22:57:47.128 [Test worker] DEBUG org.hibernate.type.BasicTypeRegistry -- Adding type registration boolean -> org.hibernate.type.BasicTypeReference@4d21c56e
    22:57:47.128 [Test worker] DEBUG org.hibernate.type.BasicTypeRegistry -- Adding type registration java.lang.Boolean -> org.hibernate.type.BasicTypeReference@4d21c56e
    22:57:47.128 [Test worker] DEBUG org.hibernate.type.BasicTypeRegistry -- Adding type registration numeric_boolean -> org.hibernate.type.BasicTypeReference@726aa968
    22:57:47.128 [Test worker] DEBUG org.hibernate.type.BasicTypeRegistry -- Adding type registration org.hibernate.type.NumericBooleanConverter -> org.hibernate.type.BasicTypeReference@726aa968
    22:57:47.128 [Test worker] DEBUG org.hibernate.type.BasicTypeRegistry -- Adding type registration true_false -> org.hibernate.type.BasicTypeReference@7100dea
    22:57:47.128 [Test worker] DEBUG org.hibernate.type.BasicTypeRegistry -- Adding type registration org.hibernate.type.TrueFalseConverter -> org.hibernate.type.BasicTypeReference@7100dea
    22:57:47.128 [Test worker] DEBUG org.hibernate.type.BasicTypeRegistry -- Adding type registration yes_no -> org.hibernate.type.BasicTypeReference@712cfb63
    22:57:47.128 [Test worker] DEBUG org.hibernate.type.BasicTypeRegistry -- Adding type registration org.hibernate.type.YesNoConverter -> org.hibernate.type.BasicTypeReference@712cfb63
    22:57:47.128 [Test worker] DEBUG org.hibernate.type.BasicTypeRegistry -- Adding type registration byte -> org.hibernate.type.BasicTypeReference@32e54a9d
    22:57:47.128 [Test worker] DEBUG org.hibernate.type.BasicTypeRegistry -- Adding type registration byte -> org.hibernate.type.BasicTypeReference@32e54a9d
    22:57:47.128 [Test worker] DEBUG org.hibernate.type.BasicTypeRegistry -- Adding type registration java.lang.Byte -> org.hibernate.type.BasicTypeReference@32e54a9d
    22:57:47.128 [Test worker] DEBUG org.hibernate.type.BasicTypeRegistry -- Adding type registration binary -> org.hibernate.type.BasicTypeReference@15639440
    22:57:47.128 [Test worker] DEBUG org.hibernate.type.BasicTypeRegistry -- Adding type registration byte[] -> org.hibernate.type.BasicTypeReference@15639440
    22:57:47.128 [Test worker] DEBUG org.hibernate.type.BasicTypeRegistry -- Adding type registration [B -> org.hibernate.type.BasicTypeReference@15639440
    22:57:47.128 [Test worker] DEBUG org.hibernate.type.BasicTypeRegistry -- Adding type registration binary_wrapper -> org.hibernate.type.BasicTypeReference@121bb45b
    22:57:47.128 [Test worker] DEBUG org.hibernate.type.BasicTypeRegistry -- Adding type registration wrapper-binary -> org.hibernate.type.BasicTypeReference@121bb45b
    22:57:47.128 [Test worker] DEBUG org.hibernate.type.BasicTypeRegistry -- Adding type registration image -> org.hibernate.type.BasicTypeReference@4faa298
    22:57:47.128 [Test worker] DEBUG org.hibernate.type.BasicTypeRegistry -- Adding type registration blob -> org.hibernate.type.BasicTypeReference@1cd3b138
    22:57:47.128 [Test worker] DEBUG org.hibernate.type.BasicTypeRegistry -- Adding type registration java.sql.Blob -> org.hibernate.type.BasicTypeReference@1cd3b138
    22:57:47.128 [Test worker] DEBUG org.hibernate.type.BasicTypeRegistry -- Adding type registration materialized_blob -> org.hibernate.type.BasicTypeReference@151bf776
    22:57:47.128 [Test worker] DEBUG org.hibernate.type.BasicTypeRegistry -- Adding type registration materialized_blob_wrapper -> org.hibernate.type.BasicTypeReference@5a6d30e2
    22:57:47.128 [Test worker] DEBUG org.hibernate.type.BasicTypeRegistry -- Adding type registration short -> org.hibernate.type.BasicTypeReference@b52b755
    22:57:47.128 [Test worker] DEBUG org.hibernate.type.BasicTypeRegistry -- Adding type registration short -> org.hibernate.type.BasicTypeReference@b52b755
    22:57:47.128 [Test worker] DEBUG org.hibernate.type.BasicTypeRegistry -- Adding type registration java.lang.Short -> org.hibernate.type.BasicTypeReference@b52b755
    22:57:47.128 [Test worker] DEBUG org.hibernate.type.BasicTypeRegistry -- Adding type registration integer -> org.hibernate.type.BasicTypeReference@a098d76
    22:57:47.128 [Test worker] DEBUG org.hibernate.type.BasicTypeRegistry -- Adding type registration int -> org.hibernate.type.BasicTypeReference@a098d76
    22:57:47.128 [Test worker] DEBUG org.hibernate.type.BasicTypeRegistry -- Adding type registration java.lang.Integer -> org.hibernate.type.BasicTypeReference@a098d76
    22:57:47.128 [Test worker] DEBUG org.hibernate.type.BasicTypeRegistry -- Adding type registration long -> org.hibernate.type.BasicTypeReference@40e37b06
    22:57:47.128 [Test worker] DEBUG org.hibernate.type.BasicTypeRegistry -- Adding type registration long -> org.hibernate.type.BasicTypeReference@40e37b06
    22:57:47.128 [Test worker] DEBUG org.hibernate.type.BasicTypeRegistry -- Adding type registration java.lang.Long -> org.hibernate.type.BasicTypeReference@40e37b06
    22:57:47.128 [Test worker] DEBUG org.hibernate.type.BasicTypeRegistry -- Adding type registration float -> org.hibernate.type.BasicTypeReference@733aa9d8
    22:57:47.128 [Test worker] DEBUG org.hibernate.type.BasicTypeRegistry -- Adding type registration float -> org.hibernate.type.BasicTypeReference@733aa9d8
    22:57:47.128 [Test worker] DEBUG org.hibernate.type.BasicTypeRegistry -- Adding type registration java.lang.Float -> org.hibernate.type.BasicTypeReference@733aa9d8
    22:57:47.128 [Test worker] DEBUG org.hibernate.type.BasicTypeRegistry -- Adding type registration double -> org.hibernate.type.BasicTypeReference@6dcc40f5
    22:57:47.128 [Test worker] DEBUG org.hibernate.type.BasicTypeRegistry -- Adding type registration double -> org.hibernate.type.BasicTypeReference@6dcc40f5
    22:57:47.128 [Test worker] DEBUG org.hibernate.type.BasicTypeRegistry -- Adding type registration java.lang.Double -> org.hibernate.type.BasicTypeReference@6dcc40f5
    22:57:47.128 [Test worker] DEBUG org.hibernate.type.BasicTypeRegistry -- Adding type registration big_integer -> org.hibernate.type.BasicTypeReference@2b680207
    22:57:47.128 [Test worker] DEBUG org.hibernate.type.BasicTypeRegistry -- Adding type registration java.math.BigInteger -> org.hibernate.type.BasicTypeReference@2b680207
    22:57:47.128 [Test worker] DEBUG org.hibernate.type.BasicTypeRegistry -- Adding type registration big_decimal -> org.hibernate.type.BasicTypeReference@70887727
    22:57:47.128 [Test worker] DEBUG org.hibernate.type.BasicTypeRegistry -- Adding type registration java.math.BigDecimal -> org.hibernate.type.BasicTypeReference@70887727
    22:57:47.128 [Test worker] DEBUG org.hibernate.type.BasicTypeRegistry -- Adding type registration character -> org.hibernate.type.BasicTypeReference@56da7487
    22:57:47.128 [Test worker] DEBUG org.hibernate.type.BasicTypeRegistry -- Adding type registration char -> org.hibernate.type.BasicTypeReference@56da7487
    22:57:47.128 [Test worker] DEBUG org.hibernate.type.BasicTypeRegistry -- Adding type registration java.lang.Character -> org.hibernate.type.BasicTypeReference@56da7487
    22:57:47.128 [Test worker] DEBUG org.hibernate.type.BasicTypeRegistry -- Adding type registration character_nchar -> org.hibernate.type.BasicTypeReference@599e4d41
    22:57:47.128 [Test worker] DEBUG org.hibernate.type.BasicTypeRegistry -- Adding type registration string -> org.hibernate.type.BasicTypeReference@328d044f
    22:57:47.129 [Test worker] DEBUG org.hibernate.type.BasicTypeRegistry -- Adding type registration java.lang.String -> org.hibernate.type.BasicTypeReference@328d044f
    22:57:47.129 [Test worker] DEBUG org.hibernate.type.BasicTypeRegistry -- Adding type registration nstring -> org.hibernate.type.BasicTypeReference@10f7c76
    22:57:47.129 [Test worker] DEBUG org.hibernate.type.BasicTypeRegistry -- Adding type registration characters -> org.hibernate.type.BasicTypeReference@4745e9c
    22:57:47.129 [Test worker] DEBUG org.hibernate.type.BasicTypeRegistry -- Adding type registration char[] -> org.hibernate.type.BasicTypeReference@4745e9c
    22:57:47.129 [Test worker] DEBUG org.hibernate.type.BasicTypeRegistry -- Adding type registration [C -> org.hibernate.type.BasicTypeReference@4745e9c
    22:57:47.129 [Test worker] DEBUG org.hibernate.type.BasicTypeRegistry -- Adding type registration wrapper-characters -> org.hibernate.type.BasicTypeReference@2f2bff16
    22:57:47.129 [Test worker] DEBUG org.hibernate.type.BasicTypeRegistry -- Adding type registration text -> org.hibernate.type.BasicTypeReference@75de29c0
    22:57:47.129 [Test worker] DEBUG org.hibernate.type.BasicTypeRegistry -- Adding type registration ntext -> org.hibernate.type.BasicTypeReference@fc807c1
    22:57:47.129 [Test worker] DEBUG org.hibernate.type.BasicTypeRegistry -- Adding type registration clob -> org.hibernate.type.BasicTypeReference@296e281a
    22:57:47.129 [Test worker] DEBUG org.hibernate.type.BasicTypeRegistry -- Adding type registration java.sql.Clob -> org.hibernate.type.BasicTypeReference@296e281a
    22:57:47.129 [Test worker] DEBUG org.hibernate.type.BasicTypeRegistry -- Adding type registration nclob -> org.hibernate.type.BasicTypeReference@59cda16e
    22:57:47.129 [Test worker] DEBUG org.hibernate.type.BasicTypeRegistry -- Adding type registration java.sql.NClob -> org.hibernate.type.BasicTypeReference@59cda16e
    22:57:47.129 [Test worker] DEBUG org.hibernate.type.BasicTypeRegistry -- Adding type registration materialized_clob -> org.hibernate.type.BasicTypeReference@5dd903be
    22:57:47.129 [Test worker] DEBUG org.hibernate.type.BasicTypeRegistry -- Adding type registration materialized_clob_char_array -> org.hibernate.type.BasicTypeReference@12e0f1cb
    22:57:47.129 [Test worker] DEBUG org.hibernate.type.BasicTypeRegistry -- Adding type registration materialized_clob_character_array -> org.hibernate.type.BasicTypeReference@4a163575
    22:57:47.129 [Test worker] DEBUG org.hibernate.type.BasicTypeRegistry -- Adding type registration materialized_nclob -> org.hibernate.type.BasicTypeReference@7e642b88
    22:57:47.129 [Test worker] DEBUG org.hibernate.type.BasicTypeRegistry -- Adding type registration materialized_nclob_character_array -> org.hibernate.type.BasicTypeReference@6b350309
    22:57:47.129 [Test worker] DEBUG org.hibernate.type.BasicTypeRegistry -- Adding type registration materialized_nclob_char_array -> org.hibernate.type.BasicTypeReference@7ecec90d
    22:57:47.129 [Test worker] DEBUG org.hibernate.type.BasicTypeRegistry -- Adding type registration Duration -> org.hibernate.type.BasicTypeReference@588f63c
    22:57:47.129 [Test worker] DEBUG org.hibernate.type.BasicTypeRegistry -- Adding type registration java.time.Duration -> org.hibernate.type.BasicTypeReference@588f63c
    22:57:47.129 [Test worker] DEBUG org.hibernate.type.BasicTypeRegistry -- Adding type registration LocalDateTime -> org.hibernate.type.BasicTypeReference@5a6fa56e
    22:57:47.129 [Test worker] DEBUG org.hibernate.type.BasicTypeRegistry -- Adding type registration java.time.LocalDateTime -> org.hibernate.type.BasicTypeReference@5a6fa56e
    22:57:47.129 [Test worker] DEBUG org.hibernate.type.BasicTypeRegistry -- Adding type registration LocalDate -> org.hibernate.type.BasicTypeReference@1981d861
    22:57:47.129 [Test worker] DEBUG org.hibernate.type.BasicTypeRegistry -- Adding type registration java.time.LocalDate -> org.hibernate.type.BasicTypeReference@1981d861
    22:57:47.129 [Test worker] DEBUG org.hibernate.type.BasicTypeRegistry -- Adding type registration LocalTime -> org.hibernate.type.BasicTypeReference@118ffcfd
    22:57:47.129 [Test worker] DEBUG org.hibernate.type.BasicTypeRegistry -- Adding type registration java.time.LocalTime -> org.hibernate.type.BasicTypeReference@118ffcfd
    22:57:47.129 [Test worker] DEBUG org.hibernate.type.BasicTypeRegistry -- Adding type registration OffsetDateTime -> org.hibernate.type.BasicTypeReference@53f4c1e6
    22:57:47.129 [Test worker] DEBUG org.hibernate.type.BasicTypeRegistry -- Adding type registration java.time.OffsetDateTime -> org.hibernate.type.BasicTypeReference@53f4c1e6
    22:57:47.129 [Test worker] DEBUG org.hibernate.type.BasicTypeRegistry -- Adding type registration OffsetDateTimeWithTimezone -> org.hibernate.type.BasicTypeReference@74174a23
    22:57:47.129 [Test worker] DEBUG org.hibernate.type.BasicTypeRegistry -- Adding type registration OffsetDateTimeWithoutTimezone -> org.hibernate.type.BasicTypeReference@6342d610
    22:57:47.129 [Test worker] DEBUG org.hibernate.type.BasicTypeRegistry -- Adding type registration OffsetTime -> org.hibernate.type.BasicTypeReference@dc4a691
    22:57:47.129 [Test worker] DEBUG org.hibernate.type.BasicTypeRegistry -- Adding type registration java.time.OffsetTime -> org.hibernate.type.BasicTypeReference@dc4a691
    22:57:47.129 [Test worker] DEBUG org.hibernate.type.BasicTypeRegistry -- Adding type registration OffsetTimeUtc -> org.hibernate.type.BasicTypeReference@784abd3e
    22:57:47.129 [Test worker] DEBUG org.hibernate.type.BasicTypeRegistry -- Adding type registration OffsetTimeWithTimezone -> org.hibernate.type.BasicTypeReference@36c2b646
    22:57:47.129 [Test worker] DEBUG org.hibernate.type.BasicTypeRegistry -- Adding type registration OffsetTimeWithoutTimezone -> org.hibernate.type.BasicTypeReference@434514d8
    22:57:47.129 [Test worker] DEBUG org.hibernate.type.BasicTypeRegistry -- Adding type registration ZonedDateTime -> org.hibernate.type.BasicTypeReference@6b1dc20f
    22:57:47.129 [Test worker] DEBUG org.hibernate.type.BasicTypeRegistry -- Adding type registration java.time.ZonedDateTime -> org.hibernate.type.BasicTypeReference@6b1dc20f
    22:57:47.129 [Test worker] DEBUG org.hibernate.type.BasicTypeRegistry -- Adding type registration ZonedDateTimeWithTimezone -> org.hibernate.type.BasicTypeReference@4613311f
    22:57:47.129 [Test worker] DEBUG org.hibernate.type.BasicTypeRegistry -- Adding type registration ZonedDateTimeWithoutTimezone -> org.hibernate.type.BasicTypeReference@6540cf1d
    22:57:47.129 [Test worker] DEBUG org.hibernate.type.BasicTypeRegistry -- Adding type registration date -> org.hibernate.type.BasicTypeReference@ec8f4b9
    22:57:47.129 [Test worker] DEBUG org.hibernate.type.BasicTypeRegistry -- Adding type registration java.sql.Date -> org.hibernate.type.BasicTypeReference@ec8f4b9
    22:57:47.129 [Test worker] DEBUG org.hibernate.type.BasicTypeRegistry -- Adding type registration time -> org.hibernate.type.BasicTypeReference@bc042d5
    22:57:47.129 [Test worker] DEBUG org.hibernate.type.BasicTypeRegistry -- Adding type registration java.sql.Time -> org.hibernate.type.BasicTypeReference@bc042d5
    22:57:47.129 [Test worker] DEBUG org.hibernate.type.BasicTypeRegistry -- Adding type registration timestamp -> org.hibernate.type.BasicTypeReference@5484117b
    22:57:47.129 [Test worker] DEBUG org.hibernate.type.BasicTypeRegistry -- Adding type registration java.sql.Timestamp -> org.hibernate.type.BasicTypeReference@5484117b
    22:57:47.129 [Test worker] DEBUG org.hibernate.type.BasicTypeRegistry -- Adding type registration java.util.Date -> org.hibernate.type.BasicTypeReference@5484117b
    22:57:47.129 [Test worker] DEBUG org.hibernate.type.BasicTypeRegistry -- Adding type registration calendar -> org.hibernate.type.BasicTypeReference@37df14d1
    22:57:47.129 [Test worker] DEBUG org.hibernate.type.BasicTypeRegistry -- Adding type registration java.util.Calendar -> org.hibernate.type.BasicTypeReference@37df14d1
    22:57:47.129 [Test worker] DEBUG org.hibernate.type.BasicTypeRegistry -- Adding type registration java.util.GregorianCalendar -> org.hibernate.type.BasicTypeReference@37df14d1
    22:57:47.129 [Test worker] DEBUG org.hibernate.type.BasicTypeRegistry -- Adding type registration calendar_date -> org.hibernate.type.BasicTypeReference@7efb53af
    22:57:47.129 [Test worker] DEBUG org.hibernate.type.BasicTypeRegistry -- Adding type registration calendar_time -> org.hibernate.type.BasicTypeReference@7724704f
    22:57:47.129 [Test worker] DEBUG org.hibernate.type.BasicTypeRegistry -- Adding type registration instant -> org.hibernate.type.BasicTypeReference@3dfa819
    22:57:47.129 [Test worker] DEBUG org.hibernate.type.BasicTypeRegistry -- Adding type registration java.time.Instant -> org.hibernate.type.BasicTypeReference@3dfa819
    22:57:47.129 [Test worker] DEBUG org.hibernate.type.BasicTypeRegistry -- Adding type registration uuid -> org.hibernate.type.BasicTypeReference@4ce94d2f
    22:57:47.130 [Test worker] DEBUG org.hibernate.type.BasicTypeRegistry -- Adding type registration java.util.UUID -> org.hibernate.type.BasicTypeReference@4ce94d2f
    22:57:47.130 [Test worker] DEBUG org.hibernate.type.BasicTypeRegistry -- Adding type registration pg-uuid -> org.hibernate.type.BasicTypeReference@4ce94d2f
    22:57:47.130 [Test worker] DEBUG org.hibernate.type.BasicTypeRegistry -- Adding type registration uuid-binary -> org.hibernate.type.BasicTypeReference@68ab0936
    22:57:47.130 [Test worker] DEBUG org.hibernate.type.BasicTypeRegistry -- Adding type registration uuid-char -> org.hibernate.type.BasicTypeReference@3cd9aa64
    22:57:47.130 [Test worker] DEBUG org.hibernate.type.BasicTypeRegistry -- Adding type registration class -> org.hibernate.type.BasicTypeReference@42b84286
    22:57:47.130 [Test worker] DEBUG org.hibernate.type.BasicTypeRegistry -- Adding type registration java.lang.Class -> org.hibernate.type.BasicTypeReference@42b84286
    22:57:47.130 [Test worker] DEBUG org.hibernate.type.BasicTypeRegistry -- Adding type registration currency -> org.hibernate.type.BasicTypeReference@74ecacc3
    22:57:47.130 [Test worker] DEBUG org.hibernate.type.BasicTypeRegistry -- Adding type registration Currency -> org.hibernate.type.BasicTypeReference@74ecacc3
    22:57:47.130 [Test worker] DEBUG org.hibernate.type.BasicTypeRegistry -- Adding type registration java.util.Currency -> org.hibernate.type.BasicTypeReference@74ecacc3
    22:57:47.130 [Test worker] DEBUG org.hibernate.type.BasicTypeRegistry -- Adding type registration locale -> org.hibernate.type.BasicTypeReference@517a2b0
    22:57:47.130 [Test worker] DEBUG org.hibernate.type.BasicTypeRegistry -- Adding type registration java.util.Locale -> org.hibernate.type.BasicTypeReference@517a2b0
    22:57:47.130 [Test worker] DEBUG org.hibernate.type.BasicTypeRegistry -- Adding type registration serializable -> org.hibernate.type.BasicTypeReference@53b7ce6
    22:57:47.130 [Test worker] DEBUG org.hibernate.type.BasicTypeRegistry -- Adding type registration java.io.Serializable -> org.hibernate.type.BasicTypeReference@53b7ce6
    22:57:47.130 [Test worker] DEBUG org.hibernate.type.BasicTypeRegistry -- Adding type registration timezone -> org.hibernate.type.BasicTypeReference@36480b2d
    22:57:47.130 [Test worker] DEBUG org.hibernate.type.BasicTypeRegistry -- Adding type registration java.util.TimeZone -> org.hibernate.type.BasicTypeReference@36480b2d
    22:57:47.130 [Test worker] DEBUG org.hibernate.type.BasicTypeRegistry -- Adding type registration ZoneOffset -> org.hibernate.type.BasicTypeReference@27d33393
    22:57:47.130 [Test worker] DEBUG org.hibernate.type.BasicTypeRegistry -- Adding type registration java.time.ZoneOffset -> org.hibernate.type.BasicTypeReference@27d33393
    22:57:47.130 [Test worker] DEBUG org.hibernate.type.BasicTypeRegistry -- Adding type registration url -> org.hibernate.type.BasicTypeReference@1f6917fb
    22:57:47.130 [Test worker] DEBUG org.hibernate.type.BasicTypeRegistry -- Adding type registration java.net.URL -> org.hibernate.type.BasicTypeReference@1f6917fb
    22:57:47.130 [Test worker] DEBUG org.hibernate.type.BasicTypeRegistry -- Adding type registration row_version -> org.hibernate.type.BasicTypeReference@41eb94bc
    22:57:47.130 [Test worker] DEBUG org.hibernate.type.BasicTypeRegistry -- Adding type registration object -> org.hibernate.type.JavaObjectType@333c8791
    22:57:47.130 [Test worker] DEBUG org.hibernate.type.BasicTypeRegistry -- Adding type registration java.lang.Object -> org.hibernate.type.JavaObjectType@333c8791
    22:57:47.130 [Test worker] DEBUG org.hibernate.type.BasicTypeRegistry -- Adding type registration null -> org.hibernate.type.NullType@6f94fb9d
    22:57:47.130 [Test worker] DEBUG org.hibernate.type.BasicTypeRegistry -- Adding type registration imm_date -> org.hibernate.type.BasicTypeReference@78c34153
    22:57:47.130 [Test worker] DEBUG org.hibernate.type.BasicTypeRegistry -- Adding type registration imm_time -> org.hibernate.type.BasicTypeReference@1b079e81
    22:57:47.130 [Test worker] DEBUG org.hibernate.type.BasicTypeRegistry -- Adding type registration imm_timestamp -> org.hibernate.type.BasicTypeReference@1fae388c
    22:57:47.130 [Test worker] DEBUG org.hibernate.type.BasicTypeRegistry -- Adding type registration imm_calendar -> org.hibernate.type.BasicTypeReference@2387e60b
    22:57:47.130 [Test worker] DEBUG org.hibernate.type.BasicTypeRegistry -- Adding type registration imm_calendar_date -> org.hibernate.type.BasicTypeReference@41acf2f1
    22:57:47.130 [Test worker] DEBUG org.hibernate.type.BasicTypeRegistry -- Adding type registration imm_calendar_time -> org.hibernate.type.BasicTypeReference@66f88fd3
    22:57:47.130 [Test worker] DEBUG org.hibernate.type.BasicTypeRegistry -- Adding type registration imm_binary -> org.hibernate.type.BasicTypeReference@87cb1d8
    22:57:47.130 [Test worker] DEBUG org.hibernate.type.BasicTypeRegistry -- Adding type registration imm_serializable -> org.hibernate.type.BasicTypeReference@14d7a962
    22:57:47.132 [Test worker] DEBUG org.hibernate.engine.jdbc.env.internal.JdbcEnvironmentInitiator -- Database ->
           name : H2
        version : 2.2.224 (2023-09-17)
          major : 2
          minor : 2
    22:57:47.132 [Test worker] DEBUG org.hibernate.engine.jdbc.env.internal.JdbcEnvironmentInitiator -- Driver ->
           name : H2 JDBC Driver
        version : 2.2.224 (2023-09-17)
          major : 2
          minor : 2
    22:57:47.132 [Test worker] DEBUG org.hibernate.engine.jdbc.env.internal.JdbcEnvironmentInitiator -- JDBC version : 4.2
    22:57:47.133 [Test worker] WARN org.hibernate.orm.deprecation -- HHH90000025: H2Dialect does not need to be specified explicitly using 'hibernate.dialect' (remove the property setting and it will be selected by default)
    22:57:47.133 [Test worker] DEBUG org.hibernate.orm.dialect -- HHH035001: Using dialect: org.hibernate.dialect.H2Dialect, version: 2.2.224
    22:57:47.133 [Test worker] DEBUG org.hibernate.engine.jdbc.env.spi.IdentifierHelperBuilder -- JDBC driver metadata reported database stores quoted identifiers in neither upper, lower nor mixed case
    22:57:47.134 [Test worker] DEBUG org.hibernate.type.descriptor.jdbc.spi.JdbcTypeRegistry -- addDescriptor(NCharTypeDescriptor) replaced previous registration(CharTypeDescriptor)
    22:57:47.134 [Test worker] DEBUG org.hibernate.type.descriptor.jdbc.spi.JdbcTypeRegistry -- addDescriptor(NVarcharTypeDescriptor) replaced previous registration(VarcharTypeDescriptor)
    22:57:47.134 [Test worker] DEBUG org.hibernate.type.descriptor.jdbc.spi.JdbcTypeRegistry -- addDescriptor(LongNVarcharTypeDescriptor) replaced previous registration(LongVarcharTypeDescriptor)
    22:57:47.134 [Test worker] DEBUG org.hibernate.type.descriptor.jdbc.spi.JdbcTypeRegistry -- addDescriptor(NClobTypeDescriptor(DEFAULT)) replaced previous registration(ClobTypeDescriptor(DEFAULT))
    22:57:47.134 [Test worker] DEBUG org.hibernate.type.descriptor.jdbc.spi.JdbcTypeRegistry -- addDescriptor(2005, ClobTypeDescriptor(STREAM_BINDING)) replaced previous registration(ClobTypeDescriptor(DEFAULT))
    22:57:47.134 [Test worker] DEBUG org.hibernate.type.descriptor.jdbc.spi.JdbcTypeRegistry -- addDescriptor(TimestampUtcDescriptor) replaced previous registration(TimestampUtcDescriptor)
    22:57:47.135 [Test worker] DEBUG org.hibernate.type.BasicTypeRegistry -- Adding type registration Duration -> basicType@18(java.time.Duration,2)
    22:57:47.135 [Test worker] DEBUG org.hibernate.type.BasicTypeRegistry -- Adding type registration java.time.Duration -> basicType@18(java.time.Duration,2)
    22:57:47.135 [Test worker] DEBUG org.hibernate.type.spi.TypeConfiguration$Scope -- Scoping TypeConfiguration [org.hibernate.type.spi.TypeConfiguration@324afa73] to MetadataBuildingContext [org.hibernate.boot.internal.MetadataBuildingContextRootImpl@106e6dfe]
    22:57:47.136 [Test worker] DEBUG org.hibernate.boot.model.relational.Namespace -- Created database namespace [logicalName=Name{catalog=null, schema=null}, physicalName=Name{catalog=null, schema=null}]
    22:57:47.137 [Test worker] DEBUG org.hibernate.boot.model.internal.EntityBinder -- Binding entity from annotated class: com.taskflow.models.Project
    22:57:47.137 [Test worker] DEBUG org.hibernate.boot.model.internal.EntityBinder -- Import with entity name Project
    22:57:47.137 [Test worker] DEBUG org.hibernate.boot.model.internal.EntityBinder -- Bind entity com.taskflow.models.Project on table projects
    22:57:47.138 [Test worker] DEBUG org.hibernate.boot.model.internal.AnnotatedColumn -- Binding column: AnnotatedDiscriminatorColumn(column='DTYPE')
    22:57:47.139 [Test worker] DEBUG org.hibernate.boot.model.internal.AnnotatedColumn -- Binding column: AnnotatedColumn()
    22:57:47.139 [Test worker] DEBUG org.hibernate.boot.internal.ClassLoaderAccessImpl -- Not known whether passed class name [com.taskflow.models.Project] is safe
    22:57:47.139 [Test worker] DEBUG org.hibernate.boot.internal.ClassLoaderAccessImpl -- No temp ClassLoader provided; using live ClassLoader for loading potentially unsafe class : com.taskflow.models.Project
    22:57:47.139 [Test worker] DEBUG org.hibernate.boot.model.internal.PropertyBinder -- MetadataSourceProcessor property id with lazy=false
    22:57:47.139 [Test worker] DEBUG org.hibernate.boot.model.internal.AbstractPropertyHolder -- Attempting to locate auto-apply AttributeConverter for property [com.taskflow.models.Project:id]
    22:57:47.140 [Test worker] DEBUG org.hibernate.boot.model.internal.BasicValueBinder -- building BasicValue for id
    22:57:47.140 [Test worker] DEBUG org.hibernate.mapping.BasicValue -- Skipping column re-registration: projects.id
    22:57:47.140 [Test worker] DEBUG org.hibernate.boot.model.internal.PropertyBinder -- Building property id
    22:57:47.140 [Test worker] DEBUG org.hibernate.boot.model.internal.BinderHelper -- #makeIdGenerator(BasicValue([Column(id)]), id, identity, , ...)
    22:57:47.140 [Test worker] DEBUG org.hibernate.boot.model.internal.AnnotatedColumn -- Binding column: AnnotatedColumn(column='created_at')
    22:57:47.140 [Test worker] DEBUG org.hibernate.boot.model.internal.PropertyBinder -- MetadataSourceProcessor property createdAt with lazy=false
    22:57:47.140 [Test worker] DEBUG org.hibernate.boot.model.internal.AbstractPropertyHolder -- Attempting to locate auto-apply AttributeConverter for property [com.taskflow.models.Project:createdAt]
    22:57:47.140 [Test worker] DEBUG org.hibernate.boot.model.internal.BasicValueBinder -- building BasicValue for createdAt
    22:57:47.140 [Test worker] DEBUG org.hibernate.mapping.BasicValue -- Skipping column re-registration: projects.created_at
    22:57:47.140 [Test worker] DEBUG org.hibernate.boot.model.internal.PropertyBinder -- Building property createdAt
    22:57:47.140 [Test worker] DEBUG org.hibernate.boot.model.internal.AnnotatedColumn -- Binding column: AnnotatedColumn()
    22:57:47.140 [Test worker] DEBUG org.hibernate.boot.model.internal.PropertyBinder -- MetadataSourceProcessor property description with lazy=false
    22:57:47.140 [Test worker] DEBUG org.hibernate.boot.model.internal.AbstractPropertyHolder -- Attempting to locate auto-apply AttributeConverter for property [com.taskflow.models.Project:description]
    22:57:47.140 [Test worker] DEBUG org.hibernate.boot.model.internal.BasicValueBinder -- building BasicValue for description
    22:57:47.140 [Test worker] DEBUG org.hibernate.mapping.BasicValue -- Skipping column re-registration: projects.description
    22:57:47.141 [Test worker] DEBUG org.hibernate.boot.model.internal.PropertyBinder -- Building property description
    22:57:47.141 [Test worker] DEBUG org.hibernate.boot.model.internal.AnnotatedColumn -- Binding column: AnnotatedJoinColumn()
    22:57:47.141 [Test worker] DEBUG org.hibernate.boot.model.internal.AnnotatedColumn -- Binding column: AnnotatedColumn()
    22:57:47.141 [Test worker] DEBUG org.hibernate.boot.model.internal.AnnotatedColumn -- Binding column: IndexColumn(column='members_ORDER')
    22:57:47.141 [Test worker] DEBUG org.hibernate.boot.model.internal.AnnotatedColumn -- Binding column: AnnotatedColumn()
    22:57:47.141 [Test worker] DEBUG org.hibernate.boot.model.internal.AnnotatedColumn -- Binding column: AnnotatedColumn(column='members_KEY')
    22:57:47.142 [Test worker] DEBUG org.hibernate.boot.model.internal.AnnotatedColumn -- Binding column: AnnotatedJoinColumn(column='members_KEY')
    22:57:47.142 [Test worker] DEBUG org.hibernate.boot.model.internal.AnnotatedColumn -- Binding column: AnnotatedJoinColumn()
    22:57:47.142 [Test worker] DEBUG org.hibernate.boot.model.internal.AnnotatedColumn -- Binding column: AnnotatedJoinColumn()
    22:57:47.142 [Test worker] DEBUG org.hibernate.boot.model.internal.CollectionBinder -- Collection role: com.taskflow.models.Project.members
    22:57:47.142 [Test worker] DEBUG org.hibernate.boot.model.internal.PropertyBinder -- Building property members
    22:57:47.142 [Test worker] DEBUG org.hibernate.boot.model.internal.AnnotatedColumn -- Binding column: AnnotatedColumn()
    22:57:47.142 [Test worker] DEBUG org.hibernate.boot.model.internal.PropertyBinder -- MetadataSourceProcessor property name with lazy=false
    22:57:47.142 [Test worker] DEBUG org.hibernate.boot.model.internal.AbstractPropertyHolder -- Attempting to locate auto-apply AttributeConverter for property [com.taskflow.models.Project:name]
    22:57:47.142 [Test worker] DEBUG org.hibernate.boot.model.internal.BasicValueBinder -- building BasicValue for name
    22:57:47.142 [Test worker] DEBUG org.hibernate.mapping.BasicValue -- Skipping column re-registration: projects.name
    22:57:47.142 [Test worker] DEBUG org.hibernate.boot.model.internal.PropertyBinder -- Building property name
    22:57:47.142 [Test worker] DEBUG org.hibernate.boot.model.internal.AnnotatedColumn -- Binding column: AnnotatedJoinColumn(column='owner_id')
    22:57:47.142 [Test worker] DEBUG org.hibernate.boot.model.internal.AnnotatedColumn -- Binding column: AnnotatedColumn()
    22:57:47.143 [Test worker] DEBUG org.hibernate.boot.model.internal.PropertyBinder -- Building property owner
    22:57:47.143 [Test worker] DEBUG org.hibernate.boot.model.internal.AnnotatedColumn -- Binding column: AnnotatedJoinColumn()
    22:57:47.143 [Test worker] DEBUG org.hibernate.boot.model.internal.AnnotatedColumn -- Binding column: AnnotatedColumn()
    22:57:47.143 [Test worker] DEBUG org.hibernate.boot.model.internal.AnnotatedColumn -- Binding column: IndexColumn(column='tasks_ORDER')
    22:57:47.143 [Test worker] DEBUG org.hibernate.boot.model.internal.AnnotatedColumn -- Binding column: AnnotatedColumn()
    22:57:47.143 [Test worker] DEBUG org.hibernate.boot.model.internal.AnnotatedColumn -- Binding column: AnnotatedColumn(column='tasks_KEY')
    22:57:47.143 [Test worker] DEBUG org.hibernate.boot.model.internal.AnnotatedColumn -- Binding column: AnnotatedJoinColumn(column='tasks_KEY')
    22:57:47.143 [Test worker] DEBUG org.hibernate.boot.model.internal.AnnotatedColumn -- Binding column: AnnotatedJoinColumn()
    22:57:47.143 [Test worker] DEBUG org.hibernate.boot.model.internal.AnnotatedColumn -- Binding column: AnnotatedJoinColumn()
    22:57:47.143 [Test worker] DEBUG org.hibernate.boot.model.internal.CollectionBinder -- Collection role: com.taskflow.models.Project.tasks
    22:57:47.143 [Test worker] DEBUG org.hibernate.boot.model.internal.PropertyBinder -- Building property tasks
    22:57:47.144 [Test worker] DEBUG org.hibernate.boot.model.internal.AnnotatedColumn -- Binding column: AnnotatedColumn(column='updated_at')
    22:57:47.144 [Test worker] DEBUG org.hibernate.boot.model.internal.PropertyBinder -- MetadataSourceProcessor property updatedAt with lazy=false
    22:57:47.144 [Test worker] DEBUG org.hibernate.boot.model.internal.AbstractPropertyHolder -- Attempting to locate auto-apply AttributeConverter for property [com.taskflow.models.Project:updatedAt]
    22:57:47.144 [Test worker] DEBUG org.hibernate.boot.model.internal.BasicValueBinder -- building BasicValue for updatedAt
    22:57:47.144 [Test worker] DEBUG org.hibernate.mapping.BasicValue -- Skipping column re-registration: projects.updated_at
    22:57:47.144 [Test worker] DEBUG org.hibernate.boot.model.internal.PropertyBinder -- Building property updatedAt
    22:57:47.144 [Test worker] DEBUG org.hibernate.boot.model.internal.EntityBinder -- Binding entity from annotated class: com.taskflow.models.ProjectMember
    22:57:47.144 [Test worker] DEBUG org.hibernate.boot.model.internal.EntityBinder -- Import with entity name ProjectMember
    22:57:47.145 [Test worker] DEBUG org.hibernate.boot.model.internal.EntityBinder -- Bind entity com.taskflow.models.ProjectMember on table project_members
    22:57:47.145 [Test worker] DEBUG org.hibernate.boot.model.internal.AnnotatedColumn -- Binding column: AnnotatedDiscriminatorColumn(column='DTYPE')
    22:57:47.145 [Test worker] DEBUG org.hibernate.boot.model.internal.AnnotatedColumn -- Binding column: AnnotatedColumn()
    22:57:47.145 [Test worker] DEBUG org.hibernate.boot.internal.ClassLoaderAccessImpl -- Not known whether passed class name [com.taskflow.models.ProjectMember] is safe
    22:57:47.145 [Test worker] DEBUG org.hibernate.boot.internal.ClassLoaderAccessImpl -- No temp ClassLoader provided; using live ClassLoader for loading potentially unsafe class : com.taskflow.models.ProjectMember
    22:57:47.145 [Test worker] DEBUG org.hibernate.boot.model.internal.PropertyBinder -- MetadataSourceProcessor property id with lazy=false
    22:57:47.145 [Test worker] DEBUG org.hibernate.boot.model.internal.AbstractPropertyHolder -- Attempting to locate auto-apply AttributeConverter for property [com.taskflow.models.ProjectMember:id]
    22:57:47.145 [Test worker] DEBUG org.hibernate.boot.model.internal.BasicValueBinder -- building BasicValue for id
    22:57:47.145 [Test worker] DEBUG org.hibernate.mapping.BasicValue -- Skipping column re-registration: project_members.id
    22:57:47.146 [Test worker] DEBUG org.hibernate.boot.model.internal.PropertyBinder -- Building property id
    22:57:47.146 [Test worker] DEBUG org.hibernate.boot.model.internal.BinderHelper -- #makeIdGenerator(BasicValue([Column(id)]), id, identity, , ...)
    22:57:47.146 [Test worker] DEBUG org.hibernate.boot.model.internal.AnnotatedColumn -- Binding column: AnnotatedColumn(column='created_at')
    22:57:47.146 [Test worker] DEBUG org.hibernate.boot.model.internal.PropertyBinder -- MetadataSourceProcessor property createdAt with lazy=false
    22:57:47.146 [Test worker] DEBUG org.hibernate.boot.model.internal.AbstractPropertyHolder -- Attempting to locate auto-apply AttributeConverter for property [com.taskflow.models.ProjectMember:createdAt]
    22:57:47.146 [Test worker] DEBUG org.hibernate.boot.model.internal.BasicValueBinder -- building BasicValue for createdAt
    22:57:47.146 [Test worker] DEBUG org.hibernate.mapping.BasicValue -- Skipping column re-registration: project_members.created_at
    22:57:47.146 [Test worker] DEBUG org.hibernate.boot.model.internal.PropertyBinder -- Building property createdAt
    22:57:47.146 [Test worker] DEBUG org.hibernate.boot.model.internal.AnnotatedColumn -- Binding column: AnnotatedJoinColumn(column='project_id')
    22:57:47.146 [Test worker] DEBUG org.hibernate.boot.model.internal.AnnotatedColumn -- Binding column: AnnotatedColumn()
    22:57:47.146 [Test worker] DEBUG org.hibernate.boot.model.internal.PropertyBinder -- Building property project
    22:57:47.146 [Test worker] DEBUG org.hibernate.boot.model.internal.AnnotatedColumn -- Binding column: AnnotatedColumn()
    22:57:47.146 [Test worker] DEBUG org.hibernate.boot.model.internal.PropertyBinder -- MetadataSourceProcessor property role with lazy=false
    22:57:47.146 [Test worker] DEBUG org.hibernate.boot.model.internal.AbstractPropertyHolder -- Attempting to locate auto-apply AttributeConverter for property [com.taskflow.models.ProjectMember:role]
    22:57:47.147 [Test worker] DEBUG org.hibernate.boot.model.internal.BasicValueBinder -- building BasicValue for role
    22:57:47.147 [Test worker] DEBUG org.hibernate.mapping.BasicValue -- Skipping column re-registration: project_members.role
    22:57:47.147 [Test worker] DEBUG org.hibernate.boot.model.internal.PropertyBinder -- Building property role
    22:57:47.147 [Test worker] DEBUG org.hibernate.boot.model.internal.AnnotatedColumn -- Binding column: AnnotatedJoinColumn(column='user_id')
    22:57:47.147 [Test worker] DEBUG org.hibernate.boot.model.internal.AnnotatedColumn -- Binding column: AnnotatedColumn()
    22:57:47.147 [Test worker] DEBUG org.hibernate.boot.model.internal.PropertyBinder -- Building property user
    22:57:47.147 [Test worker] DEBUG org.hibernate.boot.model.internal.EntityBinder -- Binding entity from annotated class: com.taskflow.models.Attachment
    22:57:47.148 [Test worker] DEBUG org.hibernate.boot.model.internal.EntityBinder -- Import with entity name Attachment
    22:57:47.148 [Test worker] DEBUG org.hibernate.boot.model.internal.EntityBinder -- Bind entity com.taskflow.models.Attachment on table attachments
    22:57:47.148 [Test worker] DEBUG org.hibernate.boot.model.internal.AnnotatedColumn -- Binding column: AnnotatedDiscriminatorColumn(column='DTYPE')
    22:57:47.148 [Test worker] DEBUG org.hibernate.boot.model.internal.AnnotatedColumn -- Binding column: AnnotatedColumn()
    22:57:47.148 [Test worker] DEBUG org.hibernate.boot.internal.ClassLoaderAccessImpl -- Not known whether passed class name [com.taskflow.models.Attachment] is safe
    22:57:47.148 [Test worker] DEBUG org.hibernate.boot.internal.ClassLoaderAccessImpl -- No temp ClassLoader provided; using live ClassLoader for loading potentially unsafe class : com.taskflow.models.Attachment
    22:57:47.148 [Test worker] DEBUG org.hibernate.boot.model.internal.PropertyBinder -- MetadataSourceProcessor property id with lazy=false
    22:57:47.148 [Test worker] DEBUG org.hibernate.boot.model.internal.AbstractPropertyHolder -- Attempting to locate auto-apply AttributeConverter for property [com.taskflow.models.Attachment:id]
    22:57:47.148 [Test worker] DEBUG org.hibernate.boot.model.internal.BasicValueBinder -- building BasicValue for id
    22:57:47.148 [Test worker] DEBUG org.hibernate.mapping.BasicValue -- Skipping column re-registration: attachments.id
    22:57:47.148 [Test worker] DEBUG org.hibernate.boot.model.internal.PropertyBinder -- Building property id
    22:57:47.148 [Test worker] DEBUG org.hibernate.boot.model.internal.BinderHelper -- #makeIdGenerator(BasicValue([Column(id)]), id, identity, , ...)
    22:57:47.149 [Test worker] DEBUG org.hibernate.boot.model.internal.AnnotatedColumn -- Binding column: AnnotatedColumn(column='file_path')
    22:57:47.149 [Test worker] DEBUG org.hibernate.boot.model.internal.PropertyBinder -- MetadataSourceProcessor property filePath with lazy=false
    22:57:47.149 [Test worker] DEBUG org.hibernate.boot.model.internal.AbstractPropertyHolder -- Attempting to locate auto-apply AttributeConverter for property [com.taskflow.models.Attachment:filePath]
    22:57:47.149 [Test worker] DEBUG org.hibernate.boot.model.internal.BasicValueBinder -- building BasicValue for filePath
    22:57:47.149 [Test worker] DEBUG org.hibernate.mapping.BasicValue -- Skipping column re-registration: attachments.file_path
    22:57:47.149 [Test worker] DEBUG org.hibernate.boot.model.internal.PropertyBinder -- Building property filePath
    22:57:47.149 [Test worker] DEBUG org.hibernate.boot.model.internal.AnnotatedColumn -- Binding column: AnnotatedJoinColumn(column='task_id')
    22:57:47.149 [Test worker] DEBUG org.hibernate.boot.model.internal.AnnotatedColumn -- Binding column: AnnotatedColumn()
    22:57:47.149 [Test worker] DEBUG org.hibernate.boot.model.internal.PropertyBinder -- Building property task
    22:57:47.149 [Test worker] DEBUG org.hibernate.boot.model.internal.AnnotatedColumn -- Binding column: AnnotatedColumn(column='uploaded_at')
    22:57:47.149 [Test worker] DEBUG org.hibernate.boot.model.internal.PropertyBinder -- MetadataSourceProcessor property uploadedAt with lazy=false
    22:57:47.149 [Test worker] DEBUG org.hibernate.boot.model.internal.AbstractPropertyHolder -- Attempting to locate auto-apply AttributeConverter for property [com.taskflow.models.Attachment:uploadedAt]
    22:57:47.149 [Test worker] DEBUG org.hibernate.boot.model.internal.BasicValueBinder -- building BasicValue for uploadedAt
    22:57:47.149 [Test worker] DEBUG org.hibernate.mapping.BasicValue -- Skipping column re-registration: attachments.uploaded_at
    22:57:47.149 [Test worker] DEBUG org.hibernate.boot.model.internal.PropertyBinder -- Building property uploadedAt
    22:57:47.150 [Test worker] DEBUG org.hibernate.boot.model.internal.EntityBinder -- Binding entity from annotated class: com.taskflow.models.User
    22:57:47.150 [Test worker] DEBUG org.hibernate.boot.model.internal.EntityBinder -- Import with entity name User
    22:57:47.150 [Test worker] DEBUG org.hibernate.boot.model.internal.EntityBinder -- Bind entity com.taskflow.models.User on table users
    22:57:47.150 [Test worker] DEBUG org.hibernate.boot.model.internal.AnnotatedColumn -- Binding column: AnnotatedDiscriminatorColumn(column='DTYPE')
    22:57:47.151 [Test worker] DEBUG org.hibernate.boot.model.internal.AnnotatedColumn -- Binding column: AnnotatedColumn()
    22:57:47.151 [Test worker] DEBUG org.hibernate.boot.internal.ClassLoaderAccessImpl -- Not known whether passed class name [com.taskflow.models.User] is safe
    22:57:47.151 [Test worker] DEBUG org.hibernate.boot.internal.ClassLoaderAccessImpl -- No temp ClassLoader provided; using live ClassLoader for loading potentially unsafe class : com.taskflow.models.User
    22:57:47.151 [Test worker] DEBUG org.hibernate.boot.model.internal.PropertyBinder -- MetadataSourceProcessor property id with lazy=false
    22:57:47.151 [Test worker] DEBUG org.hibernate.boot.model.internal.AbstractPropertyHolder -- Attempting to locate auto-apply AttributeConverter for property [com.taskflow.models.User:id]
    22:57:47.151 [Test worker] DEBUG org.hibernate.boot.model.internal.BasicValueBinder -- building BasicValue for id
    22:57:47.151 [Test worker] DEBUG org.hibernate.mapping.BasicValue -- Skipping column re-registration: users.id
    22:57:47.151 [Test worker] DEBUG org.hibernate.boot.model.internal.PropertyBinder -- Building property id
    22:57:47.151 [Test worker] DEBUG org.hibernate.boot.model.internal.BinderHelper -- #makeIdGenerator(BasicValue([Column(id)]), id, identity, , ...)
    22:57:47.151 [Test worker] DEBUG org.hibernate.boot.model.internal.AnnotatedColumn -- Binding column: AnnotatedColumn(column='created_at')
    22:57:47.151 [Test worker] DEBUG org.hibernate.boot.model.internal.PropertyBinder -- MetadataSourceProcessor property createdAt with lazy=false
    22:57:47.151 [Test worker] DEBUG org.hibernate.boot.model.internal.AbstractPropertyHolder -- Attempting to locate auto-apply AttributeConverter for property [com.taskflow.models.User:createdAt]
    22:57:47.151 [Test worker] DEBUG org.hibernate.boot.model.internal.BasicValueBinder -- building BasicValue for createdAt
    22:57:47.151 [Test worker] DEBUG org.hibernate.mapping.BasicValue -- Skipping column re-registration: users.created_at
    22:57:47.151 [Test worker] DEBUG org.hibernate.boot.model.internal.PropertyBinder -- Building property createdAt
    22:57:47.151 [Test worker] DEBUG org.hibernate.boot.model.internal.AnnotatedColumn -- Binding column: AnnotatedColumn()
    22:57:47.152 [Test worker] DEBUG org.hibernate.boot.model.internal.PropertyBinder -- MetadataSourceProcessor property email with lazy=false
    22:57:47.152 [Test worker] DEBUG org.hibernate.boot.model.internal.AbstractPropertyHolder -- Attempting to locate auto-apply AttributeConverter for property [com.taskflow.models.User:email]
    22:57:47.152 [Test worker] DEBUG org.hibernate.boot.model.internal.BasicValueBinder -- building BasicValue for email
    22:57:47.152 [Test worker] DEBUG org.hibernate.mapping.BasicValue -- Skipping column re-registration: users.email
    22:57:47.152 [Test worker] DEBUG org.hibernate.boot.model.internal.PropertyBinder -- Building property email
    22:57:47.152 [Test worker] DEBUG org.hibernate.boot.model.internal.AnnotatedColumn -- Binding column: AnnotatedColumn()
    22:57:47.152 [Test worker] DEBUG org.hibernate.boot.model.internal.PropertyBinder -- MetadataSourceProcessor property password with lazy=false
    22:57:47.152 [Test worker] DEBUG org.hibernate.boot.model.internal.AbstractPropertyHolder -- Attempting to locate auto-apply AttributeConverter for property [com.taskflow.models.User:password]
    22:57:47.152 [Test worker] DEBUG org.hibernate.boot.model.internal.BasicValueBinder -- building BasicValue for password
    22:57:47.152 [Test worker] DEBUG org.hibernate.mapping.BasicValue -- Skipping column re-registration: users.password
    22:57:47.152 [Test worker] DEBUG org.hibernate.boot.model.internal.PropertyBinder -- Building property password
    22:57:47.152 [Test worker] DEBUG org.hibernate.boot.model.internal.AnnotatedColumn -- Binding column: AnnotatedColumn(column='updated_at')
    22:57:47.152 [Test worker] DEBUG org.hibernate.boot.model.internal.PropertyBinder -- MetadataSourceProcessor property updatedAt with lazy=false
    22:57:47.152 [Test worker] DEBUG org.hibernate.boot.model.internal.AbstractPropertyHolder -- Attempting to locate auto-apply AttributeConverter for property [com.taskflow.models.User:updatedAt]
    22:57:47.152 [Test worker] DEBUG org.hibernate.boot.model.internal.BasicValueBinder -- building BasicValue for updatedAt
    22:57:47.152 [Test worker] DEBUG org.hibernate.mapping.BasicValue -- Skipping column re-registration: users.updated_at
    22:57:47.152 [Test worker] DEBUG org.hibernate.boot.model.internal.PropertyBinder -- Building property updatedAt
    22:57:47.152 [Test worker] DEBUG org.hibernate.boot.model.internal.AnnotatedColumn -- Binding column: AnnotatedColumn()
    22:57:47.152 [Test worker] DEBUG org.hibernate.boot.model.internal.PropertyBinder -- MetadataSourceProcessor property username with lazy=false
    22:57:47.152 [Test worker] DEBUG org.hibernate.boot.model.internal.AbstractPropertyHolder -- Attempting to locate auto-apply AttributeConverter for property [com.taskflow.models.User:username]
    22:57:47.153 [Test worker] DEBUG org.hibernate.boot.model.internal.BasicValueBinder -- building BasicValue for username
    22:57:47.153 [Test worker] DEBUG org.hibernate.mapping.BasicValue -- Skipping column re-registration: users.username
    22:57:47.153 [Test worker] DEBUG org.hibernate.boot.model.internal.PropertyBinder -- Building property username
    22:57:47.153 [Test worker] DEBUG org.hibernate.boot.model.internal.EntityBinder -- Binding entity from annotated class: com.taskflow.models.Comment
    22:57:47.153 [Test worker] DEBUG org.hibernate.boot.model.internal.EntityBinder -- Import with entity name Comment
    22:57:47.153 [Test worker] DEBUG org.hibernate.boot.model.internal.EntityBinder -- Bind entity com.taskflow.models.Comment on table comments
    22:57:47.153 [Test worker] DEBUG org.hibernate.boot.model.internal.AnnotatedColumn -- Binding column: AnnotatedDiscriminatorColumn(column='DTYPE')
    22:57:47.154 [Test worker] DEBUG org.hibernate.boot.model.internal.AnnotatedColumn -- Binding column: AnnotatedColumn()
    22:57:47.154 [Test worker] DEBUG org.hibernate.boot.internal.ClassLoaderAccessImpl -- Not known whether passed class name [com.taskflow.models.Comment] is safe
    22:57:47.154 [Test worker] DEBUG org.hibernate.boot.internal.ClassLoaderAccessImpl -- No temp ClassLoader provided; using live ClassLoader for loading potentially unsafe class : com.taskflow.models.Comment
    22:57:47.154 [Test worker] DEBUG org.hibernate.boot.model.internal.PropertyBinder -- MetadataSourceProcessor property id with lazy=false
    22:57:47.154 [Test worker] DEBUG org.hibernate.boot.model.internal.AbstractPropertyHolder -- Attempting to locate auto-apply AttributeConverter for property [com.taskflow.models.Comment:id]
    22:57:47.154 [Test worker] DEBUG org.hibernate.boot.model.internal.BasicValueBinder -- building BasicValue for id
    22:57:47.154 [Test worker] DEBUG org.hibernate.mapping.BasicValue -- Skipping column re-registration: comments.id
    22:57:47.154 [Test worker] DEBUG org.hibernate.boot.model.internal.PropertyBinder -- Building property id
    22:57:47.154 [Test worker] DEBUG org.hibernate.boot.model.internal.BinderHelper -- #makeIdGenerator(BasicValue([Column(id)]), id, identity, , ...)
    22:57:47.154 [Test worker] DEBUG org.hibernate.boot.model.internal.AnnotatedColumn -- Binding column: AnnotatedColumn()
    22:57:47.154 [Test worker] DEBUG org.hibernate.boot.model.internal.PropertyBinder -- MetadataSourceProcessor property content with lazy=false
    22:57:47.154 [Test worker] DEBUG org.hibernate.boot.model.internal.AbstractPropertyHolder -- Attempting to locate auto-apply AttributeConverter for property [com.taskflow.models.Comment:content]
    22:57:47.154 [Test worker] DEBUG org.hibernate.boot.model.internal.BasicValueBinder -- building BasicValue for content
    22:57:47.154 [Test worker] DEBUG org.hibernate.mapping.BasicValue -- Skipping column re-registration: comments.content
    22:57:47.154 [Test worker] DEBUG org.hibernate.boot.model.internal.PropertyBinder -- Building property content
    22:57:47.155 [Test worker] DEBUG org.hibernate.boot.model.internal.AnnotatedColumn -- Binding column: AnnotatedColumn(column='created_at')
    22:57:47.155 [Test worker] DEBUG org.hibernate.boot.model.internal.PropertyBinder -- MetadataSourceProcessor property createdAt with lazy=false
    22:57:47.155 [Test worker] DEBUG org.hibernate.boot.model.internal.AbstractPropertyHolder -- Attempting to locate auto-apply AttributeConverter for property [com.taskflow.models.Comment:createdAt]
    22:57:47.155 [Test worker] DEBUG org.hibernate.boot.model.internal.BasicValueBinder -- building BasicValue for createdAt
    22:57:47.155 [Test worker] DEBUG org.hibernate.mapping.BasicValue -- Skipping column re-registration: comments.created_at
    22:57:47.155 [Test worker] DEBUG org.hibernate.boot.model.internal.PropertyBinder -- Building property createdAt
    22:57:47.155 [Test worker] DEBUG org.hibernate.boot.model.internal.AnnotatedColumn -- Binding column: AnnotatedJoinColumn(column='task_id')
    22:57:47.155 [Test worker] DEBUG org.hibernate.boot.model.internal.AnnotatedColumn -- Binding column: AnnotatedColumn()
    22:57:47.155 [Test worker] DEBUG org.hibernate.boot.model.internal.PropertyBinder -- Building property task
    22:57:47.155 [Test worker] DEBUG org.hibernate.boot.model.internal.AnnotatedColumn -- Binding column: AnnotatedJoinColumn(column='user_id')
    22:57:47.155 [Test worker] DEBUG org.hibernate.boot.model.internal.AnnotatedColumn -- Binding column: AnnotatedColumn()
    22:57:47.155 [Test worker] DEBUG org.hibernate.boot.model.internal.PropertyBinder -- Building property user
    22:57:47.156 [Test worker] DEBUG org.hibernate.boot.model.internal.EntityBinder -- Binding entity from annotated class: com.taskflow.models.TaskActivityLog
    22:57:47.156 [Test worker] DEBUG org.hibernate.boot.model.internal.EntityBinder -- Import with entity name TaskActivityLog
    22:57:47.156 [Test worker] DEBUG org.hibernate.boot.model.internal.EntityBinder -- Bind entity com.taskflow.models.TaskActivityLog on table task_activity_log
    22:57:47.156 [Test worker] DEBUG org.hibernate.boot.model.internal.AnnotatedColumn -- Binding column: AnnotatedDiscriminatorColumn(column='DTYPE')
    22:57:47.157 [Test worker] DEBUG org.hibernate.boot.model.internal.AnnotatedColumn -- Binding column: AnnotatedColumn()
    22:57:47.157 [Test worker] DEBUG org.hibernate.boot.internal.ClassLoaderAccessImpl -- Not known whether passed class name [com.taskflow.models.TaskActivityLog] is safe
    22:57:47.157 [Test worker] DEBUG org.hibernate.boot.internal.ClassLoaderAccessImpl -- No temp ClassLoader provided; using live ClassLoader for loading potentially unsafe class : com.taskflow.models.TaskActivityLog
    22:57:47.157 [Test worker] DEBUG org.hibernate.boot.model.internal.PropertyBinder -- MetadataSourceProcessor property id with lazy=false
    22:57:47.157 [Test worker] DEBUG org.hibernate.boot.model.internal.AbstractPropertyHolder -- Attempting to locate auto-apply AttributeConverter for property [com.taskflow.models.TaskActivityLog:id]
    22:57:47.157 [Test worker] DEBUG org.hibernate.boot.model.internal.BasicValueBinder -- building BasicValue for id
    22:57:47.157 [Test worker] DEBUG org.hibernate.mapping.BasicValue -- Skipping column re-registration: task_activity_log.id
    22:57:47.157 [Test worker] DEBUG org.hibernate.boot.model.internal.PropertyBinder -- Building property id
    22:57:47.157 [Test worker] DEBUG org.hibernate.boot.model.internal.BinderHelper -- #makeIdGenerator(BasicValue([Column(id)]), id, identity, , ...)
    22:57:47.157 [Test worker] DEBUG org.hibernate.boot.model.internal.AnnotatedColumn -- Binding column: AnnotatedColumn()
    22:57:47.157 [Test worker] DEBUG org.hibernate.boot.model.internal.PropertyBinder -- MetadataSourceProcessor property action with lazy=false
    22:57:47.157 [Test worker] DEBUG org.hibernate.boot.model.internal.AbstractPropertyHolder -- Attempting to locate auto-apply AttributeConverter for property [com.taskflow.models.TaskActivityLog:action]
    22:57:47.157 [Test worker] DEBUG org.hibernate.boot.model.internal.BasicValueBinder -- building BasicValue for action
    22:57:47.157 [Test worker] DEBUG org.hibernate.mapping.BasicValue -- Skipping column re-registration: task_activity_log.action
    22:57:47.157 [Test worker] DEBUG org.hibernate.boot.model.internal.PropertyBinder -- Building property action
    22:57:47.157 [Test worker] DEBUG org.hibernate.boot.model.internal.AnnotatedColumn -- Binding column: AnnotatedColumn(column='created_at')
    22:57:47.157 [Test worker] DEBUG org.hibernate.boot.model.internal.PropertyBinder -- MetadataSourceProcessor property createdAt with lazy=false
    22:57:47.158 [Test worker] DEBUG org.hibernate.boot.model.internal.AbstractPropertyHolder -- Attempting to locate auto-apply AttributeConverter for property [com.taskflow.models.TaskActivityLog:createdAt]
    22:57:47.158 [Test worker] DEBUG org.hibernate.boot.model.internal.BasicValueBinder -- building BasicValue for createdAt
    22:57:47.158 [Test worker] DEBUG org.hibernate.mapping.BasicValue -- Skipping column re-registration: task_activity_log.created_at
    22:57:47.158 [Test worker] DEBUG org.hibernate.boot.model.internal.PropertyBinder -- Building property createdAt
    22:57:47.158 [Test worker] DEBUG org.hibernate.boot.model.internal.AnnotatedColumn -- Binding column: AnnotatedColumn(column='new_value')
    22:57:47.158 [Test worker] DEBUG org.hibernate.boot.model.internal.PropertyBinder -- MetadataSourceProcessor property newValue with lazy=false
    22:57:47.158 [Test worker] DEBUG org.hibernate.boot.model.internal.AbstractPropertyHolder -- Attempting to locate auto-apply AttributeConverter for property [com.taskflow.models.TaskActivityLog:newValue]
    22:57:47.158 [Test worker] DEBUG org.hibernate.boot.model.internal.BasicValueBinder -- building BasicValue for newValue
    22:57:47.158 [Test worker] DEBUG org.hibernate.mapping.BasicValue -- Skipping column re-registration: task_activity_log.new_value
    22:57:47.158 [Test worker] DEBUG org.hibernate.boot.model.internal.PropertyBinder -- Building property newValue
    22:57:47.158 [Test worker] DEBUG org.hibernate.boot.model.internal.AnnotatedColumn -- Binding column: AnnotatedColumn(column='old_value')
    22:57:47.158 [Test worker] DEBUG org.hibernate.boot.model.internal.PropertyBinder -- MetadataSourceProcessor property oldValue with lazy=false
    22:57:47.158 [Test worker] DEBUG org.hibernate.boot.model.internal.AbstractPropertyHolder -- Attempting to locate auto-apply AttributeConverter for property [com.taskflow.models.TaskActivityLog:oldValue]
    22:57:47.158 [Test worker] DEBUG org.hibernate.boot.model.internal.BasicValueBinder -- building BasicValue for oldValue
    22:57:47.158 [Test worker] DEBUG org.hibernate.mapping.BasicValue -- Skipping column re-registration: task_activity_log.old_value
    22:57:47.158 [Test worker] DEBUG org.hibernate.boot.model.internal.PropertyBinder -- Building property oldValue
    22:57:47.158 [Test worker] DEBUG org.hibernate.boot.model.internal.AnnotatedColumn -- Binding column: AnnotatedJoinColumn(column='task_id')
    22:57:47.158 [Test worker] DEBUG org.hibernate.boot.model.internal.AnnotatedColumn -- Binding column: AnnotatedColumn()
    22:57:47.158 [Test worker] DEBUG org.hibernate.boot.model.internal.PropertyBinder -- Building property task
    22:57:47.159 [Test worker] DEBUG org.hibernate.boot.model.internal.AnnotatedColumn -- Binding column: AnnotatedJoinColumn(column='user_id')
    22:57:47.159 [Test worker] DEBUG org.hibernate.boot.model.internal.AnnotatedColumn -- Binding column: AnnotatedColumn()
    22:57:47.159 [Test worker] DEBUG org.hibernate.boot.model.internal.PropertyBinder -- Building property user
    22:57:47.159 [Test worker] DEBUG org.hibernate.boot.model.internal.EntityBinder -- Binding entity from annotated class: com.taskflow.models.Task
    22:57:47.159 [Test worker] DEBUG org.hibernate.boot.model.internal.EntityBinder -- Import with entity name Task
    22:57:47.159 [Test worker] DEBUG org.hibernate.boot.model.internal.EntityBinder -- Bind entity com.taskflow.models.Task on table tasks
    22:57:47.160 [Test worker] DEBUG org.hibernate.boot.model.internal.AnnotatedColumn -- Binding column: AnnotatedDiscriminatorColumn(column='DTYPE')
    22:57:47.161 [Test worker] DEBUG org.hibernate.boot.model.internal.AnnotatedColumn -- Binding column: AnnotatedColumn()
    22:57:47.161 [Test worker] DEBUG org.hibernate.boot.internal.ClassLoaderAccessImpl -- Not known whether passed class name [com.taskflow.models.Task] is safe
    22:57:47.161 [Test worker] DEBUG org.hibernate.boot.internal.ClassLoaderAccessImpl -- No temp ClassLoader provided; using live ClassLoader for loading potentially unsafe class : com.taskflow.models.Task
    22:57:47.161 [Test worker] DEBUG org.hibernate.boot.model.internal.PropertyBinder -- MetadataSourceProcessor property id with lazy=false
    22:57:47.161 [Test worker] DEBUG org.hibernate.boot.model.internal.AbstractPropertyHolder -- Attempting to locate auto-apply AttributeConverter for property [com.taskflow.models.Task:id]
    22:57:47.161 [Test worker] DEBUG org.hibernate.boot.model.internal.BasicValueBinder -- building BasicValue for id
    22:57:47.161 [Test worker] DEBUG org.hibernate.mapping.BasicValue -- Skipping column re-registration: tasks.id
    22:57:47.161 [Test worker] DEBUG org.hibernate.boot.model.internal.PropertyBinder -- Building property id
    22:57:47.161 [Test worker] DEBUG org.hibernate.boot.model.internal.BinderHelper -- #makeIdGenerator(BasicValue([Column(id)]), id, identity, , ...)
    22:57:47.161 [Test worker] DEBUG org.hibernate.boot.model.internal.AnnotatedColumn -- Binding column: AnnotatedJoinColumn(column='assigned_to')
    22:57:47.161 [Test worker] DEBUG org.hibernate.boot.model.internal.AnnotatedColumn -- Binding column: AnnotatedColumn()
    22:57:47.161 [Test worker] DEBUG org.hibernate.boot.model.internal.PropertyBinder -- Building property assignedTo
    22:57:47.161 [Test worker] DEBUG org.hibernate.boot.model.internal.AnnotatedColumn -- Binding column: AnnotatedJoinColumn()
    22:57:47.162 [Test worker] DEBUG org.hibernate.boot.model.internal.AnnotatedColumn -- Binding column: AnnotatedColumn()
    22:57:47.162 [Test worker] DEBUG org.hibernate.boot.model.internal.AnnotatedColumn -- Binding column: IndexColumn(column='attachments_ORDER')
    22:57:47.162 [Test worker] DEBUG org.hibernate.boot.model.internal.AnnotatedColumn -- Binding column: AnnotatedColumn()
    22:57:47.162 [Test worker] DEBUG org.hibernate.boot.model.internal.AnnotatedColumn -- Binding column: AnnotatedColumn(column='attachments_KEY')
    22:57:47.162 [Test worker] DEBUG org.hibernate.boot.model.internal.AnnotatedColumn -- Binding column: AnnotatedJoinColumn(column='attachments_KEY')
    22:57:47.162 [Test worker] DEBUG org.hibernate.boot.model.internal.AnnotatedColumn -- Binding column: AnnotatedJoinColumn()
    22:57:47.162 [Test worker] DEBUG org.hibernate.boot.model.internal.AnnotatedColumn -- Binding column: AnnotatedJoinColumn()
    22:57:47.162 [Test worker] DEBUG org.hibernate.boot.model.internal.CollectionBinder -- Collection role: com.taskflow.models.Task.attachments
    22:57:47.162 [Test worker] DEBUG org.hibernate.boot.model.internal.PropertyBinder -- Building property attachments
    22:57:47.162 [Test worker] DEBUG org.hibernate.boot.model.internal.AnnotatedColumn -- Binding column: AnnotatedJoinColumn()
    22:57:47.162 [Test worker] DEBUG org.hibernate.boot.model.internal.AnnotatedColumn -- Binding column: AnnotatedColumn()
    22:57:47.163 [Test worker] DEBUG org.hibernate.boot.model.internal.AnnotatedColumn -- Binding column: IndexColumn(column='comments_ORDER')
    22:57:47.163 [Test worker] DEBUG org.hibernate.boot.model.internal.AnnotatedColumn -- Binding column: AnnotatedColumn()
    22:57:47.163 [Test worker] DEBUG org.hibernate.boot.model.internal.AnnotatedColumn -- Binding column: AnnotatedColumn(column='comments_KEY')
    22:57:47.163 [Test worker] DEBUG org.hibernate.boot.model.internal.AnnotatedColumn -- Binding column: AnnotatedJoinColumn(column='comments_KEY')
    22:57:47.163 [Test worker] DEBUG org.hibernate.boot.model.internal.AnnotatedColumn -- Binding column: AnnotatedJoinColumn()
    22:57:47.163 [Test worker] DEBUG org.hibernate.boot.model.internal.AnnotatedColumn -- Binding column: AnnotatedJoinColumn()
    22:57:47.163 [Test worker] DEBUG org.hibernate.boot.model.internal.CollectionBinder -- Collection role: com.taskflow.models.Task.comments
    22:57:47.163 [Test worker] DEBUG org.hibernate.boot.model.internal.PropertyBinder -- Building property comments
    22:57:47.163 [Test worker] DEBUG org.hibernate.boot.model.internal.AnnotatedColumn -- Binding column: AnnotatedColumn(column='created_at')
    22:57:47.163 [Test worker] DEBUG org.hibernate.boot.model.internal.PropertyBinder -- MetadataSourceProcessor property createdAt with lazy=false
    22:57:47.163 [Test worker] DEBUG org.hibernate.boot.model.internal.AbstractPropertyHolder -- Attempting to locate auto-apply AttributeConverter for property [com.taskflow.models.Task:createdAt]
    22:57:47.163 [Test worker] DEBUG org.hibernate.boot.model.internal.BasicValueBinder -- building BasicValue for createdAt
    22:57:47.163 [Test worker] DEBUG org.hibernate.mapping.BasicValue -- Skipping column re-registration: tasks.created_at
    22:57:47.163 [Test worker] DEBUG org.hibernate.boot.model.internal.PropertyBinder -- Building property createdAt
    22:57:47.163 [Test worker] DEBUG org.hibernate.boot.model.internal.AnnotatedColumn -- Binding column: AnnotatedColumn()
    22:57:47.163 [Test worker] DEBUG org.hibernate.boot.model.internal.PropertyBinder -- MetadataSourceProcessor property description with lazy=false
    22:57:47.163 [Test worker] DEBUG org.hibernate.boot.model.internal.AbstractPropertyHolder -- Attempting to locate auto-apply AttributeConverter for property [com.taskflow.models.Task:description]
    22:57:47.163 [Test worker] DEBUG org.hibernate.boot.model.internal.BasicValueBinder -- building BasicValue for description
    22:57:47.163 [Test worker] DEBUG org.hibernate.mapping.BasicValue -- Skipping column re-registration: tasks.description
    22:57:47.164 [Test worker] DEBUG org.hibernate.boot.model.internal.PropertyBinder -- Building property description
    22:57:47.164 [Test worker] DEBUG org.hibernate.boot.model.internal.AnnotatedColumn -- Binding column: AnnotatedColumn(column='due_date')
    22:57:47.164 [Test worker] DEBUG org.hibernate.boot.model.internal.PropertyBinder -- MetadataSourceProcessor property dueDate with lazy=false
    22:57:47.164 [Test worker] DEBUG org.hibernate.boot.model.internal.AbstractPropertyHolder -- Attempting to locate auto-apply AttributeConverter for property [com.taskflow.models.Task:dueDate]
    22:57:47.164 [Test worker] DEBUG org.hibernate.boot.model.internal.BasicValueBinder -- building BasicValue for dueDate
    22:57:47.164 [Test worker] DEBUG org.hibernate.mapping.BasicValue -- Skipping column re-registration: tasks.due_date
    22:57:47.164 [Test worker] DEBUG org.hibernate.boot.model.internal.PropertyBinder -- Building property dueDate
    22:57:47.164 [Test worker] DEBUG org.hibernate.boot.model.internal.AnnotatedColumn -- Binding column: IndexColumn(column='labels_ORDER')
    22:57:47.164 [Test worker] DEBUG org.hibernate.boot.model.internal.AnnotatedColumn -- Binding column: AnnotatedColumn()
    22:57:47.164 [Test worker] DEBUG org.hibernate.boot.model.internal.AnnotatedColumn -- Binding column: AnnotatedColumn(column='labels_KEY')
    22:57:47.164 [Test worker] DEBUG org.hibernate.boot.model.internal.AnnotatedColumn -- Binding column: AnnotatedJoinColumn(column='labels_KEY')
    22:57:47.164 [Test worker] DEBUG org.hibernate.boot.model.internal.AnnotatedColumn -- Binding column: AnnotatedJoinColumn(column='task_id')
    22:57:47.164 [Test worker] DEBUG org.hibernate.boot.model.internal.AnnotatedColumn -- Binding column: AnnotatedJoinColumn(column='label_id')
    22:57:47.164 [Test worker] DEBUG org.hibernate.boot.model.internal.CollectionBinder -- Collection role: com.taskflow.models.Task.labels
    22:57:47.165 [Test worker] DEBUG org.hibernate.boot.model.internal.PropertyBinder -- Building property labels
    22:57:47.165 [Test worker] DEBUG org.hibernate.boot.model.internal.AnnotatedColumn -- Binding column: AnnotatedColumn()
    22:57:47.165 [Test worker] DEBUG org.hibernate.boot.model.internal.PropertyBinder -- MetadataSourceProcessor property priority with lazy=false
    22:57:47.165 [Test worker] DEBUG org.hibernate.boot.model.internal.AbstractPropertyHolder -- Attempting to locate auto-apply AttributeConverter for property [com.taskflow.models.Task:priority]
    22:57:47.165 [Test worker] DEBUG org.hibernate.boot.model.internal.BasicValueBinder -- building BasicValue for priority
    22:57:47.165 [Test worker] DEBUG org.hibernate.mapping.BasicValue -- Skipping column re-registration: tasks.priority
    22:57:47.165 [Test worker] DEBUG org.hibernate.boot.model.internal.PropertyBinder -- Building property priority
    22:57:47.165 [Test worker] DEBUG org.hibernate.boot.model.internal.AnnotatedColumn -- Binding column: AnnotatedJoinColumn(column='project_id')
    22:57:47.165 [Test worker] DEBUG org.hibernate.boot.model.internal.AnnotatedColumn -- Binding column: AnnotatedColumn()
    22:57:47.165 [Test worker] DEBUG org.hibernate.boot.model.internal.PropertyBinder -- Building property project
    22:57:47.165 [Test worker] DEBUG org.hibernate.boot.model.internal.AnnotatedColumn -- Binding column: AnnotatedColumn()
    22:57:47.165 [Test worker] DEBUG org.hibernate.boot.model.internal.PropertyBinder -- MetadataSourceProcessor property status with lazy=false
    22:57:47.165 [Test worker] DEBUG org.hibernate.boot.model.internal.AbstractPropertyHolder -- Attempting to locate auto-apply AttributeConverter for property [com.taskflow.models.Task:status]
    22:57:47.165 [Test worker] DEBUG org.hibernate.boot.model.internal.BasicValueBinder -- building BasicValue for status
    22:57:47.165 [Test worker] DEBUG org.hibernate.mapping.BasicValue -- Skipping column re-registration: tasks.status
    22:57:47.165 [Test worker] DEBUG org.hibernate.boot.model.internal.PropertyBinder -- Building property status
    22:57:47.166 [Test worker] DEBUG org.hibernate.boot.model.internal.AnnotatedColumn -- Binding column: AnnotatedColumn()
    22:57:47.166 [Test worker] DEBUG org.hibernate.boot.model.internal.PropertyBinder -- MetadataSourceProcessor property title with lazy=false
    22:57:47.166 [Test worker] DEBUG org.hibernate.boot.model.internal.AbstractPropertyHolder -- Attempting to locate auto-apply AttributeConverter for property [com.taskflow.models.Task:title]
    22:57:47.166 [Test worker] DEBUG org.hibernate.boot.model.internal.BasicValueBinder -- building BasicValue for title
    22:57:47.166 [Test worker] DEBUG org.hibernate.mapping.BasicValue -- Skipping column re-registration: tasks.title
    22:57:47.166 [Test worker] DEBUG org.hibernate.boot.model.internal.PropertyBinder -- Building property title
    22:57:47.166 [Test worker] DEBUG org.hibernate.boot.model.internal.AnnotatedColumn -- Binding column: AnnotatedColumn(column='updated_at')
    22:57:47.166 [Test worker] DEBUG org.hibernate.boot.model.internal.PropertyBinder -- MetadataSourceProcessor property updatedAt with lazy=false
    22:57:47.166 [Test worker] DEBUG org.hibernate.boot.model.internal.AbstractPropertyHolder -- Attempting to locate auto-apply AttributeConverter for property [com.taskflow.models.Task:updatedAt]
    22:57:47.166 [Test worker] DEBUG org.hibernate.boot.model.internal.BasicValueBinder -- building BasicValue for updatedAt
    22:57:47.166 [Test worker] DEBUG org.hibernate.mapping.BasicValue -- Skipping column re-registration: tasks.updated_at
    22:57:47.166 [Test worker] DEBUG org.hibernate.boot.model.internal.PropertyBinder -- Building property updatedAt
    22:57:47.167 [Test worker] DEBUG org.hibernate.boot.model.internal.EntityBinder -- Binding entity from annotated class: com.taskflow.models.Label
    22:57:47.167 [Test worker] DEBUG org.hibernate.boot.model.internal.EntityBinder -- Import with entity name Label
    22:57:47.167 [Test worker] DEBUG org.hibernate.boot.model.internal.EntityBinder -- Bind entity com.taskflow.models.Label on table labels
    22:57:47.167 [Test worker] DEBUG org.hibernate.boot.model.internal.AnnotatedColumn -- Binding column: AnnotatedDiscriminatorColumn(column='DTYPE')
    22:57:47.168 [Test worker] DEBUG org.hibernate.boot.model.internal.AnnotatedColumn -- Binding column: AnnotatedColumn()
    22:57:47.168 [Test worker] DEBUG org.hibernate.boot.internal.ClassLoaderAccessImpl -- Not known whether passed class name [com.taskflow.models.Label] is safe
    22:57:47.168 [Test worker] DEBUG org.hibernate.boot.internal.ClassLoaderAccessImpl -- No temp ClassLoader provided; using live ClassLoader for loading potentially unsafe class : com.taskflow.models.Label
    22:57:47.168 [Test worker] DEBUG org.hibernate.boot.model.internal.PropertyBinder -- MetadataSourceProcessor property id with lazy=false
    22:57:47.168 [Test worker] DEBUG org.hibernate.boot.model.internal.AbstractPropertyHolder -- Attempting to locate auto-apply AttributeConverter for property [com.taskflow.models.Label:id]
    22:57:47.168 [Test worker] DEBUG org.hibernate.boot.model.internal.BasicValueBinder -- building BasicValue for id
    22:57:47.168 [Test worker] DEBUG org.hibernate.mapping.BasicValue -- Skipping column re-registration: labels.id
    22:57:47.168 [Test worker] DEBUG org.hibernate.boot.model.internal.PropertyBinder -- Building property id
    22:57:47.168 [Test worker] DEBUG org.hibernate.boot.model.internal.BinderHelper -- #makeIdGenerator(BasicValue([Column(id)]), id, identity, , ...)
    22:57:47.168 [Test worker] DEBUG org.hibernate.boot.model.internal.AnnotatedColumn -- Binding column: AnnotatedColumn()
    22:57:47.168 [Test worker] DEBUG org.hibernate.boot.model.internal.PropertyBinder -- MetadataSourceProcessor property color with lazy=false
    22:57:47.168 [Test worker] DEBUG org.hibernate.boot.model.internal.AbstractPropertyHolder -- Attempting to locate auto-apply AttributeConverter for property [com.taskflow.models.Label:color]
    22:57:47.168 [Test worker] DEBUG org.hibernate.boot.model.internal.BasicValueBinder -- building BasicValue for color
    22:57:47.168 [Test worker] DEBUG org.hibernate.mapping.BasicValue -- Skipping column re-registration: labels.color
    22:57:47.168 [Test worker] DEBUG org.hibernate.boot.model.internal.PropertyBinder -- Building property color
    22:57:47.168 [Test worker] DEBUG org.hibernate.boot.model.internal.AnnotatedColumn -- Binding column: AnnotatedColumn(column='created_at')
    22:57:47.168 [Test worker] DEBUG org.hibernate.boot.model.internal.PropertyBinder -- MetadataSourceProcessor property createdAt with lazy=false
    22:57:47.168 [Test worker] DEBUG org.hibernate.boot.model.internal.AbstractPropertyHolder -- Attempting to locate auto-apply AttributeConverter for property [com.taskflow.models.Label:createdAt]
    22:57:47.168 [Test worker] DEBUG org.hibernate.boot.model.internal.BasicValueBinder -- building BasicValue for createdAt
    22:57:47.168 [Test worker] DEBUG org.hibernate.mapping.BasicValue -- Skipping column re-registration: labels.created_at
    22:57:47.168 [Test worker] DEBUG org.hibernate.boot.model.internal.PropertyBinder -- Building property createdAt
    22:57:47.168 [Test worker] DEBUG org.hibernate.boot.model.internal.AnnotatedColumn -- Binding column: AnnotatedColumn()
    22:57:47.168 [Test worker] DEBUG org.hibernate.boot.model.internal.PropertyBinder -- MetadataSourceProcessor property name with lazy=false
    22:57:47.168 [Test worker] DEBUG org.hibernate.boot.model.internal.AbstractPropertyHolder -- Attempting to locate auto-apply AttributeConverter for property [com.taskflow.models.Label:name]
    22:57:47.168 [Test worker] DEBUG org.hibernate.boot.model.internal.BasicValueBinder -- building BasicValue for name
    22:57:47.168 [Test worker] DEBUG org.hibernate.mapping.BasicValue -- Skipping column re-registration: labels.name
    22:57:47.168 [Test worker] DEBUG org.hibernate.boot.model.internal.PropertyBinder -- Building property name
    22:57:47.169 [Test worker] DEBUG org.hibernate.boot.model.internal.AnnotatedColumn -- Binding column: IndexColumn(column='tasks_ORDER')
    22:57:47.169 [Test worker] DEBUG org.hibernate.boot.model.internal.AnnotatedColumn -- Binding column: AnnotatedColumn()
    22:57:47.169 [Test worker] DEBUG org.hibernate.boot.model.internal.AnnotatedColumn -- Binding column: AnnotatedColumn(column='tasks_KEY')
    22:57:47.169 [Test worker] DEBUG org.hibernate.boot.model.internal.AnnotatedColumn -- Binding column: AnnotatedJoinColumn(column='tasks_KEY')
    22:57:47.169 [Test worker] DEBUG org.hibernate.boot.model.internal.AnnotatedColumn -- Binding column: AnnotatedJoinColumn()
    22:57:47.169 [Test worker] DEBUG org.hibernate.boot.model.internal.AnnotatedColumn -- Binding column: AnnotatedJoinColumn()
    22:57:47.169 [Test worker] DEBUG org.hibernate.boot.model.internal.CollectionBinder -- Collection role: com.taskflow.models.Label.tasks
    22:57:47.169 [Test worker] DEBUG org.hibernate.boot.model.internal.PropertyBinder -- Building property tasks
    22:57:47.170 [Test worker] DEBUG org.hibernate.boot.model.internal.BasicValueBinder -- Starting `BasicValueBinder#fillSimpleValue` for id
    22:57:47.170 [Test worker] DEBUG org.hibernate.boot.model.internal.BasicValueBinder -- Starting `BasicValueBinder#fillSimpleValue` for createdAt
    22:57:47.170 [Test worker] DEBUG org.hibernate.boot.model.internal.BasicValueBinder -- Starting `BasicValueBinder#fillSimpleValue` for description
    22:57:47.170 [Test worker] DEBUG org.hibernate.boot.model.internal.BasicValueBinder -- Starting `BasicValueBinder#fillSimpleValue` for name
    22:57:47.170 [Test worker] DEBUG org.hibernate.boot.model.internal.BasicValueBinder -- Starting `BasicValueBinder#fillSimpleValue` for updatedAt
    22:57:47.170 [Test worker] DEBUG org.hibernate.boot.model.internal.BasicValueBinder -- Starting `BasicValueBinder#fillSimpleValue` for id
    22:57:47.170 [Test worker] DEBUG org.hibernate.boot.model.internal.BasicValueBinder -- Starting `BasicValueBinder#fillSimpleValue` for createdAt
    22:57:47.170 [Test worker] DEBUG org.hibernate.boot.model.internal.BasicValueBinder -- Starting `BasicValueBinder#fillSimpleValue` for role
    22:57:47.170 [Test worker] DEBUG org.hibernate.boot.model.internal.BasicValueBinder -- Starting `BasicValueBinder#fillSimpleValue` for id
    22:57:47.170 [Test worker] DEBUG org.hibernate.boot.model.internal.BasicValueBinder -- Starting `BasicValueBinder#fillSimpleValue` for filePath
    22:57:47.170 [Test worker] DEBUG org.hibernate.boot.model.internal.BasicValueBinder -- Starting `BasicValueBinder#fillSimpleValue` for uploadedAt
    22:57:47.170 [Test worker] DEBUG org.hibernate.boot.model.internal.BasicValueBinder -- Starting `BasicValueBinder#fillSimpleValue` for id
    22:57:47.170 [Test worker] DEBUG org.hibernate.boot.model.internal.BasicValueBinder -- Starting `BasicValueBinder#fillSimpleValue` for createdAt
    22:57:47.170 [Test worker] DEBUG org.hibernate.boot.model.internal.BasicValueBinder -- Starting `BasicValueBinder#fillSimpleValue` for email
    22:57:47.170 [Test worker] DEBUG org.hibernate.boot.model.internal.BasicValueBinder -- Starting `BasicValueBinder#fillSimpleValue` for password
    22:57:47.170 [Test worker] DEBUG org.hibernate.boot.model.internal.BasicValueBinder -- Starting `BasicValueBinder#fillSimpleValue` for updatedAt
    22:57:47.170 [Test worker] DEBUG org.hibernate.boot.model.internal.BasicValueBinder -- Starting `BasicValueBinder#fillSimpleValue` for username
    22:57:47.170 [Test worker] DEBUG org.hibernate.boot.model.internal.BasicValueBinder -- Starting `BasicValueBinder#fillSimpleValue` for id
    22:57:47.170 [Test worker] DEBUG org.hibernate.boot.model.internal.BasicValueBinder -- Starting `BasicValueBinder#fillSimpleValue` for content
    22:57:47.170 [Test worker] DEBUG org.hibernate.boot.model.internal.BasicValueBinder -- Starting `BasicValueBinder#fillSimpleValue` for createdAt
    22:57:47.170 [Test worker] DEBUG org.hibernate.boot.model.internal.BasicValueBinder -- Starting `BasicValueBinder#fillSimpleValue` for id
    22:57:47.170 [Test worker] DEBUG org.hibernate.boot.model.internal.BasicValueBinder -- Starting `BasicValueBinder#fillSimpleValue` for action
    22:57:47.170 [Test worker] DEBUG org.hibernate.boot.model.internal.BasicValueBinder -- Starting `BasicValueBinder#fillSimpleValue` for createdAt
    22:57:47.170 [Test worker] DEBUG org.hibernate.boot.model.internal.BasicValueBinder -- Starting `BasicValueBinder#fillSimpleValue` for newValue
    22:57:47.170 [Test worker] DEBUG org.hibernate.boot.model.internal.BasicValueBinder -- Starting `BasicValueBinder#fillSimpleValue` for oldValue
    22:57:47.170 [Test worker] DEBUG org.hibernate.boot.model.internal.BasicValueBinder -- Starting `BasicValueBinder#fillSimpleValue` for id
    22:57:47.170 [Test worker] DEBUG org.hibernate.boot.model.internal.BasicValueBinder -- Starting `BasicValueBinder#fillSimpleValue` for createdAt
    22:57:47.170 [Test worker] DEBUG org.hibernate.boot.model.internal.BasicValueBinder -- Starting `BasicValueBinder#fillSimpleValue` for description
    22:57:47.170 [Test worker] DEBUG org.hibernate.boot.model.internal.BasicValueBinder -- Starting `BasicValueBinder#fillSimpleValue` for dueDate
    22:57:47.170 [Test worker] DEBUG org.hibernate.boot.model.internal.BasicValueBinder -- Starting `BasicValueBinder#fillSimpleValue` for priority
    22:57:47.170 [Test worker] DEBUG org.hibernate.boot.model.internal.BasicValueBinder -- Starting `BasicValueBinder#fillSimpleValue` for status
    22:57:47.171 [Test worker] DEBUG org.hibernate.boot.model.internal.BasicValueBinder -- Starting `BasicValueBinder#fillSimpleValue` for title
    22:57:47.171 [Test worker] DEBUG org.hibernate.boot.model.internal.BasicValueBinder -- Starting `BasicValueBinder#fillSimpleValue` for updatedAt
    22:57:47.171 [Test worker] DEBUG org.hibernate.boot.model.internal.BasicValueBinder -- Starting `BasicValueBinder#fillSimpleValue` for id
    22:57:47.171 [Test worker] DEBUG org.hibernate.boot.model.internal.BasicValueBinder -- Starting `BasicValueBinder#fillSimpleValue` for color
    22:57:47.171 [Test worker] DEBUG org.hibernate.boot.model.internal.BasicValueBinder -- Starting `BasicValueBinder#fillSimpleValue` for createdAt
    22:57:47.171 [Test worker] DEBUG org.hibernate.boot.model.internal.BasicValueBinder -- Starting `BasicValueBinder#fillSimpleValue` for name
    22:57:47.171 [Test worker] DEBUG org.hibernate.mapping.PrimaryKey -- Forcing column [id] to be non-null as it is part of the primary key for table [projects]
    22:57:47.171 [Test worker] DEBUG org.hibernate.mapping.PrimaryKey -- Forcing column [id] to be non-null as it is part of the primary key for table [project_members]
    22:57:47.171 [Test worker] DEBUG org.hibernate.mapping.PrimaryKey -- Forcing column [id] to be non-null as it is part of the primary key for table [attachments]
    22:57:47.171 [Test worker] DEBUG org.hibernate.mapping.PrimaryKey -- Forcing column [id] to be non-null as it is part of the primary key for table [users]
    22:57:47.171 [Test worker] DEBUG org.hibernate.mapping.PrimaryKey -- Forcing column [id] to be non-null as it is part of the primary key for table [comments]
    22:57:47.171 [Test worker] DEBUG org.hibernate.mapping.PrimaryKey -- Forcing column [id] to be non-null as it is part of the primary key for table [task_activity_log]
    22:57:47.171 [Test worker] DEBUG org.hibernate.mapping.PrimaryKey -- Forcing column [id] to be non-null as it is part of the primary key for table [tasks]
    22:57:47.171 [Test worker] DEBUG org.hibernate.mapping.PrimaryKey -- Forcing column [id] to be non-null as it is part of the primary key for table [labels]
    22:57:47.171 [Test worker] DEBUG org.hibernate.boot.model.internal.CollectionSecondPass -- Second pass for collection: com.taskflow.models.Task.labels
    22:57:47.171 [Test worker] DEBUG org.hibernate.boot.model.internal.CollectionBinder -- Binding a ManyToMany: com.taskflow.models.Task.labels
    22:57:47.172 [Test worker] DEBUG org.hibernate.mapping.PrimaryKey -- Forcing column [task_id] to be non-null as it is part of the primary key for table [task_labels]
    22:57:47.172 [Test worker] DEBUG org.hibernate.mapping.PrimaryKey -- Forcing column [label_id] to be non-null as it is part of the primary key for table [task_labels]
    22:57:47.172 [Test worker] DEBUG org.hibernate.boot.model.internal.CollectionSecondPass -- Mapped collection key: task_id, element: label_id
    22:57:47.172 [Test worker] DEBUG org.hibernate.boot.model.internal.CollectionSecondPass -- Second pass for collection: com.taskflow.models.Project.members
    22:57:47.172 [Test worker] DEBUG org.hibernate.boot.model.internal.CollectionBinder -- Binding a OneToMany: com.taskflow.models.Project.members through a foreign key
    22:57:47.172 [Test worker] DEBUG org.hibernate.boot.model.internal.CollectionBinder -- Mapping collection: com.taskflow.models.Project.members -> project_members
    22:57:47.172 [Test worker] DEBUG org.hibernate.boot.model.internal.TableBinder -- Retrieving property com.taskflow.models.ProjectMember.project
    22:57:47.172 [Test worker] DEBUG org.hibernate.boot.model.internal.CollectionSecondPass -- Mapped collection key: project_id, one-to-many: com.taskflow.models.ProjectMember
    22:57:47.172 [Test worker] DEBUG org.hibernate.boot.model.internal.CollectionSecondPass -- Second pass for collection: com.taskflow.models.Project.tasks
    22:57:47.172 [Test worker] DEBUG org.hibernate.boot.model.internal.CollectionBinder -- Binding a OneToMany: com.taskflow.models.Project.tasks through a foreign key
    22:57:47.172 [Test worker] DEBUG org.hibernate.boot.model.internal.CollectionBinder -- Mapping collection: com.taskflow.models.Project.tasks -> tasks
    22:57:47.172 [Test worker] DEBUG org.hibernate.boot.model.internal.TableBinder -- Retrieving property com.taskflow.models.Task.project
    22:57:47.172 [Test worker] DEBUG org.hibernate.boot.model.internal.CollectionSecondPass -- Mapped collection key: project_id, one-to-many: com.taskflow.models.Task
    22:57:47.173 [Test worker] DEBUG org.hibernate.boot.model.internal.CollectionSecondPass -- Second pass for collection: com.taskflow.models.Task.attachments
    22:57:47.173 [Test worker] DEBUG org.hibernate.boot.model.internal.CollectionBinder -- Binding a OneToMany: com.taskflow.models.Task.attachments through a foreign key
    22:57:47.173 [Test worker] DEBUG org.hibernate.boot.model.internal.CollectionBinder -- Mapping collection: com.taskflow.models.Task.attachments -> attachments
    22:57:47.173 [Test worker] DEBUG org.hibernate.boot.model.internal.TableBinder -- Retrieving property com.taskflow.models.Attachment.task
    22:57:47.173 [Test worker] DEBUG org.hibernate.boot.model.internal.CollectionSecondPass -- Mapped collection key: task_id, one-to-many: com.taskflow.models.Attachment
    22:57:47.173 [Test worker] DEBUG org.hibernate.boot.model.internal.CollectionSecondPass -- Second pass for collection: com.taskflow.models.Task.comments
    22:57:47.173 [Test worker] DEBUG org.hibernate.boot.model.internal.CollectionBinder -- Binding a OneToMany: com.taskflow.models.Task.comments through a foreign key
    22:57:47.173 [Test worker] DEBUG org.hibernate.boot.model.internal.CollectionBinder -- Mapping collection: com.taskflow.models.Task.comments -> comments
    22:57:47.173 [Test worker] DEBUG org.hibernate.boot.model.internal.TableBinder -- Retrieving property com.taskflow.models.Comment.task
    22:57:47.173 [Test worker] DEBUG org.hibernate.boot.model.internal.CollectionSecondPass -- Mapped collection key: task_id, one-to-many: com.taskflow.models.Comment
    22:57:47.173 [Test worker] DEBUG org.hibernate.boot.model.internal.CollectionSecondPass -- Second pass for collection: com.taskflow.models.Label.tasks
    22:57:47.173 [Test worker] DEBUG org.hibernate.boot.model.internal.CollectionBinder -- Binding a ManyToMany: com.taskflow.models.Label.tasks
    22:57:47.173 [Test worker] DEBUG org.hibernate.boot.model.internal.TableBinder -- Retrieving property com.taskflow.models.Task.labels
    22:57:47.173 [Test worker] DEBUG org.hibernate.boot.model.internal.CollectionSecondPass -- Mapped collection key: label_id, element: task_id
    22:57:47.173 [Test worker] DEBUG org.hibernate.boot.internal.InFlightMetadataCollectorImpl -- Resolving reference to class: com.taskflow.models.Task
    22:57:47.173 [Test worker] DEBUG org.hibernate.boot.internal.InFlightMetadataCollectorImpl -- Resolving reference to class: com.taskflow.models.Task
    22:57:47.174 [Test worker] DEBUG org.hibernate.boot.internal.InFlightMetadataCollectorImpl -- Resolving reference to class: com.taskflow.models.User
    22:57:47.174 [Test worker] DEBUG org.hibernate.boot.internal.InFlightMetadataCollectorImpl -- Resolving reference to class: com.taskflow.models.Project
    22:57:47.174 [Test worker] DEBUG org.hibernate.boot.internal.InFlightMetadataCollectorImpl -- Resolving reference to class: com.taskflow.models.User
    22:57:47.174 [Test worker] DEBUG org.hibernate.boot.internal.InFlightMetadataCollectorImpl -- Resolving reference to class: com.taskflow.models.User
    22:57:47.174 [Test worker] DEBUG org.hibernate.boot.internal.InFlightMetadataCollectorImpl -- Resolving reference to class: com.taskflow.models.Task
    22:57:47.174 [Test worker] DEBUG org.hibernate.boot.internal.InFlightMetadataCollectorImpl -- Resolving reference to class: com.taskflow.models.User
    22:57:47.174 [Test worker] DEBUG org.hibernate.boot.internal.InFlightMetadataCollectorImpl -- Resolving reference to class: com.taskflow.models.Label
    22:57:47.174 [Test worker] DEBUG org.hibernate.boot.internal.InFlightMetadataCollectorImpl -- Resolving reference to class: com.taskflow.models.Task
    22:57:47.174 [Test worker] DEBUG org.hibernate.boot.internal.InFlightMetadataCollectorImpl -- Resolving reference to class: com.taskflow.models.User
    22:57:47.174 [Test worker] DEBUG org.hibernate.boot.internal.InFlightMetadataCollectorImpl -- Resolving reference to class: com.taskflow.models.Project
    22:57:47.176 [Test worker] DEBUG org.hibernate.boot.internal.InFlightMetadataCollectorImpl -- Resolving reference to class: com.taskflow.models.Task
    22:57:47.176 [Test worker] DEBUG org.hibernate.boot.internal.InFlightMetadataCollectorImpl -- Resolving reference to class: com.taskflow.models.Task
    22:57:47.176 [Test worker] DEBUG org.hibernate.boot.internal.InFlightMetadataCollectorImpl -- Resolving reference to class: com.taskflow.models.User
    22:57:47.176 [Test worker] DEBUG org.hibernate.boot.internal.InFlightMetadataCollectorImpl -- Resolving reference to class: com.taskflow.models.Project
    22:57:47.176 [Test worker] DEBUG org.hibernate.boot.internal.InFlightMetadataCollectorImpl -- Resolving reference to class: com.taskflow.models.User
    22:57:47.176 [Test worker] DEBUG org.hibernate.boot.internal.InFlightMetadataCollectorImpl -- Resolving reference to class: com.taskflow.models.User
    22:57:47.176 [Test worker] DEBUG org.hibernate.boot.internal.InFlightMetadataCollectorImpl -- Resolving reference to class: com.taskflow.models.Task
    22:57:47.176 [Test worker] DEBUG org.hibernate.boot.internal.InFlightMetadataCollectorImpl -- Resolving reference to class: com.taskflow.models.User
    22:57:47.176 [Test worker] DEBUG org.hibernate.boot.internal.InFlightMetadataCollectorImpl -- Resolving reference to class: com.taskflow.models.Label
    22:57:47.176 [Test worker] DEBUG org.hibernate.boot.internal.InFlightMetadataCollectorImpl -- Resolving reference to class: com.taskflow.models.Task
    22:57:47.176 [Test worker] DEBUG org.hibernate.boot.internal.InFlightMetadataCollectorImpl -- Resolving reference to class: com.taskflow.models.User
    22:57:47.176 [Test worker] DEBUG org.hibernate.boot.internal.InFlightMetadataCollectorImpl -- Resolving reference to class: com.taskflow.models.Project
    22:57:47.177 [Test worker] DEBUG io.micronaut.context.lifecycle -- Created bean [org.hibernate.boot.internal.MetadataImpl@7a087132] from definition [Definition: io.micronaut.configuration.hibernate.jpa.conf.SessionFactoryPerDataSourceFactory] with qualifier [@Named('default')]
    22:57:47.177 [Test worker] DEBUG org.hibernate.bytecode.internal.BytecodeProviderInitiator -- HHH000021: Bytecode provider name : bytebuddy
    22:57:47.178 [Test worker] DEBUG io.micronaut.context.lifecycle -- Created bean [org.hibernate.boot.internal.SessionFactoryBuilderImpl@5d8c03cc] from definition [Definition: io.micronaut.configuration.hibernate.jpa.conf.SessionFactoryPerDataSourceFactory] with qualifier [@Named('default')]
    22:57:47.178 [Test worker] DEBUG org.hibernate.internal.SessionFactoryImpl -- Building session factory
    22:57:47.179 [Test worker] DEBUG org.hibernate.service.internal.SessionFactoryServiceRegistryImpl -- EventListenerRegistry access via ServiceRegistry is deprecated.  Use `sessionFactory.getEventEngine().getListenerRegistry()` instead
    22:57:47.179 [Test worker] DEBUG org.hibernate.internal.SessionFactoryImpl -- Instantiating SessionFactory with settings: {hibernate.format_sql=true, java.specification.version=21, hibernate.resource.beans.container=io.micronaut.configuration.hibernate.jpa.conf.settings.internal.MicronautContainerSettingsSupplier$1@539570b8, sun.jnu.encoding=UTF-8, hibernate.dialect=org.hibernate.dialect.H2Dialect, org.gradle.test.worker=28, java.class.path=/home/colton/.gradle/caches/8.9/workerMain/gradle-worker.jar:/home/colton/Repos/taskflow/backend/build/classes/kotlin/test:/home/colton/Repos/taskflow/backend/build/tmp/kapt3/classes/test:/home/colton/Repos/taskflow/backend/build/resources/test:/home/colton/Repos/taskflow/backend/build/classes/kotlin/main:/home/colton/Repos/taskflow/backend/build/tmp/kapt3/classes/main:/home/colton/Repos/taskflow/backend/build/resources/main:/home/colton/.gradle/caches/modules-2/files-2.1/io.micronaut.data/micronaut-data-hibernate-jpa/4.3.1/1309497d6984c955480a8ecbcfe2a93014ae5905/micronaut-data-hibernate-jpa-4.3.1.jar:/home/colton/.gradle/caches/modules-2/files-2.1/io.micronaut.flyway/micronaut-flyway/6.2.1/bc768500c60f809f721c6537aa2ec2bed5fa0901/micronaut-flyway-6.2.1.jar:/home/colton/.gradle/caches/modules-2/files-2.1/io.micronaut.kotlin/micronaut-kotlin-runtime/4.1.0/d06790ba44926aa67c34102bd826609485f86849/micronaut-kotlin-runtime-4.1.0.jar:/home/colton/.gradle/caches/modules-2/files-2.1/io.micronaut.sql/micronaut-jdbc-hikari/5.2.0/63ee1a3c1676c3b51d2d3b7d68fcc6a79fb89a41/micronaut-jdbc-hikari-5.2.0.jar:/home/colton/.gradle/caches/modules-2/files-2.1/io.micronaut.test/micronaut-test-junit5/4.1.1/dcc0aacccdfa780dbd2a3c4de0fac97d9ee6745b/micronaut-test-junit5-4.1.1.jar:/home/colton/.gradle/caches/modules-2/files-2.1/io.micronaut.sql/micronaut-hibernate-jpa/5.2.0/f68b69a6b37a3b049b98da651878db8c76735062/micronaut-hibernate-jpa-5.2.0.jar:/home/colton/.gradle/caches/modules-2/files-2.1/io.micronaut.validation/micronaut-validation/4.2.0/20dfed8b73d1c02255cf6b1b4ab6ce4de8bac7e6/micronaut-validation-4.2.0.jar:/home/colton/.gradle/caches/modules-2/files-2.1/io.micronaut.data/micronaut-data-jpa/4.3.1/11102b294a7d06f49d9c178fe0575872cd6f0b4d/micronaut-data-jpa-4.3.1.jar:/home/colton/.gradle/caches/modules-2/files-2.1/io.micronaut.data/micronaut-data-runtime/4.3.1/255babdd96fb1f68b20797ba02320c5ccd895256/micronaut-data-runtime-4.3.1.jar:/home/colton/.gradle/caches/modules-2/files-2.1/io.micronaut.data/micronaut-data-model/4.3.1/fa4ac59d85ea2acbf572e4329d056ea3f705d81d/micronaut-data-model-4.3.1.jar:/home/colton/.gradle/caches/modules-2/files-2.1/io.micronaut.data/micronaut-data-tx-hibernate/4.3.1/6f1cf10363f422dc05600211ac1eead18116d50/micronaut-data-tx-hibernate-4.3.1.jar:/home/colton/.gradle/caches/modules-2/files-2.1/io.micronaut.data/micronaut-data-tx-jdbc/4.3.1/3d99f5300870007b61ef0b73c0acb10b782efe8f/micronaut-data-tx-jdbc-4.3.1.jar:/home/colton/.gradle/caches/modules-2/files-2.1/io.micronaut.data/micronaut-data-connection-jdbc/4.3.1/fff9281653828ea96ded9a563cb83c12e440e4b6/micronaut-data-connection-jdbc-4.3.1.jar:/home/colton/.gradle/caches/modules-2/files-2.1/io.micronaut.sql/micronaut-jdbc/5.2.0/968572bd5f4a8574f70e70274c1f05961ef4d782/micronaut-jdbc-5.2.0.jar:/home/colton/.gradle/caches/modules-2/files-2.1/io.micronaut.reactor/micronaut-reactor/3.1.0/e888487cfd99f08067c90a8344e6ab66a3f12a80/micronaut-reactor-3.1.0.jar:/home/colton/.gradle/caches/modules-2/files-2.1/io.micronaut.test/micronaut-test-core/4.1.1/3e580112f23608715c566de53c24794ce7d92531/micronaut-test-core-4.1.1.jar:/home/colton/.gradle/caches/modules-2/files-2.1/io.micronaut.data/micronaut-data-tx/4.3.1/9ca86252599db99359ba12ed0c3a0071d4440e93/micronaut-data-tx-4.3.1.jar:/home/colton/.gradle/caches/modules-2/files-2.1/io.micronaut.data/micronaut-data-connection-hibernate/4.3.1/f8401cdea596e62282ac87778d6268948ce74983/micronaut-data-connection-hibernate-4.3.1.jar:/home/colton/.gradle/caches/modules-2/files-2.1/io.micronaut.data/micronaut-data-connection/4.3.1/5b65445ece6a095e943e6fd8f9280cb10099fc11/micronaut-data-connection-4.3.1.jar:/home/colton/.gradle/caches/modules-2/files-2.1/io.micronaut/micronaut-runtime/4.2.1/e53359858266d47a2d176f90cb09a5855f7af291/micronaut-runtime-4.2.1.jar:/home/colton/.gradle/caches/modules-2/files-2.1/io.micronaut/micronaut-http-client/4.2.1/93a2ee7eba6f57af16456a4826c708850a43b433/micronaut-http-client-4.2.1.jar:/home/colton/.gradle/caches/modules-2/files-2.1/io.micronaut/micronaut-websocket/4.2.1/61c8f84fd66872f7af6047d3cf6ecab81b6c160c/micronaut-websocket-4.2.1.jar:/home/colton/.gradle/caches/modules-2/files-2.1/io.micronaut/micronaut-http-client-core/4.2.1/39c6593216611ea2ef3f9e9ccdce8384f090726c/micronaut-http-client-core-4.2.1.jar:/home/colton/.gradle/caches/modules-2/files-2.1/io.micronaut/micronaut-management/4.2.1/15488755c9bf9995eb7f545c49385d53ec443c2a/micronaut-management-4.2.1.jar:/home/colton/.gradle/caches/modules-2/files-2.1/io.micronaut/micronaut-discovery-core/4.2.1/1cec2ccaacd0bb09a837ca9b32f0e0ea92c22584/micronaut-discovery-core-4.2.1.jar:/home/colton/.gradle/caches/modules-2/files-2.1/io.micronaut/micronaut-http-server-netty/4.2.1/66fd64ed96e202cb876ecee9ebb73266e4f4bc80/micronaut-http-server-netty-4.2.1.jar:/home/colton/.gradle/caches/modules-2/files-2.1/io.micronaut/micronaut-http-netty/4.2.1/81922b868590639e0fd0a76107af2fe282173e78/micronaut-http-netty-4.2.1.jar:/home/colton/.gradle/caches/modules-2/files-2.1/io.micronaut/micronaut-http-server/4.2.1/a92d689e67f877986ad9cb74b769135b0fb02dac/micronaut-http-server-4.2.1.jar:/home/colton/.gradle/caches/modules-2/files-2.1/io.micronaut/micronaut-jackson-databind/4.2.1/a91a8f91b653c40e29906a752bf6d97495579941/micronaut-jackson-databind-4.2.1.jar:/home/colton/.gradle/caches/modules-2/files-2.1/io.micronaut/micronaut-jackson-core/4.2.1/b48f9cf814117966665ecb783e5bcffecace38e7/micronaut-jackson-core-4.2.1.jar:/home/colton/.gradle/caches/modules-2/files-2.1/io.micronaut/micronaut-json-core/4.2.1/6587d06cb2c675760097fe3021b6bf705b1ea792/micronaut-json-core-4.2.1.jar:/home/colton/.gradle/caches/modules-2/files-2.1/io.micronaut/micronaut-router/4.2.1/ef94c85be84a614417097924580c29f2e6fbd63b/micronaut-router-4.2.1.jar:/home/colton/.gradle/caches/modules-2/files-2.1/io.micronaut/micronaut-http/4.2.1/e8b6bbd559a1b1bc928303a5eea8f63263a983c8/micronaut-http-4.2.1.jar:/home/colton/.gradle/caches/modules-2/files-2.1/io.micronaut/micronaut-context-propagation/4.2.1/8477e046a0f41d778bdc281e7e03c5b2fd13beff/micronaut-context-propagation-4.2.1.jar:/home/colton/.gradle/caches/modules-2/files-2.1/io.micronaut/micronaut-retry/4.2.1/4a6a5d523b19c955ae75b093f8357dbe5fe62a68/micronaut-retry-4.2.1.jar:/home/colton/.gradle/caches/modules-2/files-2.1/io.micronaut/micronaut-context/4.2.1/c4e121ae623bcacc943ff53d101631ca5d6508a9/micronaut-context-4.2.1.jar:/home/colton/.gradle/caches/modules-2/files-2.1/io.micronaut/micronaut-aop/4.2.1/d813d7cc7d6d05ba392913b5c5a7b30604e23fca/micronaut-aop-4.2.1.jar:/home/colton/.gradle/caches/modules-2/files-2.1/io.micronaut/micronaut-buffer-netty/4.2.1/a23b2806c0f0a73904bebeaec8b7a4fdf72d38f3/micronaut-buffer-netty-4.2.1.jar:/home/colton/.gradle/caches/modules-2/files-2.1/io.micronaut/micronaut-inject/4.2.1/c8ddd7e2d28665c31691020a26557f254244acdc/micronaut-inject-4.2.1.jar:/home/colton/.gradle/caches/modules-2/files-2.1/io.mockk/mockk-jvm/1.13.8/eac6861e0fe27adfd0bdf1109893b91806105cba/mockk-jvm-1.13.8.jar:/home/colton/.gradle/caches/modules-2/files-2.1/io.mockk/mockk-dsl-jvm/1.13.8/221f6638f7b4216b08266e6ab826f22dff46e0fa/mockk-dsl-jvm-1.13.8.jar:/home/colton/.gradle/caches/modules-2/files-2.1/io.mockk/mockk-agent-jvm/1.13.8/79d1017369f8ce49ac5cc08400c6b652d263490b/mockk-agent-jvm-1.13.8.jar:/home/colton/.gradle/caches/modules-2/files-2.1/io.mockk/mockk-core-jvm/1.13.8/4d7b2de28a0384827272fef9266172d73c3bbd36/mockk-core-jvm-1.13.8.jar:/home/colton/.gradle/caches/modules-2/files-2.1/org.jetbrains.kotlin/kotlin-reflect/1.9.23/ab01e1cc8428c2140891318838ad7039f6fa389a/kotlin-reflect-1.9.23.jar:/home/colton/.gradle/caches/modules-2/files-2.1/org.jetbrains.kotlin/kotlin-test-junit5/1.9.23/2e91005f3f1e9ccf31ebe498dce63199963ff1f1/kotlin-test-junit5-1.9.23.jar:/home/colton/.gradle/caches/modules-2/files-2.1/org.jetbrains.kotlin/kotlin-test/1.9.23/c0bfb6d288568761c098f08b74d078175a9aa40b/kotlin-test-1.9.23.jar:/home/colton/.gradle/caches/modules-2/files-2.1/io.mockk/mockk-agent-api-jvm/1.13.8/be15c6ed2a3a5c4660972da44ebe7b01add2d72e/mockk-agent-api-jvm-1.13.8.jar:/home/colton/.gradle/caches/modules-2/files-2.1/org.jetbrains.kotlinx/kotlinx-coroutines-core-jvm/1.7.3/2b09627576f0989a436a00a4a54b55fa5026fb86/kotlinx-coroutines-core-jvm-1.7.3.jar:/home/colton/.gradle/caches/modules-2/files-2.1/org.jetbrains.kotlin/kotlin-stdlib-jdk8/1.9.21/290a25c998941b1c904d2cef480fd56be7ae9d7/kotlin-stdlib-jdk8-1.9.21.jar:/home/colton/.gradle/caches/modules-2/files-2.1/org.jetbrains.kotlin/kotlin-stdlib-jdk7/1.9.21/2d2c2b1d441e48ed37383e42f133339691436425/kotlin-stdlib-jdk7-1.9.21.jar:/home/colton/.gradle/caches/modules-2/files-2.1/org.jetbrains.kotlin/kotlin-stdlib/1.9.23/dbaadea1f5e68f790d242a91a38355a83ec38747/kotlin-stdlib-1.9.23.jar:/home/colton/.gradle/caches/modules-2/files-2.1/jakarta.annotation/jakarta.annotation-api/2.1.1/48b9bda22b091b1f48b13af03fe36db3be6e1ae3/jakarta.annotation-api-2.1.1.jar:/home/colton/.gradle/caches/modules-2/files-2.1/org.yaml/snakeyaml/2.0/3aab2116756442bf0d4cd1c089b24d34c3baa253/snakeyaml-2.0.jar:/home/colton/.gradle/caches/modules-2/files-2.1/ch.qos.logback/logback-classic/1.4.13/8cc74dbbf8d31fb32862dfe19793fff9a54c22b0/logback-classic-1.4.13.jar:/home/colton/.gradle/caches/modules-2/files-2.1/org.postgresql/postgresql/42.6.0/7614cfce466145b84972781ab0079b8dea49e363/postgresql-42.6.0.jar:/home/colton/.gradle/caches/modules-2/files-2.1/org.graalvm.buildtools/junit-platform-native/0.9.28/8080b84eee8ed37d8a937d8a0f22184071b7867a/junit-platform-native-0.9.28.jar:/home/colton/.gradle/caches/modules-2/files-2.1/org.junit.jupiter/junit-jupiter/5.10.1/6e5c7dd668d6349cb99e52ab8321e73479a309bc/junit-jupiter-5.10.1.jar:/home/colton/.gradle/caches/modules-2/files-2.1/org.junit.jupiter/junit-jupiter-engine/5.10.1/6c9ff773f9aa842b91d1f2fe4658973252ce2428/junit-jupiter-engine-5.10.1.jar:/home/colton/.gradle/caches/modules-2/files-2.1/org.junit.platform/junit-platform-console/1.10.1/cc33ad8f6e905de50c2f788cea59ff3902e3ec65/junit-platform-console-1.10.1.jar:/home/colton/.gradle/caches/modules-2/files-2.1/org.junit.platform/junit-platform-reporting/1.10.1/e465355693e34644500c7153a6f3657c29f400f5/junit-platform-reporting-1.10.1.jar:/home/colton/.gradle/caches/modules-2/files-2.1/org.junit.platform/junit-platform-launcher/1.10.1/ce85bf5e38bee0989ded9bd468dd4ff78dc0cfa8/junit-platform-launcher-1.10.1.jar:/home/colton/.gradle/caches/modules-2/files-2.1/org.junit.platform/junit-platform-engine/1.10.1/f32ae4af74fde68414b8a3d2b7cf1fb43824a83a/junit-platform-engine-1.10.1.jar:/home/colton/.gradle/caches/modules-2/files-2.1/org.junit.jupiter/junit-jupiter-params/5.10.1/c8f15d4e99940c4564098af78c10809c00fdca06/junit-jupiter-params-5.10.1.jar:/home/colton/.gradle/caches/modules-2/files-2.1/org.junit.platform/junit-platform-commons/1.10.1/2bfcd4a4e38b10c671b6916d7e543c20afe25579/junit-platform-commons-1.10.1.jar:/home/colton/.gradle/caches/modules-2/files-2.1/org.junit.jupiter/junit-jupiter-api/5.10.1/eb90c7d8bfaae8fdc97b225733fcb595ddd72843/junit-jupiter-api-5.10.1.jar:/home/colton/.gradle/caches/modules-2/files-2.1/com.h2database/h2/2.2.224/7bdade27d8cd197d9b5ce9dc251f41d2edc5f7ad/h2-2.2.224.jar:/home/colton/.gradle/caches/modules-2/files-2.1/org.jetbrains/annotations/23.0.0/8cc20c07506ec18e0834947b84a864bfc094484e/annotations-23.0.0.jar:/home/colton/.gradle/caches/modules-2/files-2.1/com.fasterxml.jackson.module/jackson-module-kotlin/2.15.3/36ea7813ada694e67f562ff1dc6f3b47883e373/jackson-module-kotlin-2.15.3.jar:/home/colton/.gradle/caches/modules-2/files-2.1/org.flywaydb/flyway-core/9.22.3/76519923a547892f0108b99d1e7b06dcb4727ecd/flyway-core-9.22.3.jar:/home/colton/.gradle/caches/modules-2/files-2.1/com.fasterxml.jackson.dataformat/jackson-dataformat-toml/2.15.3/94d1222e3ee02f8d44a0ad6a5f7476d0833e654a/jackson-dataformat-toml-2.15.3.jar:/home/colton/.gradle/caches/modules-2/files-2.1/com.fasterxml.jackson.datatype/jackson-datatype-jdk8/2.15.3/80158cb020c7bd4e4ba94d8d752a65729dc943b2/jackson-datatype-jdk8-2.15.3.jar:/home/colton/.gradle/caches/modules-2/files-2.1/com.fasterxml.jackson.datatype/jackson-datatype-jsr310/2.15.3/4a20a0e104931bfa72f24ef358c2eb63f1ef2aaf/jackson-datatype-jsr310-2.15.3.jar:/home/colton/.gradle/caches/modules-2/files-2.1/com.fasterxml.jackson.core/jackson-databind/2.15.3/a734bc2c47a9453c4efa772461a3aeb273c010d9/jackson-databind-2.15.3.jar:/home/colton/.gradle/caches/modules-2/files-2.1/com.fasterxml.jackson.core/jackson-annotations/2.15.3/79baf4e605eb3bbb60b1c475d44a7aecceea1d60/jackson-annotations-2.15.3.jar:/home/colton/.gradle/caches/modules-2/files-2.1/com.fasterxml.jackson.core/jackson-core/2.15.3/60d600567c1862840397bf9ff5a92398edc5797b/jackson-core-2.15.3.jar:/home/colton/.gradle/caches/modules-2/files-2.1/io.netty/netty-handler-proxy/4.1.101.Final/c198ee61abba7ae6b3cb6b1033f04fb0ae79d512/netty-handler-proxy-4.1.101.Final.jar:/home/colton/.gradle/caches/modules-2/files-2.1/io.netty/netty-codec-http2/4.1.101.Final/40590da6c615b852384542051330e9fd51d4c4b1/netty-codec-http2-4.1.101.Final.jar:/home/colton/.gradle/caches/modules-2/files-2.1/io.netty/netty-codec-http/4.1.101.Final/c648f863b301e3fc62d0de098ec61be7628b8ea2/netty-codec-http-4.1.101.Final.jar:/home/colton/.gradle/caches/modules-2/files-2.1/io.netty/netty-codec-socks/4.1.101.Final/cbaac9e2c2d7b86e4c1bda220cde49949c9bcaee/netty-codec-socks-4.1.101.Final.jar:/home/colton/.gradle/caches/modules-2/files-2.1/io.netty/netty-handler/4.1.101.Final/7800aea949bf95f63df73166d144e49405b279dd/netty-handler-4.1.101.Final.jar:/home/colton/.gradle/caches/modules-2/files-2.1/io.netty/netty-codec/4.1.101.Final/642523c57c4be15b8b461be7b1532262d193bbb3/netty-codec-4.1.101.Final.jar:/home/colton/.gradle/caches/modules-2/files-2.1/io.netty/netty-transport-native-unix-common/4.1.101.Final/d0697ef1d71c6111a1b18a387fa985fd6398ace2/netty-transport-native-unix-common-4.1.101.Final.jar:/home/colton/.gradle/caches/modules-2/files-2.1/io.netty/netty-transport/4.1.101.Final/b36cc2337b4a4135df7ee2f2d77431c3b541dc5/netty-transport-4.1.101.Final.jar:/home/colton/.gradle/caches/modules-2/files-2.1/io.netty/netty-buffer/4.1.101.Final/a4d94fd6cdf7a37b15237e32434afd6b955cc591/netty-buffer-4.1.101.Final.jar:/home/colton/.gradle/caches/modules-2/files-2.1/io.projectreactor/reactor-core/3.5.11/db2299757f562261eb775d13658e86ff06f91e8a/reactor-core-3.5.11.jar:/home/colton/.gradle/caches/modules-2/files-2.1/io.micronaut/micronaut-core-reactive/4.2.1/37c8635fef2a449225c9ccf1d79fdc9354d4f19a/micronaut-core-reactive-4.2.1.jar:/home/colton/.gradle/caches/modules-2/files-2.1/org.reactivestreams/reactive-streams/1.0.4/3864a1320d97d7b045f729a326e1e077661f31b7/reactive-streams-1.0.4.jar:/home/colton/.gradle/caches/modules-2/files-2.1/io.micronaut/micronaut-core/4.2.1/a744d64e9e45502780b6628cff2c91d79529c81f/micronaut-core-4.2.1.jar:/home/colton/.gradle/caches/modules-2/files-2.1/org.hibernate.orm/hibernate-core/6.2.13.Final/de458672b40154ab9ecfe7466987ad1772167af8/hibernate-core-6.2.13.Final.jar:/home/colton/.gradle/caches/modules-2/files-2.1/jakarta.persistence/jakarta.persistence-api/3.1.0/66901fa1c373c6aff65c13791cc11da72060a8d6/jakarta.persistence-api-3.1.0.jar:/home/colton/.gradle/caches/modules-2/files-2.1/jakarta.transaction/jakarta.transaction-api/2.0.1/51a520e3fae406abb84e2e1148e6746ce3f80a1a/jakarta.transaction-api-2.0.1.jar:/home/colton/.gradle/caches/modules-2/files-2.1/ch.qos.logback/logback-core/1.4.13/df492b2a46869d739eb0e4922eae39ec5ba8cdcf/logback-core-1.4.13.jar:/home/colton/.gradle/caches/modules-2/files-2.1/com.zaxxer/HikariCP/5.1.0/8c96e36c14461fc436bb02b264b96ef3ca5dca8c/HikariCP-5.1.0.jar:/home/colton/.gradle/caches/modules-2/files-2.1/org.slf4j/slf4j-api/2.0.9/7cf2726fdcfbc8610f9a71fb3ed639871f315340/slf4j-api-2.0.9.jar:/home/colton/.gradle/caches/modules-2/files-2.1/jakarta.validation/jakarta.validation-api/3.0.2/92b6631659ba35ca09e44874d3eb936edfeee532/jakarta.validation-api-3.0.2.jar:/home/colton/.gradle/caches/modules-2/files-2.1/junit/junit/4.13.2/8ac9e16d933b6fb43bc7f576336b8f4d7eb5ba12/junit-4.13.2.jar:/home/colton/.gradle/caches/modules-2/files-2.1/org.opentest4j/opentest4j/1.3.0/152ea56b3a72f655d4fd677fc0ef2596c3dd5e6e/opentest4j-1.3.0.jar:/home/colton/.gradle/caches/modules-2/files-2.1/io.netty/netty-resolver/4.1.101.Final/5e7eddfa4dfffcbd375d265d1fd08297df94f82f/netty-resolver-4.1.101.Final.jar:/home/colton/.gradle/caches/modules-2/files-2.1/io.netty/netty-common/4.1.101.Final/bdb16e4d308b5757123decc886896815d1daf7a3/netty-common-4.1.101.Final.jar:/home/colton/.gradle/caches/modules-2/files-2.1/jakarta.inject/jakarta.inject-api/2.0.1/4c28afe1991a941d7702fe1362c365f0a8641d1e/jakarta.inject-api-2.0.1.jar:/home/colton/.gradle/caches/modules-2/files-2.1/com.typesafe/config/1.4.3/b57e0fbdc7270d8ea59c1ba367457a5cc7ba0e98/config-1.4.3.jar:/home/colton/.gradle/caches/modules-2/files-2.1/org.checkerframework/checker-qual/3.31.0/eeefd4af42e2f4221d145c1791582f91868f99ab/checker-qual-3.31.0.jar:/home/colton/.gradle/caches/modules-2/files-2.1/org.hamcrest/hamcrest-core/1.3/42a25dc3219429f0e5d060061f71acb49bf010a0/hamcrest-core-1.3.jar:/home/colton/.gradle/caches/modules-2/files-2.1/org.jboss.logging/jboss-logging/3.5.0.Final/c19307cc11f28f5e2679347e633a3294d865334d/jboss-logging-3.5.0.Final.jar:/home/colton/.gradle/caches/modules-2/files-2.1/org.hibernate.common/hibernate-commons-annotations/6.0.6.Final/77a5f94b56d49508e0ee334751db5b78e5ccd50c/hibernate-commons-annotations-6.0.6.Final.jar:/home/colton/.gradle/caches/modules-2/files-2.1/io.smallrye/jandex/3.0.5/c548a4871b552292dbdd65409d3fda145c8925c1/jandex-3.0.5.jar:/home/colton/.gradle/caches/modules-2/files-2.1/com.fasterxml/classmate/1.5.1/3fe0bed568c62df5e89f4f174c101eab25345b6c/classmate-1.5.1.jar:/home/colton/.gradle/caches/modules-2/files-2.1/net.bytebuddy/byte-buddy/1.14.7/34efde5f0bb93afc94aaf9d400521899c4806873/byte-buddy-1.14.7.jar:/home/colton/.gradle/caches/modules-2/files-2.1/org.glassfish.jaxb/jaxb-runtime/4.0.2/e4e4e0c5b0d42054d00dc4023901572a60d368c7/jaxb-runtime-4.0.2.jar:/home/colton/.gradle/caches/modules-2/files-2.1/org.glassfish.jaxb/jaxb-core/4.0.2/8c29249f6c10f4ee08967783831580b0f5c5360/jaxb-core-4.0.2.jar:/home/colton/.gradle/caches/modules-2/files-2.1/jakarta.xml.bind/jakarta.xml.bind-api/4.0.0/bbb399208d288b15ec101fa4fcfc4bd77cedc97a/jakarta.xml.bind-api-4.0.0.jar:/home/colton/.gradle/caches/modules-2/files-2.1/org.antlr/antlr4-runtime/4.10.1/10839f875928f59c622d675091d51a43ea0dc5f7/antlr4-runtime-4.10.1.jar:/home/colton/.gradle/caches/modules-2/files-2.1/com.google.code.gson/gson/2.10.1/b3add478d4382b78ea20b1671390a858002feb6c/gson-2.10.1.jar:/home/colton/.gradle/caches/modules-2/files-2.1/org.objenesis/objenesis/3.3/1049c09f1de4331e8193e579448d0916d75b7631/objenesis-3.3.jar:/home/colton/.gradle/caches/modules-2/files-2.1/net.bytebuddy/byte-buddy-agent/1.14.6/46e2545d7a97b6ccb195621650c5957279eb4812/byte-buddy-agent-1.14.6.jar:/home/colton/.gradle/caches/modules-2/files-2.1/org.eclipse.angus/angus-activation/2.0.0/72369f4e2314d38de2dcbb277141ef0226f73151/angus-activation-2.0.0.jar:/home/colton/.gradle/caches/modules-2/files-2.1/jakarta.activation/jakarta.activation-api/2.1.1/88c774ab863a21fb2fc4219af95379fafe499a31/jakarta.activation-api-2.1.1.jar:/home/colton/.gradle/caches/modules-2/files-2.1/org.glassfish.jaxb/txw2/4.0.2/24e167be69c29ebb7ee0a3b1f9b546f1dfd111fc/txw2-4.0.2.jar:/home/colton/.gradle/caches/modules-2/files-2.1/com.sun.istack/istack-commons-runtime/4.1.1/9b3769c76235bc283b060da4fae2318c6d53f07e/istack-commons-runtime-4.1.1.jar, java.vm.vendor=Ubuntu, sun.arch.data.model=64, user.variant=, java.vendor.url=https://ubuntu.com/, user.timezone=America/Chicago, hibernate.session_factory_name=default, java.vm.specification.version=21, os.name=Linux, user.country=US, sun.java.launcher=SUN_STANDARD, sun.boot.library.path=/usr/lib/jvm/java-21-openjdk-amd64/lib, sun.java.command=worker.org.gradle.process.internal.worker.GradleWorkerMain 'Gradle Test Executor 28', jdk.debug=release, sun.cpu.endian=little, user.home=/home/colton, hibernate.id.db_structure_naming_strategy=legacy, user.language=en, javax.persistence.validation.factory=io.micronaut.validation.validator.DefaultValidatorFactory@403ba39f, java.specification.vendor=Oracle Corporation, java.version.date=2026-01-20, java.home=/usr/lib/jvm/java-21-openjdk-amd64, file.separator=/, java.vm.compressedOopsMode=32-bit, line.separator=
    , java.vm.specification.vendor=Oracle Corporation, java.specification.name=Java Platform API Specification, hibernate.session_factory_name_is_jndi=false, hibernate.hbm2ddl.auto=update, junit.platform.listeners.uid.tracking.enabled=true, sun.management.compiler=HotSpot 64-Bit Tiered Compilers, junit.platform.listeners.uid.tracking.output.dir=/home/colton/Repos/taskflow/backend/build/test-results/test/testlist, java.runtime.version=21.0.10+7-Ubuntu-125.10, user.name=colton, stdout.encoding=UTF-8, path.separator=:, os.version=6.17.0-19-generic, java.runtime.name=OpenJDK Runtime Environment, file.encoding=UTF-8, java.vm.name=OpenJDK 64-Bit Server VM, hibernate.show_sql=true, hibernate.current_session_context_class=io.micronaut.transaction.hibernate.MicronautSessionContext, micronaut.classloader.logging=true, java.vendor.url.bug=https://bugs.launchpad.net/ubuntu/+source/openjdk-21, java.io.tmpdir=/tmp, com.zaxxer.hikari.pool_number=1, java.version=21.0.10, hibernate.physical_naming_strategy=io.micronaut.data.hibernate.naming.DefaultPhysicalNamingStrategy@6bea0866, user.dir=/home/colton/Repos/taskflow/backend, os.arch=amd64, java.vm.specification.name=Java Virtual Machine Specification, org.gradle.internal.worker.tmpdir=/home/colton/Repos/taskflow/backend/build/tmp/test/work, hibernate.boot.CfgXmlAccessService.key=org.hibernate.boot.cfgxml.spi.LoadedConfig@6a2d0a19, native.encoding=UTF-8, java.library.path=/usr/java/packages/lib:/usr/lib/x86_64-linux-gnu/jni:/lib/x86_64-linux-gnu:/usr/lib/x86_64-linux-gnu:/usr/lib/jni:/lib:/usr/lib, stderr.encoding=UTF-8, java.vendor=Ubuntu, java.vm.info=mixed mode, sharing, java.vm.version=21.0.10+7-Ubuntu-125.10, hibernate.bytecode.use_reflection_optimizer=true, sun.io.unicode.encoding=UnicodeLittle, hibernate.connection.datasource=HikariDataSource (HikariPool-2), java.class.version=65.0}
    22:57:47.184 [Test worker] DEBUG org.hibernate.internal.SessionFactoryImpl -- Session factory constructed with filter configurations : {}
    22:57:47.184 [Test worker] DEBUG org.hibernate.boot.internal.ClassLoaderAccessImpl -- Not known whether passed class name [com.taskflow.models.Comment] is safe
    22:57:47.184 [Test worker] DEBUG org.hibernate.boot.internal.ClassLoaderAccessImpl -- No temp ClassLoader provided; using live ClassLoader for loading potentially unsafe class : com.taskflow.models.Comment
    22:57:47.184 [Test worker] DEBUG io.micronaut.core.beans.DefaultBeanIntrospector -- Found BeanIntrospection for type: class com.taskflow.models.Comment,
    22:57:47.184 [Test worker] DEBUG org.hibernate.boot.internal.ClassLoaderAccessImpl -- Not known whether passed class name [com.taskflow.models.Task] is safe
    22:57:47.184 [Test worker] DEBUG org.hibernate.boot.internal.ClassLoaderAccessImpl -- No temp ClassLoader provided; using live ClassLoader for loading potentially unsafe class : com.taskflow.models.Task
    22:57:47.184 [Test worker] DEBUG io.micronaut.core.beans.DefaultBeanIntrospector -- Found BeanIntrospection for type: class com.taskflow.models.Task,
    22:57:47.184 [Test worker] DEBUG org.hibernate.boot.internal.ClassLoaderAccessImpl -- Not known whether passed class name [com.taskflow.models.ProjectMember] is safe
    22:57:47.184 [HikariPool-2 housekeeper] DEBUG com.zaxxer.hikari.pool.HikariPool -- HikariPool-2 - Pool stats (total=1, active=0, idle=1, waiting=0)
    22:57:47.185 [Test worker] DEBUG org.hibernate.boot.internal.ClassLoaderAccessImpl -- No temp ClassLoader provided; using live ClassLoader for loading potentially unsafe class : com.taskflow.models.ProjectMember
    22:57:47.185 [Test worker] DEBUG io.micronaut.core.beans.DefaultBeanIntrospector -- Found BeanIntrospection for type: class com.taskflow.models.ProjectMember,
    22:57:47.185 [Test worker] DEBUG org.hibernate.boot.internal.ClassLoaderAccessImpl -- Not known whether passed class name [com.taskflow.models.TaskActivityLog] is safe
    22:57:47.185 [Test worker] DEBUG org.hibernate.boot.internal.ClassLoaderAccessImpl -- No temp ClassLoader provided; using live ClassLoader for loading potentially unsafe class : com.taskflow.models.TaskActivityLog
    22:57:47.185 [Test worker] DEBUG io.micronaut.core.beans.DefaultBeanIntrospector -- Found BeanIntrospection for type: class com.taskflow.models.TaskActivityLog,
    22:57:47.185 [Test worker] DEBUG org.hibernate.boot.internal.ClassLoaderAccessImpl -- Not known whether passed class name [com.taskflow.models.Label] is safe
    22:57:47.185 [Test worker] DEBUG org.hibernate.boot.internal.ClassLoaderAccessImpl -- No temp ClassLoader provided; using live ClassLoader for loading potentially unsafe class : com.taskflow.models.Label
    22:57:47.185 [Test worker] DEBUG io.micronaut.core.beans.DefaultBeanIntrospector -- Found BeanIntrospection for type: class com.taskflow.models.Label,
    22:57:47.185 [Test worker] DEBUG org.hibernate.boot.internal.ClassLoaderAccessImpl -- Not known whether passed class name [com.taskflow.models.Project] is safe
    22:57:47.185 [Test worker] DEBUG org.hibernate.boot.internal.ClassLoaderAccessImpl -- No temp ClassLoader provided; using live ClassLoader for loading potentially unsafe class : com.taskflow.models.Project
    22:57:47.185 [Test worker] DEBUG io.micronaut.core.beans.DefaultBeanIntrospector -- Found BeanIntrospection for type: class com.taskflow.models.Project,
    22:57:47.185 [Test worker] DEBUG org.hibernate.boot.internal.ClassLoaderAccessImpl -- Not known whether passed class name [com.taskflow.models.User] is safe
    22:57:47.185 [Test worker] DEBUG org.hibernate.boot.internal.ClassLoaderAccessImpl -- No temp ClassLoader provided; using live ClassLoader for loading potentially unsafe class : com.taskflow.models.User
    22:57:47.185 [Test worker] DEBUG io.micronaut.core.beans.DefaultBeanIntrospector -- Found BeanIntrospection for type: class com.taskflow.models.User,
    22:57:47.185 [Test worker] DEBUG org.hibernate.boot.internal.ClassLoaderAccessImpl -- Not known whether passed class name [com.taskflow.models.Attachment] is safe
    22:57:47.185 [Test worker] DEBUG org.hibernate.boot.internal.ClassLoaderAccessImpl -- No temp ClassLoader provided; using live ClassLoader for loading potentially unsafe class : com.taskflow.models.Attachment
    22:57:47.185 [Test worker] DEBUG io.micronaut.core.beans.DefaultBeanIntrospector -- Found BeanIntrospection for type: class com.taskflow.models.Attachment,
    22:57:47.185 [Test worker] DEBUG org.hibernate.service.internal.SessionFactoryServiceRegistryImpl -- EventListenerRegistry access via ServiceRegistry is deprecated.  Use `sessionFactory.getEventEngine().getListenerRegistry()` instead
    22:57:47.185 [Test worker] DEBUG org.hibernate.service.internal.SessionFactoryServiceRegistryImpl -- EventListenerRegistry access via ServiceRegistry is deprecated.  Use `sessionFactory.getEventEngine().getListenerRegistry()` instead
    22:57:47.185 [Test worker] DEBUG org.hibernate.event.service.internal.EventListenerGroupImpl -- Checking incoming listener [`io.micronaut.data.hibernate.event.EventIntegrator$$Lambda/0x000076e93499e820@2926144f`] for match against existing listener [`org.hibernate.boot.beanvalidation.BeanValidationEventListener@1df8ea34`]
    22:57:47.185 [Test worker] DEBUG org.hibernate.event.service.internal.EventListenerGroupImpl -- Checking incoming listener [`io.micronaut.data.hibernate.event.EventIntegrator$$Lambda/0x000076e93499e820@2926144f`] for match against existing listener [`org.hibernate.boot.beanvalidation.BeanValidationEventListener@1df8ea34`]
    22:57:47.185 [Test worker] DEBUG org.hibernate.event.service.internal.EventListenerGroupImpl -- Checking incoming listener [`io.micronaut.data.hibernate.event.EventIntegrator$1@6b0636d9`] for match against existing listener [`org.hibernate.event.internal.PostInsertEventListenerStandardImpl@63893cf6`]
    22:57:47.185 [Test worker] DEBUG org.hibernate.event.service.internal.EventListenerGroupImpl -- Checking incoming listener [`io.micronaut.data.hibernate.event.EventIntegrator$1@6b0636d9`] for match against existing listener [`org.hibernate.event.internal.PostInsertEventListenerStandardImpl@63893cf6`]
    22:57:47.185 [Test worker] DEBUG org.hibernate.event.service.internal.EventListenerGroupImpl -- Checking incoming listener [`io.micronaut.data.hibernate.event.EventIntegrator$$Lambda/0x000076e93499ec98@7a14d8a4`] for match against existing listener [`org.hibernate.boot.beanvalidation.BeanValidationEventListener@1df8ea34`]
    22:57:47.185 [Test worker] DEBUG org.hibernate.event.service.internal.EventListenerGroupImpl -- Checking incoming listener [`io.micronaut.data.hibernate.event.EventIntegrator$$Lambda/0x000076e93499ec98@7a14d8a4`] for match against existing listener [`org.hibernate.boot.beanvalidation.BeanValidationEventListener@1df8ea34`]
    22:57:47.185 [Test worker] DEBUG org.hibernate.event.service.internal.EventListenerGroupImpl -- Checking incoming listener [`io.micronaut.data.hibernate.event.EventIntegrator$2@20673498`] for match against existing listener [`org.hibernate.event.internal.PostDeleteEventListenerStandardImpl@7a8d6eb3`]
    22:57:47.185 [Test worker] DEBUG org.hibernate.event.service.internal.EventListenerGroupImpl -- Checking incoming listener [`io.micronaut.data.hibernate.event.EventIntegrator$2@20673498`] for match against existing listener [`org.hibernate.event.internal.PostDeleteEventListenerStandardImpl@7a8d6eb3`]
    22:57:47.185 [Test worker] DEBUG org.hibernate.event.service.internal.EventListenerGroupImpl -- Checking incoming listener [`io.micronaut.data.hibernate.event.EventIntegrator$$Lambda/0x000076e93499f110@50c99398`] for match against existing listener [`org.hibernate.boot.beanvalidation.BeanValidationEventListener@1df8ea34`]
    22:57:47.185 [Test worker] DEBUG org.hibernate.event.service.internal.EventListenerGroupImpl -- Checking incoming listener [`io.micronaut.data.hibernate.event.EventIntegrator$$Lambda/0x000076e93499f110@50c99398`] for match against existing listener [`org.hibernate.boot.beanvalidation.BeanValidationEventListener@1df8ea34`]
    22:57:47.185 [Test worker] DEBUG org.hibernate.event.service.internal.EventListenerGroupImpl -- Checking incoming listener [`io.micronaut.data.hibernate.event.EventIntegrator$3@cc4a0dd`] for match against existing listener [`org.hibernate.event.internal.PostUpdateEventListenerStandardImpl@159e9629`]
    22:57:47.185 [Test worker] DEBUG org.hibernate.event.service.internal.EventListenerGroupImpl -- Checking incoming listener [`io.micronaut.data.hibernate.event.EventIntegrator$3@cc4a0dd`] for match against existing listener [`org.hibernate.event.internal.PostUpdateEventListenerStandardImpl@159e9629`]
    22:57:47.185 [Test worker] DEBUG org.hibernate.event.service.internal.EventListenerGroupImpl -- Checking incoming listener [`io.micronaut.data.hibernate.event.EventIntegrator$$Lambda/0x000076e93499f7d0@4f78adf`] for match against existing listener [`org.hibernate.event.internal.DefaultPostLoadEventListener@183e8c8a`]
    22:57:47.185 [Test worker] DEBUG org.hibernate.event.service.internal.EventListenerGroupImpl -- Checking incoming listener [`io.micronaut.data.hibernate.event.EventIntegrator$$Lambda/0x000076e93499f7d0@4f78adf`] for match against existing listener [`org.hibernate.event.internal.DefaultPostLoadEventListener@183e8c8a`]
    22:57:47.185 [HikariPool-2 connection adder] DEBUG com.zaxxer.hikari.pool.HikariPool -- HikariPool-2 - Added connection conn11: url=jdbc:h2:mem:devDb user=SA
    22:57:47.187 [Test worker] DEBUG org.hibernate.query.sqm.function.SqmFunctionRegistry -- Registered SqmFunctionTemplate [NamedSqmFunctionTemplate(max)] under max; prior registration was null
    22:57:47.187 [Test worker] DEBUG org.hibernate.query.sqm.function.SqmFunctionRegistry -- Registered SqmFunctionTemplate [NamedSqmFunctionTemplate(min)] under min; prior registration was null
    22:57:47.187 [Test worker] DEBUG org.hibernate.query.sqm.function.SqmFunctionRegistry -- Registered SqmFunctionTemplate [NamedSqmFunctionTemplate(sum)] under sum; prior registration was null
    22:57:47.187 [Test worker] DEBUG org.hibernate.query.sqm.function.SqmFunctionRegistry -- Registered SqmFunctionTemplate [NamedSqmFunctionTemplate(avg)] under avg; prior registration was null
    22:57:47.187 [Test worker] DEBUG org.hibernate.query.sqm.function.SqmFunctionRegistry -- Registered SqmFunctionTemplate [org.hibernate.dialect.function.CountFunction@31d51518] under count; prior registration was null
    22:57:47.187 [Test worker] DEBUG org.hibernate.query.sqm.function.SqmFunctionRegistry -- Registered SqmFunctionTemplate [org.hibernate.dialect.function.EveryAnyEmulation@509bf2d5] under every; prior registration was null
    22:57:47.187 [Test worker] DEBUG org.hibernate.query.sqm.function.SqmFunctionRegistry -- Registered SqmFunctionTemplate [org.hibernate.dialect.function.EveryAnyEmulation@68823b6b] under any; prior registration was null
    22:57:47.187 [Test worker] DEBUG org.hibernate.query.sqm.function.SqmFunctionRegistry -- Registered SqmFunctionTemplate [NamedSqmFunctionTemplate(floor)] under floor; prior registration was null
    22:57:47.187 [Test worker] DEBUG org.hibernate.query.sqm.function.SqmFunctionRegistry -- Registered SqmFunctionTemplate [NamedSqmFunctionTemplate(ceiling)] under ceiling; prior registration was null
    22:57:47.187 [Test worker] DEBUG org.hibernate.query.sqm.function.SqmFunctionRegistry -- Registered SqmFunctionTemplate [NamedSqmFunctionTemplate(mod)] under mod; prior registration was null
    22:57:47.187 [Test worker] DEBUG org.hibernate.query.sqm.function.SqmFunctionRegistry -- Registered SqmFunctionTemplate [NamedSqmFunctionTemplate(abs)] under abs; prior registration was null
    22:57:47.187 [Test worker] DEBUG org.hibernate.query.sqm.function.SqmFunctionRegistry -- Registered SqmFunctionTemplate [NamedSqmFunctionTemplate(sign)] under sign; prior registration was null
    22:57:47.187 [Test worker] DEBUG org.hibernate.query.sqm.function.SqmFunctionRegistry -- Registered SqmFunctionTemplate [NamedSqmFunctionTemplate(sqrt)] under sqrt; prior registration was null
    22:57:47.187 [Test worker] DEBUG org.hibernate.query.sqm.function.SqmFunctionRegistry -- Registered SqmFunctionTemplate [NamedSqmFunctionTemplate(ln)] under ln; prior registration was null
    22:57:47.187 [Test worker] DEBUG org.hibernate.query.sqm.function.SqmFunctionRegistry -- Registered SqmFunctionTemplate [NamedSqmFunctionTemplate(exp)] under exp; prior registration was null
    22:57:47.187 [Test worker] DEBUG org.hibernate.query.sqm.function.SqmFunctionRegistry -- Registered SqmFunctionTemplate [NamedSqmFunctionTemplate(power)] under power; prior registration was null
    22:57:47.187 [Test worker] DEBUG org.hibernate.query.sqm.function.SqmFunctionRegistry -- Registered SqmFunctionTemplate [NamedSqmFunctionTemplate(round)] under round; prior registration was null
    22:57:47.187 [Test worker] DEBUG org.hibernate.query.sqm.function.SqmFunctionRegistry -- Registered SqmFunctionTemplate [NamedSqmFunctionTemplate(sin)] under sin; prior registration was null
    22:57:47.187 [Test worker] DEBUG org.hibernate.query.sqm.function.SqmFunctionRegistry -- Registered SqmFunctionTemplate [NamedSqmFunctionTemplate(cos)] under cos; prior registration was null
    22:57:47.187 [Test worker] DEBUG org.hibernate.query.sqm.function.SqmFunctionRegistry -- Registered SqmFunctionTemplate [NamedSqmFunctionTemplate(tan)] under tan; prior registration was null
    22:57:47.187 [Test worker] DEBUG org.hibernate.query.sqm.function.SqmFunctionRegistry -- Registered SqmFunctionTemplate [NamedSqmFunctionTemplate(asin)] under asin; prior registration was null
    22:57:47.187 [Test worker] DEBUG org.hibernate.query.sqm.function.SqmFunctionRegistry -- Registered SqmFunctionTemplate [NamedSqmFunctionTemplate(acos)] under acos; prior registration was null
    22:57:47.187 [Test worker] DEBUG org.hibernate.query.sqm.function.SqmFunctionRegistry -- Registered SqmFunctionTemplate [NamedSqmFunctionTemplate(atan)] under atan; prior registration was null
    22:57:47.187 [Test worker] DEBUG org.hibernate.query.sqm.function.SqmFunctionRegistry -- Registered SqmFunctionTemplate [NamedSqmFunctionTemplate(atan2)] under atan2; prior registration was null
    22:57:47.187 [Test worker] DEBUG org.hibernate.query.sqm.function.SqmFunctionRegistry -- Registered SqmFunctionTemplate [org.hibernate.query.sqm.function.PatternBasedSqmFunctionDescriptor@4b4b02d] under sinh; prior registration was null
    22:57:47.187 [Test worker] DEBUG org.hibernate.query.sqm.function.SqmFunctionRegistry -- Registered SqmFunctionTemplate [org.hibernate.query.sqm.function.PatternBasedSqmFunctionDescriptor@1dd01876] under cosh; prior registration was null
    22:57:47.187 [Test worker] DEBUG org.hibernate.query.sqm.function.SqmFunctionRegistry -- Registered SqmFunctionTemplate [org.hibernate.query.sqm.function.PatternBasedSqmFunctionDescriptor@12d24c43] under tanh; prior registration was null
    22:57:47.187 [Test worker] DEBUG org.hibernate.query.sqm.function.SqmFunctionRegistry -- Registered SqmFunctionTemplate [org.hibernate.query.sqm.function.PatternBasedSqmFunctionDescriptor@6bf27411] under pi; prior registration was null
    22:57:47.188 [Test worker] DEBUG org.hibernate.query.sqm.function.SqmFunctionRegistry -- Registered SqmFunctionTemplate [org.hibernate.query.sqm.function.PatternBasedSqmFunctionDescriptor@4a66949a] under log; prior registration was null
    22:57:47.188 [Test worker] DEBUG org.hibernate.query.sqm.function.SqmFunctionRegistry -- Registered SqmFunctionTemplate [NamedSqmFunctionTemplate(coalesce)] under coalesce; prior registration was null
    22:57:47.188 [Test worker] DEBUG org.hibernate.query.sqm.function.SqmFunctionRegistry -- Registered SqmFunctionTemplate [NamedSqmFunctionTemplate(nullif)] under nullif; prior registration was null
    22:57:47.188 [Test worker] DEBUG org.hibernate.query.sqm.function.SqmFunctionRegistry -- Registered SqmFunctionTemplate [NamedSqmFunctionTemplate(left)] under left; prior registration was null
    22:57:47.188 [Test worker] DEBUG org.hibernate.query.sqm.function.SqmFunctionRegistry -- Registered SqmFunctionTemplate [NamedSqmFunctionTemplate(right)] under right; prior registration was null
    22:57:47.188 [Test worker] DEBUG org.hibernate.query.sqm.function.SqmFunctionRegistry -- Registered SqmFunctionTemplate [NamedSqmFunctionTemplate(replace)] under replace; prior registration was null
    22:57:47.188 [Test worker] DEBUG org.hibernate.query.sqm.function.SqmFunctionRegistry -- Registered SqmFunctionTemplate [NamedSqmFunctionTemplate(concat)] under concat; prior registration was null
    22:57:47.188 [Test worker] DEBUG org.hibernate.query.sqm.function.SqmFunctionRegistry -- Registered SqmFunctionTemplate [NamedSqmFunctionTemplate(lower)] under lower; prior registration was null
    22:57:47.188 [Test worker] DEBUG org.hibernate.query.sqm.function.SqmFunctionRegistry -- Registered SqmFunctionTemplate [NamedSqmFunctionTemplate(upper)] under upper; prior registration was null
    22:57:47.188 [Test worker] DEBUG org.hibernate.query.sqm.function.SqmFunctionRegistry -- Registered SqmFunctionTemplate [NamedSqmFunctionTemplate(substring)] under substring; prior registration was null
    22:57:47.188 [Test worker] DEBUG org.hibernate.query.sqm.function.SqmFunctionRegistry -- Registered SqmFunctionTemplate [NamedSqmFunctionTemplate(locate)] under locate; prior registration was null
    22:57:47.188 [Test worker] DEBUG org.hibernate.query.sqm.function.SqmFunctionRegistry -- Registered SqmFunctionTemplate [NamedSqmFunctionTemplate(character_length)] under character_length; prior registration was null
    22:57:47.188 [Test worker] DEBUG org.hibernate.query.sqm.function.SqmFunctionRegistry -- Registering alternate key : length -> character_length
    22:57:47.188 [Test worker] DEBUG org.hibernate.query.sqm.function.SqmFunctionRegistry -- Registered SqmFunctionTemplate [org.hibernate.dialect.function.LocatePositionEmulation@57e83608] under position; prior registration was null
    22:57:47.188 [Test worker] DEBUG org.hibernate.query.sqm.function.SqmFunctionRegistry -- Registered SqmFunctionTemplate [org.hibernate.dialect.function.InsertSubstringOverlayEmulation@57d8d8e2] under overlay; prior registration was null
    22:57:47.188 [Test worker] DEBUG org.hibernate.query.sqm.function.SqmFunctionRegistry -- Registered SqmFunctionTemplate [org.hibernate.dialect.function.TrimFunction@2f726cf4] under trim; prior registration was null
    22:57:47.188 [Test worker] DEBUG org.hibernate.query.sqm.function.SqmFunctionRegistry -- Registered SqmFunctionTemplate [org.hibernate.dialect.function.CastFunction@514eefc4] under cast; prior registration was null
    22:57:47.188 [Test worker] DEBUG org.hibernate.query.sqm.function.SqmFunctionRegistry -- Registered SqmFunctionTemplate [org.hibernate.query.sqm.function.PatternBasedSqmFunctionDescriptor@4700db93] under collate; prior registration was null
    22:57:47.188 [Test worker] DEBUG org.hibernate.query.sqm.function.SqmFunctionRegistry -- Registered SqmFunctionTemplate [org.hibernate.dialect.function.ExtractFunction@560e1459] under extract; prior registration was null
    22:57:47.188 [Test worker] DEBUG org.hibernate.query.sqm.function.SqmFunctionRegistry -- Registered SqmFunctionTemplate [NamedSqmFunctionTemplate(least)] under least; prior registration was null
    22:57:47.188 [Test worker] DEBUG org.hibernate.query.sqm.function.SqmFunctionRegistry -- Registered SqmFunctionTemplate [NamedSqmFunctionTemplate(greatest)] under greatest; prior registration was null
    22:57:47.188 [Test worker] DEBUG org.hibernate.query.sqm.function.SqmFunctionRegistry -- Registered SqmFunctionTemplate [org.hibernate.dialect.function.CoalesceIfnullEmulation@6aa7d7a0] under ifnull; prior registration was null
    22:57:47.188 [Test worker] DEBUG org.hibernate.query.sqm.function.SqmFunctionRegistry -- Registered SqmFunctionTemplate [NamedSqmFunctionTemplate(lpad)] under lpad; prior registration was null
    22:57:47.188 [Test worker] DEBUG org.hibernate.query.sqm.function.SqmFunctionRegistry -- Registered SqmFunctionTemplate [NamedSqmFunctionTemplate(rpad)] under rpad; prior registration was null
    22:57:47.188 [Test worker] DEBUG org.hibernate.query.sqm.function.SqmFunctionRegistry -- Registered SqmFunctionTemplate [org.hibernate.dialect.function.LpadRpadPadEmulation@4c3125ff] under pad; prior registration was null
    22:57:47.188 [Test worker] DEBUG org.hibernate.query.sqm.function.SqmFunctionRegistry -- Registered SqmFunctionTemplate [org.hibernate.dialect.function.CastStrEmulation@d2ca3a9] under str; prior registration was null
    22:57:47.188 [Test worker] DEBUG org.hibernate.query.sqm.function.SqmFunctionRegistry -- Registered SqmFunctionTemplate [org.hibernate.dialect.function.FormatFunction@2b26d289] under format; prior registration was null
    22:57:47.188 [Test worker] DEBUG org.hibernate.query.sqm.function.SqmFunctionRegistry -- Registered SqmFunctionTemplate [org.hibernate.dialect.function.TimestampaddFunction@7f680a9a] under timestampadd; prior registration was null
    22:57:47.188 [Test worker] DEBUG org.hibernate.query.sqm.function.SqmFunctionRegistry -- Registered SqmFunctionTemplate [org.hibernate.dialect.function.TimestampdiffFunction@3a33d655] under timestampdiff; prior registration was null
    22:57:47.188 [Test worker] DEBUG org.hibernate.query.sqm.function.SqmFunctionRegistry -- Registering alternate key : dateadd -> timestampadd
    22:57:47.188 [Test worker] DEBUG org.hibernate.query.sqm.function.SqmFunctionRegistry -- Registering alternate key : datediff -> timestampdiff
    22:57:47.188 [Test worker] DEBUG org.hibernate.query.sqm.function.SqmFunctionRegistry -- Registered SqmFunctionTemplate [org.hibernate.dialect.function.CurrentFunction@526a1b51] under current_date; prior registration was null
    22:57:47.188 [Test worker] DEBUG org.hibernate.query.sqm.function.SqmFunctionRegistry -- Registered SqmFunctionTemplate [org.hibernate.dialect.function.CurrentFunction@4f45290f] under current_time; prior registration was null
    22:57:47.188 [Test worker] DEBUG org.hibernate.query.sqm.function.SqmFunctionRegistry -- Registered SqmFunctionTemplate [org.hibernate.dialect.function.CurrentFunction@70c6c6a7] under current_timestamp; prior registration was null
    22:57:47.188 [Test worker] DEBUG org.hibernate.query.sqm.function.SqmFunctionRegistry -- Registering alternate key : current date -> current_date
    22:57:47.188 [Test worker] DEBUG org.hibernate.query.sqm.function.SqmFunctionRegistry -- Registering alternate key : current time -> current_time
    22:57:47.188 [Test worker] DEBUG org.hibernate.query.sqm.function.SqmFunctionRegistry -- Registering alternate key : current timestamp -> current_timestamp
    22:57:47.188 [Test worker] DEBUG org.hibernate.query.sqm.function.SqmFunctionRegistry -- Registered SqmFunctionTemplate [org.hibernate.dialect.function.CurrentFunction@54632794] under local_date; prior registration was null
    22:57:47.189 [Test worker] DEBUG org.hibernate.query.sqm.function.SqmFunctionRegistry -- Registered SqmFunctionTemplate [org.hibernate.dialect.function.CurrentFunction@56511eda] under local_time; prior registration was null
    22:57:47.189 [Test worker] DEBUG org.hibernate.query.sqm.function.SqmFunctionRegistry -- Registered SqmFunctionTemplate [org.hibernate.dialect.function.CurrentFunction@303a484e] under local_datetime; prior registration was null
    22:57:47.189 [Test worker] DEBUG org.hibernate.query.sqm.function.SqmFunctionRegistry -- Registered SqmFunctionTemplate [org.hibernate.dialect.function.CurrentFunction@760f4310] under offset_datetime; prior registration was null
    22:57:47.189 [Test worker] DEBUG org.hibernate.query.sqm.function.SqmFunctionRegistry -- Registering alternate key : local date -> local_date
    22:57:47.189 [Test worker] DEBUG org.hibernate.query.sqm.function.SqmFunctionRegistry -- Registering alternate key : local time -> local_time
    22:57:47.189 [Test worker] DEBUG org.hibernate.query.sqm.function.SqmFunctionRegistry -- Registering alternate key : local datetime -> local_datetime
    22:57:47.189 [Test worker] DEBUG org.hibernate.query.sqm.function.SqmFunctionRegistry -- Registering alternate key : offset datetime -> offset_datetime
    22:57:47.189 [Test worker] DEBUG org.hibernate.query.sqm.function.SqmFunctionRegistry -- Registered SqmFunctionTemplate [org.hibernate.dialect.function.CurrentFunction@3b9d85c2] under instant; prior registration was null
    22:57:47.189 [Test worker] DEBUG org.hibernate.query.sqm.function.SqmFunctionRegistry -- Registering alternate key : current_instant -> instant
    22:57:47.189 [Test worker] DEBUG org.hibernate.query.sqm.function.SqmFunctionRegistry -- Registered SqmFunctionTemplate [org.hibernate.dialect.function.SqlFunction@65e4eba5] under sql; prior registration was null
    22:57:47.189 [Test worker] DEBUG org.hibernate.query.sqm.function.SqmFunctionRegistry -- Registered SqmFunctionTemplate [NamedSqmFunctionTemplate(max)] under max; prior registration was NamedSqmFunctionTemplate(max)
    22:57:47.189 [Test worker] DEBUG org.hibernate.query.sqm.function.SqmFunctionRegistry -- Registered SqmFunctionTemplate [NamedSqmFunctionTemplate(min)] under min; prior registration was NamedSqmFunctionTemplate(min)
    22:57:47.189 [Test worker] DEBUG org.hibernate.query.sqm.function.SqmFunctionRegistry -- Registered SqmFunctionTemplate [NamedSqmFunctionTemplate(sum)] under sum; prior registration was NamedSqmFunctionTemplate(sum)
    22:57:47.189 [Test worker] DEBUG org.hibernate.query.sqm.function.SqmFunctionRegistry -- Registered SqmFunctionTemplate [NamedSqmFunctionTemplate(avg)] under avg; prior registration was NamedSqmFunctionTemplate(avg)
    22:57:47.189 [Test worker] DEBUG org.hibernate.query.sqm.function.SqmFunctionRegistry -- Registered SqmFunctionTemplate [org.hibernate.dialect.function.CountFunction@77eb76f] under count; prior registration was org.hibernate.dialect.function.CountFunction@31d51518
    22:57:47.189 [Test worker] DEBUG org.hibernate.query.sqm.function.SqmFunctionRegistry -- Registered SqmFunctionTemplate [org.hibernate.dialect.function.AvgFunction@be56353] under avg; prior registration was NamedSqmFunctionTemplate(avg)
    22:57:47.189 [Test worker] DEBUG org.hibernate.query.sqm.function.SqmFunctionRegistry -- Registered SqmFunctionTemplate [NamedSqmFunctionTemplate(pi)] under pi; prior registration was org.hibernate.query.sqm.function.PatternBasedSqmFunctionDescriptor@6bf27411
    22:57:47.189 [Test worker] DEBUG org.hibernate.query.sqm.function.SqmFunctionRegistry -- Registered SqmFunctionTemplate [NamedSqmFunctionTemplate(cot)] under cot; prior registration was null
    22:57:47.189 [Test worker] DEBUG org.hibernate.query.sqm.function.SqmFunctionRegistry -- Registered SqmFunctionTemplate [NamedSqmFunctionTemplate(radians)] under radians; prior registration was null
    22:57:47.189 [Test worker] DEBUG org.hibernate.query.sqm.function.SqmFunctionRegistry -- Registered SqmFunctionTemplate [NamedSqmFunctionTemplate(degrees)] under degrees; prior registration was null
    22:57:47.189 [Test worker] DEBUG org.hibernate.query.sqm.function.SqmFunctionRegistry -- Registered SqmFunctionTemplate [NamedSqmFunctionTemplate(log10)] under log10; prior registration was null
    22:57:47.189 [Test worker] DEBUG org.hibernate.query.sqm.function.SqmFunctionRegistry -- Registered SqmFunctionTemplate [org.hibernate.query.sqm.function.PatternBasedSqmFunctionDescriptor@5c815478] under mod; prior registration was NamedSqmFunctionTemplate(mod)
    22:57:47.189 [Test worker] DEBUG org.hibernate.query.sqm.function.SqmFunctionRegistry -- Registered SqmFunctionTemplate [NamedSqmFunctionTemplate(rand)] under rand; prior registration was null
    22:57:47.189 [Test worker] DEBUG org.hibernate.query.sqm.function.SqmFunctionRegistry -- Registered SqmFunctionTemplate [NamedSqmFunctionTemplate(soundex)] under soundex; prior registration was null
    22:57:47.189 [Test worker] DEBUG org.hibernate.query.sqm.function.SqmFunctionRegistry -- Registered SqmFunctionTemplate [NamedSqmFunctionTemplate(translate)] under translate; prior registration was null
    22:57:47.189 [Test worker] DEBUG org.hibernate.query.sqm.function.SqmFunctionRegistry -- Registered SqmFunctionTemplate [NamedSqmFunctionTemplate(bitand)] under bitand; prior registration was null
    22:57:47.189 [Test worker] DEBUG org.hibernate.query.sqm.function.SqmFunctionRegistry -- Registered SqmFunctionTemplate [NamedSqmFunctionTemplate(bitor)] under bitor; prior registration was null
    22:57:47.189 [Test worker] DEBUG org.hibernate.query.sqm.function.SqmFunctionRegistry -- Registered SqmFunctionTemplate [NamedSqmFunctionTemplate(bitxor)] under bitxor; prior registration was null
    22:57:47.189 [Test worker] DEBUG org.hibernate.query.sqm.function.SqmFunctionRegistry -- Registered SqmFunctionTemplate [NamedSqmFunctionTemplate(bit_and)] under bit_and; prior registration was null
    22:57:47.189 [Test worker] DEBUG org.hibernate.query.sqm.function.SqmFunctionRegistry -- Registered SqmFunctionTemplate [NamedSqmFunctionTemplate(bit_or)] under bit_or; prior registration was null
    22:57:47.189 [Test worker] DEBUG org.hibernate.query.sqm.function.SqmFunctionRegistry -- Registered SqmFunctionTemplate [NamedSqmFunctionTemplate(day)] under day; prior registration was null
    22:57:47.189 [Test worker] DEBUG org.hibernate.query.sqm.function.SqmFunctionRegistry -- Registered SqmFunctionTemplate [NamedSqmFunctionTemplate(month)] under month; prior registration was null
    22:57:47.189 [Test worker] DEBUG org.hibernate.query.sqm.function.SqmFunctionRegistry -- Registered SqmFunctionTemplate [NamedSqmFunctionTemplate(year)] under year; prior registration was null
    22:57:47.189 [Test worker] DEBUG org.hibernate.query.sqm.function.SqmFunctionRegistry -- Registered SqmFunctionTemplate [NamedSqmFunctionTemplate(hour)] under hour; prior registration was null
    22:57:47.189 [Test worker] DEBUG org.hibernate.query.sqm.function.SqmFunctionRegistry -- Registered SqmFunctionTemplate [NamedSqmFunctionTemplate(minute)] under minute; prior registration was null
    22:57:47.189 [Test worker] DEBUG org.hibernate.query.sqm.function.SqmFunctionRegistry -- Registered SqmFunctionTemplate [NamedSqmFunctionTemplate(second)] under second; prior registration was null
    22:57:47.189 [Test worker] DEBUG org.hibernate.query.sqm.function.SqmFunctionRegistry -- Registered SqmFunctionTemplate [NamedSqmFunctionTemplate(microsecond)] under microsecond; prior registration was null
    22:57:47.189 [Test worker] DEBUG org.hibernate.query.sqm.function.SqmFunctionRegistry -- Registered SqmFunctionTemplate [NamedSqmFunctionTemplate(day_of_week)] under day_of_week; prior registration was null
    22:57:47.189 [Test worker] DEBUG org.hibernate.query.sqm.function.SqmFunctionRegistry -- Registered SqmFunctionTemplate [NamedSqmFunctionTemplate(day_of_month)] under day_of_month; prior registration was null
    22:57:47.189 [Test worker] DEBUG org.hibernate.query.sqm.function.SqmFunctionRegistry -- Registering alternate key : day -> day_of_month
    22:57:47.189 [Test worker] DEBUG org.hibernate.query.sqm.function.SqmFunctionRegistry -- Registered SqmFunctionTemplate [NamedSqmFunctionTemplate(day_of_year)] under day_of_year; prior registration was null
    22:57:47.189 [Test worker] DEBUG org.hibernate.query.sqm.function.SqmFunctionRegistry -- Registered SqmFunctionTemplate [NamedSqmFunctionTemplate(week)] under week; prior registration was null
    22:57:47.190 [Test worker] DEBUG org.hibernate.query.sqm.function.SqmFunctionRegistry -- Registered SqmFunctionTemplate [NamedSqmFunctionTemplate(quarter)] under quarter; prior registration was null
    22:57:47.190 [Test worker] DEBUG org.hibernate.query.sqm.function.SqmFunctionRegistry -- Registered SqmFunctionTemplate [NamedSqmFunctionTemplate(monthname)] under monthname; prior registration was null
    22:57:47.190 [Test worker] DEBUG org.hibernate.query.sqm.function.SqmFunctionRegistry -- Registered SqmFunctionTemplate [NamedSqmFunctionTemplate(dayname)] under dayname; prior registration was null
    22:57:47.190 [Test worker] DEBUG org.hibernate.query.sqm.function.SqmFunctionRegistry -- Registered SqmFunctionTemplate [NamedSqmFunctionTemplate(localtime)] under localtime; prior registration was null
    22:57:47.190 [Test worker] DEBUG org.hibernate.query.sqm.function.SqmFunctionRegistry -- Registered SqmFunctionTemplate [NamedSqmFunctionTemplate(localtimestamp)] under localtimestamp; prior registration was null
    22:57:47.190 [Test worker] DEBUG org.hibernate.query.sqm.function.SqmFunctionRegistry -- Registered SqmFunctionTemplate [NamedSqmFunctionTemplate(localtime)] under local_time; prior registration was org.hibernate.dialect.function.CurrentFunction@56511eda
    22:57:47.190 [Test worker] DEBUG org.hibernate.query.sqm.function.SqmFunctionRegistry -- Registered SqmFunctionTemplate [NamedSqmFunctionTemplate(localtimestamp)] under local_datetime; prior registration was org.hibernate.dialect.function.CurrentFunction@303a484e
    22:57:47.190 [Test worker] DEBUG org.hibernate.query.sqm.function.SqmFunctionRegistry -- Registered SqmFunctionTemplate [org.hibernate.dialect.function.TruncFunction@1efa258e] under trunc; prior registration was null
    22:57:47.190 [Test worker] DEBUG org.hibernate.query.sqm.function.SqmFunctionRegistry -- Registering alternate key : truncate -> trunc
    22:57:47.190 [Test worker] DEBUG org.hibernate.query.sqm.function.SqmFunctionRegistry -- Registered SqmFunctionTemplate [org.hibernate.query.sqm.function.PatternBasedSqmFunctionDescriptor@6ccd3cf1] under date_trunc; prior registration was null
    22:57:47.190 [Test worker] DEBUG org.hibernate.query.sqm.function.SqmFunctionRegistry -- Registered SqmFunctionTemplate [NamedSqmFunctionTemplate(bit_length)] under bit_length; prior registration was null
    22:57:47.190 [Test worker] DEBUG org.hibernate.query.sqm.function.SqmFunctionRegistry -- Registered SqmFunctionTemplate [NamedSqmFunctionTemplate(octet_length)] under octet_length; prior registration was null
    22:57:47.190 [Test worker] DEBUG org.hibernate.query.sqm.function.SqmFunctionRegistry -- Registered SqmFunctionTemplate [NamedSqmFunctionTemplate(ascii)] under ascii; prior registration was null
    22:57:47.190 [Test worker] DEBUG org.hibernate.query.sqm.function.SqmFunctionRegistry -- Registered SqmFunctionTemplate [NamedSqmFunctionTemplate(octet_length)] under octet_length; prior registration was NamedSqmFunctionTemplate(octet_length)
    22:57:47.190 [Test worker] DEBUG org.hibernate.query.sqm.function.SqmFunctionRegistry -- Registered SqmFunctionTemplate [NamedSqmFunctionTemplate(space)] under space; prior registration was null
    22:57:47.190 [Test worker] DEBUG org.hibernate.query.sqm.function.SqmFunctionRegistry -- Registered SqmFunctionTemplate [NamedSqmFunctionTemplate(repeat)] under repeat; prior registration was null
    22:57:47.190 [Test worker] DEBUG org.hibernate.query.sqm.function.SqmFunctionRegistry -- Registered SqmFunctionTemplate [NamedSqmFunctionTemplate(char)] under char; prior registration was null
    22:57:47.190 [Test worker] DEBUG org.hibernate.query.sqm.function.SqmFunctionRegistry -- Registering alternate key : chr -> char
    22:57:47.190 [Test worker] DEBUG org.hibernate.query.sqm.function.SqmFunctionRegistry -- Registered SqmFunctionTemplate [NamedSqmFunctionTemplate(instr)] under instr; prior registration was null
    22:57:47.190 [Test worker] DEBUG org.hibernate.query.sqm.function.SqmFunctionRegistry -- Registered SqmFunctionTemplate [NamedSqmFunctionTemplate(substr)] under substr; prior registration was null
    22:57:47.190 [Test worker] DEBUG org.hibernate.query.sqm.function.SqmFunctionRegistry -- Registered SqmFunctionTemplate [org.hibernate.query.sqm.function.PatternBasedSqmFunctionDescriptor@4c9235c0] under position; prior registration was org.hibernate.dialect.function.LocatePositionEmulation@57e83608
    22:57:47.190 [Test worker] DEBUG org.hibernate.query.sqm.function.SqmFunctionRegistry -- Registered SqmFunctionTemplate [NamedSqmFunctionTemplate(ltrim)] under ltrim; prior registration was null
    22:57:47.190 [Test worker] DEBUG org.hibernate.query.sqm.function.SqmFunctionRegistry -- Registered SqmFunctionTemplate [NamedSqmFunctionTemplate(rtrim)] under rtrim; prior registration was null
    22:57:47.190 [Test worker] DEBUG org.hibernate.query.sqm.function.SqmFunctionRegistry -- Registered SqmFunctionTemplate [org.hibernate.query.sqm.function.PatternBasedSqmFunctionDescriptor@1ae69abe] under concat; prior registration was NamedSqmFunctionTemplate(concat)
    22:57:47.190 [Test worker] DEBUG org.hibernate.query.sqm.function.SqmFunctionRegistry -- Registered SqmFunctionTemplate [NamedSqmFunctionTemplate(curtime)] under curtime; prior registration was null
    22:57:47.190 [Test worker] DEBUG org.hibernate.query.sqm.function.SqmFunctionRegistry -- Registered SqmFunctionTemplate [NamedSqmFunctionTemplate(curdate)] under curdate; prior registration was null
    22:57:47.190 [Test worker] DEBUG org.hibernate.query.sqm.function.SqmFunctionRegistry -- Registered SqmFunctionTemplate [NamedSqmFunctionTemplate(now)] under now; prior registration was null
    22:57:47.190 [Test worker] DEBUG org.hibernate.query.sqm.function.SqmFunctionRegistry -- Registered SqmFunctionTemplate [NamedSqmFunctionTemplate(sysdate)] under sysdate; prior registration was null
    22:57:47.190 [Test worker] DEBUG org.hibernate.query.sqm.function.SqmFunctionRegistry -- Registered SqmFunctionTemplate [NamedSqmFunctionTemplate(insert)] under insert; prior registration was null
    22:57:47.190 [Test worker] DEBUG org.hibernate.query.sqm.function.SqmFunctionRegistry -- Registered SqmFunctionTemplate [NamedSqmFunctionTemplate(bool_and)] under bool_and; prior registration was null
    22:57:47.190 [Test worker] DEBUG org.hibernate.query.sqm.function.SqmFunctionRegistry -- Registering alternate key : every -> bool_and
    22:57:47.190 [Test worker] DEBUG org.hibernate.query.sqm.function.SqmFunctionRegistry -- Registered SqmFunctionTemplate [NamedSqmFunctionTemplate(bool_or)] under bool_or; prior registration was null
    22:57:47.190 [Test worker] DEBUG org.hibernate.query.sqm.function.SqmFunctionRegistry -- Registering alternate key : any -> bool_or
    22:57:47.190 [Test worker] DEBUG org.hibernate.query.sqm.function.SqmFunctionRegistry -- Registered SqmFunctionTemplate [NamedSqmFunctionTemplate(median)] under median; prior registration was null
    22:57:47.190 [Test worker] DEBUG org.hibernate.query.sqm.function.SqmFunctionRegistry -- Registered SqmFunctionTemplate [NamedSqmFunctionTemplate(stddev_pop)] under stddev_pop; prior registration was null
    22:57:47.190 [Test worker] DEBUG org.hibernate.query.sqm.function.SqmFunctionRegistry -- Registered SqmFunctionTemplate [NamedSqmFunctionTemplate(stddev_samp)] under stddev_samp; prior registration was null
    22:57:47.191 [Test worker] DEBUG org.hibernate.query.sqm.function.SqmFunctionRegistry -- Registered SqmFunctionTemplate [NamedSqmFunctionTemplate(var_pop)] under var_pop; prior registration was null
    22:57:47.191 [Test worker] DEBUG org.hibernate.query.sqm.function.SqmFunctionRegistry -- Registered SqmFunctionTemplate [NamedSqmFunctionTemplate(var_samp)] under var_samp; prior registration was null
    22:57:47.191 [Test worker] DEBUG org.hibernate.query.sqm.function.SqmFunctionRegistry -- Registered SqmFunctionTemplate [org.hibernate.dialect.function.FormatFunction@557f0a39] under format; prior registration was org.hibernate.dialect.function.FormatFunction@2b26d289
    22:57:47.191 [Test worker] DEBUG org.hibernate.query.sqm.function.SqmFunctionRegistry -- Registered SqmFunctionTemplate [NamedSqmFunctionTemplate(rownum)] under rownum; prior registration was null
    22:57:47.191 [Test worker] DEBUG org.hibernate.query.sqm.function.SqmFunctionRegistry -- Registered SqmFunctionTemplate [NamedSqmFunctionTemplate(row_number)] under row_number; prior registration was null
    22:57:47.191 [Test worker] DEBUG org.hibernate.query.sqm.function.SqmFunctionRegistry -- Registered SqmFunctionTemplate [NamedSqmFunctionTemplate(lag)] under lag; prior registration was null
    22:57:47.191 [Test worker] DEBUG org.hibernate.query.sqm.function.SqmFunctionRegistry -- Registered SqmFunctionTemplate [NamedSqmFunctionTemplate(lead)] under lead; prior registration was null
    22:57:47.191 [Test worker] DEBUG org.hibernate.query.sqm.function.SqmFunctionRegistry -- Registered SqmFunctionTemplate [NamedSqmFunctionTemplate(first_value)] under first_value; prior registration was null
    22:57:47.191 [Test worker] DEBUG org.hibernate.query.sqm.function.SqmFunctionRegistry -- Registered SqmFunctionTemplate [NamedSqmFunctionTemplate(last_value)] under last_value; prior registration was null
    22:57:47.191 [Test worker] DEBUG org.hibernate.query.sqm.function.SqmFunctionRegistry -- Registered SqmFunctionTemplate [NamedSqmFunctionTemplate(nth_value)] under nth_value; prior registration was null
    22:57:47.191 [Test worker] DEBUG org.hibernate.query.sqm.function.SqmFunctionRegistry -- Registered SqmFunctionTemplate [org.hibernate.dialect.function.InverseDistributionFunction@50508ed3] under mode; prior registration was null
    22:57:47.191 [Test worker] DEBUG org.hibernate.query.sqm.function.SqmFunctionRegistry -- Registered SqmFunctionTemplate [org.hibernate.dialect.function.InverseDistributionFunction@d319d2c] under percentile_cont; prior registration was null
    22:57:47.191 [Test worker] DEBUG org.hibernate.query.sqm.function.SqmFunctionRegistry -- Registered SqmFunctionTemplate [org.hibernate.dialect.function.InverseDistributionFunction@23acd55e] under percentile_disc; prior registration was null
    22:57:47.191 [Test worker] DEBUG org.hibernate.query.sqm.function.SqmFunctionRegistry -- Registered SqmFunctionTemplate [org.hibernate.dialect.function.HypotheticalSetFunction@eaf3dd0] under rank; prior registration was null
    22:57:47.191 [Test worker] DEBUG org.hibernate.query.sqm.function.SqmFunctionRegistry -- Registered SqmFunctionTemplate [org.hibernate.dialect.function.HypotheticalSetFunction@5add0cc0] under dense_rank; prior registration was null
    22:57:47.191 [Test worker] DEBUG org.hibernate.query.sqm.function.SqmFunctionRegistry -- Registered SqmFunctionTemplate [org.hibernate.dialect.function.HypotheticalSetFunction@5b04224a] under percent_rank; prior registration was null
    22:57:47.191 [Test worker] DEBUG org.hibernate.query.sqm.function.SqmFunctionRegistry -- Registered SqmFunctionTemplate [org.hibernate.dialect.function.HypotheticalSetFunction@1e470a51] under cume_dist; prior registration was null
    22:57:47.191 [Test worker] DEBUG org.hibernate.query.sqm.function.SqmFunctionRegistry -- Registered SqmFunctionTemplate [org.hibernate.dialect.function.ListaggFunction@6971f5f4] under listagg; prior registration was null
    22:57:47.192 [Test worker] DEBUG org.hibernate.HQL_FUNCTIONS -- abs(NUMERIC arg)
    22:57:47.192 [Test worker] DEBUG org.hibernate.HQL_FUNCTIONS -- Double acos(NUMERIC arg)
    22:57:47.192 [Test worker] DEBUG org.hibernate.HQL_FUNCTIONS -- Boolean any(BOOLEAN predicate)
    22:57:47.192 [Test worker] DEBUG org.hibernate.HQL_FUNCTIONS -- Integer ascii(STRING arg)
    22:57:47.192 [Test worker] DEBUG org.hibernate.HQL_FUNCTIONS -- Double asin(NUMERIC arg)
    22:57:47.192 [Test worker] DEBUG org.hibernate.HQL_FUNCTIONS -- Double atan(NUMERIC arg)
    22:57:47.192 [Test worker] DEBUG org.hibernate.HQL_FUNCTIONS -- Double atan2(NUMERIC arg0, NUMERIC arg1)
    22:57:47.192 [Test worker] DEBUG org.hibernate.HQL_FUNCTIONS -- Double avg(NUMERIC arg)
    22:57:47.192 [Test worker] DEBUG org.hibernate.HQL_FUNCTIONS -- bit_and(arg)
    22:57:47.192 [Test worker] DEBUG org.hibernate.HQL_FUNCTIONS -- Integer bit_length(STRING_OR_CLOB arg)
    22:57:47.192 [Test worker] DEBUG org.hibernate.HQL_FUNCTIONS -- bit_or(arg)
    22:57:47.192 [Test worker] DEBUG org.hibernate.HQL_FUNCTIONS -- bitand(arg0, arg1)
    22:57:47.192 [Test worker] DEBUG org.hibernate.HQL_FUNCTIONS -- bitor(arg0, arg1)
    22:57:47.192 [Test worker] DEBUG org.hibernate.HQL_FUNCTIONS -- bitxor(arg0, arg1)
    22:57:47.192 [Test worker] DEBUG org.hibernate.HQL_FUNCTIONS -- Boolean bool_and(BOOLEAN predicate)
    22:57:47.192 [Test worker] DEBUG org.hibernate.HQL_FUNCTIONS -- Boolean bool_or(BOOLEAN predicate)
    22:57:47.192 [Test worker] DEBUG org.hibernate.HQL_FUNCTIONS -- cast(arg as Type)
    22:57:47.192 [Test worker] DEBUG org.hibernate.HQL_FUNCTIONS -- ceiling(NUMERIC arg)
    22:57:47.192 [Test worker] DEBUG org.hibernate.HQL_FUNCTIONS -- Character char(INTEGER arg)
    22:57:47.192 [Test worker] DEBUG org.hibernate.HQL_FUNCTIONS -- Integer character_length(STRING_OR_CLOB arg)
    22:57:47.192 [Test worker] DEBUG org.hibernate.HQL_FUNCTIONS -- Character chr(INTEGER arg)
    22:57:47.192 [Test worker] DEBUG org.hibernate.HQL_FUNCTIONS -- coalesce(arg0[, arg1[, ...]])
    22:57:47.192 [Test worker] DEBUG org.hibernate.HQL_FUNCTIONS -- String collate(STRING string as COLLATION collation)
    22:57:47.192 [Test worker] DEBUG org.hibernate.HQL_FUNCTIONS -- String concat(STRING string0[, STRING string1[, ...]])
    22:57:47.192 [Test worker] DEBUG org.hibernate.HQL_FUNCTIONS -- Double cos(NUMERIC arg)
    22:57:47.192 [Test worker] DEBUG org.hibernate.HQL_FUNCTIONS -- Double cosh(NUMERIC arg)
    22:57:47.192 [Test worker] DEBUG org.hibernate.HQL_FUNCTIONS -- Double cot(NUMERIC arg)
    22:57:47.192 [Test worker] DEBUG org.hibernate.HQL_FUNCTIONS -- Long count([distinct ]{arg|*})
    22:57:47.192 [Test worker] DEBUG org.hibernate.HQL_FUNCTIONS -- Double cume_dist([arg0[, ...]])
    22:57:47.192 [Test worker] DEBUG org.hibernate.HQL_FUNCTIONS -- Date curdate()
    22:57:47.192 [Test worker] DEBUG org.hibernate.HQL_FUNCTIONS -- Date current date
    22:57:47.192 [Test worker] DEBUG org.hibernate.HQL_FUNCTIONS -- Time current time
    22:57:47.192 [Test worker] DEBUG org.hibernate.HQL_FUNCTIONS -- Timestamp current timestamp
    22:57:47.192 [Test worker] DEBUG org.hibernate.HQL_FUNCTIONS -- Date current_date
    22:57:47.192 [Test worker] DEBUG org.hibernate.HQL_FUNCTIONS -- Instant current_instant
    22:57:47.192 [Test worker] DEBUG org.hibernate.HQL_FUNCTIONS -- Time current_time
    22:57:47.192 [Test worker] DEBUG org.hibernate.HQL_FUNCTIONS -- Timestamp current_timestamp
    22:57:47.192 [Test worker] DEBUG org.hibernate.HQL_FUNCTIONS -- Time curtime()
    22:57:47.192 [Test worker] DEBUG org.hibernate.HQL_FUNCTIONS -- date_trunc(STRING field, TEMPORAL datetime)
    22:57:47.192 [Test worker] DEBUG org.hibernate.HQL_FUNCTIONS -- dateadd(TEMPORAL_UNIT field, INTEGER magnitude, TEMPORAL datetime)
    22:57:47.192 [Test worker] DEBUG org.hibernate.HQL_FUNCTIONS -- basicType@19(java.lang.Long,-5)|basicType@32(java.lang.Double,8) datediff(TEMPORAL_UNIT field, TEMPORAL start, TEMPORAL end)
    22:57:47.192 [Test worker] DEBUG org.hibernate.HQL_FUNCTIONS -- Integer day(DATE arg)
    22:57:47.192 [Test worker] DEBUG org.hibernate.HQL_FUNCTIONS -- Integer day_of_month(DATE arg)
    22:57:47.192 [Test worker] DEBUG org.hibernate.HQL_FUNCTIONS -- Integer day_of_week(DATE arg)
    22:57:47.192 [Test worker] DEBUG org.hibernate.HQL_FUNCTIONS -- Integer day_of_year(DATE arg)
    22:57:47.192 [Test worker] DEBUG org.hibernate.HQL_FUNCTIONS -- String dayname(DATE arg)
    22:57:47.192 [Test worker] DEBUG org.hibernate.HQL_FUNCTIONS -- Double degrees(NUMERIC arg)
    22:57:47.192 [Test worker] DEBUG org.hibernate.HQL_FUNCTIONS -- Long dense_rank([arg0[, ...]])
    22:57:47.192 [Test worker] DEBUG org.hibernate.HQL_FUNCTIONS -- Boolean every(BOOLEAN predicate)
    22:57:47.192 [Test worker] DEBUG org.hibernate.HQL_FUNCTIONS -- Double exp(NUMERIC arg)
    22:57:47.192 [Test worker] DEBUG org.hibernate.HQL_FUNCTIONS -- extract(TEMPORAL_UNIT field from TEMPORAL arg)
    22:57:47.192 [Test worker] DEBUG org.hibernate.HQL_FUNCTIONS -- first_valueANY value
    22:57:47.192 [Test worker] DEBUG org.hibernate.HQL_FUNCTIONS -- floor(NUMERIC arg)
    22:57:47.192 [Test worker] DEBUG org.hibernate.HQL_FUNCTIONS -- String format(TEMPORAL datetime as STRING pattern)
    22:57:47.192 [Test worker] DEBUG org.hibernate.HQL_FUNCTIONS -- greatest(COMPARABLE arg0, COMPARABLE arg1[, arg2[, ...]])
    22:57:47.192 [Test worker] DEBUG org.hibernate.HQL_FUNCTIONS -- Integer hour(TIME arg)
    22:57:47.192 [Test worker] DEBUG org.hibernate.HQL_FUNCTIONS -- ifnull(arg0, arg1)
    22:57:47.192 [Test worker] DEBUG org.hibernate.HQL_FUNCTIONS -- String insert(STRING string, INTEGER start, INTEGER length, STRING replacement)
    22:57:47.192 [Test worker] DEBUG org.hibernate.HQL_FUNCTIONS -- Instant instant
    22:57:47.192 [Test worker] DEBUG org.hibernate.HQL_FUNCTIONS -- Integer instr(STRING string, STRING pattern[, INTEGER start[, INTEGER occurrence]])
    22:57:47.192 [Test worker] DEBUG org.hibernate.HQL_FUNCTIONS -- lagANY value[, INTEGER offset[, ANY default]]
    22:57:47.192 [Test worker] DEBUG org.hibernate.HQL_FUNCTIONS -- last_valueANY value
    22:57:47.192 [Test worker] DEBUG org.hibernate.HQL_FUNCTIONS -- leadANY value[, INTEGER offset[, ANY default]]
    22:57:47.192 [Test worker] DEBUG org.hibernate.HQL_FUNCTIONS -- least(COMPARABLE arg0, COMPARABLE arg1[, arg2[, ...]])
    22:57:47.192 [Test worker] DEBUG org.hibernate.HQL_FUNCTIONS -- String left(STRING string, INTEGER length)
    22:57:47.193 [Test worker] DEBUG org.hibernate.HQL_FUNCTIONS -- Integer length(STRING_OR_CLOB arg)
    22:57:47.193 [Test worker] DEBUG org.hibernate.HQL_FUNCTIONS -- String listagg(STRING arg0, STRING arg1)
    22:57:47.193 [Test worker] DEBUG org.hibernate.HQL_FUNCTIONS -- Double ln(NUMERIC arg)
    22:57:47.193 [Test worker] DEBUG org.hibernate.HQL_FUNCTIONS -- LocalDate local date
    22:57:47.193 [Test worker] DEBUG org.hibernate.HQL_FUNCTIONS -- LocalDateTime local datetime
    22:57:47.193 [Test worker] DEBUG org.hibernate.HQL_FUNCTIONS -- LocalTime local time
    22:57:47.193 [Test worker] DEBUG org.hibernate.HQL_FUNCTIONS -- LocalDate local_date
    22:57:47.193 [Test worker] DEBUG org.hibernate.HQL_FUNCTIONS -- LocalDateTime local_datetime
    22:57:47.193 [Test worker] DEBUG org.hibernate.HQL_FUNCTIONS -- LocalTime local_time
    22:57:47.193 [Test worker] DEBUG org.hibernate.HQL_FUNCTIONS -- Time localtime
    22:57:47.193 [Test worker] DEBUG org.hibernate.HQL_FUNCTIONS -- Timestamp localtimestamp
    22:57:47.193 [Test worker] DEBUG org.hibernate.HQL_FUNCTIONS -- Integer locate(STRING pattern, STRING string[, INTEGER start])
    22:57:47.193 [Test worker] DEBUG org.hibernate.HQL_FUNCTIONS -- Double log(NUMERIC base, NUMERIC arg)
    22:57:47.193 [Test worker] DEBUG org.hibernate.HQL_FUNCTIONS -- Double log10(NUMERIC arg)
    22:57:47.193 [Test worker] DEBUG org.hibernate.HQL_FUNCTIONS -- String lower(STRING string)
    22:57:47.193 [Test worker] DEBUG org.hibernate.HQL_FUNCTIONS -- String lpad(STRING string, INTEGER length[, STRING padding])
    22:57:47.193 [Test worker] DEBUG org.hibernate.HQL_FUNCTIONS -- String ltrim(STRING string)
    22:57:47.193 [Test worker] DEBUG org.hibernate.HQL_FUNCTIONS -- max(COMPARABLE arg)
    22:57:47.193 [Test worker] DEBUG org.hibernate.HQL_FUNCTIONS -- Double median(NUMERIC arg)
    22:57:47.193 [Test worker] DEBUG org.hibernate.HQL_FUNCTIONS -- Integer microsecond(TIME arg)
    22:57:47.193 [Test worker] DEBUG org.hibernate.HQL_FUNCTIONS -- min(COMPARABLE arg)
    22:57:47.193 [Test worker] DEBUG org.hibernate.HQL_FUNCTIONS -- Integer minute(TIME arg)
    22:57:47.193 [Test worker] DEBUG org.hibernate.HQL_FUNCTIONS -- Integer mod(INTEGER arg0, INTEGER arg1)
    22:57:47.193 [Test worker] DEBUG org.hibernate.HQL_FUNCTIONS -- mode()
    22:57:47.193 [Test worker] DEBUG org.hibernate.HQL_FUNCTIONS -- Integer month(DATE arg)
    22:57:47.193 [Test worker] DEBUG org.hibernate.HQL_FUNCTIONS -- String monthname(DATE arg)
    22:57:47.193 [Test worker] DEBUG org.hibernate.HQL_FUNCTIONS -- Timestamp now()
    22:57:47.193 [Test worker] DEBUG org.hibernate.HQL_FUNCTIONS -- nth_valueANY value, INTEGER nth
    22:57:47.193 [Test worker] DEBUG org.hibernate.HQL_FUNCTIONS -- nullif(arg0, arg1)
    22:57:47.193 [Test worker] DEBUG org.hibernate.HQL_FUNCTIONS -- Integer octet_length(STRING_OR_CLOB arg)
    22:57:47.193 [Test worker] DEBUG org.hibernate.HQL_FUNCTIONS -- OffsetDateTime offset datetime
    22:57:47.193 [Test worker] DEBUG org.hibernate.HQL_FUNCTIONS -- OffsetDateTime offset_datetime
    22:57:47.193 [Test worker] DEBUG org.hibernate.HQL_FUNCTIONS -- String overlay(STRING string placing STRING replacement from INTEGER start[ for INTEGER length])
    22:57:47.193 [Test worker] DEBUG org.hibernate.HQL_FUNCTIONS -- String pad(STRING string with INTEGER length {leading|trailing}[ STRING character])
    22:57:47.193 [Test worker] DEBUG org.hibernate.HQL_FUNCTIONS -- Double percent_rank([arg0[, ...]])
    22:57:47.193 [Test worker] DEBUG org.hibernate.HQL_FUNCTIONS -- percentile_cont(NUMERIC arg)
    22:57:47.193 [Test worker] DEBUG org.hibernate.HQL_FUNCTIONS -- percentile_disc(NUMERIC arg)
    22:57:47.193 [Test worker] DEBUG org.hibernate.HQL_FUNCTIONS -- Double pi
    22:57:47.193 [Test worker] DEBUG org.hibernate.HQL_FUNCTIONS -- Integer position(STRING pattern in STRING string)
    22:57:47.193 [Test worker] DEBUG org.hibernate.HQL_FUNCTIONS -- Double power(NUMERIC arg0, NUMERIC arg1)
    22:57:47.193 [Test worker] DEBUG org.hibernate.HQL_FUNCTIONS -- Integer quarter(DATE arg)
    22:57:47.193 [Test worker] DEBUG org.hibernate.HQL_FUNCTIONS -- Double radians(NUMERIC arg)
    22:57:47.193 [Test worker] DEBUG org.hibernate.HQL_FUNCTIONS -- Double rand([INTEGER seed])
    22:57:47.193 [Test worker] DEBUG org.hibernate.HQL_FUNCTIONS -- Long rank([arg0[, ...]])
    22:57:47.193 [Test worker] DEBUG org.hibernate.HQL_FUNCTIONS -- String repeat(STRING string, INTEGER times)
    22:57:47.193 [Test worker] DEBUG org.hibernate.HQL_FUNCTIONS -- String replace(STRING string, STRING pattern, STRING replacement)
    22:57:47.193 [Test worker] DEBUG org.hibernate.HQL_FUNCTIONS -- String right(STRING string, INTEGER length)
    22:57:47.193 [Test worker] DEBUG org.hibernate.HQL_FUNCTIONS -- round(NUMERIC number[, INTEGER places])
    22:57:47.193 [Test worker] DEBUG org.hibernate.HQL_FUNCTIONS -- Long row_number()
    22:57:47.193 [Test worker] DEBUG org.hibernate.HQL_FUNCTIONS -- Long rownum()
    22:57:47.193 [Test worker] DEBUG org.hibernate.HQL_FUNCTIONS -- String rpad(STRING string, INTEGER length[, STRING padding])
    22:57:47.193 [Test worker] DEBUG org.hibernate.HQL_FUNCTIONS -- String rtrim(STRING string)
    22:57:47.193 [Test worker] DEBUG org.hibernate.HQL_FUNCTIONS -- Integer second(TIME arg)
    22:57:47.193 [Test worker] DEBUG org.hibernate.HQL_FUNCTIONS -- Integer sign(NUMERIC arg)
    22:57:47.193 [Test worker] DEBUG org.hibernate.HQL_FUNCTIONS -- Double sin(NUMERIC arg)
    22:57:47.193 [Test worker] DEBUG org.hibernate.HQL_FUNCTIONS -- Double sinh(NUMERIC arg)
    22:57:47.193 [Test worker] DEBUG org.hibernate.HQL_FUNCTIONS -- String soundex(arg)
    22:57:47.193 [Test worker] DEBUG org.hibernate.HQL_FUNCTIONS -- String space(INTEGER arg)
    22:57:47.194 [Test worker] DEBUG org.hibernate.HQL_FUNCTIONS -- Object sql
    22:57:47.194 [Test worker] DEBUG org.hibernate.HQL_FUNCTIONS -- Double sqrt(NUMERIC arg)
    22:57:47.194 [Test worker] DEBUG org.hibernate.HQL_FUNCTIONS -- Double stddev_pop(NUMERIC arg)
    22:57:47.194 [Test worker] DEBUG org.hibernate.HQL_FUNCTIONS -- Double stddev_samp(NUMERIC arg)
    22:57:47.194 [Test worker] DEBUG org.hibernate.HQL_FUNCTIONS -- String str(arg)
    22:57:47.194 [Test worker] DEBUG org.hibernate.HQL_FUNCTIONS -- String substr(STRING string, INTEGER start[, INTEGER length])
    22:57:47.194 [Test worker] DEBUG org.hibernate.HQL_FUNCTIONS -- String substring(STRING string{ from|,} INTEGER start[{ for|,} INTEGER length])
    22:57:47.194 [Test worker] DEBUG org.hibernate.HQL_FUNCTIONS -- sum(arg)
    22:57:47.194 [Test worker] DEBUG org.hibernate.HQL_FUNCTIONS -- Timestamp sysdate
    22:57:47.194 [Test worker] DEBUG org.hibernate.HQL_FUNCTIONS -- Double tan(NUMERIC arg)
    22:57:47.194 [Test worker] DEBUG org.hibernate.HQL_FUNCTIONS -- Double tanh(NUMERIC arg)
    22:57:47.194 [Test worker] DEBUG org.hibernate.HQL_FUNCTIONS -- timestampadd(TEMPORAL_UNIT field, INTEGER magnitude, TEMPORAL datetime)
    22:57:47.194 [Test worker] DEBUG org.hibernate.HQL_FUNCTIONS -- basicType@19(java.lang.Long,-5)|basicType@32(java.lang.Double,8) timestampdiff(TEMPORAL_UNIT field, TEMPORAL start, TEMPORAL end)
    22:57:47.194 [Test worker] DEBUG org.hibernate.HQL_FUNCTIONS -- String translate(STRING arg0, STRING arg1, STRING arg2)
    22:57:47.194 [Test worker] DEBUG org.hibernate.HQL_FUNCTIONS -- String trim([[{leading|trailing|both} ][STRING arg0 ]from] STRING arg1)
    22:57:47.194 [Test worker] DEBUG org.hibernate.HQL_FUNCTIONS -- trunc( ... )
    22:57:47.194 [Test worker] DEBUG org.hibernate.HQL_FUNCTIONS -- truncate( ... )
    22:57:47.194 [Test worker] DEBUG org.hibernate.HQL_FUNCTIONS -- String upper(STRING string)
    22:57:47.194 [Test worker] DEBUG org.hibernate.HQL_FUNCTIONS -- Double var_pop(NUMERIC arg)
    22:57:47.194 [Test worker] DEBUG org.hibernate.HQL_FUNCTIONS -- Double var_samp(NUMERIC arg)
    22:57:47.194 [Test worker] DEBUG org.hibernate.HQL_FUNCTIONS -- Integer week(DATE arg)
    22:57:47.194 [Test worker] DEBUG org.hibernate.HQL_FUNCTIONS -- Integer year(DATE arg)
    22:57:47.194 [Test worker] DEBUG org.hibernate.orm.query.plan.cache -- Starting QueryPlanCache(2048)
    22:57:47.194 [Test worker] DEBUG org.hibernate.service.internal.SessionFactoryServiceRegistryImpl -- EventListenerRegistry access via ServiceRegistry is deprecated.  Use `sessionFactory.getEventEngine().getListenerRegistry()` instead
    22:57:47.195 [Test worker] DEBUG org.hibernate.event.internal.EntityCopyObserverFactoryInitiator -- Configured EntityCopyObserver strategy: disallow
    22:57:47.195 [Test worker] DEBUG org.hibernate.boot.internal.ClassLoaderAccessImpl -- Not known whether passed class name [com.taskflow.models.Comment] is safe
    22:57:47.195 [Test worker] DEBUG org.hibernate.boot.internal.ClassLoaderAccessImpl -- No temp ClassLoader provided; using live ClassLoader for loading potentially unsafe class : com.taskflow.models.Comment
    22:57:47.196 [Test worker] DEBUG org.hibernate.bytecode.internal.bytebuddy.BytecodeProviderImpl -- HHH000513: Unable to create the ReflectionOptimizer for [com.taskflow.models.Comment]: private accessor [content]
    22:57:47.196 [Test worker] INFO org.hibernate.metamodel.internal.EntityInstantiatorPojoStandard -- HHH000182: No default (no-argument) constructor for class: com.taskflow.models.Comment (class must be instantiated by Interceptor)
    22:57:47.197 [Test worker] DEBUG org.hibernate.boot.internal.ClassLoaderAccessImpl -- Not known whether passed class name [com.taskflow.models.Task] is safe
    22:57:47.197 [Test worker] DEBUG org.hibernate.boot.internal.ClassLoaderAccessImpl -- No temp ClassLoader provided; using live ClassLoader for loading potentially unsafe class : com.taskflow.models.Task
    22:57:47.198 [Test worker] DEBUG org.hibernate.bytecode.internal.bytebuddy.BytecodeProviderImpl -- HHH000513: Unable to create the ReflectionOptimizer for [com.taskflow.models.Task]: private accessor [assignedTo]
    22:57:47.198 [Test worker] INFO org.hibernate.metamodel.internal.EntityInstantiatorPojoStandard -- HHH000182: No default (no-argument) constructor for class: com.taskflow.models.Task (class must be instantiated by Interceptor)
    22:57:47.199 [Test worker] DEBUG org.hibernate.boot.internal.ClassLoaderAccessImpl -- Not known whether passed class name [com.taskflow.models.ProjectMember] is safe
    22:57:47.199 [Test worker] DEBUG org.hibernate.boot.internal.ClassLoaderAccessImpl -- No temp ClassLoader provided; using live ClassLoader for loading potentially unsafe class : com.taskflow.models.ProjectMember
    22:57:47.199 [Test worker] DEBUG org.hibernate.bytecode.internal.bytebuddy.BytecodeProviderImpl -- HHH000513: Unable to create the ReflectionOptimizer for [com.taskflow.models.ProjectMember]: private accessor [createdAt]
    22:57:47.199 [Test worker] INFO org.hibernate.metamodel.internal.EntityInstantiatorPojoStandard -- HHH000182: No default (no-argument) constructor for class: com.taskflow.models.ProjectMember (class must be instantiated by Interceptor)
    22:57:47.200 [Test worker] DEBUG org.hibernate.boot.internal.ClassLoaderAccessImpl -- Not known whether passed class name [com.taskflow.models.TaskActivityLog] is safe
    22:57:47.200 [Test worker] DEBUG org.hibernate.boot.internal.ClassLoaderAccessImpl -- No temp ClassLoader provided; using live ClassLoader for loading potentially unsafe class : com.taskflow.models.TaskActivityLog
    22:57:47.201 [Test worker] DEBUG org.hibernate.bytecode.internal.bytebuddy.BytecodeProviderImpl -- HHH000513: Unable to create the ReflectionOptimizer for [com.taskflow.models.TaskActivityLog]: private accessor [action]
    22:57:47.201 [Test worker] INFO org.hibernate.metamodel.internal.EntityInstantiatorPojoStandard -- HHH000182: No default (no-argument) constructor for class: com.taskflow.models.TaskActivityLog (class must be instantiated by Interceptor)
    22:57:47.201 [Test worker] DEBUG org.hibernate.boot.internal.ClassLoaderAccessImpl -- Not known whether passed class name [com.taskflow.models.Label] is safe
    22:57:47.201 [Test worker] DEBUG org.hibernate.boot.internal.ClassLoaderAccessImpl -- No temp ClassLoader provided; using live ClassLoader for loading potentially unsafe class : com.taskflow.models.Label
    22:57:47.202 [Test worker] DEBUG org.hibernate.bytecode.internal.bytebuddy.BytecodeProviderImpl -- HHH000513: Unable to create the ReflectionOptimizer for [com.taskflow.models.Label]: private accessor [color]
    22:57:47.202 [Test worker] INFO org.hibernate.metamodel.internal.EntityInstantiatorPojoStandard -- HHH000182: No default (no-argument) constructor for class: com.taskflow.models.Label (class must be instantiated by Interceptor)
    22:57:47.202 [Test worker] DEBUG org.hibernate.boot.internal.ClassLoaderAccessImpl -- Not known whether passed class name [com.taskflow.models.Project] is safe
    22:57:47.203 [Test worker] DEBUG org.hibernate.boot.internal.ClassLoaderAccessImpl -- No temp ClassLoader provided; using live ClassLoader for loading potentially unsafe class : com.taskflow.models.Project
    22:57:47.203 [Test worker] DEBUG org.hibernate.bytecode.internal.bytebuddy.BytecodeProviderImpl -- HHH000513: Unable to create the ReflectionOptimizer for [com.taskflow.models.Project]: private accessor [createdAt]
    22:57:47.203 [Test worker] INFO org.hibernate.metamodel.internal.EntityInstantiatorPojoStandard -- HHH000182: No default (no-argument) constructor for class: com.taskflow.models.Project (class must be instantiated by Interceptor)
    22:57:47.204 [Test worker] DEBUG org.hibernate.boot.internal.ClassLoaderAccessImpl -- Not known whether passed class name [com.taskflow.models.User] is safe
    22:57:47.204 [Test worker] DEBUG org.hibernate.boot.internal.ClassLoaderAccessImpl -- No temp ClassLoader provided; using live ClassLoader for loading potentially unsafe class : com.taskflow.models.User
    22:57:47.204 [Test worker] DEBUG org.hibernate.bytecode.internal.bytebuddy.BytecodeProviderImpl -- HHH000513: Unable to create the ReflectionOptimizer for [com.taskflow.models.User]: private accessor [createdAt]
    22:57:47.205 [Test worker] INFO org.hibernate.metamodel.internal.EntityInstantiatorPojoStandard -- HHH000182: No default (no-argument) constructor for class: com.taskflow.models.User (class must be instantiated by Interceptor)
    22:57:47.205 [Test worker] DEBUG org.hibernate.boot.internal.ClassLoaderAccessImpl -- Not known whether passed class name [com.taskflow.models.Attachment] is safe
    22:57:47.205 [Test worker] DEBUG org.hibernate.boot.internal.ClassLoaderAccessImpl -- No temp ClassLoader provided; using live ClassLoader for loading potentially unsafe class : com.taskflow.models.Attachment
    22:57:47.205 [Test worker] DEBUG org.hibernate.bytecode.internal.bytebuddy.BytecodeProviderImpl -- HHH000513: Unable to create the ReflectionOptimizer for [com.taskflow.models.Attachment]: private accessor [filePath]
    22:57:47.205 [Test worker] INFO org.hibernate.metamodel.internal.EntityInstantiatorPojoStandard -- HHH000182: No default (no-argument) constructor for class: com.taskflow.models.Attachment (class must be instantiated by Interceptor)
    22:57:47.206 [Test worker] DEBUG org.hibernate.orm.jdbc.mutation -- Skipping collection (re)creation - com.taskflow.models.Project.tasks
    22:57:47.206 [Test worker] DEBUG org.hibernate.orm.jdbc.mutation -- Skipping collection row deletions - com.taskflow.models.Project.tasks
    22:57:47.206 [Test worker] DEBUG org.hibernate.orm.jdbc.mutation -- Skipping collection removals - com.taskflow.models.Project.tasks
    22:57:47.206 [Test worker] DEBUG org.hibernate.orm.jdbc.mutation -- Skipping collection (re)creation - com.taskflow.models.Task.attachments
    22:57:47.206 [Test worker] DEBUG org.hibernate.orm.jdbc.mutation -- Skipping collection row deletions - com.taskflow.models.Task.attachments
    22:57:47.206 [Test worker] DEBUG org.hibernate.orm.jdbc.mutation -- Skipping collection removals - com.taskflow.models.Task.attachments
    22:57:47.206 [Test worker] DEBUG org.hibernate.orm.jdbc.mutation -- Skipping collection (re)creation - com.taskflow.models.Task.comments
    22:57:47.206 [Test worker] DEBUG org.hibernate.orm.jdbc.mutation -- Skipping collection row deletions - com.taskflow.models.Task.comments
    22:57:47.206 [Test worker] DEBUG org.hibernate.orm.jdbc.mutation -- Skipping collection removals - com.taskflow.models.Task.comments
    22:57:47.207 [Test worker] DEBUG org.hibernate.orm.jdbc.mutation -- Skipping collection inserts - com.taskflow.models.Label.tasks
    22:57:47.207 [Test worker] DEBUG org.hibernate.orm.jdbc.mutation -- Skipping collection row updates - com.taskflow.models.Label.tasks
    22:57:47.207 [Test worker] DEBUG org.hibernate.orm.jdbc.mutation -- Skipping collection row deletions - com.taskflow.models.Label.tasks
    22:57:47.207 [Test worker] DEBUG org.hibernate.orm.jdbc.mutation -- Skipping collection removals - com.taskflow.models.Label.tasks
    22:57:47.207 [Test worker] DEBUG org.hibernate.orm.jdbc.mutation -- Skipping collection (re)creation - com.taskflow.models.Project.members
    22:57:47.207 [Test worker] DEBUG org.hibernate.orm.jdbc.mutation -- Skipping collection row deletions - com.taskflow.models.Project.members
    22:57:47.207 [Test worker] DEBUG org.hibernate.orm.jdbc.mutation -- Skipping collection removals - com.taskflow.models.Project.members
    22:57:47.207 [Test worker] DEBUG org.hibernate.orm.jdbc.mutation -- Skipping collection row updates - com.taskflow.models.Task.labels
    22:57:47.209 [Test worker] DEBUG org.hibernate.orm.model.mapping.creation -- Starting post-init callbacks
    22:57:47.210 [Test worker] DEBUG org.hibernate.orm.model.mapping.creation -- Starting PostInitCallbackEntry : To-one key - NavigableRole[com.taskflow.models.Comment.task]
    22:57:47.210 [Test worker] DEBUG org.hibernate.orm.model.mapping.creation -- Starting PostInitCallbackEntry : To-one key - NavigableRole[com.taskflow.models.Comment.user]
    22:57:47.210 [Test worker] DEBUG org.hibernate.orm.model.mapping.creation -- Starting PostInitCallbackEntry : Entity(com.taskflow.models.Comment) `staticFetchableList` generator
    22:57:47.210 [Test worker] DEBUG org.hibernate.orm.model.mapping.creation -- Starting PostInitCallbackEntry : To-one key - NavigableRole[com.taskflow.models.Task.assignedTo]
    22:57:47.210 [Test worker] DEBUG org.hibernate.orm.model.mapping.creation -- Starting PostInitCallbackEntry : PluralAttributeMapping( NavigableRole[com.taskflow.models.Task.attachments#{element}]) - element descriptor
    22:57:47.210 [Test worker] DEBUG org.hibernate.orm.model.mapping.creation -- Starting PostInitCallbackEntry : PluralAttributeMapping(com.taskflow.models.Task.attachments)#finishInitialization
    22:57:47.210 [Test worker] DEBUG org.hibernate.orm.model.mapping.creation -- Starting PostInitCallbackEntry : PluralAttributeMapping(com.taskflow.models.Task.attachments) - key descriptor
    22:57:47.210 [Test worker] DEBUG org.hibernate.orm.model.mapping.creation -- Starting PostInitCallbackEntry : PluralAttributeMapping( NavigableRole[com.taskflow.models.Task.comments#{element}]) - element descriptor
    22:57:47.210 [Test worker] DEBUG org.hibernate.orm.model.mapping.creation -- Starting PostInitCallbackEntry : PluralAttributeMapping(com.taskflow.models.Task.comments)#finishInitialization
    22:57:47.210 [Test worker] DEBUG org.hibernate.orm.model.mapping.creation -- Starting PostInitCallbackEntry : PluralAttributeMapping(com.taskflow.models.Task.comments) - key descriptor
    22:57:47.210 [Test worker] DEBUG org.hibernate.orm.model.mapping.creation -- Starting PostInitCallbackEntry : PluralAttributeMapping( NavigableRole[com.taskflow.models.Task.labels#{element}]) - element descriptor
    22:57:47.210 [Test worker] DEBUG org.hibernate.orm.model.mapping.creation -- Starting PostInitCallbackEntry : PluralAttributeMapping(com.taskflow.models.Task.labels)#finishInitialization
    22:57:47.210 [Test worker] DEBUG org.hibernate.orm.model.mapping.creation -- Starting PostInitCallbackEntry : PluralAttributeMapping(com.taskflow.models.Task.labels) - key descriptor
    22:57:47.210 [Test worker] DEBUG org.hibernate.orm.model.mapping.creation -- Starting PostInitCallbackEntry : To-one key - NavigableRole[com.taskflow.models.Task.project]
    22:57:47.210 [Test worker] DEBUG org.hibernate.orm.model.mapping.creation -- Starting PostInitCallbackEntry : Entity(com.taskflow.models.Task) `staticFetchableList` generator
    22:57:47.210 [Test worker] DEBUG org.hibernate.orm.model.mapping.creation -- Starting PostInitCallbackEntry : To-one key - NavigableRole[com.taskflow.models.ProjectMember.project]
    22:57:47.210 [Test worker] DEBUG org.hibernate.orm.model.mapping.creation -- Starting PostInitCallbackEntry : To-one key - NavigableRole[com.taskflow.models.ProjectMember.user]
    22:57:47.210 [Test worker] DEBUG org.hibernate.orm.model.mapping.creation -- Starting PostInitCallbackEntry : Entity(com.taskflow.models.ProjectMember) `staticFetchableList` generator
    22:57:47.210 [Test worker] DEBUG org.hibernate.orm.model.mapping.creation -- Starting PostInitCallbackEntry : To-one key - NavigableRole[com.taskflow.models.TaskActivityLog.task]
    22:57:47.210 [Test worker] DEBUG org.hibernate.orm.model.mapping.creation -- Starting PostInitCallbackEntry : To-one key - NavigableRole[com.taskflow.models.TaskActivityLog.user]
    22:57:47.210 [Test worker] DEBUG org.hibernate.orm.model.mapping.creation -- Starting PostInitCallbackEntry : Entity(com.taskflow.models.TaskActivityLog) `staticFetchableList` generator
    22:57:47.210 [Test worker] DEBUG org.hibernate.orm.model.mapping.creation -- Starting PostInitCallbackEntry : PluralAttributeMapping( NavigableRole[com.taskflow.models.Label.tasks#{element}]) - element descriptor
    22:57:47.210 [Test worker] DEBUG org.hibernate.orm.model.mapping.creation -- Starting PostInitCallbackEntry : PluralAttributeMapping(com.taskflow.models.Label.tasks)#finishInitialization
    22:57:47.210 [Test worker] DEBUG org.hibernate.orm.model.mapping.creation -- Starting PostInitCallbackEntry : PluralAttributeMapping(com.taskflow.models.Label.tasks) - key descriptor
    22:57:47.210 [Test worker] DEBUG org.hibernate.orm.model.mapping.creation -- Starting PostInitCallbackEntry : Entity(com.taskflow.models.Label) `staticFetchableList` generator
    22:57:47.210 [Test worker] DEBUG org.hibernate.orm.model.mapping.creation -- Starting PostInitCallbackEntry : PluralAttributeMapping( NavigableRole[com.taskflow.models.Project.members#{element}]) - element descriptor
    22:57:47.210 [Test worker] DEBUG org.hibernate.orm.model.mapping.creation -- Starting PostInitCallbackEntry : PluralAttributeMapping(com.taskflow.models.Project.members)#finishInitialization
    22:57:47.210 [Test worker] DEBUG org.hibernate.orm.model.mapping.creation -- Starting PostInitCallbackEntry : PluralAttributeMapping(com.taskflow.models.Project.members) - key descriptor
    22:57:47.211 [Test worker] DEBUG org.hibernate.orm.model.mapping.creation -- Starting PostInitCallbackEntry : To-one key - NavigableRole[com.taskflow.models.Project.owner]
    22:57:47.211 [Test worker] DEBUG org.hibernate.orm.model.mapping.creation -- Starting PostInitCallbackEntry : PluralAttributeMapping( NavigableRole[com.taskflow.models.Project.tasks#{element}]) - element descriptor
    22:57:47.211 [Test worker] DEBUG org.hibernate.orm.model.mapping.creation -- Starting PostInitCallbackEntry : PluralAttributeMapping(com.taskflow.models.Project.tasks)#finishInitialization
    22:57:47.211 [Test worker] DEBUG org.hibernate.orm.model.mapping.creation -- Starting PostInitCallbackEntry : PluralAttributeMapping(com.taskflow.models.Project.tasks) - key descriptor
    22:57:47.211 [Test worker] DEBUG org.hibernate.orm.model.mapping.creation -- Starting PostInitCallbackEntry : Entity(com.taskflow.models.Project) `staticFetchableList` generator
    22:57:47.211 [Test worker] DEBUG org.hibernate.orm.model.mapping.creation -- Starting PostInitCallbackEntry : Entity(com.taskflow.models.User) `staticFetchableList` generator
    22:57:47.211 [Test worker] DEBUG org.hibernate.orm.model.mapping.creation -- Starting PostInitCallbackEntry : To-one key - NavigableRole[com.taskflow.models.Attachment.task]
    22:57:47.211 [Test worker] DEBUG org.hibernate.orm.model.mapping.creation -- Starting PostInitCallbackEntry : Entity(com.taskflow.models.Attachment) `staticFetchableList` generator
    22:57:47.211 [Test worker] DEBUG org.hibernate.orm.model.mapping.creation -- Starting PostInitCallbackEntry : PluralAttributeMapping( NavigableRole[com.taskflow.models.Task.attachments#{element}]) - element descriptor
    22:57:47.211 [Test worker] DEBUG org.hibernate.orm.model.mapping.creation -- Starting PostInitCallbackEntry : PluralAttributeMapping( NavigableRole[com.taskflow.models.Task.comments#{element}]) - element descriptor
    22:57:47.211 [Test worker] DEBUG org.hibernate.orm.model.mapping.creation -- Starting PostInitCallbackEntry : PluralAttributeMapping( NavigableRole[com.taskflow.models.Project.members#{element}]) - element descriptor
    22:57:47.211 [Test worker] DEBUG org.hibernate.orm.model.mapping.creation -- Starting PostInitCallbackEntry : PluralAttributeMapping( NavigableRole[com.taskflow.models.Project.tasks#{element}]) - element descriptor
    22:57:47.211 [Test worker] DEBUG org.hibernate.persister.entity.AbstractEntityPersister -- Static SQL for entity: com.taskflow.models.Comment
    22:57:47.211 [Test worker] DEBUG org.hibernate.persister.entity.AbstractEntityPersister --  Version select: select id from comments where id=?
    22:57:47.211 [Test worker] DEBUG org.hibernate.persister.entity.AbstractEntityPersister --  Insert (0): insert into comments (content,created_at,task_id,user_id,id) values (?,?,?,?,default)
    22:57:47.211 [Test worker] DEBUG org.hibernate.persister.entity.AbstractEntityPersister --  Update (0): update comments set content=?,task_id=?,user_id=? where id=?
    22:57:47.211 [Test worker] DEBUG org.hibernate.persister.entity.AbstractEntityPersister --  Delete (0): delete from comments where id=?
    22:57:47.211 [Test worker] DEBUG org.hibernate.orm.sql.ast.create -- Created new SQL alias : c1_0
    22:57:47.211 [Test worker] DEBUG org.hibernate.orm.sql.ast.create -- Registration of TableGroup [StandardTableGroup(com.taskflow.models.Comment)] with identifierForTableGroup [com.taskflow.models.Comment] for NavigablePath [com.taskflow.models.Comment] 
    22:57:47.212 [Test worker] DEBUG org.hibernate.orm.sql.ast.create -- Registration of TableGroup [org.hibernate.sql.ast.tree.from.LazyTableGroup@6223dbed] with identifierForTableGroup [com.taskflow.models.Comment.task] for NavigablePath [com.taskflow.models.Comment.task] 
    22:57:47.212 [Test worker] DEBUG org.hibernate.orm.sql.ast.create -- Registration of TableGroup [org.hibernate.sql.ast.tree.from.LazyTableGroup@1f40bb80] with identifierForTableGroup [com.taskflow.models.Comment.user] for NavigablePath [com.taskflow.models.Comment.user] 
    22:57:47.212 [Test worker] DEBUG org.hibernate.orm.results.graph.AST -- DomainResult Graph:
     \-EntityResultImpl [com.taskflow.models.Comment]
     |  +-BasicFetch [com.taskflow.models.Comment.content]
     |  +-BasicFetch [com.taskflow.models.Comment.createdAt]
     |  +-EntityFetchSelectImpl [com.taskflow.models.Comment.task]
     |  \-EntityFetchSelectImpl [com.taskflow.models.Comment.user]

    22:57:47.212 [Test worker] DEBUG org.hibernate.orm.sql.ast.tree -- SQL AST Tree:
        SelectStatement {
          FromClause {
            StandardTableGroup (c1 : com.taskflow.models.Comment) {
              primaryTableReference : comments as c1_0
              TableGroupJoins {
                left  join LazyTableGroup (t1 : com.taskflow.models.Comment.task) {
                }
                left  join LazyTableGroup (u1 : com.taskflow.models.Comment.user) {
                }
              }
            }
          }
        }

    22:57:47.213 [Test worker] DEBUG org.hibernate.persister.entity.AbstractEntityPersister -- Static SQL for entity: com.taskflow.models.Task
    22:57:47.213 [Test worker] DEBUG org.hibernate.persister.entity.AbstractEntityPersister --  Version select: select id from tasks where id=?
    22:57:47.213 [Test worker] DEBUG org.hibernate.persister.entity.AbstractEntityPersister --  Insert (0): insert into tasks (assigned_to,created_at,description,due_date,priority,project_id,status,title,updated_at,id) values (?,?,?,?,?,?,?,?,?,default)
    22:57:47.213 [Test worker] DEBUG org.hibernate.persister.entity.AbstractEntityPersister --  Update (0): update tasks set assigned_to=?,description=?,due_date=?,priority=?,project_id=?,status=?,title=?,updated_at=? where id=?
    22:57:47.213 [Test worker] DEBUG org.hibernate.persister.entity.AbstractEntityPersister --  Delete (0): delete from tasks where id=?
    22:57:47.213 [Test worker] DEBUG org.hibernate.orm.sql.ast.create -- Created new SQL alias : t1_0
    22:57:47.213 [Test worker] DEBUG org.hibernate.orm.sql.ast.create -- Registration of TableGroup [StandardTableGroup(com.taskflow.models.Task)] with identifierForTableGroup [com.taskflow.models.Task] for NavigablePath [com.taskflow.models.Task] 
    22:57:47.213 [Test worker] DEBUG org.hibernate.orm.sql.ast.create -- Registration of TableGroup [org.hibernate.sql.ast.tree.from.LazyTableGroup@47fb30ca] with identifierForTableGroup [com.taskflow.models.Task.assignedTo] for NavigablePath [com.taskflow.models.Task.assignedTo] 
    22:57:47.214 [Test worker] DEBUG org.hibernate.orm.sql.ast.create -- Registration of TableGroup [org.hibernate.sql.ast.tree.from.LazyTableGroup@2150dc64] with identifierForTableGroup [com.taskflow.models.Task.project] for NavigablePath [com.taskflow.models.Task.project] 
    22:57:47.214 [Test worker] DEBUG org.hibernate.orm.results.graph.AST -- DomainResult Graph:
     \-EntityResultImpl [com.taskflow.models.Task]
     |  +-EntityFetchSelectImpl [com.taskflow.models.Task.assignedTo]
     |  +-DelayedCollectionFetch [com.taskflow.models.Task.attachments]
     |  +-DelayedCollectionFetch [com.taskflow.models.Task.comments]
     |  +-BasicFetch [com.taskflow.models.Task.createdAt]
     |  +-BasicFetch [com.taskflow.models.Task.description]
     |  +-BasicFetch [com.taskflow.models.Task.dueDate]
     |  +-DelayedCollectionFetch [com.taskflow.models.Task.labels]
     |  +-BasicFetch [com.taskflow.models.Task.priority]
     |  +-EntityFetchSelectImpl [com.taskflow.models.Task.project]
     |  +-BasicFetch [com.taskflow.models.Task.status]
     |  +-BasicFetch [com.taskflow.models.Task.title]
     |  \-BasicFetch [com.taskflow.models.Task.updatedAt]

    22:57:47.214 [Test worker] DEBUG org.hibernate.orm.sql.ast.tree -- SQL AST Tree:
        SelectStatement {
          FromClause {
            StandardTableGroup (t1 : com.taskflow.models.Task) {
              primaryTableReference : tasks as t1_0
              TableGroupJoins {
                left  join LazyTableGroup (a1 : com.taskflow.models.Task.assignedTo) {
                }
                left  join LazyTableGroup (p1 : com.taskflow.models.Task.project) {
                }
              }
            }
          }
        }

    22:57:47.215 [Test worker] DEBUG org.hibernate.persister.entity.AbstractEntityPersister -- Static SQL for entity: com.taskflow.models.ProjectMember
    22:57:47.215 [Test worker] DEBUG org.hibernate.persister.entity.AbstractEntityPersister --  Version select: select id from project_members where id=?
    22:57:47.215 [Test worker] DEBUG org.hibernate.persister.entity.AbstractEntityPersister --  Insert (0): insert into project_members (created_at,project_id,role,user_id,id) values (?,?,?,?,default)
    22:57:47.215 [Test worker] DEBUG org.hibernate.persister.entity.AbstractEntityPersister --  Update (0): update project_members set project_id=?,role=?,user_id=? where id=?
    22:57:47.215 [Test worker] DEBUG org.hibernate.persister.entity.AbstractEntityPersister --  Delete (0): delete from project_members where id=?
    22:57:47.215 [Test worker] DEBUG org.hibernate.orm.sql.ast.create -- Created new SQL alias : p1_0
    22:57:47.215 [Test worker] DEBUG org.hibernate.orm.sql.ast.create -- Registration of TableGroup [StandardTableGroup(com.taskflow.models.ProjectMember)] with identifierForTableGroup [com.taskflow.models.ProjectMember] for NavigablePath [com.taskflow.models.ProjectMember] 
    22:57:47.215 [Test worker] DEBUG org.hibernate.orm.sql.ast.create -- Registration of TableGroup [org.hibernate.sql.ast.tree.from.LazyTableGroup@51aa8c0f] with identifierForTableGroup [com.taskflow.models.ProjectMember.project] for NavigablePath [com.taskflow.models.ProjectMember.project] 
    22:57:47.215 [Test worker] DEBUG org.hibernate.orm.sql.ast.create -- Registration of TableGroup [org.hibernate.sql.ast.tree.from.LazyTableGroup@74cd82f1] with identifierForTableGroup [com.taskflow.models.ProjectMember.user] for NavigablePath [com.taskflow.models.ProjectMember.user] 
    22:57:47.215 [Test worker] DEBUG org.hibernate.orm.results.graph.AST -- DomainResult Graph:
     \-EntityResultImpl [com.taskflow.models.ProjectMember]
     |  +-BasicFetch [com.taskflow.models.ProjectMember.createdAt]
     |  +-EntityFetchSelectImpl [com.taskflow.models.ProjectMember.project]
     |  +-BasicFetch [com.taskflow.models.ProjectMember.role]
     |  \-EntityFetchSelectImpl [com.taskflow.models.ProjectMember.user]

    22:57:47.215 [Test worker] DEBUG org.hibernate.orm.sql.ast.tree -- SQL AST Tree:
        SelectStatement {
          FromClause {
            StandardTableGroup (p1 : com.taskflow.models.ProjectMember) {
              primaryTableReference : project_members as p1_0
              TableGroupJoins {
                left  join LazyTableGroup (p2 : com.taskflow.models.ProjectMember.project) {
                }
                left  join LazyTableGroup (u1 : com.taskflow.models.ProjectMember.user) {
                }
              }
            }
          }
        }

    22:57:47.216 [HikariPool-2 connection adder] DEBUG com.zaxxer.hikari.pool.HikariPool -- HikariPool-2 - After adding stats (total=2, active=0, idle=2, waiting=0)
    22:57:47.216 [Test worker] DEBUG org.hibernate.persister.entity.AbstractEntityPersister -- Static SQL for entity: com.taskflow.models.TaskActivityLog
    22:57:47.216 [Test worker] DEBUG org.hibernate.persister.entity.AbstractEntityPersister --  Version select: select id from task_activity_log where id=?
    22:57:47.216 [Test worker] DEBUG org.hibernate.persister.entity.AbstractEntityPersister --  Insert (0): insert into task_activity_log (action,created_at,new_value,old_value,task_id,user_id,id) values (?,?,?,?,?,?,default)
    22:57:47.216 [Test worker] DEBUG org.hibernate.persister.entity.AbstractEntityPersister --  Update (0): update task_activity_log set action=?,new_value=?,old_value=?,task_id=?,user_id=? where id=?
    22:57:47.216 [Test worker] DEBUG org.hibernate.persister.entity.AbstractEntityPersister --  Delete (0): delete from task_activity_log where id=?
    22:57:47.216 [Test worker] DEBUG org.hibernate.orm.sql.ast.create -- Created new SQL alias : t1_0
    22:57:47.216 [Test worker] DEBUG org.hibernate.orm.sql.ast.create -- Registration of TableGroup [StandardTableGroup(com.taskflow.models.TaskActivityLog)] with identifierForTableGroup [com.taskflow.models.TaskActivityLog] for NavigablePath [com.taskflow.models.TaskActivityLog] 
    22:57:47.216 [HikariPool-2 connection adder] DEBUG com.zaxxer.hikari.pool.HikariPool -- HikariPool-2 - Added connection conn12: url=jdbc:h2:mem:devDb user=SA
    22:57:47.217 [Test worker] DEBUG org.hibernate.orm.sql.ast.create -- Registration of TableGroup [org.hibernate.sql.ast.tree.from.LazyTableGroup@4163f505] with identifierForTableGroup [com.taskflow.models.TaskActivityLog.task] for NavigablePath [com.taskflow.models.TaskActivityLog.task] 
    22:57:47.217 [Test worker] DEBUG org.hibernate.orm.sql.ast.create -- Registration of TableGroup [org.hibernate.sql.ast.tree.from.LazyTableGroup@4cce421e] with identifierForTableGroup [com.taskflow.models.TaskActivityLog.user] for NavigablePath [com.taskflow.models.TaskActivityLog.user] 
    22:57:47.217 [Test worker] DEBUG org.hibernate.orm.results.graph.AST -- DomainResult Graph:
     \-EntityResultImpl [com.taskflow.models.TaskActivityLog]
     |  +-BasicFetch [com.taskflow.models.TaskActivityLog.action]
     |  +-BasicFetch [com.taskflow.models.TaskActivityLog.createdAt]
     |  +-BasicFetch [com.taskflow.models.TaskActivityLog.newValue]
     |  +-BasicFetch [com.taskflow.models.TaskActivityLog.oldValue]
     |  +-EntityFetchSelectImpl [com.taskflow.models.TaskActivityLog.task]
     |  \-EntityFetchSelectImpl [com.taskflow.models.TaskActivityLog.user]

    22:57:47.217 [Test worker] DEBUG org.hibernate.orm.sql.ast.tree -- SQL AST Tree:
        SelectStatement {
          FromClause {
            StandardTableGroup (t1 : com.taskflow.models.TaskActivityLog) {
              primaryTableReference : task_activity_log as t1_0
              TableGroupJoins {
                left  join LazyTableGroup (t2 : com.taskflow.models.TaskActivityLog.task) {
                }
                left  join LazyTableGroup (u1 : com.taskflow.models.TaskActivityLog.user) {
                }
              }
            }
          }
        }

    22:57:47.218 [Test worker] DEBUG org.hibernate.persister.entity.AbstractEntityPersister -- Static SQL for entity: com.taskflow.models.Label
    22:57:47.218 [Test worker] DEBUG org.hibernate.persister.entity.AbstractEntityPersister --  Version select: select id from labels where id=?
    22:57:47.218 [Test worker] DEBUG org.hibernate.persister.entity.AbstractEntityPersister --  Insert (0): insert into labels (color,created_at,name,id) values (?,?,?,default)
    22:57:47.218 [Test worker] DEBUG org.hibernate.persister.entity.AbstractEntityPersister --  Update (0): update labels set color=?,name=? where id=?
    22:57:47.218 [Test worker] DEBUG org.hibernate.persister.entity.AbstractEntityPersister --  Delete (0): delete from labels where id=?
    22:57:47.218 [Test worker] DEBUG org.hibernate.orm.sql.ast.create -- Created new SQL alias : l1_0
    22:57:47.218 [Test worker] DEBUG org.hibernate.orm.sql.ast.create -- Registration of TableGroup [StandardTableGroup(com.taskflow.models.Label)] with identifierForTableGroup [com.taskflow.models.Label] for NavigablePath [com.taskflow.models.Label] 
    22:57:47.218 [Test worker] DEBUG org.hibernate.orm.results.graph.AST -- DomainResult Graph:
     \-EntityResultImpl [com.taskflow.models.Label]
     |  +-BasicFetch [com.taskflow.models.Label.color]
     |  +-BasicFetch [com.taskflow.models.Label.createdAt]
     |  +-BasicFetch [com.taskflow.models.Label.name]
     |  \-DelayedCollectionFetch [com.taskflow.models.Label.tasks]

    22:57:47.218 [Test worker] DEBUG org.hibernate.orm.sql.ast.tree -- SQL AST Tree:
        SelectStatement {
          FromClause {
            StandardTableGroup (l1 : com.taskflow.models.Label) {
              primaryTableReference : labels as l1_0
            }
          }
        }

    22:57:47.219 [Test worker] DEBUG org.hibernate.persister.entity.AbstractEntityPersister -- Static SQL for entity: com.taskflow.models.Project
    22:57:47.219 [Test worker] DEBUG org.hibernate.persister.entity.AbstractEntityPersister --  Version select: select id from projects where id=?
    22:57:47.219 [Test worker] DEBUG org.hibernate.persister.entity.AbstractEntityPersister --  Insert (0): insert into projects (created_at,description,name,owner_id,updated_at,id) values (?,?,?,?,?,default)
    22:57:47.219 [Test worker] DEBUG org.hibernate.persister.entity.AbstractEntityPersister --  Update (0): update projects set description=?,name=?,owner_id=?,updated_at=? where id=?
    22:57:47.219 [Test worker] DEBUG org.hibernate.persister.entity.AbstractEntityPersister --  Delete (0): delete from projects where id=?
    22:57:47.219 [Test worker] DEBUG org.hibernate.orm.sql.ast.create -- Created new SQL alias : p1_0
    22:57:47.219 [Test worker] DEBUG org.hibernate.orm.sql.ast.create -- Registration of TableGroup [StandardTableGroup(com.taskflow.models.Project)] with identifierForTableGroup [com.taskflow.models.Project] for NavigablePath [com.taskflow.models.Project] 
    22:57:47.219 [Test worker] DEBUG org.hibernate.orm.sql.ast.create -- Registration of TableGroup [org.hibernate.sql.ast.tree.from.LazyTableGroup@27381497] with identifierForTableGroup [com.taskflow.models.Project.owner] for NavigablePath [com.taskflow.models.Project.owner] 
    22:57:47.219 [Test worker] DEBUG org.hibernate.orm.results.graph.AST -- DomainResult Graph:
     \-EntityResultImpl [com.taskflow.models.Project]
     |  +-BasicFetch [com.taskflow.models.Project.createdAt]
     |  +-BasicFetch [com.taskflow.models.Project.description]
     |  +-DelayedCollectionFetch [com.taskflow.models.Project.members]
     |  +-BasicFetch [com.taskflow.models.Project.name]
     |  +-EntityFetchSelectImpl [com.taskflow.models.Project.owner]
     |  +-DelayedCollectionFetch [com.taskflow.models.Project.tasks]
     |  \-BasicFetch [com.taskflow.models.Project.updatedAt]

    22:57:47.219 [Test worker] DEBUG org.hibernate.orm.sql.ast.tree -- SQL AST Tree:
        SelectStatement {
          FromClause {
            StandardTableGroup (p1 : com.taskflow.models.Project) {
              primaryTableReference : projects as p1_0
              TableGroupJoins {
                left  join LazyTableGroup (o1 : com.taskflow.models.Project.owner) {
                }
              }
            }
          }
        }

    22:57:47.220 [Test worker] DEBUG org.hibernate.persister.entity.AbstractEntityPersister -- Static SQL for entity: com.taskflow.models.User
    22:57:47.220 [Test worker] DEBUG org.hibernate.persister.entity.AbstractEntityPersister --  Version select: select id from users where id=?
    22:57:47.220 [Test worker] DEBUG org.hibernate.persister.entity.AbstractEntityPersister --  Insert (0): insert into users (created_at,email,password,updated_at,username,id) values (?,?,?,?,?,default)
    22:57:47.220 [Test worker] DEBUG org.hibernate.persister.entity.AbstractEntityPersister --  Update (0): update users set email=?,password=?,updated_at=?,username=? where id=?
    22:57:47.220 [Test worker] DEBUG org.hibernate.persister.entity.AbstractEntityPersister --  Delete (0): delete from users where id=?
    22:57:47.220 [Test worker] DEBUG org.hibernate.orm.sql.ast.create -- Created new SQL alias : u1_0
    22:57:47.220 [Test worker] DEBUG org.hibernate.orm.sql.ast.create -- Registration of TableGroup [StandardTableGroup(com.taskflow.models.User)] with identifierForTableGroup [com.taskflow.models.User] for NavigablePath [com.taskflow.models.User] 
    22:57:47.221 [Test worker] DEBUG org.hibernate.orm.results.graph.AST -- DomainResult Graph:
     \-EntityResultImpl [com.taskflow.models.User]
     |  +-BasicFetch [com.taskflow.models.User.createdAt]
     |  +-BasicFetch [com.taskflow.models.User.email]
     |  +-BasicFetch [com.taskflow.models.User.password]
     |  +-BasicFetch [com.taskflow.models.User.updatedAt]
     |  \-BasicFetch [com.taskflow.models.User.username]

    22:57:47.221 [Test worker] DEBUG org.hibernate.orm.sql.ast.tree -- SQL AST Tree:
        SelectStatement {
          FromClause {
            StandardTableGroup (u1 : com.taskflow.models.User) {
              primaryTableReference : users as u1_0
            }
          }
        }

    22:57:47.221 [Test worker] DEBUG org.hibernate.persister.entity.AbstractEntityPersister -- Static SQL for entity: com.taskflow.models.Attachment
    22:57:47.221 [Test worker] DEBUG org.hibernate.persister.entity.AbstractEntityPersister --  Version select: select id from attachments where id=?
    22:57:47.221 [Test worker] DEBUG org.hibernate.persister.entity.AbstractEntityPersister --  Insert (0): insert into attachments (file_path,task_id,uploaded_at,id) values (?,?,?,default)
    22:57:47.221 [Test worker] DEBUG org.hibernate.persister.entity.AbstractEntityPersister --  Update (0): update attachments set file_path=?,task_id=? where id=?
    22:57:47.221 [Test worker] DEBUG org.hibernate.persister.entity.AbstractEntityPersister --  Delete (0): delete from attachments where id=?
    22:57:47.221 [Test worker] DEBUG org.hibernate.orm.sql.ast.create -- Created new SQL alias : a1_0
    22:57:47.221 [Test worker] DEBUG org.hibernate.orm.sql.ast.create -- Registration of TableGroup [StandardTableGroup(com.taskflow.models.Attachment)] with identifierForTableGroup [com.taskflow.models.Attachment] for NavigablePath [com.taskflow.models.Attachment] 
    22:57:47.222 [Test worker] DEBUG org.hibernate.orm.sql.ast.create -- Registration of TableGroup [org.hibernate.sql.ast.tree.from.LazyTableGroup@b89cbf9] with identifierForTableGroup [com.taskflow.models.Attachment.task] for NavigablePath [com.taskflow.models.Attachment.task] 
    22:57:47.222 [Test worker] DEBUG org.hibernate.orm.results.graph.AST -- DomainResult Graph:
     \-EntityResultImpl [com.taskflow.models.Attachment]
     |  +-BasicFetch [com.taskflow.models.Attachment.filePath]
     |  +-EntityFetchSelectImpl [com.taskflow.models.Attachment.task]
     |  \-BasicFetch [com.taskflow.models.Attachment.uploadedAt]

    22:57:47.222 [Test worker] DEBUG org.hibernate.orm.sql.ast.tree -- SQL AST Tree:
        SelectStatement {
          FromClause {
            StandardTableGroup (a1 : com.taskflow.models.Attachment) {
              primaryTableReference : attachments as a1_0
              TableGroupJoins {
                left  join LazyTableGroup (t1 : com.taskflow.models.Attachment.task) {
                }
              }
            }
          }
        }

    22:57:47.222 [Test worker] DEBUG org.hibernate.orm.sql.ast.create -- Created new SQL alias : t1_0
    22:57:47.222 [Test worker] DEBUG org.hibernate.orm.sql.ast.create -- Registration of TableGroup [org.hibernate.sql.ast.tree.from.OneToManyTableGroup@219c10c2] with identifierForTableGroup [com.taskflow.models.Project.tasks] for NavigablePath [com.taskflow.models.Project.tasks] 
    22:57:47.222 [Test worker] DEBUG org.hibernate.orm.sql.ast.create -- Registration of TableGroup [StandardTableGroup(com.taskflow.models.Project.tasks.{element})] with identifierForTableGroup [com.taskflow.models.Project.tasks.{element}] for NavigablePath [com.taskflow.models.Project.tasks.{element}] 
    22:57:47.222 [Test worker] DEBUG org.hibernate.orm.sql.ast.create -- Registration of TableGroup [org.hibernate.sql.ast.tree.from.LazyTableGroup@5e352e3a] with identifierForTableGroup [com.taskflow.models.Project.tasks.{element}.assignedTo] for NavigablePath [com.taskflow.models.Project.tasks.{element}.assignedTo] 
    22:57:47.222 [Test worker] DEBUG org.hibernate.orm.sql.ast.create -- Registration of TableGroup [org.hibernate.sql.ast.tree.from.LazyTableGroup@38a6ca39] with identifierForTableGroup [com.taskflow.models.Project.tasks.{element}.project] for NavigablePath [com.taskflow.models.Project.tasks.{element}.project] 
    22:57:47.223 [Test worker] DEBUG org.hibernate.orm.results.graph.AST -- DomainResult Graph:
     \-CollectionDomainResult [com.taskflow.models.Project.tasks]

    22:57:47.223 [Test worker] DEBUG org.hibernate.orm.sql.ast.tree -- SQL AST Tree:
        SelectStatement {
          FromClause {
            OneToManyTableGroup (t1 : com.taskflow.models.Project.tasks) {
              primaryTableReference : tasks as t1_0
              TableGroupJoins {
                left  join LazyTableGroup (a1 : com.taskflow.models.Project.tasks.{element}.assignedTo) {
                }
                left  join LazyTableGroup (p1 : com.taskflow.models.Project.tasks.{element}.project) {
                }
              }
            }
          }
        }

    22:57:47.223 [Test worker] DEBUG org.hibernate.orm.jdbc.mutation -- Static SQL for collection: com.taskflow.models.Project.tasks
    22:57:47.223 [Test worker] DEBUG org.hibernate.orm.sql.ast.create -- Created new SQL alias : a1_0
    22:57:47.223 [Test worker] DEBUG org.hibernate.orm.sql.ast.create -- Registration of TableGroup [org.hibernate.sql.ast.tree.from.OneToManyTableGroup@ece7204] with identifierForTableGroup [com.taskflow.models.Task.attachments] for NavigablePath [com.taskflow.models.Task.attachments] 
    22:57:47.223 [Test worker] DEBUG org.hibernate.orm.sql.ast.create -- Registration of TableGroup [StandardTableGroup(com.taskflow.models.Task.attachments.{element})] with identifierForTableGroup [com.taskflow.models.Task.attachments.{element}] for NavigablePath [com.taskflow.models.Task.attachments.{element}] 
    22:57:47.223 [Test worker] DEBUG org.hibernate.orm.sql.ast.create -- Registration of TableGroup [org.hibernate.sql.ast.tree.from.LazyTableGroup@22c4151b] with identifierForTableGroup [com.taskflow.models.Task.attachments.{element}.task] for NavigablePath [com.taskflow.models.Task.attachments.{element}.task] 
    22:57:47.223 [Test worker] DEBUG org.hibernate.orm.results.graph.AST -- DomainResult Graph:
     \-CollectionDomainResult [com.taskflow.models.Task.attachments]

    22:57:47.223 [Test worker] DEBUG org.hibernate.orm.sql.ast.tree -- SQL AST Tree:
        SelectStatement {
          FromClause {
            OneToManyTableGroup (a1 : com.taskflow.models.Task.attachments) {
              primaryTableReference : attachments as a1_0
              TableGroupJoins {
                left  join LazyTableGroup (t1 : com.taskflow.models.Task.attachments.{element}.task) {
                }
              }
            }
          }
        }

    22:57:47.223 [Test worker] DEBUG org.hibernate.orm.jdbc.mutation -- Static SQL for collection: com.taskflow.models.Task.attachments
    22:57:47.223 [Test worker] DEBUG org.hibernate.orm.sql.ast.create -- Created new SQL alias : c1_0
    22:57:47.223 [Test worker] DEBUG org.hibernate.orm.sql.ast.create -- Registration of TableGroup [org.hibernate.sql.ast.tree.from.OneToManyTableGroup@3be88cbf] with identifierForTableGroup [com.taskflow.models.Task.comments] for NavigablePath [com.taskflow.models.Task.comments] 
    22:57:47.223 [Test worker] DEBUG org.hibernate.orm.sql.ast.create -- Registration of TableGroup [StandardTableGroup(com.taskflow.models.Task.comments.{element})] with identifierForTableGroup [com.taskflow.models.Task.comments.{element}] for NavigablePath [com.taskflow.models.Task.comments.{element}] 
    22:57:47.224 [Test worker] DEBUG org.hibernate.orm.sql.ast.create -- Registration of TableGroup [org.hibernate.sql.ast.tree.from.LazyTableGroup@46cb9794] with identifierForTableGroup [com.taskflow.models.Task.comments.{element}.task] for NavigablePath [com.taskflow.models.Task.comments.{element}.task] 
    22:57:47.224 [Test worker] DEBUG org.hibernate.orm.sql.ast.create -- Registration of TableGroup [org.hibernate.sql.ast.tree.from.LazyTableGroup@7f88c53] with identifierForTableGroup [com.taskflow.models.Task.comments.{element}.user] for NavigablePath [com.taskflow.models.Task.comments.{element}.user] 
    22:57:47.224 [Test worker] DEBUG org.hibernate.orm.results.graph.AST -- DomainResult Graph:
     \-CollectionDomainResult [com.taskflow.models.Task.comments]

    22:57:47.224 [Test worker] DEBUG org.hibernate.orm.sql.ast.tree -- SQL AST Tree:
        SelectStatement {
          FromClause {
            OneToManyTableGroup (c1 : com.taskflow.models.Task.comments) {
              primaryTableReference : comments as c1_0
              TableGroupJoins {
                left  join LazyTableGroup (t1 : com.taskflow.models.Task.comments.{element}.task) {
                }
                left  join LazyTableGroup (u1 : com.taskflow.models.Task.comments.{element}.user) {
                }
              }
            }
          }
        }

    22:57:47.224 [Test worker] DEBUG org.hibernate.orm.jdbc.mutation -- Static SQL for collection: com.taskflow.models.Task.comments
    22:57:47.224 [Test worker] DEBUG org.hibernate.orm.sql.ast.create -- Created new SQL alias : t1_0
    22:57:47.224 [Test worker] DEBUG org.hibernate.orm.sql.ast.create -- Registration of TableGroup [CollectionTableGroup(com.taskflow.models.Label.tasks)] with identifierForTableGroup [com.taskflow.models.Label.tasks] for NavigablePath [com.taskflow.models.Label.tasks] 
    22:57:47.224 [Test worker] DEBUG org.hibernate.orm.sql.ast.create -- Registration of TableGroup [org.hibernate.sql.ast.tree.from.LazyTableGroup@62672ad5] with identifierForTableGroup [com.taskflow.models.Label.tasks.{element}] for NavigablePath [com.taskflow.models.Label.tasks.{element}] 
    22:57:47.224 [Test worker] DEBUG org.hibernate.orm.sql.ast.create -- Created new SQL alias : t1_1
    22:57:47.224 [Test worker] DEBUG org.hibernate.orm.sql.ast.create -- Registration of TableGroup [org.hibernate.sql.ast.tree.from.LazyTableGroup@f5b81f4] with identifierForTableGroup [com.taskflow.models.Label.tasks.{element}.assignedTo] for NavigablePath [com.taskflow.models.Label.tasks.{element}.assignedTo] 
    22:57:47.225 [Test worker] DEBUG org.hibernate.orm.sql.ast.create -- Registration of TableGroup [org.hibernate.sql.ast.tree.from.LazyTableGroup@67887bf2] with identifierForTableGroup [com.taskflow.models.Label.tasks.{element}.project] for NavigablePath [com.taskflow.models.Label.tasks.{element}.project] 
    22:57:47.225 [Test worker] DEBUG org.hibernate.orm.results.graph.AST -- DomainResult Graph:
     \-CollectionDomainResult [com.taskflow.models.Label.tasks]

    22:57:47.225 [Test worker] DEBUG org.hibernate.orm.sql.ast.tree -- SQL AST Tree:
        SelectStatement {
          FromClause {
            CollectionTableGroup (t1 : com.taskflow.models.Label.tasks) {
              primaryTableReference : task_labels as t1_0
              NestedTableGroupJoins {
                 join LazyTableGroup (t1 : com.taskflow.models.Label.tasks.{element}) {
                  primaryTableReference : tasks as t1_1
                  TableGroupJoins {
                    left  join LazyTableGroup (a1 : com.taskflow.models.Label.tasks.{element}.assignedTo) {
                    }
                    left  join LazyTableGroup (p1 : com.taskflow.models.Label.tasks.{element}.project) {
                    }
                  }
                }
              }
            }
          }
        }

    22:57:47.225 [Test worker] DEBUG org.hibernate.orm.jdbc.mutation -- Static SQL for collection: com.taskflow.models.Label.tasks
    22:57:47.225 [Test worker] DEBUG org.hibernate.orm.sql.ast.create -- Created new SQL alias : m1_0
    22:57:47.225 [Test worker] DEBUG org.hibernate.orm.sql.ast.create -- Registration of TableGroup [org.hibernate.sql.ast.tree.from.OneToManyTableGroup@6f65b61d] with identifierForTableGroup [com.taskflow.models.Project.members] for NavigablePath [com.taskflow.models.Project.members] 
    22:57:47.225 [Test worker] DEBUG org.hibernate.orm.sql.ast.create -- Registration of TableGroup [StandardTableGroup(com.taskflow.models.Project.members.{element})] with identifierForTableGroup [com.taskflow.models.Project.members.{element}] for NavigablePath [com.taskflow.models.Project.members.{element}] 
    22:57:47.225 [Test worker] DEBUG org.hibernate.orm.sql.ast.create -- Registration of TableGroup [org.hibernate.sql.ast.tree.from.LazyTableGroup@33c91567] with identifierForTableGroup [com.taskflow.models.Project.members.{element}.project] for NavigablePath [com.taskflow.models.Project.members.{element}.project] 
    22:57:47.225 [Test worker] DEBUG org.hibernate.orm.sql.ast.create -- Registration of TableGroup [org.hibernate.sql.ast.tree.from.LazyTableGroup@3d5009c0] with identifierForTableGroup [com.taskflow.models.Project.members.{element}.user] for NavigablePath [com.taskflow.models.Project.members.{element}.user] 
    22:57:47.225 [Test worker] DEBUG org.hibernate.orm.results.graph.AST -- DomainResult Graph:
     \-CollectionDomainResult [com.taskflow.models.Project.members]

    22:57:47.226 [Test worker] DEBUG org.hibernate.orm.sql.ast.tree -- SQL AST Tree:
        SelectStatement {
          FromClause {
            OneToManyTableGroup (m1 : com.taskflow.models.Project.members) {
              primaryTableReference : project_members as m1_0
              TableGroupJoins {
                left  join LazyTableGroup (p1 : com.taskflow.models.Project.members.{element}.project) {
                }
                left  join LazyTableGroup (u1 : com.taskflow.models.Project.members.{element}.user) {
                }
              }
            }
          }
        }

    22:57:47.226 [Test worker] DEBUG org.hibernate.orm.jdbc.mutation -- Static SQL for collection: com.taskflow.models.Project.members
    22:57:47.226 [Test worker] DEBUG org.hibernate.orm.sql.ast.create -- Created new SQL alias : l1_0
    22:57:47.226 [Test worker] DEBUG org.hibernate.orm.sql.ast.create -- Registration of TableGroup [CollectionTableGroup(com.taskflow.models.Task.labels)] with identifierForTableGroup [com.taskflow.models.Task.labels] for NavigablePath [com.taskflow.models.Task.labels] 
    22:57:47.226 [Test worker] DEBUG org.hibernate.orm.sql.ast.create -- Registration of TableGroup [org.hibernate.sql.ast.tree.from.LazyTableGroup@45ed58b] with identifierForTableGroup [com.taskflow.models.Task.labels.{element}] for NavigablePath [com.taskflow.models.Task.labels.{element}] 
    22:57:47.226 [Test worker] DEBUG org.hibernate.orm.sql.ast.create -- Created new SQL alias : l1_1
    22:57:47.226 [Test worker] DEBUG org.hibernate.orm.results.graph.AST -- DomainResult Graph:
     \-CollectionDomainResult [com.taskflow.models.Task.labels]

    22:57:47.226 [Test worker] DEBUG org.hibernate.orm.sql.ast.tree -- SQL AST Tree:
        SelectStatement {
          FromClause {
            CollectionTableGroup (l1 : com.taskflow.models.Task.labels) {
              primaryTableReference : task_labels as l1_0
              NestedTableGroupJoins {
                 join LazyTableGroup (l1 : com.taskflow.models.Task.labels.{element}) {
                  primaryTableReference : labels as l1_1
                }
              }
            }
          }
        }

    22:57:47.226 [Test worker] DEBUG org.hibernate.orm.jdbc.mutation -- Static SQL for collection: com.taskflow.models.Task.labels
    22:57:47.226 [Test worker] DEBUG org.hibernate.orm.jdbc.mutation --  Row insert: insert into task_labels (task_id,label_id) values (?,?)
    22:57:47.227 [Test worker] DEBUG org.hibernate.orm.jdbc.mutation --  Row delete: delete from task_labels where task_id=? and label_id=?
    22:57:47.227 [Test worker] DEBUG org.hibernate.orm.jdbc.mutation --  One-shot delete: delete from task_labels where task_id=?
    22:57:47.229 [Test worker] DEBUG org.hibernate.type.spi.TypeConfiguration$Scope -- Scoping TypeConfiguration [org.hibernate.type.spi.TypeConfiguration@324afa73] to SessionFactoryImplementor [org.hibernate.internal.SessionFactoryImpl@724e82d9]
    22:57:47.229 [Test worker] DEBUG org.hibernate.query.named.NamedObjectRepository -- Checking 0 named HQL queries
    22:57:47.229 [Test worker] DEBUG org.hibernate.query.named.NamedObjectRepository -- Checking 0 named SQL queries
    22:57:47.234 [Test worker] DEBUG org.hibernate.mapping.Table -- No alter strings for table : attachments
    22:57:47.234 [Test worker] DEBUG org.hibernate.mapping.Table -- No alter strings for table : comments
    22:57:47.234 [Test worker] DEBUG org.hibernate.mapping.Table -- No alter strings for table : labels
    22:57:47.234 [Test worker] DEBUG org.hibernate.mapping.Table -- No alter strings for table : project_members
    22:57:47.234 [Test worker] DEBUG org.hibernate.mapping.Table -- No alter strings for table : projects
    22:57:47.234 [Test worker] DEBUG org.hibernate.mapping.Table -- No alter strings for table : task_activity_log
    22:57:47.234 [Test worker] DEBUG org.hibernate.mapping.Table -- No alter strings for table : task_labels
    22:57:47.234 [Test worker] DEBUG org.hibernate.mapping.Table -- No alter strings for table : tasks
    22:57:47.234 [Test worker] DEBUG org.hibernate.mapping.Table -- No alter strings for table : users
    22:57:47.247 [HikariPool-2 connection adder] DEBUG com.zaxxer.hikari.pool.HikariPool -- HikariPool-2 - After adding stats (total=3, active=1, idle=2, waiting=0)
    22:57:47.247 [HikariPool-2 connection adder] DEBUG com.zaxxer.hikari.pool.HikariPool -- HikariPool-2 - Added connection conn13: url=jdbc:h2:mem:devDb user=SA
    22:57:47.249 [Test worker] DEBUG org.hibernate.internal.SessionFactoryRegistry -- Registering SessionFactory: 9fc9b4cf-bd34-4fa4-b2ed-8c3f0b9f181b (default)
    22:57:47.249 [Test worker] DEBUG org.hibernate.internal.SessionFactoryRegistry -- Not binding SessionFactory to JNDI, no JNDI name configured
    22:57:47.249 [Test worker] DEBUG org.hibernate.internal.SessionFactoryImpl -- Instantiated SessionFactory
    22:57:47.249 [Test worker] DEBUG io.micronaut.context.lifecycle -- Created bean [org.hibernate.internal.SessionFactoryImpl@724e82d9] from definition [Definition: io.micronaut.configuration.hibernate.jpa.conf.SessionFactoryPerDataSourceFactory] with qualifier [@Named('default')]
    22:57:47.250 [Test worker] DEBUG io.micronaut.context.DefaultBeanContext -- Finding candidate beans for type: ReactorConfiguration configuration
    22:57:47.250 [Test worker] DEBUG io.micronaut.context.DefaultBeanContext --   class io.micronaut.reactor.config.ReactorConfiguration null Definition: io.micronaut.reactor.config.ReactorConfiguration
    22:57:47.250 [Test worker] DEBUG io.micronaut.context.DefaultBeanContext -- Found concrete candidate [Definition: io.micronaut.reactor.config.ReactorConfiguration] for type: configuration 
    22:57:47.250 [Test worker] DEBUG io.micronaut.context.lifecycle -- Created bean [ReactorConfiguration[enableAutomaticContextPropagation=null, enableScheduleHookContextPropagation=null]] from definition [Definition: io.micronaut.reactor.config.ReactorConfiguration] with qualifier [null]
    22:57:47.250 [Test worker] DEBUG io.micronaut.context.lifecycle -- Created bean [io.micronaut.reactor.instrument.ReactorInstrumentation@7955b4d4] from definition [Definition: io.micronaut.reactor.instrument.ReactorInstrumentation] with qualifier [null]
    22:57:47.250 [Test worker] DEBUG io.micronaut.context.DefaultBeanContext -- Finding candidate beans for type: EmbeddedServer
    22:57:47.251 [Test worker] DEBUG io.micronaut.context.DefaultBeanContext --   interface io.micronaut.http.server.netty.NettyEmbeddedServer null Definition: io.micronaut.http.server.netty.DefaultNettyEmbeddedServerFactory
    22:57:47.251 [Test worker] DEBUG io.micronaut.context.DefaultBeanContext -- Finding candidate beans for type: DiscoveryClient
    22:57:47.251 [Test worker] DEBUG io.micronaut.context.DefaultBeanContext --   class io.micronaut.discovery.DefaultCompositeDiscoveryClient null Definition: io.micronaut.discovery.DefaultCompositeDiscoveryClient
    22:57:47.251 [Test worker] DEBUG io.micronaut.context.condition.Condition -- Bean [Definition: io.micronaut.health.HeartbeatTask] will not be loaded due to failing conditions:
    22:57:47.251 [Test worker] DEBUG io.micronaut.context.condition.Condition -- * Heartbeat not enabled since no Discovery client active
    22:57:47.251 [Test worker] DEBUG io.micronaut.context.condition.Condition -- * Custom condition [class io.micronaut.health.HeartbeatDiscoveryClientCondition] failed evaluation
    22:57:47.251 [Test worker] DEBUG io.micronaut.context.DefaultBeanContext -- Resolving beans for type: <Scheduled> io.micronaut.context.processor.ExecutableMethodProcessor 
    22:57:47.251 [Test worker] DEBUG io.micronaut.context.DefaultBeanContext -- Finding candidate beans for type: ExecutableMethodProcessor
    22:57:47.252 [Test worker] DEBUG io.micronaut.context.DefaultBeanContext --   class io.micronaut.data.runtime.event.EntityEventRegistry null Definition: io.micronaut.data.runtime.event.EntityEventRegistry
    22:57:47.252 [Test worker] DEBUG io.micronaut.context.DefaultBeanContext --   class io.micronaut.runtime.beans.MapperMethodProcessor null Definition: io.micronaut.runtime.beans.MapperMethodProcessor
    22:57:47.252 [Test worker] DEBUG io.micronaut.context.DefaultBeanContext --   class io.micronaut.management.endpoint.processors.WriteEndpointRouteBuilder null Definition: io.micronaut.management.endpoint.processors.WriteEndpointRouteBuilder
    22:57:47.252 [Test worker] DEBUG io.micronaut.context.DefaultBeanContext --   class io.micronaut.scheduling.processor.ScheduledMethodProcessor null Definition: io.micronaut.scheduling.processor.ScheduledMethodProcessor
    22:57:47.252 [Test worker] DEBUG io.micronaut.context.DefaultBeanContext --   class io.micronaut.management.endpoint.EndpointSensitivityProcessor null Definition: io.micronaut.management.endpoint.EndpointSensitivityProcessor
    22:57:47.252 [Test worker] DEBUG io.micronaut.context.DefaultBeanContext --   class io.micronaut.web.router.AnnotatedMethodRouteBuilder null Definition: io.micronaut.web.router.AnnotatedMethodRouteBuilder
    22:57:47.252 [Test worker] DEBUG io.micronaut.context.DefaultBeanContext --   class io.micronaut.http.client.filter.DefaultHttpClientFilterResolver null Definition: io.micronaut.http.client.filter.DefaultHttpClientFilterResolver
    22:57:47.252 [Test worker] DEBUG io.micronaut.context.DefaultBeanContext --   class io.micronaut.management.endpoint.processors.DeleteEndpointRouteBuilder null Definition: io.micronaut.management.endpoint.processors.DeleteEndpointRouteBuilder
    22:57:47.252 [Test worker] DEBUG io.micronaut.context.DefaultBeanContext --   class io.micronaut.management.endpoint.processors.ReadEndpointRouteBuilder null Definition: io.micronaut.management.endpoint.processors.ReadEndpointRouteBuilder
    22:57:47.252 [Test worker] DEBUG io.micronaut.context.DefaultBeanContext --   class io.micronaut.http.server.websocket.ServerWebSocketProcessor null Definition: io.micronaut.http.server.websocket.ServerWebSocketProcessor
    22:57:47.252 [Test worker] DEBUG io.micronaut.context.DefaultBeanContext --   class io.micronaut.web.router.ServerFilterRouteBuilder null Definition: io.micronaut.web.router.ServerFilterRouteBuilder
    22:57:47.252 [Test worker] DEBUG io.micronaut.context.DefaultBeanContext -- Finding candidate beans for type: ConversionService T
    22:57:47.252 [Test worker] DEBUG io.micronaut.context.DefaultBeanContext --   class io.micronaut.context.env.DefaultEnvironment @Primary io.micronaut.context.DefaultRuntimeBeanDefinition@36a59d8
    22:57:47.252 [Test worker] DEBUG io.micronaut.context.DefaultBeanContext -- Found concrete candidate [io.micronaut.context.DefaultRuntimeBeanDefinition@36a59d8] for type: T 
    22:57:47.253 [Test worker] DEBUG io.micronaut.context.DefaultBeanContext -- Finding candidate beans for type: TaskExceptionHandler taskExceptionHandler
    22:57:47.253 [Test worker] DEBUG io.micronaut.context.DefaultBeanContext --   class io.micronaut.scheduling.DefaultTaskExceptionHandler null Definition: io.micronaut.scheduling.DefaultTaskExceptionHandler
    22:57:47.253 [Test worker] DEBUG io.micronaut.context.DefaultBeanContext -- Found concrete candidate [Definition: io.micronaut.scheduling.DefaultTaskExceptionHandler] for type: taskExceptionHandler 
    22:57:47.253 [Test worker] DEBUG io.micronaut.context.lifecycle -- Created bean [io.micronaut.scheduling.DefaultTaskExceptionHandler@489e1887] from definition [Definition: io.micronaut.scheduling.DefaultTaskExceptionHandler] with qualifier [null]
    22:57:47.253 [Test worker] DEBUG io.micronaut.context.DefaultBeanContext -- Finding candidate beans for qualifier: @Scheduled
    22:57:47.253 [Test worker] DEBUG io.micronaut.context.lifecycle -- Created bean [io.micronaut.scheduling.processor.ScheduledMethodProcessor@7421213d] from definition [Definition: io.micronaut.scheduling.processor.ScheduledMethodProcessor] with qualifier [null]
    22:57:47.253 [Test worker] DEBUG io.micronaut.context.DefaultBeanContext -- Found a registration BeanRegistration: io.micronaut.scheduling.processor.ScheduledMethodProcessor@7421213d for candidate: Definition: io.micronaut.scheduling.processor.ScheduledMethodProcessor with qualifier: <Scheduled>
    22:57:47.254 [Test worker] DEBUG io.micronaut.context.DefaultBeanContext -- Loaded active configurations: io.micronaut.jackson,io.micronaut.configuration.jdbc.hikari,io.micronaut.configuration.hibernate.jpa,io.micronaut.management.endpoint,io.micronaut.flyway,io.micronaut.http.client
    22:57:47.254 [Test worker] DEBUG io.micronaut.context.DefaultBeanContext -- BeanContext Started.
    22:57:47.254 [Test worker] DEBUG io.micronaut.context.DefaultBeanContext -- Finding candidate beans for type: ApplicationEventPublisher
    22:57:47.254 [Test worker] DEBUG io.micronaut.context.DefaultBeanContext --   interface io.micronaut.context.event.ApplicationEventPublisher null io.micronaut.context.event.ApplicationEventPublisherFactory@526c3eb8
    22:57:47.254 [Test worker] DEBUG io.micronaut.context.DefaultBeanContext -- Found concrete candidate [io.micronaut.context.event.ApplicationEventPublisherFactory@526c3eb8] for type: applicationEventPublisher 
    22:57:47.254 [Test worker] DEBUG io.micronaut.context.lifecycle -- Created bean [io.micronaut.context.event.ApplicationEventPublisherFactory$2@6e98fd10] from definition [io.micronaut.context.event.ApplicationEventPublisherFactory@526c3eb8] with qualifier [null]
    22:57:47.254 [Test worker] DEBUG io.micronaut.context.event.ApplicationEventPublisher -- Publishing event: io.micronaut.context.event.StartupEvent[source=io.micronaut.context.DefaultApplicationContext@3a3f1703]
    22:57:47.254 [Test worker] DEBUG io.micronaut.context.DefaultBeanContext -- Resolving beans for type: <StartupEvent> io.micronaut.context.event.ApplicationEventListener 
    22:57:47.254 [Test worker] DEBUG io.micronaut.context.DefaultBeanContext -- Finding candidate beans for type: ApplicationEventListener
    22:57:47.254 [Test worker] DEBUG io.micronaut.context.DefaultBeanContext -- Finding candidate beans for type: ServiceHttpClientConfiguration
    22:57:47.255 [ForkJoinPool.commonPool-worker-6] DEBUG io.micronaut.context.DefaultBeanContext -- Finding candidate beans for type: TaskScheduler
    22:57:47.255 [Test worker] DEBUG io.micronaut.context.DefaultBeanContext -- No bean candidates found for type: ServiceHttpClientConfiguration
    22:57:47.255 [Test worker] DEBUG io.micronaut.context.DefaultBeanContext -- Finding candidate beans for type: HealthEndpoint
    22:57:47.255 [ForkJoinPool.commonPool-worker-6] DEBUG io.micronaut.context.DefaultBeanContext --   class io.micronaut.scheduling.ScheduledExecutorTaskScheduler @Named('scheduled') and @Primary Definition: io.micronaut.scheduling.ScheduledExecutorTaskScheduler
    22:57:47.255 [ForkJoinPool.commonPool-worker-6] DEBUG io.micronaut.context.DefaultBeanContext -- Qualifying bean [taskScheduler] for qualifier: @Named('scheduled') 
    22:57:47.255 [ForkJoinPool.commonPool-worker-6] DEBUG io.micronaut.context.DefaultBeanContext -- Found concrete candidate [Definition: io.micronaut.scheduling.ScheduledExecutorTaskScheduler] for type: @Named('scheduled') taskScheduler 
    22:57:47.255 [ForkJoinPool.commonPool-worker-6] DEBUG io.micronaut.context.DefaultBeanContext -- Finding candidate beans for type: ExecutorService executorService
    22:57:47.255 [Test worker] DEBUG io.micronaut.context.DefaultBeanContext --   class io.micronaut.management.endpoint.health.HealthEndpoint null Definition: io.micronaut.management.endpoint.health.HealthEndpoint
    22:57:47.255 [ForkJoinPool.commonPool-worker-6] DEBUG io.micronaut.context.DefaultBeanContext -- Finding candidate beans for type: EventLoopGroupConfiguration
    22:57:47.255 [Test worker] DEBUG io.micronaut.context.condition.Condition -- Bean [Definition: io.micronaut.http.server.netty.ssl.CertificateProvidedSslBuilder] will not be loaded due to failing conditions:
    22:57:47.255 [Test worker] DEBUG io.micronaut.context.condition.Condition -- * Neither the old deprecated micronaut.ssl.build-self-signed, nor the new micronaut.server.ssl.build-self-signed were enabled.
    22:57:47.255 [Test worker] DEBUG io.micronaut.context.condition.Condition -- * Custom condition [class io.micronaut.http.server.netty.ssl.SslEnabledCondition] failed evaluation
    22:57:47.256 [Test worker] DEBUG io.micronaut.context.DefaultBeanContext --   class io.micronaut.http.server.netty.discovery.NettyServiceDiscovery$ApplicationEventListener$onStart1$Intercepted null Definition: io.micronaut.http.server.netty.discovery.NettyServiceDiscovery$ApplicationEventListener$onStart1$Intercepted
    22:57:47.256 [Test worker] DEBUG io.micronaut.context.DefaultBeanContext --   class io.micronaut.http.client.netty.DefaultNettyHttpClientRegistry null Definition: io.micronaut.http.client.netty.DefaultNettyHttpClientRegistry
    22:57:47.256 [Test worker] DEBUG io.micronaut.context.DefaultBeanContext --   interface io.micronaut.http.server.netty.NettyEmbeddedServer null Definition: io.micronaut.http.server.netty.DefaultNettyEmbeddedServerFactory
    22:57:47.256 [Test worker] DEBUG io.micronaut.context.DefaultBeanContext --   class io.micronaut.runtime.http.scope.RequestCustomScope null Definition: io.micronaut.runtime.http.scope.RequestCustomScope
    22:57:47.256 [Test worker] DEBUG io.micronaut.context.DefaultBeanContext --   class io.micronaut.runtime.context.scope.refresh.RefreshScope null Definition: io.micronaut.runtime.context.scope.refresh.RefreshScope
    22:57:47.256 [ForkJoinPool.commonPool-worker-6] DEBUG io.micronaut.context.DefaultBeanContext --   class io.micronaut.http.server.netty.configuration.NettyHttpServerConfiguration$Worker @Named('netty-server-worker-event-loop') Definition: io.micronaut.http.server.netty.configuration.NettyHttpServerConfiguration$Worker
    22:57:47.256 [ForkJoinPool.commonPool-worker-6] DEBUG io.micronaut.context.DefaultBeanContext --   class io.micronaut.http.server.netty.configuration.NettyHttpServerConfiguration$Parent @Named('netty-server-parent-event-loop') Definition: io.micronaut.http.server.netty.configuration.NettyHttpServerConfiguration$Parent
    22:57:47.256 [Test worker] DEBUG io.micronaut.context.DefaultBeanContext --   class io.micronaut.http.server.netty.discovery.NettyServiceDiscovery$ApplicationEventListener$onStop2$Intercepted null Definition: io.micronaut.http.server.netty.discovery.NettyServiceDiscovery$ApplicationEventListener$onStop2$Intercepted
    22:57:47.256 [Test worker] DEBUG io.micronaut.context.DefaultBeanContext --   class io.micronaut.management.health.indicator.service.ServiceReadyHealthIndicator$ApplicationEventListener$onServiceStarted1$Intercepted null Definition: io.micronaut.management.health.indicator.service.ServiceReadyHealthIndicator$ApplicationEventListener$onServiceStarted1$Intercepted
    22:57:47.256 [Test worker] DEBUG io.micronaut.context.DefaultBeanContext --   class io.micronaut.management.health.indicator.service.ServiceReadyHealthIndicator$ApplicationEventListener$onServerStarted2$Intercepted null Definition: io.micronaut.management.health.indicator.service.ServiceReadyHealthIndicator$ApplicationEventListener$onServerStarted2$Intercepted
    22:57:47.256 [ForkJoinPool.commonPool-worker-6] DEBUG io.micronaut.context.DefaultBeanContext -- Finding candidate beans for type: ExecutorConfiguration
    22:57:47.256 [Test worker] DEBUG io.micronaut.context.DefaultBeanContext -- Resolving beans for type: io.micronaut.test.context.TestExecutionListener
    22:57:47.256 [Test worker] DEBUG io.micronaut.context.DefaultBeanContext -- Finding candidate beans for type: TestExecutionListener
    22:57:47.256 [Test worker] DEBUG io.micronaut.context.DefaultBeanContext -- Finding candidate beans for type: TransactionOperations
    22:57:47.256 [ForkJoinPool.commonPool-worker-6] DEBUG io.micronaut.context.DefaultBeanContext --   interface io.micronaut.scheduling.executor.ExecutorConfiguration @Named('virtual') Definition: io.micronaut.scheduling.executor.IOExecutorServiceConfig
    22:57:47.256 [ForkJoinPool.commonPool-worker-6] DEBUG io.micronaut.context.DefaultBeanContext --   interface io.micronaut.scheduling.executor.ExecutorConfiguration @Named('scheduled') Definition: io.micronaut.scheduling.executor.ScheduledExecutorServiceConfig
    22:57:47.256 [ForkJoinPool.commonPool-worker-6] DEBUG io.micronaut.context.DefaultBeanContext --   interface io.micronaut.scheduling.executor.ExecutorConfiguration @Named('io') Definition: io.micronaut.scheduling.executor.IOExecutorServiceConfig
    22:57:47.256 [Test worker] DEBUG io.micronaut.context.DefaultBeanContext -- Finding candidate beans for type: DataSource
    22:57:47.256 [ForkJoinPool.commonPool-worker-6] DEBUG io.micronaut.context.DefaultBeanContext --   interface java.util.concurrent.ExecutorService @Named('io') Definition: io.micronaut.scheduling.executor.ExecutorFactory
    22:57:47.256 [Test worker] DEBUG io.micronaut.context.DefaultBeanContext -- Finding candidate beans for type: DatasourceConfiguration
    22:57:47.256 [ForkJoinPool.commonPool-worker-6] DEBUG io.micronaut.context.DefaultBeanContext --   interface java.util.concurrent.ExecutorService @Named('virtual') Definition: io.micronaut.scheduling.executor.ExecutorFactory
    22:57:47.256 [ForkJoinPool.commonPool-worker-6] DEBUG io.micronaut.context.DefaultBeanContext --   interface java.util.concurrent.ExecutorService @Named('blocking') Definition: io.micronaut.scheduling.executor.IOExecutorServiceConfig
    22:57:47.256 [ForkJoinPool.commonPool-worker-6] DEBUG io.micronaut.context.DefaultBeanContext --   interface io.netty.channel.EventLoopGroup @Named('netty-server-worker-event-loop') Definition: io.micronaut.http.netty.channel.DefaultEventLoopGroupRegistry
    22:57:47.256 [ForkJoinPool.commonPool-worker-6] DEBUG io.micronaut.context.DefaultBeanContext --   interface io.netty.channel.EventLoopGroup @Named('netty-server-parent-event-loop') Definition: io.micronaut.http.netty.channel.DefaultEventLoopGroupRegistry
    22:57:47.256 [ForkJoinPool.commonPool-worker-6] DEBUG io.micronaut.context.DefaultBeanContext --   interface java.util.concurrent.ExecutorService @Named('scheduled') Definition: io.micronaut.scheduling.executor.ExecutorFactory
    22:57:47.256 [ForkJoinPool.commonPool-worker-6] DEBUG io.micronaut.context.DefaultBeanContext -- Qualifying bean [executorService] for qualifier: @Named('scheduled') 
    22:57:47.256 [ForkJoinPool.commonPool-worker-6] DEBUG io.micronaut.context.DefaultBeanContext -- Found concrete candidate [Definition: io.micronaut.scheduling.executor.ExecutorFactory] for type: @Named('scheduled') executorService 
    22:57:47.256 [Test worker] DEBUG io.micronaut.context.DefaultBeanContext --   class io.micronaut.configuration.jdbc.hikari.DatasourceConfiguration @Named('default') Definition: io.micronaut.configuration.jdbc.hikari.DatasourceConfiguration
    22:57:47.256 [ForkJoinPool.commonPool-worker-6] DEBUG io.micronaut.context.DefaultBeanContext -- Finding candidate beans for type: ExecutorFactory
    22:57:47.257 [Test worker] DEBUG io.micronaut.context.DefaultBeanContext --   interface javax.sql.DataSource @Named('default') Definition: io.micronaut.configuration.jdbc.hikari.DatasourceFactory
    22:57:47.257 [ForkJoinPool.commonPool-worker-6] DEBUG io.micronaut.context.DefaultBeanContext --   class io.micronaut.scheduling.executor.ExecutorFactory null Definition: io.micronaut.scheduling.executor.ExecutorFactory
    22:57:47.257 [Test worker] DEBUG io.micronaut.context.DefaultBeanContext -- Finding candidate beans for type: DataSource
    22:57:47.257 [ForkJoinPool.commonPool-worker-6] DEBUG io.micronaut.context.DefaultBeanContext -- Found concrete candidate [Definition: io.micronaut.scheduling.executor.ExecutorFactory] for type: executorFactory 
    22:57:47.257 [Test worker] DEBUG io.micronaut.context.DefaultBeanContext -- Finding candidate beans for type: DatasourceConfiguration
    22:57:47.257 [ForkJoinPool.commonPool-worker-6] DEBUG io.micronaut.context.DefaultBeanContext -- Finding candidate beans for type: ThreadFactory threadFactory
    22:57:47.257 [Test worker] DEBUG io.micronaut.context.DefaultBeanContext --   class io.micronaut.configuration.jdbc.hikari.DatasourceConfiguration @Named('default') Definition: io.micronaut.configuration.jdbc.hikari.DatasourceConfiguration
    22:57:47.257 [Test worker] DEBUG io.micronaut.context.DefaultBeanContext --   interface javax.sql.DataSource @Named('default') Definition: io.micronaut.configuration.jdbc.hikari.DatasourceFactory
    22:57:47.257 [Test worker] DEBUG io.micronaut.context.DefaultBeanContext -- Bean [class io.micronaut.transaction.hibernate.HibernateTransactionManager] replaces existing bean of type [class io.micronaut.transaction.jdbc.DataSourceTransactionManager]
    22:57:47.258 [Test worker] DEBUG io.micronaut.context.DefaultBeanContext --   class io.micronaut.transaction.hibernate.HibernateTransactionManager @Named('default') Definition: io.micronaut.transaction.hibernate.HibernateTransactionManager
    22:57:47.258 [Test worker] DEBUG io.micronaut.context.DefaultBeanContext --   class io.micronaut.transaction.test.DefaultTestTransactionExecutionListener @Named('default') Definition: io.micronaut.transaction.test.DefaultTestTransactionExecutionListener
    22:57:47.258 [ForkJoinPool.commonPool-worker-6] DEBUG io.micronaut.context.DefaultBeanContext -- Finding candidate beans for type: ExecutorConfiguration
    22:57:47.258 [Test worker] DEBUG io.micronaut.context.DefaultBeanContext -- Finding candidate beans for type: TransactionOperations transactionManager
    22:57:47.258 [Test worker] DEBUG io.micronaut.context.DefaultBeanContext -- Finding candidate beans for type: DataSource
    22:57:47.258 [Test worker] DEBUG io.micronaut.context.DefaultBeanContext -- Finding candidate beans for type: DatasourceConfiguration
    22:57:47.258 [ForkJoinPool.commonPool-worker-6] DEBUG io.micronaut.context.DefaultBeanContext --   interface io.micronaut.scheduling.executor.ExecutorConfiguration @Named('virtual') Definition: io.micronaut.scheduling.executor.IOExecutorServiceConfig
    22:57:47.258 [ForkJoinPool.commonPool-worker-6] DEBUG io.micronaut.context.DefaultBeanContext --   interface io.micronaut.scheduling.executor.ExecutorConfiguration @Named('scheduled') Definition: io.micronaut.scheduling.executor.ScheduledExecutorServiceConfig
    22:57:47.258 [ForkJoinPool.commonPool-worker-6] DEBUG io.micronaut.context.DefaultBeanContext --   interface io.micronaut.scheduling.executor.ExecutorConfiguration @Named('io') Definition: io.micronaut.scheduling.executor.IOExecutorServiceConfig
    22:57:47.258 [Test worker] DEBUG io.micronaut.context.DefaultBeanContext --   class io.micronaut.configuration.jdbc.hikari.DatasourceConfiguration @Named('default') Definition: io.micronaut.configuration.jdbc.hikari.DatasourceConfiguration
    22:57:47.258 [ForkJoinPool.commonPool-worker-6] DEBUG io.micronaut.context.DefaultBeanContext --   interface java.util.concurrent.ThreadFactory @Named('netty') Definition: io.micronaut.http.netty.channel.NettyThreadFactory
    22:57:47.258 [ForkJoinPool.commonPool-worker-6] DEBUG io.micronaut.context.DefaultBeanContext --   interface java.util.concurrent.ThreadFactory @Named('virtual') Definition: io.micronaut.scheduling.executor.ExecutorFactory
    22:57:47.258 [ForkJoinPool.commonPool-worker-6] DEBUG io.micronaut.context.DefaultBeanContext --   interface java.util.concurrent.ThreadFactory @Named('scheduled') Definition: io.micronaut.scheduling.executor.ExecutorFactory
    22:57:47.258 [ForkJoinPool.commonPool-worker-6] DEBUG io.micronaut.context.DefaultBeanContext --   interface java.util.concurrent.ThreadFactory @Named('io') Definition: io.micronaut.scheduling.executor.ExecutorFactory
    22:57:47.258 [ForkJoinPool.commonPool-worker-6] DEBUG io.micronaut.context.DefaultBeanContext --   interface java.util.concurrent.ThreadFactory null Definition: io.micronaut.scheduling.executor.DefaultThreadFactory
    22:57:47.258 [ForkJoinPool.commonPool-worker-6] DEBUG io.micronaut.context.DefaultBeanContext -- Searching for @Primary for type [threadFactory] from candidates: [Definition: io.micronaut.http.netty.channel.NettyThreadFactory, Definition: io.micronaut.scheduling.executor.ExecutorFactory, Definition: io.micronaut.scheduling.executor.ExecutorFactory, Definition: io.micronaut.scheduling.executor.ExecutorFactory, Definition: io.micronaut.scheduling.executor.DefaultThreadFactory] 
    22:57:47.258 [Test worker] DEBUG io.micronaut.context.DefaultBeanContext --   interface javax.sql.DataSource @Named('default') Definition: io.micronaut.configuration.jdbc.hikari.DatasourceFactory
    22:57:47.259 [Test worker] DEBUG io.micronaut.context.DefaultBeanContext -- Finding candidate beans for type: DataSource
    22:57:47.259 [ForkJoinPool.commonPool-worker-6] DEBUG io.micronaut.context.DefaultBeanContext -- Found concrete candidate [Definition: io.micronaut.scheduling.executor.DefaultThreadFactory] for type: threadFactory 
    22:57:47.259 [Test worker] DEBUG io.micronaut.context.DefaultBeanContext -- Finding candidate beans for type: DatasourceConfiguration
    22:57:47.259 [ForkJoinPool.commonPool-worker-6] DEBUG io.micronaut.context.DefaultBeanContext -- Finding candidate beans for type: DefaultThreadFactory
    22:57:47.259 [Test worker] DEBUG io.micronaut.context.DefaultBeanContext --   class io.micronaut.configuration.jdbc.hikari.DatasourceConfiguration @Named('default') Definition: io.micronaut.configuration.jdbc.hikari.DatasourceConfiguration
    22:57:47.259 [Test worker] DEBUG io.micronaut.context.DefaultBeanContext --   interface javax.sql.DataSource @Named('default') Definition: io.micronaut.configuration.jdbc.hikari.DatasourceFactory
    22:57:47.259 [ForkJoinPool.commonPool-worker-6] DEBUG io.micronaut.context.DefaultBeanContext --   class io.micronaut.scheduling.executor.DefaultThreadFactory null Definition: io.micronaut.scheduling.executor.DefaultThreadFactory
    22:57:47.259 [ForkJoinPool.commonPool-worker-6] DEBUG io.micronaut.context.DefaultBeanContext -- Found concrete candidate [Definition: io.micronaut.scheduling.executor.DefaultThreadFactory] for type: defaultThreadFactory 
    22:57:47.259 [ForkJoinPool.commonPool-worker-6] DEBUG io.micronaut.context.lifecycle -- Created bean [io.micronaut.scheduling.executor.DefaultThreadFactory@13a37a40] from definition [Definition: io.micronaut.scheduling.executor.DefaultThreadFactory] with qualifier [null]
    22:57:47.259 [ForkJoinPool.commonPool-worker-6] DEBUG io.micronaut.context.lifecycle -- Created bean [java.util.concurrent.Executors$DefaultThreadFactory@41a379a] from definition [Definition: io.micronaut.scheduling.executor.DefaultThreadFactory] with qualifier [null]
    22:57:47.259 [Test worker] DEBUG io.micronaut.context.DefaultBeanContext -- Bean [class io.micronaut.transaction.hibernate.HibernateTransactionManager] replaces existing bean of type [class io.micronaut.transaction.jdbc.DataSourceTransactionManager]
    22:57:47.259 [ForkJoinPool.commonPool-worker-6] DEBUG io.micronaut.context.lifecycle -- Created bean [io.micronaut.scheduling.executor.ExecutorFactory@20f6de30] from definition [Definition: io.micronaut.scheduling.executor.ExecutorFactory] with qualifier [null]
    22:57:47.259 [Test worker] DEBUG io.micronaut.context.DefaultBeanContext --   class io.micronaut.transaction.hibernate.HibernateTransactionManager @Named('default') Definition: io.micronaut.transaction.hibernate.HibernateTransactionManager
    22:57:47.259 [Test worker] DEBUG io.micronaut.context.DefaultBeanContext -- Qualifying bean [transactionManager] for qualifier: @Named('default') 
    22:57:47.259 [Test worker] DEBUG io.micronaut.context.DefaultBeanContext -- Found concrete candidate [Definition: io.micronaut.transaction.hibernate.HibernateTransactionManager] for type: @Named('default') transactionManager 
    22:57:47.259 [ForkJoinPool.commonPool-worker-6] DEBUG io.micronaut.context.DefaultBeanContext -- Finding candidate beans for type: ExecutorConfiguration executorConfiguration
    22:57:47.259 [Test worker] DEBUG io.micronaut.context.DefaultBeanContext -- Finding candidate beans for type: ConnectionOperations connectionOperations
    22:57:47.260 [Test worker] DEBUG io.micronaut.context.DefaultBeanContext -- Finding candidate beans for type: SessionFactory
    22:57:47.260 [Test worker] DEBUG io.micronaut.context.DefaultBeanContext -- Finding candidate beans for type: SessionFactoryPerDataSourceFactory
    22:57:47.260 [ForkJoinPool.commonPool-worker-6] DEBUG io.micronaut.context.DefaultBeanContext --   interface io.micronaut.scheduling.executor.ExecutorConfiguration @Named('virtual') Definition: io.micronaut.scheduling.executor.IOExecutorServiceConfig
    22:57:47.260 [ForkJoinPool.commonPool-worker-6] DEBUG io.micronaut.context.DefaultBeanContext --   interface io.micronaut.scheduling.executor.ExecutorConfiguration @Named('scheduled') Definition: io.micronaut.scheduling.executor.ScheduledExecutorServiceConfig
    22:57:47.260 [ForkJoinPool.commonPool-worker-6] DEBUG io.micronaut.context.DefaultBeanContext --   interface io.micronaut.scheduling.executor.ExecutorConfiguration @Named('io') Definition: io.micronaut.scheduling.executor.IOExecutorServiceConfig
    22:57:47.260 [ForkJoinPool.commonPool-worker-6] DEBUG io.micronaut.context.DefaultBeanContext -- Qualifying bean [executorConfiguration] for qualifier: @Named('scheduled') 
    22:57:47.260 [ForkJoinPool.commonPool-worker-6] DEBUG io.micronaut.context.DefaultBeanContext -- Found concrete candidate [Definition: io.micronaut.scheduling.executor.ScheduledExecutorServiceConfig] for type: @Named('scheduled') executorConfiguration 
    22:57:47.260 [Test worker] DEBUG io.micronaut.context.DefaultBeanContext --   class io.micronaut.configuration.hibernate.jpa.conf.SessionFactoryPerDataSourceFactory null Definition: io.micronaut.configuration.hibernate.jpa.conf.SessionFactoryPerDataSourceFactory
    22:57:47.260 [Test worker] DEBUG io.micronaut.context.condition.Condition -- Bean [Definition: io.micronaut.configuration.hibernate.jpa.conf.SessionFactoryPerJpaConfigurationFactory] will not be loaded due to failing conditions:
    22:57:47.260 [Test worker] DEBUG io.micronaut.context.condition.Condition -- * Existing bean [io.micronaut.configuration.hibernate.jpa.conf.SessionFactoryPerDataSourceFactory] of type [class io.micronaut.configuration.hibernate.jpa.conf.SessionFactoryPerDataSourceFactory] registered in context
    22:57:47.260 [ForkJoinPool.commonPool-worker-6] DEBUG io.micronaut.context.DefaultBeanContext -- Finding candidate beans for type: ScheduledExecutorServiceConfig
    22:57:47.260 [Test worker] DEBUG io.micronaut.core.reflect.ClassUtils -- Attempting to dynamically load class org.hibernate.reactive.provider.ReactiveServiceRegistryBuilder
    22:57:47.260 [Test worker] DEBUG io.micronaut.core.reflect.ClassUtils -- Class org.hibernate.reactive.provider.ReactiveServiceRegistryBuilder is not present
    22:57:47.260 [ForkJoinPool.commonPool-worker-6] DEBUG io.micronaut.context.DefaultBeanContext --   class io.micronaut.scheduling.executor.ScheduledExecutorServiceConfig null Definition: io.micronaut.scheduling.executor.ScheduledExecutorServiceConfig
    22:57:47.260 [Test worker] DEBUG io.micronaut.context.DefaultBeanContext -- Finding candidate beans for type: SessionFactoryBuilder
    22:57:47.260 [ForkJoinPool.commonPool-worker-6] DEBUG io.micronaut.context.DefaultBeanContext -- Found concrete candidate [Definition: io.micronaut.scheduling.executor.ScheduledExecutorServiceConfig] for type: scheduledExecutorServiceConfig 
    22:57:47.260 [Test worker] DEBUG io.micronaut.context.DefaultBeanContext -- Finding candidate beans for type: Metadata
    22:57:47.260 [ForkJoinPool.commonPool-worker-6] DEBUG io.micronaut.context.lifecycle -- Created bean [io.micronaut.scheduling.executor.ScheduledExecutorServiceConfig@1780bb45] from definition [Definition: io.micronaut.scheduling.executor.ScheduledExecutorServiceConfig] with qualifier [null]
    22:57:47.260 [Test worker] DEBUG io.micronaut.context.DefaultBeanContext -- Finding candidate beans for type: MetadataSources
    22:57:47.260 [ForkJoinPool.commonPool-worker-6] DEBUG io.micronaut.context.lifecycle -- Created bean [io.micronaut.scheduling.executor.UserExecutorConfiguration@1f79b28f] from definition [Definition: io.micronaut.scheduling.executor.ScheduledExecutorServiceConfig] with qualifier [@Named('scheduled')]
    22:57:47.260 [Test worker] DEBUG io.micronaut.context.DefaultBeanContext -- Finding candidate beans for type: ServiceRegistry
    22:57:47.260 [ForkJoinPool.commonPool-worker-6] DEBUG io.micronaut.context.DefaultBeanContext -- Finding candidate beans for type: ThreadFactory
    22:57:47.260 [Test worker] DEBUG io.micronaut.context.DefaultBeanContext -- Finding candidate beans for type: DataSource
    22:57:47.260 [Test worker] DEBUG io.micronaut.context.DefaultBeanContext -- Finding candidate beans for type: DatasourceConfiguration
    22:57:47.261 [ForkJoinPool.commonPool-worker-6] DEBUG io.micronaut.context.DefaultBeanContext -- Finding candidate beans for type: ExecutorConfiguration
    22:57:47.261 [Test worker] DEBUG io.micronaut.context.DefaultBeanContext --   class io.micronaut.configuration.jdbc.hikari.DatasourceConfiguration @Named('default') Definition: io.micronaut.configuration.jdbc.hikari.DatasourceConfiguration
    22:57:47.261 [Test worker] DEBUG io.micronaut.context.DefaultBeanContext --   interface javax.sql.DataSource @Named('default') Definition: io.micronaut.configuration.jdbc.hikari.DatasourceFactory
    22:57:47.261 [Test worker] DEBUG io.micronaut.core.reflect.ClassUtils -- Attempting to dynamically load class org.hibernate.reactive.provider.ReactiveServiceRegistryBuilder
    22:57:47.261 [ForkJoinPool.commonPool-worker-6] DEBUG io.micronaut.context.DefaultBeanContext --   interface io.micronaut.scheduling.executor.ExecutorConfiguration @Named('virtual') Definition: io.micronaut.scheduling.executor.IOExecutorServiceConfig
    22:57:47.261 [ForkJoinPool.commonPool-worker-6] DEBUG io.micronaut.context.DefaultBeanContext --   interface io.micronaut.scheduling.executor.ExecutorConfiguration @Named('scheduled') Definition: io.micronaut.scheduling.executor.ScheduledExecutorServiceConfig
    22:57:47.261 [ForkJoinPool.commonPool-worker-6] DEBUG io.micronaut.context.DefaultBeanContext --   interface io.micronaut.scheduling.executor.ExecutorConfiguration @Named('io') Definition: io.micronaut.scheduling.executor.IOExecutorServiceConfig
    22:57:47.261 [ForkJoinPool.commonPool-worker-6] DEBUG io.micronaut.context.DefaultBeanContext --   interface java.util.concurrent.ThreadFactory @Named('netty') Definition: io.micronaut.http.netty.channel.NettyThreadFactory
    22:57:47.261 [ForkJoinPool.commonPool-worker-6] DEBUG io.micronaut.context.DefaultBeanContext --   interface java.util.concurrent.ThreadFactory @Named('virtual') Definition: io.micronaut.scheduling.executor.ExecutorFactory
    22:57:47.261 [ForkJoinPool.commonPool-worker-6] DEBUG io.micronaut.context.DefaultBeanContext --   interface java.util.concurrent.ThreadFactory @Named('scheduled') Definition: io.micronaut.scheduling.executor.ExecutorFactory
    22:57:47.261 [Test worker] DEBUG io.micronaut.core.reflect.ClassUtils -- Class org.hibernate.reactive.provider.ReactiveServiceRegistryBuilder is not present
    22:57:47.261 [ForkJoinPool.commonPool-worker-6] DEBUG io.micronaut.context.DefaultBeanContext --   interface java.util.concurrent.ThreadFactory @Named('io') Definition: io.micronaut.scheduling.executor.ExecutorFactory
    22:57:47.261 [ForkJoinPool.commonPool-worker-6] DEBUG io.micronaut.context.DefaultBeanContext --   interface java.util.concurrent.ThreadFactory null Definition: io.micronaut.scheduling.executor.DefaultThreadFactory
    22:57:47.261 [ForkJoinPool.commonPool-worker-6] DEBUG io.micronaut.context.DefaultBeanContext -- Qualifying bean [threadFactory] for qualifier: @Named('scheduled') 
    22:57:47.261 [ForkJoinPool.commonPool-worker-6] DEBUG io.micronaut.context.DefaultBeanContext -- Found concrete candidate [Definition: io.micronaut.scheduling.executor.ExecutorFactory] for type: @Named('scheduled') threadFactory 
    22:57:47.261 [Test worker] DEBUG io.micronaut.context.DefaultBeanContext --   interface org.hibernate.service.ServiceRegistry @Named('default') Definition: io.micronaut.configuration.hibernate.jpa.conf.SessionFactoryPerDataSourceFactory
    22:57:47.261 [Test worker] DEBUG io.micronaut.core.reflect.ClassUtils -- Attempting to dynamically load class org.hibernate.reactive.provider.ReactiveServiceRegistryBuilder
    22:57:47.261 [ForkJoinPool.commonPool-worker-6] DEBUG io.micronaut.context.lifecycle -- Created bean [io.micronaut.scheduling.executor.NamedThreadFactory@4a8ae01d] from definition [Definition: io.micronaut.scheduling.executor.ExecutorFactory] with qualifier [@Named('scheduled')]
    22:57:47.261 [Test worker] DEBUG io.micronaut.core.reflect.ClassUtils -- Class org.hibernate.reactive.provider.ReactiveServiceRegistryBuilder is not present
    22:57:47.261 [ForkJoinPool.commonPool-worker-6] DEBUG io.micronaut.core.reflect.ClassUtils -- Attempting to dynamically load class io.micronaut.context.annotation.Prototype
    22:57:47.261 [ForkJoinPool.commonPool-worker-6] DEBUG io.micronaut.core.reflect.ClassUtils -- Successfully loaded class io.micronaut.context.annotation.Prototype
    22:57:47.261 [ForkJoinPool.commonPool-worker-6] DEBUG io.micronaut.context.lifecycle -- Created bean [io.micronaut.context.propagation.instrument.execution.ExecutorServiceInstrumenter@1cec4cf8] from definition [Definition: io.micronaut.context.propagation.instrument.execution.ExecutorServiceInstrumenter] with qualifier [null]
    22:57:47.261 [ForkJoinPool.commonPool-worker-6] DEBUG io.micronaut.context.lifecycle -- Created bean [io.micronaut.context.propagation.instrument.execution.ExecutorServiceInstrumenter$1@1fbcd70] from definition [Definition: io.micronaut.scheduling.executor.ExecutorFactory] with qualifier [@Named('scheduled')]
    22:57:47.261 [ForkJoinPool.commonPool-worker-6] DEBUG io.micronaut.context.lifecycle -- Created bean [io.micronaut.scheduling.ScheduledExecutorTaskScheduler@6077dd] from definition [Definition: io.micronaut.scheduling.ScheduledExecutorTaskScheduler] with qualifier [@Named('scheduled')]
    22:57:47.261 [Test worker] DEBUG io.micronaut.context.DefaultBeanContext --   class org.hibernate.boot.MetadataSources @Named('default') Definition: io.micronaut.configuration.hibernate.jpa.conf.SessionFactoryPerDataSourceFactory
    22:57:47.262 [Test worker] DEBUG io.micronaut.core.reflect.ClassUtils -- Attempting to dynamically load class org.hibernate.reactive.provider.ReactiveServiceRegistryBuilder
    22:57:47.262 [Test worker] DEBUG io.micronaut.core.reflect.ClassUtils -- Class org.hibernate.reactive.provider.ReactiveServiceRegistryBuilder is not present
    22:57:47.262 [ForkJoinPool.commonPool-worker-6] DEBUG io.micronaut.scheduling.TaskScheduler -- Scheduling fixed delay task [PT1M] for method: void monitor()
    22:57:47.262 [Test worker] DEBUG io.micronaut.context.DefaultBeanContext --   interface org.hibernate.boot.Metadata @Named('default') Definition: io.micronaut.configuration.hibernate.jpa.conf.SessionFactoryPerDataSourceFactory
    22:57:47.262 [Test worker] DEBUG io.micronaut.core.reflect.ClassUtils -- Attempting to dynamically load class org.hibernate.reactive.provider.ReactiveServiceRegistryBuilder
    22:57:47.262 [Test worker] DEBUG io.micronaut.core.reflect.ClassUtils -- Class org.hibernate.reactive.provider.ReactiveServiceRegistryBuilder is not present
    22:57:47.262 [Test worker] DEBUG io.micronaut.context.DefaultBeanContext --   interface org.hibernate.boot.SessionFactoryBuilder @Named('default') Definition: io.micronaut.configuration.hibernate.jpa.conf.SessionFactoryPerDataSourceFactory
    22:57:47.262 [Test worker] DEBUG io.micronaut.core.reflect.ClassUtils -- Attempting to dynamically load class org.hibernate.reactive.provider.ReactiveServiceRegistryBuilder
    22:57:47.262 [Test worker] DEBUG io.micronaut.core.reflect.ClassUtils -- Class org.hibernate.reactive.provider.ReactiveServiceRegistryBuilder is not present
    22:57:47.262 [Test worker] DEBUG io.micronaut.context.DefaultBeanContext --   interface org.hibernate.SessionFactory @Named('default') Definition: io.micronaut.configuration.hibernate.jpa.conf.SessionFactoryPerDataSourceFactory
    22:57:47.263 [Test worker] DEBUG io.micronaut.context.DefaultBeanContext --   class io.micronaut.data.hibernate.connection.HibernateConnectionOperations @Named('default') Definition: io.micronaut.data.hibernate.connection.HibernateConnectionOperations
    22:57:47.263 [Test worker] DEBUG io.micronaut.context.DefaultBeanContext -- Qualifying bean [connectionOperations] for qualifier: @Named('default') 
    22:57:47.263 [Test worker] DEBUG io.micronaut.context.DefaultBeanContext -- Found concrete candidate [Definition: io.micronaut.data.hibernate.connection.HibernateConnectionOperations] for type: @Named('default') connectionOperations 
    22:57:47.263 [Test worker] DEBUG io.micronaut.context.DefaultBeanContext -- Finding candidate beans for type: Interceptor entityInterceptor
    22:57:47.263 [Test worker] DEBUG io.micronaut.context.DefaultBeanContext -- No bean candidates found for type: Interceptor entityInterceptor
    22:57:47.263 [Test worker] DEBUG io.micronaut.context.lifecycle -- Created bean [io.micronaut.data.hibernate.connection.HibernateConnectionOperations@25d6ae3] from definition [Definition: io.micronaut.data.hibernate.connection.HibernateConnectionOperations] with qualifier [@Named('default')]
    22:57:47.263 [Test worker] DEBUG io.micronaut.context.DefaultBeanContext -- Finding candidate beans for type: SynchronousConnectionManager synchronousConnectionManager
    22:57:47.263 [Test worker] DEBUG io.micronaut.context.DefaultBeanContext -- Finding candidate beans for type: SessionFactory
    22:57:47.263 [Test worker] DEBUG io.micronaut.context.DefaultBeanContext -- Finding candidate beans for type: SessionFactoryBuilder
    22:57:47.263 [Test worker] DEBUG io.micronaut.context.DefaultBeanContext -- Finding candidate beans for type: Metadata
    22:57:47.263 [Test worker] DEBUG io.micronaut.context.DefaultBeanContext -- Finding candidate beans for type: MetadataSources
    22:57:47.263 [Test worker] DEBUG io.micronaut.context.DefaultBeanContext -- Finding candidate beans for type: ServiceRegistry
    22:57:47.263 [Test worker] DEBUG io.micronaut.context.DefaultBeanContext -- Finding candidate beans for type: DataSource
    22:57:47.263 [Test worker] DEBUG io.micronaut.context.DefaultBeanContext -- Finding candidate beans for type: DatasourceConfiguration
    22:57:47.263 [Test worker] DEBUG io.micronaut.context.DefaultBeanContext --   class io.micronaut.configuration.jdbc.hikari.DatasourceConfiguration @Named('default') Definition: io.micronaut.configuration.jdbc.hikari.DatasourceConfiguration
    22:57:47.264 [Test worker] DEBUG io.micronaut.context.DefaultBeanContext --   interface javax.sql.DataSource @Named('default') Definition: io.micronaut.configuration.jdbc.hikari.DatasourceFactory
    22:57:47.264 [Test worker] DEBUG io.micronaut.core.reflect.ClassUtils -- Attempting to dynamically load class org.hibernate.reactive.provider.ReactiveServiceRegistryBuilder
    22:57:47.264 [Test worker] DEBUG io.micronaut.core.reflect.ClassUtils -- Class org.hibernate.reactive.provider.ReactiveServiceRegistryBuilder is not present
    22:57:47.264 [Test worker] DEBUG io.micronaut.context.DefaultBeanContext --   interface org.hibernate.service.ServiceRegistry @Named('default') Definition: io.micronaut.configuration.hibernate.jpa.conf.SessionFactoryPerDataSourceFactory
    22:57:47.264 [Test worker] DEBUG io.micronaut.core.reflect.ClassUtils -- Attempting to dynamically load class org.hibernate.reactive.provider.ReactiveServiceRegistryBuilder
    22:57:47.264 [Test worker] DEBUG io.micronaut.core.reflect.ClassUtils -- Class org.hibernate.reactive.provider.ReactiveServiceRegistryBuilder is not present
    22:57:47.264 [Test worker] DEBUG io.micronaut.context.DefaultBeanContext --   class org.hibernate.boot.MetadataSources @Named('default') Definition: io.micronaut.configuration.hibernate.jpa.conf.SessionFactoryPerDataSourceFactory
    22:57:47.264 [Test worker] DEBUG io.micronaut.core.reflect.ClassUtils -- Attempting to dynamically load class org.hibernate.reactive.provider.ReactiveServiceRegistryBuilder
    22:57:47.264 [Test worker] DEBUG io.micronaut.core.reflect.ClassUtils -- Class org.hibernate.reactive.provider.ReactiveServiceRegistryBuilder is not present
    22:57:47.264 [Test worker] DEBUG io.micronaut.context.DefaultBeanContext --   interface org.hibernate.boot.Metadata @Named('default') Definition: io.micronaut.configuration.hibernate.jpa.conf.SessionFactoryPerDataSourceFactory
    22:57:47.264 [Test worker] DEBUG io.micronaut.core.reflect.ClassUtils -- Attempting to dynamically load class org.hibernate.reactive.provider.ReactiveServiceRegistryBuilder
    22:57:47.264 [Test worker] DEBUG io.micronaut.core.reflect.ClassUtils -- Class org.hibernate.reactive.provider.ReactiveServiceRegistryBuilder is not present
    22:57:47.265 [Test worker] DEBUG io.micronaut.context.DefaultBeanContext --   interface org.hibernate.boot.SessionFactoryBuilder @Named('default') Definition: io.micronaut.configuration.hibernate.jpa.conf.SessionFactoryPerDataSourceFactory
    22:57:47.265 [Test worker] DEBUG io.micronaut.core.reflect.ClassUtils -- Attempting to dynamically load class org.hibernate.reactive.provider.ReactiveServiceRegistryBuilder
    22:57:47.265 [Test worker] DEBUG io.micronaut.core.reflect.ClassUtils -- Class org.hibernate.reactive.provider.ReactiveServiceRegistryBuilder is not present
    22:57:47.265 [Test worker] DEBUG io.micronaut.context.DefaultBeanContext --   interface org.hibernate.SessionFactory @Named('default') Definition: io.micronaut.configuration.hibernate.jpa.conf.SessionFactoryPerDataSourceFactory
    22:57:47.265 [Test worker] DEBUG io.micronaut.context.DefaultBeanContext --   class io.micronaut.data.hibernate.connection.HibernateConnectionOperations @Named('default') Definition: io.micronaut.data.hibernate.connection.HibernateConnectionOperations
    22:57:47.265 [Test worker] DEBUG io.micronaut.context.DefaultBeanContext -- Qualifying bean [synchronousConnectionManager] for qualifier: @Named('default') 
    22:57:47.265 [Test worker] DEBUG io.micronaut.context.DefaultBeanContext -- Found concrete candidate [Definition: io.micronaut.data.hibernate.connection.HibernateConnectionOperations] for type: @Named('default') synchronousConnectionManager 
    22:57:47.265 [Test worker] DEBUG io.micronaut.context.lifecycle -- Created bean [io.micronaut.transaction.hibernate.HibernateTransactionManager@7f088b5c] from definition [Definition: io.micronaut.transaction.hibernate.HibernateTransactionManager] with qualifier [@Named('default')]
    22:57:47.265 [Test worker] DEBUG io.micronaut.context.lifecycle -- Created bean [io.micronaut.transaction.test.DefaultTestTransactionExecutionListener@56d189d0] from definition [Definition: io.micronaut.transaction.test.DefaultTestTransactionExecutionListener] with qualifier [@Named('default')]
    22:57:47.265 [Test worker] DEBUG io.micronaut.context.DefaultBeanContext -- Found a registration BeanRegistration: io.micronaut.transaction.test.DefaultTestTransactionExecutionListener@56d189d0 for candidate: Definition: io.micronaut.transaction.test.DefaultTestTransactionExecutionListener with qualifier: null
    22:57:47.265 [Test worker] DEBUG io.micronaut.context.DefaultBeanContext -- Resolving beans for type: io.micronaut.test.context.TestMethodInterceptor
    22:57:47.265 [Test worker] DEBUG io.micronaut.context.DefaultBeanContext -- Finding candidate beans for type: TestMethodInterceptor
    22:57:47.265 [Test worker] DEBUG io.micronaut.context.DefaultBeanContext -- Finding candidate beans for type: TransactionOperations
    22:57:47.265 [Test worker] DEBUG io.micronaut.context.DefaultBeanContext -- Finding candidate beans for type: DataSource
    22:57:47.265 [Test worker] DEBUG io.micronaut.context.DefaultBeanContext -- Finding candidate beans for type: DatasourceConfiguration
    22:57:47.266 [Test worker] DEBUG io.micronaut.context.DefaultBeanContext --   class io.micronaut.configuration.jdbc.hikari.DatasourceConfiguration @Named('default') Definition: io.micronaut.configuration.jdbc.hikari.DatasourceConfiguration
    22:57:47.266 [Test worker] DEBUG io.micronaut.context.DefaultBeanContext --   interface javax.sql.DataSource @Named('default') Definition: io.micronaut.configuration.jdbc.hikari.DatasourceFactory
    22:57:47.266 [Test worker] DEBUG io.micronaut.context.DefaultBeanContext -- Finding candidate beans for type: DataSource
    22:57:47.266 [Test worker] DEBUG io.micronaut.context.DefaultBeanContext -- Finding candidate beans for type: DatasourceConfiguration
    22:57:47.266 [Test worker] DEBUG io.micronaut.context.DefaultBeanContext --   class io.micronaut.configuration.jdbc.hikari.DatasourceConfiguration @Named('default') Definition: io.micronaut.configuration.jdbc.hikari.DatasourceConfiguration
    22:57:47.266 [Test worker] DEBUG io.micronaut.context.DefaultBeanContext --   interface javax.sql.DataSource @Named('default') Definition: io.micronaut.configuration.jdbc.hikari.DatasourceFactory
    22:57:47.266 [Test worker] DEBUG io.micronaut.context.DefaultBeanContext -- Bean [class io.micronaut.transaction.hibernate.HibernateTransactionManager] replaces existing bean of type [class io.micronaut.transaction.jdbc.DataSourceTransactionManager]
    22:57:47.266 [Test worker] DEBUG io.micronaut.context.DefaultBeanContext --   class io.micronaut.transaction.hibernate.HibernateTransactionManager @Named('default') Definition: io.micronaut.transaction.hibernate.HibernateTransactionManager
    22:57:47.266 [Test worker] DEBUG io.micronaut.context.DefaultBeanContext --   class io.micronaut.transaction.test.DefaultTestTransactionExecutionListener @Named('default') Definition: io.micronaut.transaction.test.DefaultTestTransactionExecutionListener
    22:57:47.267 [Test worker] DEBUG io.micronaut.context.DefaultBeanContext -- Found a registration BeanRegistration: io.micronaut.transaction.test.DefaultTestTransactionExecutionListener@56d189d0 for candidate: Definition: io.micronaut.transaction.test.DefaultTestTransactionExecutionListener with qualifier: null
    22:57:47.267 [Test worker] DEBUG io.micronaut.context.DefaultBeanContext -- Finding candidate beans for type: TaskServiceTest
    22:57:47.267 [Test worker] DEBUG io.micronaut.context.DefaultBeanContext --   class com.taskflow.service.TaskServiceTest null Definition: com.taskflow.service.TaskServiceTest
    22:57:47.267 [Test worker] DEBUG io.micronaut.context.DefaultBeanContext -- Found concrete candidate [Definition: com.taskflow.service.TaskServiceTest] for type: taskServiceTest 
    22:57:47.267 [Test worker] DEBUG io.micronaut.context.DefaultBeanContext -- Finding candidate beans for type: EmbeddedApplication
    22:57:47.267 [Test worker] DEBUG io.micronaut.context.DefaultBeanContext --   interface io.micronaut.http.server.netty.NettyEmbeddedServer null Definition: io.micronaut.http.server.netty.DefaultNettyEmbeddedServerFactory
    22:57:47.267 [Test worker] DEBUG io.micronaut.context.DefaultBeanContext -- Finding candidate beans for type: EmbeddedApplication
    22:57:47.268 [Test worker] DEBUG io.micronaut.context.DefaultBeanContext --   interface io.micronaut.http.server.netty.NettyEmbeddedServer null Definition: io.micronaut.http.server.netty.DefaultNettyEmbeddedServerFactory
    22:57:47.268 [Test worker] DEBUG io.micronaut.context.DefaultBeanContext -- Found concrete candidate [Definition: io.micronaut.http.server.netty.DefaultNettyEmbeddedServerFactory] for type: embeddedApplication 
    22:57:47.268 [Test worker] DEBUG io.micronaut.context.DefaultBeanContext -- Finding candidate beans for type: DefaultNettyEmbeddedServerFactory
    22:57:47.268 [Test worker] DEBUG io.micronaut.context.DefaultBeanContext --   class io.micronaut.http.server.netty.DefaultNettyEmbeddedServerFactory null Definition: io.micronaut.http.server.netty.DefaultNettyEmbeddedServerFactory
    22:57:47.268 [Test worker] DEBUG io.micronaut.context.DefaultBeanContext -- Found concrete candidate [Definition: io.micronaut.http.server.netty.DefaultNettyEmbeddedServerFactory] for type: defaultNettyEmbeddedServerFactory 
    22:57:47.268 [Test worker] DEBUG io.micronaut.context.DefaultBeanContext -- Finding candidate beans for type: RouteExecutor routeExecutor
    22:57:47.268 [Test worker] DEBUG io.micronaut.context.DefaultBeanContext --   class io.micronaut.http.server.RouteExecutor null Definition: io.micronaut.http.server.RouteExecutor
    22:57:47.268 [Test worker] DEBUG io.micronaut.context.DefaultBeanContext -- Found concrete candidate [Definition: io.micronaut.http.server.RouteExecutor] for type: routeExecutor 
    22:57:47.268 [Test worker] DEBUG io.micronaut.context.DefaultBeanContext -- Finding candidate beans for type: Router router
    22:57:47.268 [Test worker] DEBUG io.micronaut.context.DefaultBeanContext --   class io.micronaut.web.router.DefaultRouter null Definition: io.micronaut.web.router.DefaultRouter
    22:57:47.268 [Test worker] DEBUG io.micronaut.context.DefaultBeanContext -- Found concrete candidate [Definition: io.micronaut.web.router.DefaultRouter] for type: router 
    22:57:47.268 [Test worker] DEBUG io.micronaut.context.DefaultBeanContext -- Resolving beans for type: io.micronaut.web.router.RouteBuilder
    22:57:47.268 [Test worker] DEBUG io.micronaut.context.DefaultBeanContext -- Finding candidate beans for type: RouteBuilder E
    22:57:47.268 [Test worker] DEBUG io.micronaut.context.DefaultBeanContext --   class io.micronaut.web.router.AnnotatedFilterRouteBuilder null Definition: io.micronaut.web.router.AnnotatedFilterRouteBuilder
    22:57:47.268 [Test worker] DEBUG io.micronaut.context.DefaultBeanContext --   class io.micronaut.management.endpoint.processors.WriteEndpointRouteBuilder null Definition: io.micronaut.management.endpoint.processors.WriteEndpointRouteBuilder
    22:57:47.268 [Test worker] DEBUG io.micronaut.context.DefaultBeanContext --   class io.micronaut.web.router.AnnotatedMethodRouteBuilder null Definition: io.micronaut.web.router.AnnotatedMethodRouteBuilder
    22:57:47.268 [Test worker] DEBUG io.micronaut.context.DefaultBeanContext --   class io.micronaut.management.endpoint.processors.DeleteEndpointRouteBuilder null Definition: io.micronaut.management.endpoint.processors.DeleteEndpointRouteBuilder
    22:57:47.268 [Test worker] DEBUG io.micronaut.context.DefaultBeanContext --   class io.micronaut.management.endpoint.processors.ReadEndpointRouteBuilder null Definition: io.micronaut.management.endpoint.processors.ReadEndpointRouteBuilder
    22:57:47.268 [Test worker] DEBUG io.micronaut.context.DefaultBeanContext --   class io.micronaut.http.server.websocket.ServerWebSocketProcessor null Definition: io.micronaut.http.server.websocket.ServerWebSocketProcessor
    22:57:47.268 [Test worker] DEBUG io.micronaut.context.DefaultBeanContext --   class io.micronaut.web.router.ServerFilterRouteBuilder null Definition: io.micronaut.web.router.ServerFilterRouteBuilder
    22:57:47.268 [Test worker] DEBUG io.micronaut.context.DefaultBeanContext -- Finding candidate beans for type: UriNamingStrategy uriNamingStrategy
    22:57:47.269 [Test worker] DEBUG io.micronaut.context.DefaultBeanContext --   class io.micronaut.web.router.naming.HyphenatedUriNamingStrategy null Definition: io.micronaut.web.router.naming.HyphenatedUriNamingStrategy
    22:57:47.269 [Test worker] DEBUG io.micronaut.context.DefaultBeanContext -- Found concrete candidate [Definition: io.micronaut.web.router.naming.HyphenatedUriNamingStrategy] for type: uriNamingStrategy 
    22:57:47.269 [Test worker] DEBUG io.micronaut.context.lifecycle -- Created bean [io.micronaut.web.router.naming.HyphenatedUriNamingStrategy@14941b06] from definition [Definition: io.micronaut.web.router.naming.HyphenatedUriNamingStrategy] with qualifier [null]
    22:57:47.269 [Test worker] DEBUG io.micronaut.context.DefaultBeanContext -- Finding candidate beans for type: ServerContextPathProvider contextPathProvider
    22:57:47.269 [Test worker] DEBUG io.micronaut.context.DefaultBeanContext -- Bean [class io.micronaut.http.server.netty.configuration.NettyHttpServerConfiguration] replaces existing bean of type [class io.micronaut.http.server.HttpServerConfiguration]
    22:57:47.269 [Test worker] DEBUG io.micronaut.context.DefaultBeanContext --   class io.micronaut.http.server.netty.configuration.NettyHttpServerConfiguration null Definition: io.micronaut.http.server.netty.configuration.NettyHttpServerConfiguration
    22:57:47.269 [Test worker] DEBUG io.micronaut.context.DefaultBeanContext -- Found concrete candidate [Definition: io.micronaut.http.server.netty.configuration.NettyHttpServerConfiguration] for type: contextPathProvider 
    22:57:47.269 [Test worker] DEBUG io.micronaut.context.DefaultBeanContext -- Finding candidate beans for type: ApplicationConfiguration applicationConfiguration
    22:57:47.269 [Test worker] DEBUG io.micronaut.context.DefaultBeanContext --   class io.micronaut.runtime.ApplicationConfiguration null Definition: io.micronaut.runtime.ApplicationConfiguration
    22:57:47.269 [Test worker] DEBUG io.micronaut.context.DefaultBeanContext -- Found concrete candidate [Definition: io.micronaut.runtime.ApplicationConfiguration] for type: applicationConfiguration 
    22:57:47.269 [Test worker] DEBUG io.micronaut.context.lifecycle -- Created bean [io.micronaut.runtime.ApplicationConfiguration@7d776105] from definition [Definition: io.micronaut.runtime.ApplicationConfiguration] with qualifier [null]
    22:57:47.269 [Test worker] DEBUG io.micronaut.context.DefaultBeanContext -- Resolving beans for type: io.micronaut.http.netty.channel.ChannelPipelineListener
    22:57:47.269 [Test worker] DEBUG io.micronaut.context.DefaultBeanContext -- Finding candidate beans for type: ChannelPipelineListener E
    22:57:47.270 [Test worker] DEBUG io.micronaut.context.DefaultBeanContext -- No bean candidates found for type: ChannelPipelineListener E
    22:57:47.270 [Test worker] DEBUG io.micronaut.context.DefaultBeanContext -- Finding candidate beans for type: FileTypeHandlerConfiguration fileTypeHandlerConfiguration
    22:57:47.270 [Test worker] DEBUG io.micronaut.context.DefaultBeanContext --   class io.micronaut.http.server.netty.configuration.NettyHttpServerConfiguration$FileTypeHandlerConfiguration null Definition: io.micronaut.http.server.netty.configuration.NettyHttpServerConfiguration$FileTypeHandlerConfiguration
    22:57:47.270 [Test worker] DEBUG io.micronaut.context.DefaultBeanContext -- Found concrete candidate [Definition: io.micronaut.http.server.netty.configuration.NettyHttpServerConfiguration$FileTypeHandlerConfiguration] for type: fileTypeHandlerConfiguration 
    22:57:47.270 [Test worker] DEBUG io.micronaut.context.lifecycle -- Created bean [io.micronaut.http.server.netty.configuration.NettyHttpServerConfiguration$FileTypeHandlerConfiguration@461e479c] from definition [Definition: io.micronaut.http.server.netty.configuration.NettyHttpServerConfiguration$FileTypeHandlerConfiguration] with qualifier [null]
    22:57:47.270 [Test worker] DEBUG io.micronaut.context.lifecycle -- Created bean [io.micronaut.http.server.netty.configuration.NettyHttpServerConfiguration@1cdbc986] from definition [Definition: io.micronaut.http.server.netty.configuration.NettyHttpServerConfiguration] with qualifier [null]
    22:57:47.270 [Test worker] DEBUG io.micronaut.context.DefaultBeanContext -- Finding candidate beans for type: ExecutorSelector
    22:57:47.270 [Test worker] DEBUG io.micronaut.context.DefaultBeanContext --   class io.micronaut.scheduling.executor.DefaultExecutorSelector null Definition: io.micronaut.scheduling.executor.DefaultExecutorSelector
    22:57:47.270 [Test worker] DEBUG io.micronaut.context.DefaultBeanContext -- Found concrete candidate [Definition: io.micronaut.scheduling.executor.DefaultExecutorSelector] for type: executorSelector 
    22:57:47.270 [Test worker] DEBUG io.micronaut.context.DefaultBeanContext -- Finding candidate beans for type: BeanProvider ioExecutor
    22:57:47.270 [Test worker] DEBUG io.micronaut.context.DefaultBeanContext --   interface io.micronaut.context.BeanProvider null io.micronaut.inject.provider.BeanProviderDefinition@58df6bef
    22:57:47.270 [Test worker] DEBUG io.micronaut.context.DefaultBeanContext -- Qualifying bean [ioExecutor] for qualifier: @Named('io') 
    22:57:47.270 [Test worker] DEBUG io.micronaut.context.DefaultBeanContext -- Found concrete candidate [io.micronaut.inject.provider.BeanProviderDefinition@58df6bef] for type: @Named('io') ioExecutor 
    22:57:47.270 [Test worker] DEBUG io.micronaut.context.lifecycle -- Created bean [io.micronaut.inject.provider.BeanProviderDefinition$1@2823bd30] from definition [io.micronaut.inject.provider.BeanProviderDefinition@58df6bef] with qualifier [@Named('io')]
    22:57:47.270 [Test worker] DEBUG io.micronaut.context.DefaultBeanContext -- Finding candidate beans for type: BeanProvider blockingExecutor
    22:57:47.270 [Test worker] DEBUG io.micronaut.context.DefaultBeanContext --   interface io.micronaut.context.BeanProvider null io.micronaut.inject.provider.BeanProviderDefinition@58df6bef
    22:57:47.270 [Test worker] DEBUG io.micronaut.context.DefaultBeanContext -- Qualifying bean [blockingExecutor] for qualifier: @Named('blocking') 
    22:57:47.270 [Test worker] DEBUG io.micronaut.context.DefaultBeanContext -- Found concrete candidate [io.micronaut.inject.provider.BeanProviderDefinition@58df6bef] for type: @Named('blocking') blockingExecutor 
    22:57:47.270 [Test worker] DEBUG io.micronaut.context.lifecycle -- Created bean [io.micronaut.inject.provider.BeanProviderDefinition$1@6e1a8e78] from definition [io.micronaut.inject.provider.BeanProviderDefinition@58df6bef] with qualifier [@Named('blocking')]
    22:57:47.270 [Test worker] DEBUG io.micronaut.context.lifecycle -- Created bean [io.micronaut.scheduling.executor.DefaultExecutorSelector@5a0c0680] from definition [Definition: io.micronaut.scheduling.executor.DefaultExecutorSelector] with qualifier [null]
    22:57:47.270 [Test worker] DEBUG io.micronaut.context.DefaultBeanContext -- Finding candidate beans for type: MessageBodyHandlerRegistry
    22:57:47.271 [Test worker] DEBUG io.micronaut.context.DefaultBeanContext --   class io.micronaut.http.body.DefaultMessageBodyHandlerRegistry null Definition: io.micronaut.http.body.DefaultMessageBodyHandlerRegistry
    22:57:47.271 [Test worker] DEBUG io.micronaut.context.DefaultBeanContext -- Found concrete candidate [Definition: io.micronaut.http.body.DefaultMessageBodyHandlerRegistry] for type: messageBodyHandlerRegistry 
    22:57:47.271 [Test worker] DEBUG io.micronaut.context.DefaultBeanContext -- Resolving beans for type: io.micronaut.http.codec.CodecConfiguration
    22:57:47.271 [Test worker] DEBUG io.micronaut.context.DefaultBeanContext -- Finding candidate beans for type: CodecConfiguration E
    22:57:47.271 [Test worker] DEBUG io.micronaut.context.DefaultBeanContext -- No bean candidates found for type: CodecConfiguration E
    22:57:47.271 [Test worker] DEBUG io.micronaut.context.DefaultBeanContext -- Resolving beans for type: io.micronaut.http.body.RawMessageBodyHandler<java.lang.Object>
    22:57:47.271 [Test worker] DEBUG io.micronaut.context.DefaultBeanContext -- Finding candidate beans for type: RawMessageBodyHandler E
    22:57:47.271 [Test worker] DEBUG io.micronaut.context.DefaultBeanContext -- Finding candidate beans for type: ByteBufferFactory
    22:57:47.271 [Test worker] DEBUG io.micronaut.context.DefaultBeanContext --   class io.micronaut.buffer.netty.NettyByteBufferFactory null Definition: io.micronaut.buffer.netty.NettyByteBufferFactory
    22:57:47.271 [Test worker] DEBUG io.micronaut.context.DefaultBeanContext -- Bean [class io.micronaut.http.netty.body.NettyWritableBodyWriter] replaces existing bean of type [class io.micronaut.http.body.WritableBodyWriter]
    22:57:47.271 [Test worker] DEBUG io.micronaut.context.DefaultBeanContext --   class io.micronaut.http.body.RawMessageBodyHandlerRegistry$RawStringHandler null Definition: io.micronaut.http.body.RawMessageBodyHandlerRegistry$RawStringHandler
    22:57:47.271 [Test worker] DEBUG io.micronaut.context.DefaultBeanContext --   class io.micronaut.http.body.RawMessageBodyHandlerRegistry$RawByteBufferHandler null Definition: io.micronaut.http.body.RawMessageBodyHandlerRegistry$RawByteBufferHandler
    22:57:47.271 [Test worker] DEBUG io.micronaut.context.DefaultBeanContext --   class io.micronaut.http.netty.body.ByteBufRawMessageBodyHandler null Definition: io.micronaut.http.netty.body.ByteBufRawMessageBodyHandler
    22:57:47.271 [Test worker] DEBUG io.micronaut.context.DefaultBeanContext --   class io.micronaut.http.body.RawMessageBodyHandlerRegistry$RawByteArrayHandler null Definition: io.micronaut.http.body.RawMessageBodyHandlerRegistry$RawByteArrayHandler
    22:57:47.271 [Test worker] DEBUG io.micronaut.context.DefaultBeanContext --   class io.micronaut.http.netty.body.NettyWritableBodyWriter null Definition: io.micronaut.http.netty.body.NettyWritableBodyWriter
    22:57:47.272 [Test worker] DEBUG io.micronaut.context.lifecycle -- Created bean [io.micronaut.http.body.RawMessageBodyHandlerRegistry$RawStringHandler@18d963be] from definition [Definition: io.micronaut.http.body.RawMessageBodyHandlerRegistry$RawStringHandler] with qualifier [null]
    22:57:47.272 [Test worker] DEBUG io.micronaut.context.DefaultBeanContext -- Found a registration BeanRegistration: io.micronaut.http.body.RawMessageBodyHandlerRegistry$RawStringHandler@18d963be for candidate: Definition: io.micronaut.http.body.RawMessageBodyHandlerRegistry$RawStringHandler with qualifier: null
    22:57:47.272 [Test worker] DEBUG io.micronaut.context.DefaultBeanContext -- Finding candidate beans for type: ByteBufferFactory byteBufferFactory
    22:57:47.272 [Test worker] DEBUG io.micronaut.context.DefaultBeanContext --   class io.micronaut.buffer.netty.NettyByteBufferFactory null Definition: io.micronaut.buffer.netty.NettyByteBufferFactory
    22:57:47.272 [Test worker] DEBUG io.micronaut.context.DefaultBeanContext -- Found concrete candidate [Definition: io.micronaut.buffer.netty.NettyByteBufferFactory] for type: byteBufferFactory 
    22:57:47.272 [Test worker] DEBUG io.micronaut.context.lifecycle -- Created bean [io.micronaut.http.body.RawMessageBodyHandlerRegistry$RawByteBufferHandler@2d2697a8] from definition [Definition: io.micronaut.http.body.RawMessageBodyHandlerRegistry$RawByteBufferHandler] with qualifier [null]
    22:57:47.272 [Test worker] DEBUG io.micronaut.context.DefaultBeanContext -- Found a registration BeanRegistration: io.micronaut.http.body.RawMessageBodyHandlerRegistry$RawByteBufferHandler@2d2697a8 for candidate: Definition: io.micronaut.http.body.RawMessageBodyHandlerRegistry$RawByteBufferHandler with qualifier: null
    22:57:47.272 [Test worker] DEBUG io.micronaut.context.lifecycle -- Created bean [io.micronaut.http.netty.body.ByteBufRawMessageBodyHandler@17f5b53a] from definition [Definition: io.micronaut.http.netty.body.ByteBufRawMessageBodyHandler] with qualifier [null]
    22:57:47.272 [Test worker] DEBUG io.micronaut.context.DefaultBeanContext -- Found a registration BeanRegistration: io.micronaut.http.netty.body.ByteBufRawMessageBodyHandler@17f5b53a for candidate: Definition: io.micronaut.http.netty.body.ByteBufRawMessageBodyHandler with qualifier: null
    22:57:47.272 [Test worker] DEBUG io.micronaut.context.lifecycle -- Created bean [io.micronaut.http.body.RawMessageBodyHandlerRegistry$RawByteArrayHandler@2df79942] from definition [Definition: io.micronaut.http.body.RawMessageBodyHandlerRegistry$RawByteArrayHandler] with qualifier [null]
    22:57:47.272 [Test worker] DEBUG io.micronaut.context.DefaultBeanContext -- Found a registration BeanRegistration: io.micronaut.http.body.RawMessageBodyHandlerRegistry$RawByteArrayHandler@2df79942 for candidate: Definition: io.micronaut.http.body.RawMessageBodyHandlerRegistry$RawByteArrayHandler with qualifier: null
    22:57:47.272 [Test worker] DEBUG io.micronaut.context.lifecycle -- Created bean [io.micronaut.http.netty.body.NettyWritableBodyWriter@7ee0dbd1] from definition [Definition: io.micronaut.http.netty.body.NettyWritableBodyWriter] with qualifier [null]
    22:57:47.272 [Test worker] DEBUG io.micronaut.context.DefaultBeanContext -- Found a registration BeanRegistration: io.micronaut.http.netty.body.NettyWritableBodyWriter@7ee0dbd1 for candidate: Definition: io.micronaut.http.netty.body.NettyWritableBodyWriter with qualifier: null
    22:57:47.272 [Test worker] DEBUG io.micronaut.context.lifecycle -- Created bean [io.micronaut.http.body.DefaultMessageBodyHandlerRegistry@67629872] from definition [Definition: io.micronaut.http.body.DefaultMessageBodyHandlerRegistry] with qualifier [null]
    22:57:47.272 [Test worker] DEBUG io.micronaut.context.DefaultBeanContext -- Finding candidate beans for qualifier: @Filter
    22:57:47.273 [Test worker] DEBUG io.micronaut.context.lifecycle -- Created bean [io.micronaut.web.router.AnnotatedFilterRouteBuilder@5d04adc1] from definition [Definition: io.micronaut.web.router.AnnotatedFilterRouteBuilder] with qualifier [null]
    22:57:47.273 [Test worker] DEBUG io.micronaut.context.DefaultBeanContext -- Found a registration BeanRegistration: io.micronaut.web.router.AnnotatedFilterRouteBuilder@5d04adc1 for candidate: Definition: io.micronaut.web.router.AnnotatedFilterRouteBuilder with qualifier: null
    22:57:47.273 [Test worker] DEBUG io.micronaut.context.DefaultBeanContext -- Finding candidate beans for type: EndpointDefaultConfiguration endpointDefaultConfiguration
    22:57:47.273 [Test worker] DEBUG io.micronaut.context.DefaultBeanContext --   class io.micronaut.management.endpoint.EndpointDefaultConfiguration null Definition: io.micronaut.management.endpoint.EndpointDefaultConfiguration
    22:57:47.273 [Test worker] DEBUG io.micronaut.context.DefaultBeanContext -- Found concrete candidate [Definition: io.micronaut.management.endpoint.EndpointDefaultConfiguration] for type: endpointDefaultConfiguration 
    22:57:47.273 [Test worker] DEBUG io.micronaut.context.lifecycle -- Created bean [io.micronaut.management.endpoint.EndpointDefaultConfiguration@4c2812aa] from definition [Definition: io.micronaut.management.endpoint.EndpointDefaultConfiguration] with qualifier [null]
    22:57:47.273 [Test worker] DEBUG io.micronaut.context.DefaultBeanContext -- Finding candidate beans for qualifier: @Endpoint
    22:57:47.273 [Test worker] DEBUG io.micronaut.context.condition.Condition -- Bean [Definition: io.micronaut.management.endpoint.loggers.LoggersEndpoint] will not be loaded due to failing conditions:
    22:57:47.273 [Test worker] DEBUG io.micronaut.context.condition.Condition -- * Custom condition [class io.micronaut.management.endpoint.EndpointEnabledCondition] failed evaluation
    22:57:47.273 [Test worker] DEBUG io.micronaut.context.condition.Condition -- Bean [Definition: io.micronaut.management.endpoint.stop.ServerStopEndpoint] will not be loaded due to failing conditions:
    22:57:47.273 [Test worker] DEBUG io.micronaut.context.condition.Condition -- * Custom condition [class io.micronaut.management.endpoint.EndpointEnabledCondition] failed evaluation
    22:57:47.274 [Test worker] DEBUG io.micronaut.context.condition.Condition -- Bean [Definition: io.micronaut.management.endpoint.env.EnvironmentEndpoint] will not be loaded due to failing conditions:
    22:57:47.274 [Test worker] DEBUG io.micronaut.context.condition.Condition -- * Custom condition [class io.micronaut.management.endpoint.EndpointEnabledCondition] failed evaluation
    22:57:47.274 [Test worker] DEBUG io.micronaut.context.DefaultBeanContext -- Finding candidate beans for type: RefreshEndpoint
    22:57:47.274 [Test worker] DEBUG io.micronaut.context.DefaultBeanContext --   class io.micronaut.management.endpoint.refresh.RefreshEndpoint null Definition: io.micronaut.management.endpoint.refresh.RefreshEndpoint
    22:57:47.275 [Test worker] DEBUG io.micronaut.context.DefaultBeanContext -- Found concrete candidate [Definition: io.micronaut.management.endpoint.refresh.RefreshEndpoint] for type: refreshEndpoint 
    22:57:47.275 [Test worker] DEBUG io.micronaut.web.router.DefaultRouteBuilder -- Created Route to @Endpoint io.micronaut.management.endpoint.refresh.RefreshEndpoint: POST /refresh -> RefreshEndpoint#refresh ()
    22:57:47.275 [Test worker] DEBUG io.micronaut.context.lifecycle -- Created bean [io.micronaut.management.endpoint.processors.WriteEndpointRouteBuilder@346e76ad] from definition [Definition: io.micronaut.management.endpoint.processors.WriteEndpointRouteBuilder] with qualifier [null]
    22:57:47.275 [Test worker] DEBUG io.micronaut.context.DefaultBeanContext -- Found a registration BeanRegistration: io.micronaut.management.endpoint.processors.WriteEndpointRouteBuilder@346e76ad for candidate: Definition: io.micronaut.management.endpoint.processors.WriteEndpointRouteBuilder with qualifier: null
    22:57:47.275 [Test worker] DEBUG io.micronaut.context.DefaultBeanContext -- Finding candidate beans for qualifier: @Controller
    22:57:47.276 [Test worker] DEBUG io.micronaut.web.router.DefaultRouteBuilder -- Created Route: GET /tasks -> TaskController#listTasks (application/json)
    22:57:47.276 [Test worker] DEBUG io.micronaut.web.router.DefaultRouteBuilder -- Created Route: HEAD /tasks -> TaskController#listTasks (application/json)
    22:57:47.276 [Test worker] DEBUG io.micronaut.web.router.DefaultRouteBuilder -- Created Route: GET /tasks/{id} -> TaskController#getTask (application/json)
    22:57:47.276 [Test worker] DEBUG io.micronaut.web.router.DefaultRouteBuilder -- Created Route: HEAD /tasks/{id} -> TaskController#getTask (application/json)
    22:57:47.276 [Test worker] DEBUG io.micronaut.web.router.DefaultRouteBuilder -- Created Route: POST /tasks -> TaskController#createTask (application/json)
    22:57:47.276 [Test worker] DEBUG io.micronaut.web.router.DefaultRouteBuilder -- Created Route: DELETE /tasks/{id} -> TaskController#deleteTask (application/json)
    22:57:47.276 [Test worker] DEBUG io.micronaut.context.lifecycle -- Created bean [io.micronaut.web.router.AnnotatedMethodRouteBuilder@47bcd95a] from definition [Definition: io.micronaut.web.router.AnnotatedMethodRouteBuilder] with qualifier [null]
    22:57:47.276 [Test worker] DEBUG io.micronaut.context.DefaultBeanContext -- Found a registration BeanRegistration: io.micronaut.web.router.AnnotatedMethodRouteBuilder@47bcd95a for candidate: Definition: io.micronaut.web.router.AnnotatedMethodRouteBuilder with qualifier: null
    22:57:47.277 [Test worker] DEBUG io.micronaut.context.DefaultBeanContext -- Finding candidate beans for qualifier: @Endpoint
    22:57:47.277 [Test worker] DEBUG io.micronaut.context.condition.Condition -- Bean [Definition: io.micronaut.management.endpoint.loggers.LoggersEndpoint] will not be loaded due to failing conditions:
    22:57:47.277 [Test worker] DEBUG io.micronaut.context.condition.Condition -- * Custom condition [class io.micronaut.management.endpoint.EndpointEnabledCondition] failed evaluation
    22:57:47.277 [Test worker] DEBUG io.micronaut.context.condition.Condition -- Bean [Definition: io.micronaut.management.endpoint.stop.ServerStopEndpoint] will not be loaded due to failing conditions:
    22:57:47.277 [Test worker] DEBUG io.micronaut.context.condition.Condition -- * Custom condition [class io.micronaut.management.endpoint.EndpointEnabledCondition] failed evaluation
    22:57:47.277 [Test worker] DEBUG io.micronaut.context.condition.Condition -- Bean [Definition: io.micronaut.management.endpoint.env.EnvironmentEndpoint] will not be loaded due to failing conditions:
    22:57:47.277 [Test worker] DEBUG io.micronaut.context.condition.Condition -- * Custom condition [class io.micronaut.management.endpoint.EndpointEnabledCondition] failed evaluation
    22:57:47.277 [HikariPool-2 connection adder] DEBUG com.zaxxer.hikari.pool.HikariPool -- HikariPool-2 - After adding stats (total=4, active=0, idle=4, waiting=0)
    22:57:47.278 [Test worker] DEBUG io.micronaut.context.lifecycle -- Created bean [io.micronaut.management.endpoint.processors.DeleteEndpointRouteBuilder@3fae1ec9] from definition [Definition: io.micronaut.management.endpoint.processors.DeleteEndpointRouteBuilder] with qualifier [null]
    22:57:47.278 [Test worker] DEBUG io.micronaut.context.DefaultBeanContext -- Found a registration BeanRegistration: io.micronaut.management.endpoint.processors.DeleteEndpointRouteBuilder@3fae1ec9 for candidate: Definition: io.micronaut.management.endpoint.processors.DeleteEndpointRouteBuilder with qualifier: null
    22:57:47.278 [Test worker] DEBUG io.micronaut.context.DefaultBeanContext -- Finding candidate beans for qualifier: @Endpoint
    22:57:47.279 [Test worker] DEBUG io.micronaut.context.condition.Condition -- Bean [Definition: io.micronaut.management.endpoint.loggers.LoggersEndpoint] will not be loaded due to failing conditions:
    22:57:47.279 [Test worker] DEBUG io.micronaut.context.condition.Condition -- * Custom condition [class io.micronaut.management.endpoint.EndpointEnabledCondition] failed evaluation
    22:57:47.279 [Test worker] DEBUG io.micronaut.context.condition.Condition -- Bean [Definition: io.micronaut.management.endpoint.stop.ServerStopEndpoint] will not be loaded due to failing conditions:
    22:57:47.279 [Test worker] DEBUG io.micronaut.context.condition.Condition -- * Custom condition [class io.micronaut.management.endpoint.EndpointEnabledCondition] failed evaluation
    22:57:47.279 [Test worker] DEBUG io.micronaut.context.condition.Condition -- Bean [Definition: io.micronaut.management.endpoint.env.EnvironmentEndpoint] will not be loaded due to failing conditions:
    22:57:47.279 [Test worker] DEBUG io.micronaut.context.condition.Condition -- * Custom condition [class io.micronaut.management.endpoint.EndpointEnabledCondition] failed evaluation
    22:57:47.279 [Test worker] DEBUG io.micronaut.context.DefaultBeanContext -- Finding candidate beans for type: FlywayEndpoint
    22:57:47.279 [HikariPool-2 connection adder] DEBUG com.zaxxer.hikari.pool.HikariPool -- HikariPool-2 - Added connection conn14: url=jdbc:h2:mem:devDb user=SA
    22:57:47.280 [Test worker] DEBUG io.micronaut.context.DefaultBeanContext --   class io.micronaut.flyway.endpoint.FlywayEndpoint null Definition: io.micronaut.flyway.endpoint.FlywayEndpoint
    22:57:47.280 [Test worker] DEBUG io.micronaut.context.DefaultBeanContext -- Found concrete candidate [Definition: io.micronaut.flyway.endpoint.FlywayEndpoint] for type: flywayEndpoint 
    22:57:47.280 [Test worker] DEBUG io.micronaut.web.router.DefaultRouteBuilder -- Created Route to @Endpoint io.micronaut.flyway.endpoint.FlywayEndpoint: GET /flyway -> FlywayEndpoint#flywayMigrations (application/json)
    22:57:47.280 [Test worker] DEBUG io.micronaut.web.router.DefaultRouteBuilder -- Created Route to @Endpoint io.micronaut.flyway.endpoint.FlywayEndpoint: HEAD /flyway -> FlywayEndpoint#flywayMigrations (application/json)
    22:57:47.280 [Test worker] DEBUG io.micronaut.context.DefaultBeanContext -- Finding candidate beans for type: BeansEndpoint
    22:57:47.280 [Test worker] DEBUG io.micronaut.context.DefaultBeanContext --   class io.micronaut.management.endpoint.beans.BeansEndpoint null Definition: io.micronaut.management.endpoint.beans.BeansEndpoint
    22:57:47.280 [Test worker] DEBUG io.micronaut.context.DefaultBeanContext -- Found concrete candidate [Definition: io.micronaut.management.endpoint.beans.BeansEndpoint] for type: beansEndpoint 
    22:57:47.280 [Test worker] DEBUG io.micronaut.web.router.DefaultRouteBuilder -- Created Route to @Endpoint io.micronaut.management.endpoint.beans.BeansEndpoint: GET /beans -> BeansEndpoint#getBeans (application/json)
    22:57:47.280 [Test worker] DEBUG io.micronaut.web.router.DefaultRouteBuilder -- Created Route to @Endpoint io.micronaut.management.endpoint.beans.BeansEndpoint: HEAD /beans -> BeansEndpoint#getBeans (application/json)
    22:57:47.280 [Test worker] DEBUG io.micronaut.context.DefaultBeanContext -- Finding candidate beans for type: ThreadDumpEndpoint
    22:57:47.281 [Test worker] DEBUG io.micronaut.context.DefaultBeanContext --   class io.micronaut.management.endpoint.threads.ThreadDumpEndpoint null Definition: io.micronaut.management.endpoint.threads.ThreadDumpEndpoint
    22:57:47.281 [Test worker] DEBUG io.micronaut.context.DefaultBeanContext -- Found concrete candidate [Definition: io.micronaut.management.endpoint.threads.ThreadDumpEndpoint] for type: threadDumpEndpoint 
    22:57:47.281 [Test worker] DEBUG io.micronaut.web.router.DefaultRouteBuilder -- Created Route to @Endpoint io.micronaut.management.endpoint.threads.ThreadDumpEndpoint: GET /threaddump -> ThreadDumpEndpoint#getThreadDump (application/json)
    22:57:47.281 [Test worker] DEBUG io.micronaut.web.router.DefaultRouteBuilder -- Created Route to @Endpoint io.micronaut.management.endpoint.threads.ThreadDumpEndpoint: HEAD /threaddump -> ThreadDumpEndpoint#getThreadDump (application/json)
    22:57:47.281 [Test worker] DEBUG io.micronaut.context.DefaultBeanContext -- Finding candidate beans for type: InfoEndpoint
    22:57:47.281 [Test worker] DEBUG io.micronaut.context.DefaultBeanContext --   class io.micronaut.management.endpoint.info.InfoEndpoint null Definition: io.micronaut.management.endpoint.info.InfoEndpoint
    22:57:47.281 [Test worker] DEBUG io.micronaut.context.DefaultBeanContext -- Found concrete candidate [Definition: io.micronaut.management.endpoint.info.InfoEndpoint] for type: infoEndpoint 
    22:57:47.281 [Test worker] DEBUG io.micronaut.web.router.DefaultRouteBuilder -- Created Route to @Endpoint io.micronaut.management.endpoint.info.InfoEndpoint: GET /info -> InfoEndpoint#getInfo (application/json)
    22:57:47.281 [Test worker] DEBUG io.micronaut.web.router.DefaultRouteBuilder -- Created Route to @Endpoint io.micronaut.management.endpoint.info.InfoEndpoint: HEAD /info -> InfoEndpoint#getInfo (application/json)
    22:57:47.281 [Test worker] DEBUG io.micronaut.context.DefaultBeanContext -- Finding candidate beans for type: RoutesEndpoint
    22:57:47.281 [Test worker] DEBUG io.micronaut.context.DefaultBeanContext --   class io.micronaut.management.endpoint.routes.RoutesEndpoint null Definition: io.micronaut.management.endpoint.routes.RoutesEndpoint
    22:57:47.281 [Test worker] DEBUG io.micronaut.context.DefaultBeanContext -- Found concrete candidate [Definition: io.micronaut.management.endpoint.routes.RoutesEndpoint] for type: routesEndpoint 
    22:57:47.281 [Test worker] DEBUG io.micronaut.web.router.DefaultRouteBuilder -- Created Route to @Endpoint io.micronaut.management.endpoint.routes.RoutesEndpoint: GET /routes -> RoutesEndpoint#getRoutes (application/json)
    22:57:47.281 [Test worker] DEBUG io.micronaut.web.router.DefaultRouteBuilder -- Created Route to @Endpoint io.micronaut.management.endpoint.routes.RoutesEndpoint: HEAD /routes -> RoutesEndpoint#getRoutes (application/json)
    22:57:47.281 [Test worker] DEBUG io.micronaut.context.DefaultBeanContext -- Finding candidate beans for type: HealthEndpoint
    22:57:47.281 [Test worker] DEBUG io.micronaut.context.DefaultBeanContext --   class io.micronaut.management.endpoint.health.HealthEndpoint null Definition: io.micronaut.management.endpoint.health.HealthEndpoint
    22:57:47.282 [Test worker] DEBUG io.micronaut.context.DefaultBeanContext -- Found concrete candidate [Definition: io.micronaut.management.endpoint.health.HealthEndpoint] for type: healthEndpoint 
    22:57:47.282 [Test worker] DEBUG io.micronaut.web.router.DefaultRouteBuilder -- Created Route to @Endpoint io.micronaut.management.endpoint.health.HealthEndpoint: GET /health -> HealthEndpoint#getHealth (application/json)
    22:57:47.282 [Test worker] DEBUG io.micronaut.web.router.DefaultRouteBuilder -- Created Route to @Endpoint io.micronaut.management.endpoint.health.HealthEndpoint: HEAD /health -> HealthEndpoint#getHealth (application/json)
    22:57:47.282 [Test worker] DEBUG io.micronaut.web.router.DefaultRouteBuilder -- Created Route to @Endpoint io.micronaut.management.endpoint.health.HealthEndpoint: GET /health/{selector} -> HealthEndpoint#getHealth (application/json)
    22:57:47.282 [Test worker] DEBUG io.micronaut.web.router.DefaultRouteBuilder -- Created Route to @Endpoint io.micronaut.management.endpoint.health.HealthEndpoint: HEAD /health/{selector} -> HealthEndpoint#getHealth (application/json)
    22:57:47.282 [Test worker] DEBUG io.micronaut.context.lifecycle -- Created bean [io.micronaut.management.endpoint.processors.ReadEndpointRouteBuilder@331fe6d4] from definition [Definition: io.micronaut.management.endpoint.processors.ReadEndpointRouteBuilder] with qualifier [null]
    22:57:47.282 [Test worker] DEBUG io.micronaut.context.DefaultBeanContext -- Found a registration BeanRegistration: io.micronaut.management.endpoint.processors.ReadEndpointRouteBuilder@331fe6d4 for candidate: Definition: io.micronaut.management.endpoint.processors.ReadEndpointRouteBuilder with qualifier: null
    22:57:47.282 [Test worker] DEBUG io.micronaut.context.DefaultBeanContext -- Finding candidate beans for qualifier: @ServerWebSocket
    22:57:47.282 [Test worker] DEBUG io.micronaut.context.lifecycle -- Created bean [io.micronaut.http.server.websocket.ServerWebSocketProcessor@74832504] from definition [Definition: io.micronaut.http.server.websocket.ServerWebSocketProcessor] with qualifier [null]
    22:57:47.282 [Test worker] DEBUG io.micronaut.context.DefaultBeanContext -- Found a registration BeanRegistration: io.micronaut.http.server.websocket.ServerWebSocketProcessor@74832504 for candidate: Definition: io.micronaut.http.server.websocket.ServerWebSocketProcessor with qualifier: null
    22:57:47.283 [Test worker] DEBUG io.micronaut.context.DefaultBeanContext -- Finding candidate beans for type: RequestBinderRegistry
    22:57:47.283 [Test worker] DEBUG io.micronaut.context.DefaultBeanContext --   class io.micronaut.http.server.netty.binders.NettyServerRequestBinderRegistry null Definition: io.micronaut.http.server.netty.binders.NettyServerRequestBinderRegistry
    22:57:47.283 [Test worker] DEBUG io.micronaut.context.DefaultBeanContext --   class io.micronaut.http.bind.DefaultRequestBinderRegistry null Definition: io.micronaut.http.bind.DefaultRequestBinderRegistry
    22:57:47.283 [Test worker] DEBUG io.micronaut.context.DefaultBeanContext -- Searching for @Primary for type [requestBinderRegistry] from candidates: [Definition: io.micronaut.http.server.netty.binders.NettyServerRequestBinderRegistry, Definition: io.micronaut.http.bind.DefaultRequestBinderRegistry] 
    22:57:47.283 [Test worker] DEBUG io.micronaut.context.DefaultBeanContext -- Picked bean Definition: io.micronaut.http.bind.DefaultRequestBinderRegistry with the highest precedence for type RequestBinderRegistry and qualifier null
    22:57:47.283 [Test worker] DEBUG io.micronaut.context.DefaultBeanContext -- Found concrete candidate [Definition: io.micronaut.http.bind.DefaultRequestBinderRegistry] for type: requestBinderRegistry 
    22:57:47.283 [Test worker] DEBUG io.micronaut.context.DefaultBeanContext -- Resolving beans for type: io.micronaut.http.bind.binders.RequestArgumentBinder<java.lang.Object>
    22:57:47.283 [Test worker] DEBUG io.micronaut.context.DefaultBeanContext -- Finding candidate beans for type: RequestArgumentBinder E
    22:57:47.283 [Test worker] DEBUG io.micronaut.context.DefaultBeanContext --   class io.micronaut.http.server.binding.LocaleArgumentBinder null Definition: io.micronaut.http.server.binding.LocaleArgumentBinder
    22:57:47.283 [Test worker] DEBUG io.micronaut.context.DefaultBeanContext --   class io.micronaut.http.bind.binders.DefaultBodyAnnotationBinder null Definition: io.micronaut.http.bind.binders.DefaultBodyAnnotationBinder
    22:57:47.283 [Test worker] DEBUG io.micronaut.context.DefaultBeanContext --   class io.micronaut.data.runtime.http.PageableRequestArgumentBinder null Definition: io.micronaut.data.runtime.http.PageableRequestArgumentBinder
    22:57:47.283 [Test worker] DEBUG io.micronaut.context.DefaultBeanContext --   class io.micronaut.http.server.binding.BasicAuthArgumentBinder null Definition: io.micronaut.http.server.binding.BasicAuthArgumentBinder
    22:57:47.283 [Test worker] DEBUG io.micronaut.context.DefaultBeanContext -- Finding candidate beans for type: HttpLocaleResolver localeResolver
    22:57:47.283 [Test worker] DEBUG io.micronaut.context.DefaultBeanContext --   class io.micronaut.http.server.util.locale.CompositeHttpLocaleResolver null Definition: io.micronaut.http.server.util.locale.CompositeHttpLocaleResolver
    22:57:47.283 [Test worker] DEBUG io.micronaut.context.DefaultBeanContext --   class io.micronaut.http.server.util.locale.RequestLocaleResolver null Definition: io.micronaut.http.server.util.locale.RequestLocaleResolver
    22:57:47.283 [Test worker] DEBUG io.micronaut.context.DefaultBeanContext -- Searching for @Primary for type [localeResolver] from candidates: [Definition: io.micronaut.http.server.util.locale.CompositeHttpLocaleResolver, Definition: io.micronaut.http.server.util.locale.RequestLocaleResolver] 
    22:57:47.283 [Test worker] DEBUG io.micronaut.context.DefaultBeanContext -- Found concrete candidate [Definition: io.micronaut.http.server.util.locale.CompositeHttpLocaleResolver] for type: localeResolver 
    22:57:47.283 [Test worker] DEBUG io.micronaut.context.DefaultBeanContext -- Resolving beans for type: io.micronaut.http.server.util.locale.HttpLocaleResolver
    22:57:47.283 [Test worker] DEBUG io.micronaut.context.DefaultBeanContext -- Finding candidate beans for type: HttpLocaleResolver
    22:57:47.283 [Test worker] DEBUG io.micronaut.context.DefaultBeanContext --   class io.micronaut.http.server.util.locale.CompositeHttpLocaleResolver null Definition: io.micronaut.http.server.util.locale.CompositeHttpLocaleResolver
    22:57:47.283 [Test worker] DEBUG io.micronaut.context.DefaultBeanContext --   class io.micronaut.http.server.util.locale.RequestLocaleResolver null Definition: io.micronaut.http.server.util.locale.RequestLocaleResolver
    22:57:47.283 [Test worker] DEBUG io.micronaut.context.DefaultBeanContext -- Finding candidate beans for type: HttpLocaleResolutionConfiguration httpLocaleResolutionConfiguration
    22:57:47.284 [Test worker] DEBUG io.micronaut.context.DefaultBeanContext --   class io.micronaut.http.server.HttpServerConfiguration$HttpLocaleResolutionConfigurationProperties null Definition: io.micronaut.http.server.HttpServerConfiguration$HttpLocaleResolutionConfigurationProperties
    22:57:47.284 [Test worker] DEBUG io.micronaut.context.DefaultBeanContext -- Found concrete candidate [Definition: io.micronaut.http.server.HttpServerConfiguration$HttpLocaleResolutionConfigurationProperties] for type: httpLocaleResolutionConfiguration 
    22:57:47.284 [Test worker] DEBUG io.micronaut.context.lifecycle -- Created bean [io.micronaut.http.server.HttpServerConfiguration$HttpLocaleResolutionConfigurationProperties@555454c7] from definition [Definition: io.micronaut.http.server.HttpServerConfiguration$HttpLocaleResolutionConfigurationProperties] with qualifier [null]
    22:57:47.284 [Test worker] DEBUG io.micronaut.context.lifecycle -- Created bean [io.micronaut.http.server.util.locale.RequestLocaleResolver@1a4340f2] from definition [Definition: io.micronaut.http.server.util.locale.RequestLocaleResolver] with qualifier [null]
    22:57:47.284 [Test worker] DEBUG io.micronaut.context.DefaultBeanContext -- Found a registration BeanRegistration: io.micronaut.http.server.util.locale.RequestLocaleResolver@1a4340f2 for candidate: Definition: io.micronaut.http.server.util.locale.RequestLocaleResolver with qualifier: null
    22:57:47.284 [Test worker] DEBUG io.micronaut.context.lifecycle -- Created bean [io.micronaut.http.server.util.locale.CompositeHttpLocaleResolver@56a63c28] from definition [Definition: io.micronaut.http.server.util.locale.CompositeHttpLocaleResolver] with qualifier [null]
    22:57:47.284 [Test worker] DEBUG io.micronaut.context.lifecycle -- Created bean [io.micronaut.http.server.binding.LocaleArgumentBinder@3b6098fd] from definition [Definition: io.micronaut.http.server.binding.LocaleArgumentBinder] with qualifier [null]
    22:57:47.284 [Test worker] DEBUG io.micronaut.context.DefaultBeanContext -- Found a registration BeanRegistration: io.micronaut.http.server.binding.LocaleArgumentBinder@3b6098fd for candidate: Definition: io.micronaut.http.server.binding.LocaleArgumentBinder with qualifier: null
    22:57:47.284 [Test worker] DEBUG io.micronaut.context.lifecycle -- Created bean [io.micronaut.http.bind.binders.DefaultBodyAnnotationBinder@4ce5013a] from definition [Definition: io.micronaut.http.bind.binders.DefaultBodyAnnotationBinder] with qualifier [null]
    22:57:47.284 [Test worker] DEBUG io.micronaut.context.DefaultBeanContext -- Found a registration BeanRegistration: io.micronaut.http.bind.binders.DefaultBodyAnnotationBinder@4ce5013a for candidate: Definition: io.micronaut.http.bind.binders.DefaultBodyAnnotationBinder with qualifier: null
    22:57:47.284 [Test worker] DEBUG io.micronaut.context.DefaultBeanContext -- Finding candidate beans for type: PageableConfiguration configuration
    22:57:47.284 [Test worker] DEBUG io.micronaut.context.DefaultBeanContext --   class io.micronaut.data.runtime.config.DataConfiguration$PageableConfiguration null Definition: io.micronaut.data.runtime.config.DataConfiguration$PageableConfiguration
    22:57:47.284 [Test worker] DEBUG io.micronaut.context.DefaultBeanContext -- Found concrete candidate [Definition: io.micronaut.data.runtime.config.DataConfiguration$PageableConfiguration] for type: configuration 
    22:57:47.284 [Test worker] DEBUG io.micronaut.context.lifecycle -- Created bean [io.micronaut.data.runtime.config.DataConfiguration$PageableConfiguration@4c219c84] from definition [Definition: io.micronaut.data.runtime.config.DataConfiguration$PageableConfiguration] with qualifier [null]
    22:57:47.284 [Test worker] DEBUG io.micronaut.context.lifecycle -- Created bean [io.micronaut.data.runtime.http.PageableRequestArgumentBinder@2b01be54] from definition [Definition: io.micronaut.data.runtime.http.PageableRequestArgumentBinder] with qualifier [null]
    22:57:47.284 [Test worker] DEBUG io.micronaut.context.DefaultBeanContext -- Found a registration BeanRegistration: io.micronaut.data.runtime.http.PageableRequestArgumentBinder@2b01be54 for candidate: Definition: io.micronaut.data.runtime.http.PageableRequestArgumentBinder with qualifier: null
    22:57:47.284 [Test worker] DEBUG io.micronaut.context.lifecycle -- Created bean [io.micronaut.http.server.binding.BasicAuthArgumentBinder@14997cb9] from definition [Definition: io.micronaut.http.server.binding.BasicAuthArgumentBinder] with qualifier [null]
    22:57:47.284 [Test worker] DEBUG io.micronaut.context.DefaultBeanContext -- Found a registration BeanRegistration: io.micronaut.http.server.binding.BasicAuthArgumentBinder@14997cb9 for candidate: Definition: io.micronaut.http.server.binding.BasicAuthArgumentBinder with qualifier: null
    22:57:47.284 [Test worker] DEBUG io.micronaut.context.DefaultBeanContext -- Finding candidate beans for type: DefaultBodyAnnotationBinder bodyAnnotationBinder
    22:57:47.284 [Test worker] DEBUG io.micronaut.context.DefaultBeanContext --   class io.micronaut.http.bind.binders.DefaultBodyAnnotationBinder null Definition: io.micronaut.http.bind.binders.DefaultBodyAnnotationBinder
    22:57:47.284 [Test worker] DEBUG io.micronaut.context.DefaultBeanContext -- Found concrete candidate [Definition: io.micronaut.http.bind.binders.DefaultBodyAnnotationBinder] for type: bodyAnnotationBinder 
    22:57:47.284 [Test worker] DEBUG io.micronaut.context.lifecycle -- Created bean [io.micronaut.http.bind.DefaultRequestBinderRegistry@701153c1] from definition [Definition: io.micronaut.http.bind.DefaultRequestBinderRegistry] with qualifier [null]
    22:57:47.284 [Test worker] DEBUG io.micronaut.context.DefaultBeanContext -- Finding candidate beans for qualifier: @ServerFilter
    22:57:47.285 [Test worker] DEBUG io.micronaut.context.DefaultBeanContext -- Finding candidate beans for type: EndpointSensitivityHandler
    22:57:47.285 [Test worker] DEBUG io.micronaut.context.DefaultBeanContext -- No bean candidates found for type: EndpointSensitivityHandler
    22:57:47.286 [Test worker] DEBUG io.micronaut.context.lifecycle -- Created bean [io.micronaut.web.router.ServerFilterRouteBuilder@301434fb] from definition [Definition: io.micronaut.web.router.ServerFilterRouteBuilder] with qualifier [null]
    22:57:47.286 [Test worker] DEBUG io.micronaut.context.DefaultBeanContext -- Found a registration BeanRegistration: io.micronaut.web.router.ServerFilterRouteBuilder@301434fb for candidate: Definition: io.micronaut.web.router.ServerFilterRouteBuilder with qualifier: null
    22:57:47.286 [Test worker] DEBUG io.micronaut.context.DefaultBeanContext -- Finding candidate beans for type: MessageBodyWriter
    22:57:47.286 [Test worker] DEBUG io.micronaut.context.DefaultBeanContext -- Finding candidate beans for type: JsonMapper
    22:57:47.286 [Test worker] DEBUG io.micronaut.context.DefaultBeanContext --   class io.micronaut.jackson.databind.JacksonDatabindMapper null Definition: io.micronaut.jackson.databind.JacksonDatabindMapper
    22:57:47.286 [Test worker] DEBUG io.micronaut.context.DefaultBeanContext -- Bean [class io.micronaut.http.netty.body.NettyJsonHandler] replaces existing bean of type [class io.micronaut.json.body.JsonMessageHandler]
    22:57:47.286 [Test worker] DEBUG io.micronaut.context.DefaultBeanContext -- Bean [class io.micronaut.http.netty.body.NettyTextPlainHandler] replaces existing bean of type [class io.micronaut.http.body.TextPlainHandler]
    22:57:47.286 [Test worker] DEBUG io.micronaut.context.DefaultBeanContext --   class io.micronaut.http.server.netty.body.InputStreamBodyWriter null Definition: io.micronaut.http.server.netty.body.InputStreamBodyWriter
    22:57:47.286 [Test worker] DEBUG io.micronaut.context.DefaultBeanContext --   class io.micronaut.http.server.netty.body.StreamFileBodyWriter null Definition: io.micronaut.http.server.netty.body.StreamFileBodyWriter
    22:57:47.286 [Test worker] DEBUG io.micronaut.context.DefaultBeanContext --   class io.micronaut.http.server.netty.body.SystemFileBodyWriter null Definition: io.micronaut.http.server.netty.body.SystemFileBodyWriter
    22:57:47.286 [Test worker] DEBUG io.micronaut.context.DefaultBeanContext --   class io.micronaut.http.body.TextStreamBodyWriter null Definition: io.micronaut.http.body.TextStreamBodyWriter
    22:57:47.286 [Test worker] DEBUG io.micronaut.context.DefaultBeanContext --   class io.micronaut.http.server.netty.body.FileBodyWriter null Definition: io.micronaut.http.server.netty.body.FileBodyWriter
    22:57:47.286 [Test worker] DEBUG io.micronaut.context.DefaultBeanContext --   class io.micronaut.http.body.CharSequenceBodyWriter null Definition: io.micronaut.http.body.CharSequenceBodyWriter
    22:57:47.286 [Test worker] DEBUG io.micronaut.context.DefaultBeanContext --   class io.micronaut.http.netty.body.NettyTextPlainHandler null Definition: io.micronaut.http.netty.body.NettyTextPlainHandler
    22:57:47.286 [Test worker] DEBUG io.micronaut.context.DefaultBeanContext --   class io.micronaut.http.netty.body.NettyJsonHandler null Definition: io.micronaut.http.netty.body.NettyJsonHandler
    22:57:47.286 [Test worker] DEBUG io.micronaut.context.DefaultBeanContext --   class io.micronaut.http.netty.body.NettyJsonStreamHandler null Definition: io.micronaut.http.netty.body.NettyJsonStreamHandler
    22:57:47.287 [Test worker] DEBUG io.micronaut.context.DefaultBeanContext -- Finding candidate beans for type: JsonMapper jsonMapper
    22:57:47.287 [Test worker] DEBUG io.micronaut.context.DefaultBeanContext --   class io.micronaut.jackson.databind.JacksonDatabindMapper null Definition: io.micronaut.jackson.databind.JacksonDatabindMapper
    22:57:47.287 [Test worker] DEBUG io.micronaut.context.DefaultBeanContext -- Found concrete candidate [Definition: io.micronaut.jackson.databind.JacksonDatabindMapper] for type: jsonMapper 
    22:57:47.288 [Test worker] DEBUG io.micronaut.context.DefaultBeanContext -- Finding candidate beans for type: ObjectMapper objectMapper
    22:57:47.288 [Test worker] DEBUG io.micronaut.context.DefaultBeanContext --   class com.fasterxml.jackson.databind.ObjectMapper @Primary and @Named('json') Definition: io.micronaut.jackson.ObjectMapperFactory
    22:57:47.288 [Test worker] DEBUG io.micronaut.context.DefaultBeanContext -- Found concrete candidate [Definition: io.micronaut.jackson.ObjectMapperFactory] for type: objectMapper 
    22:57:47.288 [Test worker] DEBUG io.micronaut.context.DefaultBeanContext -- Finding candidate beans for type: ObjectMapperFactory
    22:57:47.288 [Test worker] DEBUG io.micronaut.context.DefaultBeanContext --   class io.micronaut.jackson.ObjectMapperFactory null Definition: io.micronaut.jackson.ObjectMapperFactory
    22:57:47.288 [Test worker] DEBUG io.micronaut.context.DefaultBeanContext -- Found concrete candidate [Definition: io.micronaut.jackson.ObjectMapperFactory] for type: objectMapperFactory 
    22:57:47.288 [Test worker] DEBUG io.micronaut.context.DefaultBeanContext -- Resolving beans for type: com.fasterxml.jackson.databind.Module
    22:57:47.288 [Test worker] DEBUG io.micronaut.context.DefaultBeanContext -- Finding candidate beans for type: Module
    22:57:47.288 [Test worker] DEBUG io.micronaut.context.DefaultBeanContext --   class io.micronaut.jackson.modules.BeanIntrospectionModule null Definition: io.micronaut.jackson.modules.BeanIntrospectionModule
    22:57:47.288 [Test worker] DEBUG io.micronaut.context.DefaultBeanContext --   class io.micronaut.jackson.serialize.ResourceModule null Definition: io.micronaut.jackson.serialize.ResourceModule
    22:57:47.288 [Test worker] DEBUG io.micronaut.context.DefaultBeanContext -- Finding candidate beans for type: JacksonDeserializationPreInstantiateCallback preInstantiateCallback
    22:57:47.288 [Test worker] DEBUG io.micronaut.context.DefaultBeanContext -- Finding candidate beans for type: Validator
    22:57:47.288 [Test worker] DEBUG io.micronaut.context.DefaultBeanContext --   class io.micronaut.validation.validator.DefaultValidator null Definition: io.micronaut.validation.validator.DefaultValidator
    22:57:47.288 [Test worker] DEBUG io.micronaut.context.DefaultBeanContext --   class io.micronaut.jackson.validation.ValidationJacksonDeserializationPreInstantiateCallback null Definition: io.micronaut.jackson.validation.ValidationJacksonDeserializationPreInstantiateCallback
    22:57:47.289 [Test worker] DEBUG io.micronaut.context.DefaultBeanContext -- Found concrete candidate [Definition: io.micronaut.jackson.validation.ValidationJacksonDeserializationPreInstantiateCallback] for type: preInstantiateCallback 
    22:57:47.289 [Test worker] DEBUG io.micronaut.context.DefaultBeanContext -- Finding candidate beans for type: Validator validator
    22:57:47.289 [Test worker] DEBUG io.micronaut.context.DefaultBeanContext --   class io.micronaut.validation.validator.DefaultValidator null Definition: io.micronaut.validation.validator.DefaultValidator
    22:57:47.289 [Test worker] DEBUG io.micronaut.context.DefaultBeanContext -- Found concrete candidate [Definition: io.micronaut.validation.validator.DefaultValidator] for type: validator 
    22:57:47.289 [Test worker] DEBUG io.micronaut.context.lifecycle -- Created bean [io.micronaut.jackson.validation.ValidationJacksonDeserializationPreInstantiateCallback@49620576] from definition [Definition: io.micronaut.jackson.validation.ValidationJacksonDeserializationPreInstantiateCallback] with qualifier [null]
    22:57:47.289 [Test worker] DEBUG io.micronaut.context.lifecycle -- Created bean [io.micronaut.jackson.modules.BeanIntrospectionModule@3397c8c0] from definition [Definition: io.micronaut.jackson.modules.BeanIntrospectionModule] with qualifier [null]
    22:57:47.289 [Test worker] DEBUG io.micronaut.context.DefaultBeanContext -- Found a registration BeanRegistration: io.micronaut.jackson.modules.BeanIntrospectionModule@3397c8c0 for candidate: Definition: io.micronaut.jackson.modules.BeanIntrospectionModule with qualifier: null
    22:57:47.289 [Test worker] DEBUG io.micronaut.context.lifecycle -- Created bean [io.micronaut.jackson.serialize.ResourceModule@22b581a5] from definition [Definition: io.micronaut.jackson.serialize.ResourceModule] with qualifier [null]
    22:57:47.289 [Test worker] DEBUG io.micronaut.context.DefaultBeanContext -- Found a registration BeanRegistration: io.micronaut.jackson.serialize.ResourceModule@22b581a5 for candidate: Definition: io.micronaut.jackson.serialize.ResourceModule with qualifier: null
    22:57:47.289 [Test worker] DEBUG io.micronaut.context.DefaultBeanContext -- Resolving beans for type: com.fasterxml.jackson.databind.JsonSerializer
    22:57:47.289 [Test worker] DEBUG io.micronaut.context.DefaultBeanContext -- Finding candidate beans for type: JsonSerializer
    22:57:47.289 [Test worker] DEBUG io.micronaut.context.DefaultBeanContext --   class io.micronaut.jackson.serialize.ConvertibleMultiValuesSerializer null Definition: io.micronaut.jackson.serialize.ConvertibleMultiValuesSerializer
    22:57:47.289 [Test worker] DEBUG io.micronaut.context.DefaultBeanContext --   class io.micronaut.jackson.serialize.JsonNodeSerializer null Definition: io.micronaut.jackson.serialize.JsonNodeSerializer
    22:57:47.289 [Test worker] DEBUG io.micronaut.context.DefaultBeanContext --   class io.micronaut.jackson.serialize.OptionalValuesSerializer null Definition: io.micronaut.jackson.serialize.OptionalValuesSerializer
    22:57:47.289 [Test worker] DEBUG io.micronaut.context.DefaultBeanContext --   class io.micronaut.jackson.serialize.ConvertibleValuesSerializer null Definition: io.micronaut.jackson.serialize.ConvertibleValuesSerializer
    22:57:47.289 [Test worker] DEBUG io.micronaut.context.lifecycle -- Created bean [io.micronaut.jackson.serialize.ConvertibleMultiValuesSerializer@3a917e07] from definition [Definition: io.micronaut.jackson.serialize.ConvertibleMultiValuesSerializer] with qualifier [null]
    22:57:47.289 [Test worker] DEBUG io.micronaut.context.DefaultBeanContext -- Found a registration BeanRegistration: io.micronaut.jackson.serialize.ConvertibleMultiValuesSerializer@3a917e07 for candidate: Definition: io.micronaut.jackson.serialize.ConvertibleMultiValuesSerializer with qualifier: null
    22:57:47.289 [Test worker] DEBUG io.micronaut.context.lifecycle -- Created bean [io.micronaut.jackson.serialize.JsonNodeSerializer@63019596] from definition [Definition: io.micronaut.jackson.serialize.JsonNodeSerializer] with qualifier [null]
    22:57:47.289 [Test worker] DEBUG io.micronaut.context.DefaultBeanContext -- Found a registration BeanRegistration: io.micronaut.jackson.serialize.JsonNodeSerializer@63019596 for candidate: Definition: io.micronaut.jackson.serialize.JsonNodeSerializer with qualifier: null
    22:57:47.289 [Test worker] DEBUG io.micronaut.context.DefaultBeanContext -- Finding candidate beans for type: JacksonConfiguration jacksonConfiguration
    22:57:47.289 [Test worker] DEBUG io.micronaut.context.DefaultBeanContext --   class io.micronaut.jackson.JacksonConfiguration null Definition: io.micronaut.jackson.JacksonConfiguration
    22:57:47.289 [Test worker] DEBUG io.micronaut.context.DefaultBeanContext -- Found concrete candidate [Definition: io.micronaut.jackson.JacksonConfiguration] for type: jacksonConfiguration 
    22:57:47.289 [Test worker] DEBUG io.micronaut.context.lifecycle -- Created bean [io.micronaut.jackson.JacksonConfiguration@6edd80fe] from definition [Definition: io.micronaut.jackson.JacksonConfiguration] with qualifier [null]
    22:57:47.289 [Test worker] DEBUG io.micronaut.context.lifecycle -- Created bean [io.micronaut.jackson.serialize.OptionalValuesSerializer@60eb9c29] from definition [Definition: io.micronaut.jackson.serialize.OptionalValuesSerializer] with qualifier [null]
    22:57:47.289 [Test worker] DEBUG io.micronaut.context.DefaultBeanContext -- Found a registration BeanRegistration: io.micronaut.jackson.serialize.OptionalValuesSerializer@60eb9c29 for candidate: Definition: io.micronaut.jackson.serialize.OptionalValuesSerializer with qualifier: null
    22:57:47.289 [Test worker] DEBUG io.micronaut.context.lifecycle -- Created bean [io.micronaut.jackson.serialize.ConvertibleValuesSerializer@51bba775] from definition [Definition: io.micronaut.jackson.serialize.ConvertibleValuesSerializer] with qualifier [null]
    22:57:47.289 [Test worker] DEBUG io.micronaut.context.DefaultBeanContext -- Found a registration BeanRegistration: io.micronaut.jackson.serialize.ConvertibleValuesSerializer@51bba775 for candidate: Definition: io.micronaut.jackson.serialize.ConvertibleValuesSerializer with qualifier: null
    22:57:47.289 [Test worker] DEBUG io.micronaut.context.DefaultBeanContext -- Resolving beans for type: com.fasterxml.jackson.databind.JsonDeserializer
    22:57:47.290 [Test worker] DEBUG io.micronaut.context.DefaultBeanContext -- Finding candidate beans for type: JsonDeserializer
    22:57:47.290 [Test worker] DEBUG io.micronaut.context.DefaultBeanContext --   class io.micronaut.jackson.serialize.JsonNodeDeserializer null Definition: io.micronaut.jackson.serialize.JsonNodeDeserializer
    22:57:47.290 [Test worker] DEBUG io.micronaut.context.lifecycle -- Created bean [io.micronaut.jackson.serialize.JsonNodeDeserializer@3e7935f1] from definition [Definition: io.micronaut.jackson.serialize.JsonNodeDeserializer] with qualifier [null]
    22:57:47.290 [Test worker] DEBUG io.micronaut.context.DefaultBeanContext -- Found a registration BeanRegistration: io.micronaut.jackson.serialize.JsonNodeDeserializer@3e7935f1 for candidate: Definition: io.micronaut.jackson.serialize.JsonNodeDeserializer with qualifier: null
    22:57:47.290 [Test worker] DEBUG io.micronaut.context.DefaultBeanContext -- Resolving beans for type: com.fasterxml.jackson.databind.ser.BeanSerializerModifier
    22:57:47.290 [Test worker] DEBUG io.micronaut.context.DefaultBeanContext -- Finding candidate beans for type: BeanSerializerModifier
    22:57:47.290 [Test worker] DEBUG io.micronaut.context.DefaultBeanContext -- Finding candidate beans for type: BeanIntrospectionModule
    22:57:47.290 [Test worker] DEBUG io.micronaut.context.DefaultBeanContext --   class io.micronaut.jackson.modules.BeanIntrospectionModule null Definition: io.micronaut.jackson.modules.BeanIntrospectionModule
    22:57:47.290 [Test worker] DEBUG io.micronaut.context.condition.Condition -- Bean [Definition: io.micronaut.jackson.serialize.ResourceSerializerModifier] will not be loaded due to failing conditions:
    22:57:47.290 [Test worker] DEBUG io.micronaut.context.condition.Condition -- * Existing bean [io.micronaut.jackson.modules.BeanIntrospectionModule] of type [class io.micronaut.jackson.modules.BeanIntrospectionModule] registered in context
    22:57:47.290 [Test worker] DEBUG io.micronaut.context.DefaultBeanContext -- No bean candidates found for type: BeanSerializerModifier
    22:57:47.290 [Test worker] DEBUG io.micronaut.context.DefaultBeanContext -- Resolving beans for type: com.fasterxml.jackson.databind.deser.BeanDeserializerModifier
    22:57:47.290 [Test worker] DEBUG io.micronaut.context.DefaultBeanContext -- Finding candidate beans for type: BeanDeserializerModifier
    22:57:47.290 [Test worker] DEBUG io.micronaut.context.DefaultBeanContext -- No bean candidates found for type: BeanDeserializerModifier
    22:57:47.290 [Test worker] DEBUG io.micronaut.context.DefaultBeanContext -- Resolving beans for type: com.fasterxml.jackson.databind.KeyDeserializer
    22:57:47.290 [Test worker] DEBUG io.micronaut.context.DefaultBeanContext -- Finding candidate beans for type: KeyDeserializer
    22:57:47.290 [Test worker] DEBUG io.micronaut.context.DefaultBeanContext -- No bean candidates found for type: KeyDeserializer
    22:57:47.290 [Test worker] DEBUG io.micronaut.context.lifecycle -- Created bean [io.micronaut.jackson.ObjectMapperFactory@3c2188b0] from definition [Definition: io.micronaut.jackson.ObjectMapperFactory] with qualifier [null]
    22:57:47.290 [Test worker] DEBUG io.micronaut.context.DefaultBeanContext -- Finding candidate beans for type: JsonFactory jsonFactory
    22:57:47.290 [Test worker] DEBUG io.micronaut.context.DefaultBeanContext -- Finding candidate beans for type: JacksonConfiguration
    22:57:47.291 [Test worker] DEBUG io.micronaut.context.DefaultBeanContext --   class io.micronaut.jackson.JacksonConfiguration null Definition: io.micronaut.jackson.JacksonConfiguration
    22:57:47.291 [Test worker] DEBUG io.micronaut.context.DefaultBeanContext --   class com.fasterxml.jackson.core.JsonFactory null Definition: io.micronaut.jackson.ObjectMapperFactory
    22:57:47.291 [Test worker] DEBUG io.micronaut.context.DefaultBeanContext -- Found concrete candidate [Definition: io.micronaut.jackson.ObjectMapperFactory] for type: jsonFactory 
    22:57:47.291 [Test worker] DEBUG io.micronaut.context.lifecycle -- Created bean [com.fasterxml.jackson.core.JsonFactory@9751c9] from definition [Definition: io.micronaut.jackson.ObjectMapperFactory] with qualifier [null]
    22:57:47.292 [Test worker] DEBUG io.micronaut.context.lifecycle -- Created bean [com.fasterxml.jackson.databind.ObjectMapper@3e92bded] from definition [Definition: io.micronaut.jackson.ObjectMapperFactory] with qualifier [@Primary and @Named('json')]
    22:57:47.292 [Test worker] DEBUG io.micronaut.context.lifecycle -- Created bean [io.micronaut.jackson.databind.JacksonDatabindMapper@3bbab2c9] from definition [Definition: io.micronaut.jackson.databind.JacksonDatabindMapper] with qualifier [null]
    22:57:47.292 [Test worker] DEBUG io.micronaut.context.lifecycle -- Created bean [io.micronaut.http.netty.body.NettyJsonHandler@27b9d5b7] from definition [Definition: io.micronaut.http.netty.body.NettyJsonHandler] with qualifier [null]
    22:57:47.295 [Test worker] DEBUG io.micronaut.core.beans.DefaultBeanIntrospector -- Found BeanIntrospection for type: class com.taskflow.models.Task,
    22:57:47.297 [Test worker] DEBUG io.micronaut.core.beans.DefaultBeanIntrospector -- Found BeanIntrospection for type: class com.taskflow.models.User,
    22:57:47.298 [Test worker] DEBUG io.micronaut.core.beans.DefaultBeanIntrospector -- Found BeanIntrospection for type: class com.taskflow.models.Project,
    22:57:47.300 [Test worker] DEBUG io.micronaut.core.beans.DefaultBeanIntrospector -- Found BeanIntrospection for type: class com.taskflow.models.ProjectMember,
    22:57:47.301 [Test worker] DEBUG io.micronaut.core.beans.DefaultBeanIntrospector -- Found BeanIntrospection for type: class com.taskflow.models.Attachment,
    22:57:47.302 [Test worker] DEBUG io.micronaut.core.beans.DefaultBeanIntrospector -- Found BeanIntrospection for type: class com.taskflow.models.Comment,
    22:57:47.304 [Test worker] DEBUG io.micronaut.core.beans.DefaultBeanIntrospector -- Found BeanIntrospection for type: class com.taskflow.models.Label,
    22:57:47.306 [Test worker] DEBUG io.micronaut.core.beans.DefaultBeanIntrospector -- No BeanIntrospection found for bean type: interface java.lang.Iterable
    22:57:47.308 [Test worker] DEBUG io.micronaut.core.beans.DefaultBeanIntrospector -- Found BeanIntrospection for type: class com.taskflow.models.Task,
    22:57:47.308 [Test worker] DEBUG io.micronaut.jackson.modules.BeanIntrospectionModule -- Updating 13 properties with BeanIntrospection data for type: class com.taskflow.models.Task
    22:57:47.309 [Test worker] DEBUG io.micronaut.core.beans.DefaultBeanIntrospector -- Found BeanIntrospection for type: class com.taskflow.models.Project,
    22:57:47.309 [Test worker] DEBUG io.micronaut.jackson.modules.BeanIntrospectionModule -- Updating 6 properties with BeanIntrospection data for type: class com.taskflow.models.Project
    22:57:47.310 [HikariPool-2 connection adder] DEBUG com.zaxxer.hikari.pool.HikariPool -- HikariPool-2 - After adding stats (total=5, active=0, idle=5, waiting=0)
    22:57:47.310 [Test worker] DEBUG io.micronaut.core.beans.DefaultBeanIntrospector -- Found BeanIntrospection for type: class com.taskflow.models.User,
    22:57:47.310 [Test worker] DEBUG io.micronaut.jackson.modules.BeanIntrospectionModule -- Updating 6 properties with BeanIntrospection data for type: class com.taskflow.models.User
    22:57:47.310 [HikariPool-2 connection adder] DEBUG com.zaxxer.hikari.pool.HikariPool -- HikariPool-2 - Added connection conn15: url=jdbc:h2:mem:devDb user=SA
    22:57:47.311 [Test worker] DEBUG io.micronaut.context.DefaultBeanContext -- Finding candidate beans for type: MessageBodyReader
    22:57:47.311 [Test worker] DEBUG io.micronaut.context.DefaultBeanContext -- Bean [class io.micronaut.http.netty.body.NettyJsonHandler] replaces existing bean of type [class io.micronaut.json.body.JsonMessageHandler]
    22:57:47.311 [Test worker] DEBUG io.micronaut.context.DefaultBeanContext --   class io.micronaut.http.netty.body.NettyJsonHandler null Definition: io.micronaut.http.netty.body.NettyJsonHandler
    22:57:47.311 [Test worker] DEBUG io.micronaut.context.DefaultBeanContext --   class io.micronaut.http.netty.body.NettyJsonStreamHandler null Definition: io.micronaut.http.netty.body.NettyJsonStreamHandler
    22:57:47.311 [Test worker] DEBUG io.micronaut.core.beans.DefaultBeanIntrospector -- No BeanIntrospection found for bean type: class kotlin.Unit
    22:57:47.311 [Test worker] DEBUG io.micronaut.core.beans.DefaultBeanIntrospector -- No BeanIntrospection found for bean type: class kotlin.Unit
    22:57:47.312 [Test worker] DEBUG io.micronaut.context.lifecycle -- Created bean [io.micronaut.web.router.DefaultRouter@625d2b6d] from definition [Definition: io.micronaut.web.router.DefaultRouter] with qualifier [null]
    22:57:47.312 [Test worker] DEBUG io.micronaut.context.DefaultBeanContext -- Finding candidate beans for type: RequestArgumentSatisfier requestArgumentSatisfier
    22:57:47.312 [Test worker] DEBUG io.micronaut.context.DefaultBeanContext --   class io.micronaut.http.server.binding.RequestArgumentSatisfier null Definition: io.micronaut.http.server.binding.RequestArgumentSatisfier
    22:57:47.312 [Test worker] DEBUG io.micronaut.context.DefaultBeanContext --   class io.micronaut.http.server.netty.NettyRequestArgumentSatisfier null Definition: io.micronaut.http.server.netty.NettyRequestArgumentSatisfier
    22:57:47.312 [Test worker] DEBUG io.micronaut.context.DefaultBeanContext -- Searching for @Primary for type [requestArgumentSatisfier] from candidates: [Definition: io.micronaut.http.server.binding.RequestArgumentSatisfier, Definition: io.micronaut.http.server.netty.NettyRequestArgumentSatisfier] 
    22:57:47.312 [Test worker] DEBUG io.micronaut.context.DefaultBeanContext -- Found concrete candidate [Definition: io.micronaut.http.server.netty.NettyRequestArgumentSatisfier] for type: requestArgumentSatisfier 
    22:57:47.312 [Test worker] DEBUG io.micronaut.context.DefaultBeanContext -- Finding candidate beans for type: NettyServerRequestBinderRegistry requestBinderRegistry
    22:57:47.312 [Test worker] DEBUG io.micronaut.context.DefaultBeanContext --   class io.micronaut.http.server.netty.binders.NettyServerRequestBinderRegistry null Definition: io.micronaut.http.server.netty.binders.NettyServerRequestBinderRegistry
    22:57:47.312 [Test worker] DEBUG io.micronaut.context.DefaultBeanContext -- Found concrete candidate [Definition: io.micronaut.http.server.netty.binders.NettyServerRequestBinderRegistry] for type: requestBinderRegistry 
    22:57:47.312 [Test worker] DEBUG io.micronaut.context.DefaultBeanContext -- Resolving beans for type: io.micronaut.http.bind.binders.RequestArgumentBinder<java.lang.Object>
    22:57:47.312 [Test worker] DEBUG io.micronaut.context.DefaultBeanContext -- Found 4 existing beans for type [E]: [BeanRegistration: io.micronaut.http.server.binding.LocaleArgumentBinder@3b6098fd, BeanRegistration: io.micronaut.data.runtime.http.PageableRequestArgumentBinder@2b01be54, BeanRegistration: io.micronaut.http.server.binding.BasicAuthArgumentBinder@14997cb9, BeanRegistration: io.micronaut.http.bind.binders.DefaultBodyAnnotationBinder@4ce5013a] 
    22:57:47.312 [Test worker] DEBUG io.micronaut.context.DefaultBeanContext -- Finding candidate beans for type: BeanProvider httpServerConfiguration
    22:57:47.312 [Test worker] DEBUG io.micronaut.context.DefaultBeanContext --   interface io.micronaut.context.BeanProvider null io.micronaut.inject.provider.BeanProviderDefinition@58df6bef
    22:57:47.312 [Test worker] DEBUG io.micronaut.context.DefaultBeanContext -- Found concrete candidate [io.micronaut.inject.provider.BeanProviderDefinition@58df6bef] for type: httpServerConfiguration 
    22:57:47.312 [Test worker] DEBUG io.micronaut.context.lifecycle -- Created bean [io.micronaut.inject.provider.BeanProviderDefinition$1@490b8f1e] from definition [io.micronaut.inject.provider.BeanProviderDefinition@58df6bef] with qualifier [null]
    22:57:47.313 [Test worker] DEBUG io.micronaut.context.lifecycle -- Created bean [io.micronaut.inject.provider.BeanProviderDefinition$1@27c9500c] from definition [io.micronaut.inject.provider.BeanProviderDefinition@58df6bef] with qualifier [@Named('blocking')]
    22:57:47.313 [Test worker] DEBUG io.micronaut.context.DefaultBeanContext -- Finding candidate beans for type: HttpServerConfiguration T
    22:57:47.313 [Test worker] DEBUG io.micronaut.context.DefaultBeanContext -- Bean [class io.micronaut.http.server.netty.configuration.NettyHttpServerConfiguration] replaces existing bean of type [class io.micronaut.http.server.HttpServerConfiguration]
    22:57:47.313 [Test worker] DEBUG io.micronaut.context.DefaultBeanContext --   class io.micronaut.http.server.netty.configuration.NettyHttpServerConfiguration null Definition: io.micronaut.http.server.netty.configuration.NettyHttpServerConfiguration
    22:57:47.313 [Test worker] DEBUG io.micronaut.context.DefaultBeanContext -- Found concrete candidate [Definition: io.micronaut.http.server.netty.configuration.NettyHttpServerConfiguration] for type: T 
    22:57:47.313 [Test worker] DEBUG io.micronaut.context.DefaultBeanContext -- Finding candidate beans for type: ExecutorService T
    22:57:47.313 [Test worker] DEBUG io.micronaut.context.DefaultBeanContext -- Finding candidate beans for type: EventLoopGroupConfiguration
    22:57:47.313 [Test worker] DEBUG io.micronaut.context.DefaultBeanContext --   class io.micronaut.http.server.netty.configuration.NettyHttpServerConfiguration$Worker @Named('netty-server-worker-event-loop') Definition: io.micronaut.http.server.netty.configuration.NettyHttpServerConfiguration$Worker
    22:57:47.313 [Test worker] DEBUG io.micronaut.context.DefaultBeanContext --   class io.micronaut.http.server.netty.configuration.NettyHttpServerConfiguration$Parent @Named('netty-server-parent-event-loop') Definition: io.micronaut.http.server.netty.configuration.NettyHttpServerConfiguration$Parent
    22:57:47.313 [Test worker] DEBUG io.micronaut.context.DefaultBeanContext -- Finding candidate beans for type: ExecutorConfiguration
    22:57:47.313 [Test worker] DEBUG io.micronaut.context.DefaultBeanContext --   interface io.micronaut.scheduling.executor.ExecutorConfiguration @Named('virtual') Definition: io.micronaut.scheduling.executor.IOExecutorServiceConfig
    22:57:47.313 [Test worker] DEBUG io.micronaut.context.DefaultBeanContext --   interface io.micronaut.scheduling.executor.ExecutorConfiguration @Named('scheduled') Definition: io.micronaut.scheduling.executor.ScheduledExecutorServiceConfig
    22:57:47.313 [Test worker] DEBUG io.micronaut.context.DefaultBeanContext --   interface io.micronaut.scheduling.executor.ExecutorConfiguration @Named('io') Definition: io.micronaut.scheduling.executor.IOExecutorServiceConfig
    22:57:47.313 [Test worker] DEBUG io.micronaut.context.DefaultBeanContext --   interface java.util.concurrent.ExecutorService @Named('io') Definition: io.micronaut.scheduling.executor.ExecutorFactory
    22:57:47.313 [Test worker] DEBUG io.micronaut.context.DefaultBeanContext --   interface java.util.concurrent.ExecutorService @Named('virtual') Definition: io.micronaut.scheduling.executor.ExecutorFactory
    22:57:47.313 [Test worker] DEBUG io.micronaut.context.DefaultBeanContext --   interface java.util.concurrent.ExecutorService @Named('blocking') Definition: io.micronaut.scheduling.executor.IOExecutorServiceConfig
    22:57:47.313 [Test worker] DEBUG io.micronaut.context.DefaultBeanContext --   interface io.netty.channel.EventLoopGroup @Named('netty-server-worker-event-loop') Definition: io.micronaut.http.netty.channel.DefaultEventLoopGroupRegistry
    22:57:47.313 [Test worker] DEBUG io.micronaut.context.DefaultBeanContext --   interface io.netty.channel.EventLoopGroup @Named('netty-server-parent-event-loop') Definition: io.micronaut.http.netty.channel.DefaultEventLoopGroupRegistry
    22:57:47.313 [Test worker] DEBUG io.micronaut.context.DefaultBeanContext --   interface java.util.concurrent.ExecutorService @Named('scheduled') Definition: io.micronaut.scheduling.executor.ExecutorFactory
    22:57:47.313 [Test worker] DEBUG io.micronaut.context.DefaultBeanContext -- Qualifying bean [T] for qualifier: @Named('blocking') 
    22:57:47.313 [Test worker] DEBUG io.micronaut.context.DefaultBeanContext -- Found concrete candidate [Definition: io.micronaut.scheduling.executor.IOExecutorServiceConfig] for type: @Named('blocking') T 
    22:57:47.313 [Test worker] DEBUG io.micronaut.context.DefaultBeanContext -- Finding candidate beans for type: IOExecutorServiceConfig
    22:57:47.313 [Test worker] DEBUG io.micronaut.context.DefaultBeanContext --   class io.micronaut.scheduling.executor.IOExecutorServiceConfig null Definition: io.micronaut.scheduling.executor.IOExecutorServiceConfig
    22:57:47.314 [Test worker] DEBUG io.micronaut.context.DefaultBeanContext -- Found concrete candidate [Definition: io.micronaut.scheduling.executor.IOExecutorServiceConfig] for type: IOExecutorServiceConfig 
    22:57:47.314 [Test worker] DEBUG io.micronaut.context.lifecycle -- Created bean [io.micronaut.scheduling.executor.IOExecutorServiceConfig@4eb43d2f] from definition [Definition: io.micronaut.scheduling.executor.IOExecutorServiceConfig] with qualifier [null]
    22:57:47.314 [Test worker] DEBUG io.micronaut.context.DefaultBeanContext -- Finding candidate beans for type: BeanProvider io
    22:57:47.314 [Test worker] DEBUG io.micronaut.context.DefaultBeanContext --   interface io.micronaut.context.BeanProvider null io.micronaut.inject.provider.BeanProviderDefinition@58df6bef
    22:57:47.314 [Test worker] DEBUG io.micronaut.context.DefaultBeanContext -- Qualifying bean [io] for qualifier: @Named('io') 
    22:57:47.314 [Test worker] DEBUG io.micronaut.context.DefaultBeanContext -- Found concrete candidate [io.micronaut.inject.provider.BeanProviderDefinition@58df6bef] for type: @Named('io') io 
    22:57:47.314 [Test worker] DEBUG io.micronaut.context.lifecycle -- Created bean [io.micronaut.inject.provider.BeanProviderDefinition$1@453961d7] from definition [io.micronaut.inject.provider.BeanProviderDefinition@58df6bef] with qualifier [@Named('io')]
    22:57:47.314 [Test worker] DEBUG io.micronaut.context.DefaultBeanContext -- Finding candidate beans for type: BeanProvider virtual
    22:57:47.314 [Test worker] DEBUG io.micronaut.context.DefaultBeanContext --   interface io.micronaut.context.BeanProvider null io.micronaut.inject.provider.BeanProviderDefinition@58df6bef
    22:57:47.314 [Test worker] DEBUG io.micronaut.context.DefaultBeanContext -- Qualifying bean [virtual] for qualifier: @Named('virtual') 
    22:57:47.314 [Test worker] DEBUG io.micronaut.context.DefaultBeanContext -- Found concrete candidate [io.micronaut.inject.provider.BeanProviderDefinition@58df6bef] for type: @Named('virtual') virtual 
    22:57:47.314 [Test worker] DEBUG io.micronaut.context.lifecycle -- Created bean [io.micronaut.inject.provider.BeanProviderDefinition$1@505f6511] from definition [io.micronaut.inject.provider.BeanProviderDefinition@58df6bef] with qualifier [@Named('virtual')]
    22:57:47.314 [Test worker] DEBUG io.micronaut.context.DefaultBeanContext -- Finding candidate beans for type: ExecutorService T
    22:57:47.314 [Test worker] DEBUG io.micronaut.context.DefaultBeanContext -- Finding candidate beans for type: EventLoopGroupConfiguration
    22:57:47.314 [Test worker] DEBUG io.micronaut.context.DefaultBeanContext --   class io.micronaut.http.server.netty.configuration.NettyHttpServerConfiguration$Worker @Named('netty-server-worker-event-loop') Definition: io.micronaut.http.server.netty.configuration.NettyHttpServerConfiguration$Worker
    22:57:47.314 [Test worker] DEBUG io.micronaut.context.DefaultBeanContext --   class io.micronaut.http.server.netty.configuration.NettyHttpServerConfiguration$Parent @Named('netty-server-parent-event-loop') Definition: io.micronaut.http.server.netty.configuration.NettyHttpServerConfiguration$Parent
    22:57:47.314 [Test worker] DEBUG io.micronaut.context.DefaultBeanContext -- Finding candidate beans for type: ExecutorConfiguration
    22:57:47.314 [Test worker] DEBUG io.micronaut.context.DefaultBeanContext --   interface io.micronaut.scheduling.executor.ExecutorConfiguration @Named('virtual') Definition: io.micronaut.scheduling.executor.IOExecutorServiceConfig
    22:57:47.314 [Test worker] DEBUG io.micronaut.context.DefaultBeanContext --   interface io.micronaut.scheduling.executor.ExecutorConfiguration @Named('scheduled') Definition: io.micronaut.scheduling.executor.ScheduledExecutorServiceConfig
    22:57:47.314 [Test worker] DEBUG io.micronaut.context.DefaultBeanContext --   interface io.micronaut.scheduling.executor.ExecutorConfiguration @Named('io') Definition: io.micronaut.scheduling.executor.IOExecutorServiceConfig
    22:57:47.314 [Test worker] DEBUG io.micronaut.context.DefaultBeanContext --   interface java.util.concurrent.ExecutorService @Named('io') Definition: io.micronaut.scheduling.executor.ExecutorFactory
    22:57:47.314 [Test worker] DEBUG io.micronaut.context.DefaultBeanContext --   interface java.util.concurrent.ExecutorService @Named('virtual') Definition: io.micronaut.scheduling.executor.ExecutorFactory
    22:57:47.314 [Test worker] DEBUG io.micronaut.context.DefaultBeanContext --   interface java.util.concurrent.ExecutorService @Named('blocking') Definition: io.micronaut.scheduling.executor.IOExecutorServiceConfig
    22:57:47.314 [Test worker] DEBUG io.micronaut.context.DefaultBeanContext --   interface io.netty.channel.EventLoopGroup @Named('netty-server-worker-event-loop') Definition: io.micronaut.http.netty.channel.DefaultEventLoopGroupRegistry
    22:57:47.314 [Test worker] DEBUG io.micronaut.context.DefaultBeanContext --   interface io.netty.channel.EventLoopGroup @Named('netty-server-parent-event-loop') Definition: io.micronaut.http.netty.channel.DefaultEventLoopGroupRegistry
    22:57:47.314 [Test worker] DEBUG io.micronaut.context.DefaultBeanContext --   interface java.util.concurrent.ExecutorService @Named('scheduled') Definition: io.micronaut.scheduling.executor.ExecutorFactory
    22:57:47.314 [Test worker] DEBUG io.micronaut.context.DefaultBeanContext -- Finding candidate beans for type: ExecutorService T
    22:57:47.314 [Test worker] DEBUG io.micronaut.context.DefaultBeanContext -- Finding candidate beans for type: EventLoopGroupConfiguration
    22:57:47.314 [Test worker] DEBUG io.micronaut.context.DefaultBeanContext --   class io.micronaut.http.server.netty.configuration.NettyHttpServerConfiguration$Worker @Named('netty-server-worker-event-loop') Definition: io.micronaut.http.server.netty.configuration.NettyHttpServerConfiguration$Worker
    22:57:47.314 [Test worker] DEBUG io.micronaut.context.DefaultBeanContext --   class io.micronaut.http.server.netty.configuration.NettyHttpServerConfiguration$Parent @Named('netty-server-parent-event-loop') Definition: io.micronaut.http.server.netty.configuration.NettyHttpServerConfiguration$Parent
    22:57:47.314 [Test worker] DEBUG io.micronaut.context.DefaultBeanContext -- Finding candidate beans for type: ExecutorConfiguration
    22:57:47.314 [Test worker] DEBUG io.micronaut.context.DefaultBeanContext --   interface io.micronaut.scheduling.executor.ExecutorConfiguration @Named('virtual') Definition: io.micronaut.scheduling.executor.IOExecutorServiceConfig
    22:57:47.314 [Test worker] DEBUG io.micronaut.context.DefaultBeanContext --   interface io.micronaut.scheduling.executor.ExecutorConfiguration @Named('scheduled') Definition: io.micronaut.scheduling.executor.ScheduledExecutorServiceConfig
    22:57:47.314 [Test worker] DEBUG io.micronaut.context.DefaultBeanContext --   interface io.micronaut.scheduling.executor.ExecutorConfiguration @Named('io') Definition: io.micronaut.scheduling.executor.IOExecutorServiceConfig
    22:57:47.314 [Test worker] DEBUG io.micronaut.context.DefaultBeanContext --   interface java.util.concurrent.ExecutorService @Named('io') Definition: io.micronaut.scheduling.executor.ExecutorFactory
    22:57:47.314 [Test worker] DEBUG io.micronaut.context.DefaultBeanContext --   interface java.util.concurrent.ExecutorService @Named('virtual') Definition: io.micronaut.scheduling.executor.ExecutorFactory
    22:57:47.314 [Test worker] DEBUG io.micronaut.context.DefaultBeanContext --   interface java.util.concurrent.ExecutorService @Named('blocking') Definition: io.micronaut.scheduling.executor.IOExecutorServiceConfig
    22:57:47.314 [Test worker] DEBUG io.micronaut.context.DefaultBeanContext --   interface io.netty.channel.EventLoopGroup @Named('netty-server-worker-event-loop') Definition: io.micronaut.http.netty.channel.DefaultEventLoopGroupRegistry
    22:57:47.314 [Test worker] DEBUG io.micronaut.context.DefaultBeanContext --   interface io.netty.channel.EventLoopGroup @Named('netty-server-parent-event-loop') Definition: io.micronaut.http.netty.channel.DefaultEventLoopGroupRegistry
    22:57:47.314 [Test worker] DEBUG io.micronaut.context.DefaultBeanContext --   interface java.util.concurrent.ExecutorService @Named('scheduled') Definition: io.micronaut.scheduling.executor.ExecutorFactory
    22:57:47.314 [Test worker] DEBUG io.micronaut.context.DefaultBeanContext -- Qualifying bean [T] for qualifier: @Named('virtual') 
    22:57:47.315 [Test worker] DEBUG io.micronaut.context.DefaultBeanContext -- Found concrete candidate [Definition: io.micronaut.scheduling.executor.ExecutorFactory] for type: @Named('virtual') T 
    22:57:47.315 [Test worker] DEBUG io.micronaut.context.DefaultBeanContext -- Finding candidate beans for type: ExecutorFactory
    22:57:47.315 [Test worker] DEBUG io.micronaut.context.DefaultBeanContext --   class io.micronaut.scheduling.executor.ExecutorFactory null Definition: io.micronaut.scheduling.executor.ExecutorFactory
    22:57:47.315 [Test worker] DEBUG io.micronaut.context.DefaultBeanContext -- Found concrete candidate [Definition: io.micronaut.scheduling.executor.ExecutorFactory] for type: executorFactory 
    22:57:47.315 [Test worker] DEBUG io.micronaut.context.DefaultBeanContext -- Finding candidate beans for type: ExecutorConfiguration executorConfiguration
    22:57:47.315 [Test worker] DEBUG io.micronaut.context.DefaultBeanContext --   interface io.micronaut.scheduling.executor.ExecutorConfiguration @Named('virtual') Definition: io.micronaut.scheduling.executor.IOExecutorServiceConfig
    22:57:47.315 [Test worker] DEBUG io.micronaut.context.DefaultBeanContext --   interface io.micronaut.scheduling.executor.ExecutorConfiguration @Named('scheduled') Definition: io.micronaut.scheduling.executor.ScheduledExecutorServiceConfig
    22:57:47.315 [Test worker] DEBUG io.micronaut.context.DefaultBeanContext --   interface io.micronaut.scheduling.executor.ExecutorConfiguration @Named('io') Definition: io.micronaut.scheduling.executor.IOExecutorServiceConfig
    22:57:47.315 [Test worker] DEBUG io.micronaut.context.DefaultBeanContext -- Qualifying bean [executorConfiguration] for qualifier: @Named('virtual') 
    22:57:47.315 [Test worker] DEBUG io.micronaut.context.DefaultBeanContext -- Found concrete candidate [Definition: io.micronaut.scheduling.executor.IOExecutorServiceConfig] for type: @Named('virtual') executorConfiguration 
    22:57:47.315 [Test worker] DEBUG io.micronaut.context.lifecycle -- Created bean [io.micronaut.scheduling.executor.UserExecutorConfiguration@3dfb1626] from definition [Definition: io.micronaut.scheduling.executor.IOExecutorServiceConfig] with qualifier [@Named('virtual')]
    22:57:47.315 [Test worker] DEBUG io.micronaut.context.DefaultBeanContext -- Finding candidate beans for type: ThreadFactory
    22:57:47.315 [Test worker] DEBUG io.micronaut.context.DefaultBeanContext -- Finding candidate beans for type: ExecutorConfiguration
    22:57:47.315 [Test worker] DEBUG io.micronaut.context.DefaultBeanContext --   interface io.micronaut.scheduling.executor.ExecutorConfiguration @Named('virtual') Definition: io.micronaut.scheduling.executor.IOExecutorServiceConfig
    22:57:47.315 [Test worker] DEBUG io.micronaut.context.DefaultBeanContext --   interface io.micronaut.scheduling.executor.ExecutorConfiguration @Named('scheduled') Definition: io.micronaut.scheduling.executor.ScheduledExecutorServiceConfig
    22:57:47.315 [Test worker] DEBUG io.micronaut.context.DefaultBeanContext --   interface io.micronaut.scheduling.executor.ExecutorConfiguration @Named('io') Definition: io.micronaut.scheduling.executor.IOExecutorServiceConfig
    22:57:47.315 [Test worker] DEBUG io.micronaut.context.DefaultBeanContext --   interface java.util.concurrent.ThreadFactory @Named('netty') Definition: io.micronaut.http.netty.channel.NettyThreadFactory
    22:57:47.315 [Test worker] DEBUG io.micronaut.context.DefaultBeanContext --   interface java.util.concurrent.ThreadFactory @Named('virtual') Definition: io.micronaut.scheduling.executor.ExecutorFactory
    22:57:47.315 [Test worker] DEBUG io.micronaut.context.DefaultBeanContext --   interface java.util.concurrent.ThreadFactory @Named('scheduled') Definition: io.micronaut.scheduling.executor.ExecutorFactory
    22:57:47.315 [Test worker] DEBUG io.micronaut.context.DefaultBeanContext --   interface java.util.concurrent.ThreadFactory @Named('io') Definition: io.micronaut.scheduling.executor.ExecutorFactory
    22:57:47.315 [Test worker] DEBUG io.micronaut.context.DefaultBeanContext --   interface java.util.concurrent.ThreadFactory null Definition: io.micronaut.scheduling.executor.DefaultThreadFactory
    22:57:47.315 [Test worker] DEBUG io.micronaut.context.DefaultBeanContext -- Qualifying bean [threadFactory] for qualifier: @Named('virtual') 
    22:57:47.315 [Test worker] DEBUG io.micronaut.context.DefaultBeanContext -- Found concrete candidate [Definition: io.micronaut.scheduling.executor.ExecutorFactory] for type: @Named('virtual') threadFactory 
    22:57:47.315 [Test worker] DEBUG io.micronaut.context.lifecycle -- Created bean [java.lang.ThreadBuilders$VirtualThreadFactory@52c919f3] from definition [Definition: io.micronaut.scheduling.executor.ExecutorFactory] with qualifier [@Named('virtual')]
    22:57:47.315 [Test worker] DEBUG io.micronaut.context.lifecycle -- Created bean [io.micronaut.context.propagation.instrument.execution.ExecutorServiceInstrumenter$2@77ac7cd6] from definition [Definition: io.micronaut.scheduling.executor.ExecutorFactory] with qualifier [@Named('virtual')]
    22:57:47.315 [Test worker] DEBUG io.micronaut.context.lifecycle -- Created bean [io.micronaut.context.propagation.instrument.execution.ExecutorServiceInstrumenter$2@12830e23] from definition [Definition: io.micronaut.scheduling.executor.IOExecutorServiceConfig] with qualifier [@Named('blocking')]
    22:57:47.316 [Test worker] DEBUG io.micronaut.context.lifecycle -- Created bean [io.micronaut.http.server.netty.binders.NettyServerRequestBinderRegistry@81f9b01] from definition [Definition: io.micronaut.http.server.netty.binders.NettyServerRequestBinderRegistry] with qualifier [null]
    22:57:47.316 [Test worker] DEBUG io.micronaut.context.lifecycle -- Created bean [io.micronaut.http.server.netty.NettyRequestArgumentSatisfier@53d94a6b] from definition [Definition: io.micronaut.http.server.netty.NettyRequestArgumentSatisfier] with qualifier [null]
    22:57:47.316 [Test worker] DEBUG io.micronaut.context.DefaultBeanContext -- Finding candidate beans for type: ErrorResponseProcessor errorResponseProcessor
    22:57:47.316 [Test worker] DEBUG io.micronaut.context.DefaultBeanContext --   class io.micronaut.http.server.exceptions.response.HateoasErrorResponseProcessor @Secondary Definition: io.micronaut.http.server.exceptions.response.HateoasErrorResponseProcessor
    22:57:47.316 [Test worker] DEBUG io.micronaut.context.DefaultBeanContext -- Found concrete candidate [Definition: io.micronaut.http.server.exceptions.response.HateoasErrorResponseProcessor] for type: errorResponseProcessor 
    22:57:47.316 [Test worker] DEBUG io.micronaut.context.DefaultBeanContext -- Finding candidate beans for type: JsonConfiguration jacksonConfiguration
    22:57:47.316 [Test worker] DEBUG io.micronaut.context.DefaultBeanContext --   class io.micronaut.jackson.JacksonConfiguration null Definition: io.micronaut.jackson.JacksonConfiguration
    22:57:47.316 [Test worker] DEBUG io.micronaut.context.DefaultBeanContext -- Found concrete candidate [Definition: io.micronaut.jackson.JacksonConfiguration] for type: jacksonConfiguration 
    22:57:47.316 [Test worker] DEBUG io.micronaut.context.lifecycle -- Created bean [io.micronaut.http.server.exceptions.response.HateoasErrorResponseProcessor@4707d60a] from definition [Definition: io.micronaut.http.server.exceptions.response.HateoasErrorResponseProcessor] with qualifier [@Secondary]
    22:57:47.316 [Test worker] DEBUG io.micronaut.context.DefaultBeanContext -- Finding candidate beans for type: CoroutineHelper
    22:57:47.316 [Test worker] DEBUG io.micronaut.context.DefaultBeanContext --   class io.micronaut.http.server.CoroutineHelper null Definition: io.micronaut.http.server.CoroutineHelper
    22:57:47.316 [Test worker] DEBUG io.micronaut.context.DefaultBeanContext -- Found concrete candidate [Definition: io.micronaut.http.server.CoroutineHelper] for type: coroutineHelper 
    22:57:47.316 [Test worker] DEBUG io.micronaut.context.DefaultBeanContext -- Resolving beans for type: io.micronaut.http.bind.binders.HttpCoroutineContextFactory<kotlin.coroutines.CoroutineContext>
    22:57:47.316 [Test worker] DEBUG io.micronaut.context.DefaultBeanContext -- Finding candidate beans for type: HttpCoroutineContextFactory E
    22:57:47.316 [Test worker] DEBUG io.micronaut.context.DefaultBeanContext -- No bean candidates found for type: HttpCoroutineContextFactory E
    22:57:47.316 [Test worker] DEBUG io.micronaut.context.lifecycle -- Created bean [io.micronaut.http.server.CoroutineHelper@4d7f3adf] from definition [Definition: io.micronaut.http.server.CoroutineHelper] with qualifier [null]
    22:57:47.316 [Test worker] DEBUG io.micronaut.context.lifecycle -- Created bean [io.micronaut.http.server.RouteExecutor@394c77e2] from definition [Definition: io.micronaut.http.server.RouteExecutor] with qualifier [null]
    22:57:47.316 [Test worker] DEBUG io.micronaut.context.DefaultBeanContext -- Finding candidate beans for type: MediaTypeCodecRegistry mediaTypeCodecRegistry
    22:57:47.317 [Test worker] DEBUG io.micronaut.context.DefaultBeanContext --   interface io.micronaut.http.codec.MediaTypeCodecRegistry null Definition: io.micronaut.runtime.http.codec.MediaTypeCodecRegistryFactory
    22:57:47.317 [Test worker] DEBUG io.micronaut.context.DefaultBeanContext -- Found concrete candidate [Definition: io.micronaut.runtime.http.codec.MediaTypeCodecRegistryFactory] for type: mediaTypeCodecRegistry 
    22:57:47.317 [Test worker] DEBUG io.micronaut.context.DefaultBeanContext -- Finding candidate beans for type: MediaTypeCodecRegistryFactory
    22:57:47.317 [Test worker] DEBUG io.micronaut.context.DefaultBeanContext --   class io.micronaut.runtime.http.codec.MediaTypeCodecRegistryFactory null Definition: io.micronaut.runtime.http.codec.MediaTypeCodecRegistryFactory
    22:57:47.317 [Test worker] DEBUG io.micronaut.context.DefaultBeanContext -- Found concrete candidate [Definition: io.micronaut.runtime.http.codec.MediaTypeCodecRegistryFactory] for type: mediaTypeCodecRegistryFactory 
    22:57:47.317 [Test worker] DEBUG io.micronaut.context.lifecycle -- Created bean [io.micronaut.runtime.http.codec.MediaTypeCodecRegistryFactory@20dfe8b2] from definition [Definition: io.micronaut.runtime.http.codec.MediaTypeCodecRegistryFactory] with qualifier [null]
    22:57:47.317 [Test worker] DEBUG io.micronaut.context.DefaultBeanContext -- Resolving beans for type: io.micronaut.http.codec.MediaTypeCodec
    22:57:47.317 [Test worker] DEBUG io.micronaut.context.DefaultBeanContext -- Finding candidate beans for type: MediaTypeCodec E
    22:57:47.317 [Test worker] DEBUG io.micronaut.context.DefaultBeanContext --   class io.micronaut.json.codec.JsonStreamMediaTypeCodec null Definition: io.micronaut.json.codec.JsonStreamMediaTypeCodec
    22:57:47.317 [Test worker] DEBUG io.micronaut.context.DefaultBeanContext --   class io.micronaut.http.server.codec.TextStreamCodec null Definition: io.micronaut.http.server.codec.TextStreamCodec
    22:57:47.317 [Test worker] DEBUG io.micronaut.context.DefaultBeanContext --   class io.micronaut.runtime.http.codec.TextPlainCodec null Definition: io.micronaut.runtime.http.codec.TextPlainCodec
    22:57:47.317 [Test worker] DEBUG io.micronaut.context.DefaultBeanContext --   class io.micronaut.json.codec.JsonMediaTypeCodec @Named('json') Definition: io.micronaut.json.codec.JsonMediaTypeCodec
    22:57:47.317 [Test worker] DEBUG io.micronaut.context.DefaultBeanContext -- Finding candidate beans for type: BeanProvider jsonCodec
    22:57:47.317 [Test worker] DEBUG io.micronaut.context.DefaultBeanContext --   interface io.micronaut.context.BeanProvider null io.micronaut.inject.provider.BeanProviderDefinition@58df6bef
    22:57:47.317 [Test worker] DEBUG io.micronaut.context.DefaultBeanContext -- Found concrete candidate [io.micronaut.inject.provider.BeanProviderDefinition@58df6bef] for type: jsonCodec 
    22:57:47.317 [Test worker] DEBUG io.micronaut.context.lifecycle -- Created bean [io.micronaut.inject.provider.BeanProviderDefinition$1@5911dd25] from definition [io.micronaut.inject.provider.BeanProviderDefinition@58df6bef] with qualifier [null]
    22:57:47.317 [Test worker] DEBUG io.micronaut.context.DefaultBeanContext -- Finding candidate beans for type: ApplicationConfiguration applicationConfiguration
    22:57:47.317 [Test worker] DEBUG io.micronaut.context.DefaultBeanContext --   class io.micronaut.runtime.ApplicationConfiguration null Definition: io.micronaut.runtime.ApplicationConfiguration
    22:57:47.317 [Test worker] DEBUG io.micronaut.context.DefaultBeanContext -- Found concrete candidate [Definition: io.micronaut.runtime.ApplicationConfiguration] for type: applicationConfiguration 
    22:57:47.317 [Test worker] DEBUG io.micronaut.context.DefaultBeanContext -- Finding candidate beans for type: CodecConfiguration codecConfiguration
    22:57:47.317 [Test worker] DEBUG io.micronaut.context.DefaultBeanContext -- No bean candidates found for type: CodecConfiguration codecConfiguration
    22:57:47.317 [Test worker] DEBUG io.micronaut.context.lifecycle -- Created bean [io.micronaut.json.codec.JsonStreamMediaTypeCodec@6d8cbd1a] from definition [Definition: io.micronaut.json.codec.JsonStreamMediaTypeCodec] with qualifier [null]
    22:57:47.318 [Test worker] DEBUG io.micronaut.context.DefaultBeanContext -- Found a registration BeanRegistration: io.micronaut.json.codec.JsonStreamMediaTypeCodec@6d8cbd1a for candidate: Definition: io.micronaut.json.codec.JsonStreamMediaTypeCodec with qualifier: null
    22:57:47.318 [Test worker] DEBUG io.micronaut.context.DefaultBeanContext -- Finding candidate beans for type: ByteBufferFactory byteBufferFactory
    22:57:47.318 [Test worker] DEBUG io.micronaut.context.DefaultBeanContext --   class io.micronaut.buffer.netty.NettyByteBufferFactory null Definition: io.micronaut.buffer.netty.NettyByteBufferFactory
    22:57:47.318 [Test worker] DEBUG io.micronaut.context.DefaultBeanContext -- Found concrete candidate [Definition: io.micronaut.buffer.netty.NettyByteBufferFactory] for type: byteBufferFactory 
    22:57:47.318 [Test worker] DEBUG io.micronaut.context.DefaultBeanContext -- Finding candidate beans for type: BeanProvider codecRegistryProvider
    22:57:47.318 [Test worker] DEBUG io.micronaut.context.DefaultBeanContext --   interface io.micronaut.context.BeanProvider null io.micronaut.inject.provider.BeanProviderDefinition@58df6bef
    22:57:47.318 [Test worker] DEBUG io.micronaut.context.DefaultBeanContext -- Found concrete candidate [io.micronaut.inject.provider.BeanProviderDefinition@58df6bef] for type: codecRegistryProvider 
    22:57:47.318 [Test worker] DEBUG io.micronaut.context.lifecycle -- Created bean [io.micronaut.inject.provider.BeanProviderDefinition$1@3725242e] from definition [io.micronaut.inject.provider.BeanProviderDefinition@58df6bef] with qualifier [null]
    22:57:47.318 [Test worker] DEBUG io.micronaut.context.DefaultBeanContext -- Finding candidate beans for type: CodecConfiguration codecConfiguration
    22:57:47.318 [Test worker] DEBUG io.micronaut.context.DefaultBeanContext -- No bean candidates found for type: CodecConfiguration codecConfiguration
    22:57:47.318 [Test worker] DEBUG io.micronaut.context.lifecycle -- Created bean [io.micronaut.http.server.codec.TextStreamCodec@6860c000] from definition [Definition: io.micronaut.http.server.codec.TextStreamCodec] with qualifier [null]
    22:57:47.318 [Test worker] DEBUG io.micronaut.context.DefaultBeanContext -- Found a registration BeanRegistration: io.micronaut.http.server.codec.TextStreamCodec@6860c000 for candidate: Definition: io.micronaut.http.server.codec.TextStreamCodec with qualifier: null
    22:57:47.318 [Test worker] DEBUG io.micronaut.context.DefaultBeanContext -- Finding candidate beans for type: CodecConfiguration codecConfiguration
    22:57:47.318 [Test worker] DEBUG io.micronaut.context.DefaultBeanContext -- No bean candidates found for type: CodecConfiguration codecConfiguration
    22:57:47.318 [Test worker] DEBUG io.micronaut.context.lifecycle -- Created bean [io.micronaut.runtime.http.codec.TextPlainCodec@3f4fd0dc] from definition [Definition: io.micronaut.runtime.http.codec.TextPlainCodec] with qualifier [null]
    22:57:47.318 [Test worker] DEBUG io.micronaut.context.DefaultBeanContext -- Found a registration BeanRegistration: io.micronaut.runtime.http.codec.TextPlainCodec@3f4fd0dc for candidate: Definition: io.micronaut.runtime.http.codec.TextPlainCodec with qualifier: null
    22:57:47.318 [Test worker] DEBUG io.micronaut.context.lifecycle -- Created bean [io.micronaut.inject.provider.BeanProviderDefinition$1@3723de42] from definition [io.micronaut.inject.provider.BeanProviderDefinition@58df6bef] with qualifier [null]
    22:57:47.319 [Test worker] DEBUG io.micronaut.context.DefaultBeanContext -- Finding candidate beans for type: CodecConfiguration codecConfiguration
    22:57:47.319 [Test worker] DEBUG io.micronaut.context.DefaultBeanContext -- No bean candidates found for type: CodecConfiguration codecConfiguration
    22:57:47.319 [Test worker] DEBUG io.micronaut.context.lifecycle -- Created bean [io.micronaut.json.codec.JsonMediaTypeCodec@293988dc] from definition [Definition: io.micronaut.json.codec.JsonMediaTypeCodec] with qualifier [@Named('json')]
    22:57:47.319 [Test worker] DEBUG io.micronaut.context.DefaultBeanContext -- Found a registration BeanRegistration: io.micronaut.json.codec.JsonMediaTypeCodec@293988dc for candidate: Definition: io.micronaut.json.codec.JsonMediaTypeCodec with qualifier: null
    22:57:47.319 [Test worker] DEBUG io.micronaut.context.lifecycle -- Created bean [io.micronaut.http.codec.DefaultMediaTypeCodecRegistry@47b72d3b] from definition [Definition: io.micronaut.runtime.http.codec.MediaTypeCodecRegistryFactory] with qualifier [null]
    22:57:47.319 [Test worker] DEBUG io.micronaut.context.DefaultBeanContext -- Finding candidate beans for type: StaticResourceResolver staticResourceResolver
    22:57:47.319 [Test worker] DEBUG io.micronaut.context.DefaultBeanContext --   class io.micronaut.web.router.resource.StaticResourceResolver null Definition: io.micronaut.web.router.resource.StaticResourceResolverFactory
    22:57:47.319 [Test worker] DEBUG io.micronaut.context.DefaultBeanContext -- Found concrete candidate [Definition: io.micronaut.web.router.resource.StaticResourceResolverFactory] for type: staticResourceResolver 
    22:57:47.319 [Test worker] DEBUG io.micronaut.context.DefaultBeanContext -- Finding candidate beans for type: StaticResourceResolverFactory
    22:57:47.319 [Test worker] DEBUG io.micronaut.context.DefaultBeanContext --   class io.micronaut.web.router.resource.StaticResourceResolverFactory null Definition: io.micronaut.web.router.resource.StaticResourceResolverFactory
    22:57:47.319 [Test worker] DEBUG io.micronaut.context.DefaultBeanContext -- Found concrete candidate [Definition: io.micronaut.web.router.resource.StaticResourceResolverFactory] for type: staticResourceResolverFactory 
    22:57:47.319 [Test worker] DEBUG io.micronaut.context.lifecycle -- Created bean [io.micronaut.web.router.resource.StaticResourceResolverFactory@63fcc21] from definition [Definition: io.micronaut.web.router.resource.StaticResourceResolverFactory] with qualifier [null]
    22:57:47.319 [Test worker] DEBUG io.micronaut.context.DefaultBeanContext -- Resolving beans for type: io.micronaut.web.router.resource.StaticResourceConfiguration
    22:57:47.319 [Test worker] DEBUG io.micronaut.context.DefaultBeanContext -- Finding candidate beans for type: StaticResourceConfiguration E
    22:57:47.319 [Test worker] DEBUG io.micronaut.context.DefaultBeanContext -- No bean candidates found for type: StaticResourceConfiguration E
    22:57:47.319 [Test worker] DEBUG io.micronaut.context.lifecycle -- Created bean [io.micronaut.web.router.resource.StaticResourceResolver$1@60d32006] from definition [Definition: io.micronaut.web.router.resource.StaticResourceResolverFactory] with qualifier [null]
    22:57:47.319 [Test worker] DEBUG io.micronaut.context.DefaultBeanContext -- Finding candidate beans for type: ThreadFactory nettyThreadFactory
    22:57:47.319 [Test worker] DEBUG io.micronaut.context.DefaultBeanContext -- Finding candidate beans for type: ExecutorConfiguration
    22:57:47.320 [Test worker] DEBUG io.micronaut.context.DefaultBeanContext --   interface io.micronaut.scheduling.executor.ExecutorConfiguration @Named('virtual') Definition: io.micronaut.scheduling.executor.IOExecutorServiceConfig
    22:57:47.320 [Test worker] DEBUG io.micronaut.context.DefaultBeanContext --   interface io.micronaut.scheduling.executor.ExecutorConfiguration @Named('scheduled') Definition: io.micronaut.scheduling.executor.ScheduledExecutorServiceConfig
    22:57:47.320 [Test worker] DEBUG io.micronaut.context.DefaultBeanContext --   interface io.micronaut.scheduling.executor.ExecutorConfiguration @Named('io') Definition: io.micronaut.scheduling.executor.IOExecutorServiceConfig
    22:57:47.320 [Test worker] DEBUG io.micronaut.context.DefaultBeanContext --   interface java.util.concurrent.ThreadFactory @Named('netty') Definition: io.micronaut.http.netty.channel.NettyThreadFactory
    22:57:47.320 [Test worker] DEBUG io.micronaut.context.DefaultBeanContext --   interface java.util.concurrent.ThreadFactory @Named('virtual') Definition: io.micronaut.scheduling.executor.ExecutorFactory
    22:57:47.320 [Test worker] DEBUG io.micronaut.context.DefaultBeanContext --   interface java.util.concurrent.ThreadFactory @Named('scheduled') Definition: io.micronaut.scheduling.executor.ExecutorFactory
    22:57:47.320 [Test worker] DEBUG io.micronaut.context.DefaultBeanContext --   interface java.util.concurrent.ThreadFactory @Named('io') Definition: io.micronaut.scheduling.executor.ExecutorFactory
    22:57:47.320 [Test worker] DEBUG io.micronaut.context.DefaultBeanContext --   interface java.util.concurrent.ThreadFactory null Definition: io.micronaut.scheduling.executor.DefaultThreadFactory
    22:57:47.320 [Test worker] DEBUG io.micronaut.context.DefaultBeanContext -- Qualifying bean [nettyThreadFactory] for qualifier: @Named('netty') 
    22:57:47.320 [Test worker] DEBUG io.micronaut.context.DefaultBeanContext -- Found concrete candidate [Definition: io.micronaut.http.netty.channel.NettyThreadFactory] for type: @Named('netty') nettyThreadFactory 
    22:57:47.320 [Test worker] DEBUG io.micronaut.context.DefaultBeanContext -- Finding candidate beans for type: NettyThreadFactory
    22:57:47.320 [Test worker] DEBUG io.micronaut.context.DefaultBeanContext --   class io.micronaut.http.netty.channel.NettyThreadFactory null Definition: io.micronaut.http.netty.channel.NettyThreadFactory
    22:57:47.320 [Test worker] DEBUG io.micronaut.context.DefaultBeanContext -- Found concrete candidate [Definition: io.micronaut.http.netty.channel.NettyThreadFactory] for type: nettyThreadFactory 
    22:57:47.320 [Test worker] DEBUG io.micronaut.context.lifecycle -- Created bean [io.micronaut.http.netty.channel.NettyThreadFactory@2fc7c36a] from definition [Definition: io.micronaut.http.netty.channel.NettyThreadFactory] with qualifier [null]
    22:57:47.320 [Test worker] DEBUG io.micronaut.context.lifecycle -- Created bean [io.netty.util.concurrent.DefaultThreadFactory@4a5dc126] from definition [Definition: io.micronaut.http.netty.channel.NettyThreadFactory] with qualifier [@Named('netty')]
    22:57:47.320 [Test worker] DEBUG io.micronaut.context.DefaultBeanContext -- Finding candidate beans for type: HttpCompressionStrategy httpCompressionStrategy
    22:57:47.320 [Test worker] DEBUG io.micronaut.context.DefaultBeanContext --   class io.micronaut.http.server.netty.DefaultHttpCompressionStrategy null Definition: io.micronaut.http.server.netty.DefaultHttpCompressionStrategy
    22:57:47.320 [Test worker] DEBUG io.micronaut.context.DefaultBeanContext -- Found concrete candidate [Definition: io.micronaut.http.server.netty.DefaultHttpCompressionStrategy] for type: httpCompressionStrategy 
    22:57:47.320 [Test worker] DEBUG io.micronaut.context.DefaultBeanContext -- Finding candidate beans for type: NettyHttpServerConfiguration serverConfiguration
    22:57:47.320 [Test worker] DEBUG io.micronaut.context.DefaultBeanContext --   class io.micronaut.http.server.netty.configuration.NettyHttpServerConfiguration null Definition: io.micronaut.http.server.netty.configuration.NettyHttpServerConfiguration
    22:57:47.320 [Test worker] DEBUG io.micronaut.context.DefaultBeanContext -- Found concrete candidate [Definition: io.micronaut.http.server.netty.configuration.NettyHttpServerConfiguration] for type: serverConfiguration 
    22:57:47.320 [Test worker] DEBUG io.micronaut.context.lifecycle -- Created bean [io.micronaut.http.server.netty.DefaultHttpCompressionStrategy@34fde3a3] from definition [Definition: io.micronaut.http.server.netty.DefaultHttpCompressionStrategy] with qualifier [null]
    22:57:47.320 [Test worker] DEBUG io.micronaut.context.DefaultBeanContext -- Finding candidate beans for type: EventLoopGroupFactory eventLoopGroupFactory
    22:57:47.320 [Test worker] DEBUG io.micronaut.context.DefaultBeanContext --   class io.micronaut.http.netty.channel.NioEventLoopGroupFactory null Definition: io.micronaut.http.netty.channel.NioEventLoopGroupFactory
    22:57:47.320 [Test worker] DEBUG io.micronaut.context.DefaultBeanContext --   class io.micronaut.http.netty.channel.DefaultEventLoopGroupFactory null Definition: io.micronaut.http.netty.channel.DefaultEventLoopGroupFactory
    22:57:47.320 [Test worker] DEBUG io.micronaut.context.DefaultBeanContext -- Searching for @Primary for type [eventLoopGroupFactory] from candidates: [Definition: io.micronaut.http.netty.channel.NioEventLoopGroupFactory, Definition: io.micronaut.http.netty.channel.DefaultEventLoopGroupFactory] 
    22:57:47.320 [Test worker] DEBUG io.micronaut.context.DefaultBeanContext -- Found concrete candidate [Definition: io.micronaut.http.netty.channel.DefaultEventLoopGroupFactory] for type: eventLoopGroupFactory 
    22:57:47.320 [Test worker] DEBUG io.micronaut.context.DefaultBeanContext -- Finding candidate beans for type: NioEventLoopGroupFactory nioEventLoopGroupFactory
    22:57:47.321 [Test worker] DEBUG io.micronaut.context.DefaultBeanContext --   class io.micronaut.http.netty.channel.NioEventLoopGroupFactory null Definition: io.micronaut.http.netty.channel.NioEventLoopGroupFactory
    22:57:47.321 [Test worker] DEBUG io.micronaut.context.DefaultBeanContext -- Found concrete candidate [Definition: io.micronaut.http.netty.channel.NioEventLoopGroupFactory] for type: nioEventLoopGroupFactory 
    22:57:47.321 [Test worker] DEBUG io.micronaut.context.lifecycle -- Created bean [io.micronaut.http.netty.channel.NioEventLoopGroupFactory@4cdb7fd9] from definition [Definition: io.micronaut.http.netty.channel.NioEventLoopGroupFactory] with qualifier [null]
    22:57:47.321 [Test worker] DEBUG io.micronaut.context.DefaultBeanContext -- Finding candidate beans for type: EventLoopGroupFactory nativeFactory
    22:57:47.321 [Test worker] DEBUG io.micronaut.context.DefaultBeanContext --   class io.micronaut.http.netty.channel.NioEventLoopGroupFactory null Definition: io.micronaut.http.netty.channel.NioEventLoopGroupFactory
    22:57:47.321 [Test worker] DEBUG io.micronaut.context.DefaultBeanContext --   class io.micronaut.http.netty.channel.DefaultEventLoopGroupFactory null Definition: io.micronaut.http.netty.channel.DefaultEventLoopGroupFactory
    22:57:47.321 [Test worker] DEBUG io.micronaut.context.DefaultBeanContext -- Qualifying bean [nativeFactory] for qualifier: @Named('native') 
    22:57:47.321 [Test worker] DEBUG io.micronaut.context.DefaultBeanContext -- No qualifying beans of type [nativeFactory] found for qualifier: @Named('native') 
    22:57:47.321 [Test worker] DEBUG io.micronaut.context.DefaultBeanContext -- Finding candidate beans for type: NettyGlobalConfiguration nettyGlobalConfiguration
    22:57:47.321 [Test worker] DEBUG io.micronaut.context.DefaultBeanContext --   class io.micronaut.http.netty.configuration.NettyGlobalConfiguration null Definition: io.micronaut.http.netty.configuration.NettyGlobalConfiguration
    22:57:47.321 [Test worker] DEBUG io.micronaut.context.DefaultBeanContext -- Found concrete candidate [Definition: io.micronaut.http.netty.configuration.NettyGlobalConfiguration] for type: nettyGlobalConfiguration 
    22:57:47.321 [Test worker] DEBUG io.micronaut.context.lifecycle -- Created bean [io.micronaut.http.netty.configuration.NettyGlobalConfiguration@5d9639bb] from definition [Definition: io.micronaut.http.netty.configuration.NettyGlobalConfiguration] with qualifier [null]
    22:57:47.321 [Test worker] DEBUG io.micronaut.context.lifecycle -- Created bean [io.micronaut.http.netty.channel.DefaultEventLoopGroupFactory@796687de] from definition [Definition: io.micronaut.http.netty.channel.DefaultEventLoopGroupFactory] with qualifier [null]
    22:57:47.321 [Test worker] DEBUG io.micronaut.context.DefaultBeanContext -- Finding candidate beans for type: EventLoopGroupRegistry eventLoopGroupRegistry
    22:57:47.321 [Test worker] DEBUG io.micronaut.context.DefaultBeanContext --   class io.micronaut.http.netty.channel.DefaultEventLoopGroupRegistry null Definition: io.micronaut.http.netty.channel.DefaultEventLoopGroupRegistry
    22:57:47.321 [Test worker] DEBUG io.micronaut.context.DefaultBeanContext -- Found concrete candidate [Definition: io.micronaut.http.netty.channel.DefaultEventLoopGroupRegistry] for type: eventLoopGroupRegistry 
    22:57:47.321 [Test worker] DEBUG io.micronaut.context.lifecycle -- Created bean [io.micronaut.http.netty.channel.DefaultEventLoopGroupRegistry@225d93aa] from definition [Definition: io.micronaut.http.netty.channel.DefaultEventLoopGroupRegistry] with qualifier [null]
    22:57:47.321 [Test worker] DEBUG io.micronaut.context.DefaultBeanContext -- Finding candidate beans for type: WebSocketUpgradeHandlerFactory webSocketUpgradeHandlerFactory
    22:57:47.321 [Test worker] DEBUG io.micronaut.context.DefaultBeanContext --   class io.micronaut.http.server.netty.websocket.WebSocketUpgradeHandlerFactory null Definition: io.micronaut.http.server.netty.websocket.WebSocketUpgradeHandlerFactory
    22:57:47.321 [Test worker] DEBUG io.micronaut.context.DefaultBeanContext -- Found concrete candidate [Definition: io.micronaut.http.server.netty.websocket.WebSocketUpgradeHandlerFactory] for type: webSocketUpgradeHandlerFactory 
    22:57:47.321 [Test worker] DEBUG io.micronaut.context.lifecycle -- Created bean [io.micronaut.http.server.netty.websocket.WebSocketUpgradeHandlerFactory@35ef158f] from definition [Definition: io.micronaut.http.server.netty.websocket.WebSocketUpgradeHandlerFactory] with qualifier [null]
    22:57:47.321 [Test worker] DEBUG io.micronaut.context.DefaultBeanContext -- Finding candidate beans for type: ChannelOptionFactory channelOptionFactory
    22:57:47.321 [Test worker] DEBUG io.micronaut.context.DefaultBeanContext -- Finding candidate beans for type: EpollChannelOptionFactory
    22:57:47.321 [Test worker] DEBUG io.micronaut.context.DefaultBeanContext -- No bean candidates found for type: EpollChannelOptionFactory
    22:57:47.321 [Test worker] DEBUG io.micronaut.context.DefaultBeanContext -- Finding candidate beans for type: KQueueChannelOptionFactory
    22:57:47.322 [Test worker] DEBUG io.micronaut.context.DefaultBeanContext -- No bean candidates found for type: KQueueChannelOptionFactory
    22:57:47.322 [Test worker] DEBUG io.micronaut.context.DefaultBeanContext --   class io.micronaut.http.netty.channel.converters.DefaultChannelOptionFactory null Definition: io.micronaut.http.netty.channel.converters.DefaultChannelOptionFactory
    22:57:47.322 [Test worker] DEBUG io.micronaut.context.DefaultBeanContext -- Found concrete candidate [Definition: io.micronaut.http.netty.channel.converters.DefaultChannelOptionFactory] for type: channelOptionFactory 
    22:57:47.322 [Test worker] DEBUG io.micronaut.context.lifecycle -- Created bean [io.micronaut.http.netty.channel.converters.DefaultChannelOptionFactory@59d8a968] from definition [Definition: io.micronaut.http.netty.channel.converters.DefaultChannelOptionFactory] with qualifier [null]
    22:57:47.322 [Test worker] DEBUG io.micronaut.context.DefaultBeanContext -- Finding candidate beans for type: ServerSslBuilder serverSslBuilder
    22:57:47.322 [Test worker] DEBUG io.micronaut.context.condition.Condition -- Bean [Definition: io.micronaut.http.server.netty.ssl.SelfSignedSslBuilder] will not be loaded due to failing conditions:
    22:57:47.322 [Test worker] DEBUG io.micronaut.context.condition.Condition -- * Neither the old deprecated micronaut.ssl.build-self-signed, nor the new micronaut.server.ssl.build-self-signed were enabled.
    22:57:47.322 [Test worker] DEBUG io.micronaut.context.condition.Condition -- * Custom condition [class io.micronaut.http.server.netty.ssl.SslEnabledCondition] failed evaluation
    22:57:47.322 [Test worker] DEBUG io.micronaut.context.DefaultBeanContext -- No bean candidates found for type: ServerSslBuilder serverSslBuilder
    22:57:47.322 [Test worker] DEBUG io.micronaut.context.DefaultBeanContext -- Resolving beans for type: io.netty.channel.ChannelOutboundHandler
    22:57:47.322 [Test worker] DEBUG io.micronaut.context.DefaultBeanContext -- Finding candidate beans for type: ChannelOutboundHandler E
    22:57:47.322 [Test worker] DEBUG io.micronaut.context.DefaultBeanContext -- No bean candidates found for type: ChannelOutboundHandler E
    22:57:47.322 [Test worker] DEBUG io.micronaut.context.lifecycle -- Created bean [io.micronaut.http.server.netty.DefaultNettyEmbeddedServerFactory@14cd8dfa] from definition [Definition: io.micronaut.http.server.netty.DefaultNettyEmbeddedServerFactory] with qualifier [null]
    22:57:47.322 [Test worker] DEBUG io.micronaut.context.DefaultBeanContext -- Finding candidate beans for type: ApplicationEventPublisher
    22:57:47.322 [Test worker] DEBUG io.micronaut.context.DefaultBeanContext --   interface io.micronaut.context.event.ApplicationEventPublisher null io.micronaut.context.event.ApplicationEventPublisherFactory@526c3eb8
    22:57:47.322 [Test worker] DEBUG io.micronaut.context.DefaultBeanContext -- Found concrete candidate [io.micronaut.context.event.ApplicationEventPublisherFactory@526c3eb8] for type: applicationEventPublisher 
    22:57:47.322 [Test worker] DEBUG io.micronaut.context.lifecycle -- Created bean [io.micronaut.context.event.ApplicationEventPublisherFactory$2@5a438c0a] from definition [io.micronaut.context.event.ApplicationEventPublisherFactory@526c3eb8] with qualifier [null]
    22:57:47.322 [Test worker] DEBUG io.micronaut.context.lifecycle -- Created bean [io.micronaut.http.server.netty.NettyHttpServer@174da9a0] from definition [Definition: io.micronaut.http.server.netty.DefaultNettyEmbeddedServerFactory] with qualifier [null]
    22:57:47.322 [Test worker] DEBUG io.micronaut.context.DefaultBeanContext -- Finding candidate beans for type: EventLoopGroupConfiguration
    22:57:47.322 [Test worker] DEBUG io.micronaut.context.DefaultBeanContext --   class io.micronaut.http.server.netty.configuration.NettyHttpServerConfiguration$Worker @Named('netty-server-worker-event-loop') Definition: io.micronaut.http.server.netty.configuration.NettyHttpServerConfiguration$Worker
    22:57:47.322 [Test worker] DEBUG io.micronaut.context.DefaultBeanContext --   class io.micronaut.http.server.netty.configuration.NettyHttpServerConfiguration$Parent @Named('netty-server-parent-event-loop') Definition: io.micronaut.http.server.netty.configuration.NettyHttpServerConfiguration$Parent
    22:57:47.322 [Test worker] DEBUG io.micronaut.context.DefaultBeanContext -- Qualifying bean [eventLoopGroupConfiguration] for qualifier: @Named('default') 
    22:57:47.322 [Test worker] DEBUG io.micronaut.context.DefaultBeanContext -- No qualifying beans of type [eventLoopGroupConfiguration] found for qualifier: @Named('default') 
    22:57:47.323 [Test worker] DEBUG io.micronaut.context.DefaultBeanContext -- Finding candidate beans for type: EventLoopGroup
    22:57:47.323 [Test worker] DEBUG io.micronaut.context.DefaultBeanContext -- Finding candidate beans for type: EventLoopGroupConfiguration
    22:57:47.323 [Test worker] DEBUG io.micronaut.context.DefaultBeanContext --   class io.micronaut.http.server.netty.configuration.NettyHttpServerConfiguration$Worker @Named('netty-server-worker-event-loop') Definition: io.micronaut.http.server.netty.configuration.NettyHttpServerConfiguration$Worker
    22:57:47.323 [Test worker] DEBUG io.micronaut.context.DefaultBeanContext --   class io.micronaut.http.server.netty.configuration.NettyHttpServerConfiguration$Parent @Named('netty-server-parent-event-loop') Definition: io.micronaut.http.server.netty.configuration.NettyHttpServerConfiguration$Parent
    22:57:47.323 [Test worker] DEBUG io.micronaut.context.DefaultBeanContext --   interface io.netty.channel.EventLoopGroup null Definition: io.micronaut.http.netty.channel.DefaultEventLoopGroupRegistry
    22:57:47.323 [Test worker] DEBUG io.micronaut.context.DefaultBeanContext --   interface io.netty.channel.EventLoopGroup @Named('netty-server-worker-event-loop') Definition: io.micronaut.http.netty.channel.DefaultEventLoopGroupRegistry
    22:57:47.323 [Test worker] DEBUG io.micronaut.context.DefaultBeanContext --   interface io.netty.channel.EventLoopGroup @Named('netty-server-parent-event-loop') Definition: io.micronaut.http.netty.channel.DefaultEventLoopGroupRegistry
    22:57:47.323 [Test worker] DEBUG io.micronaut.context.DefaultBeanContext -- Searching for @Primary for type [eventLoopGroup] from candidates: [Definition: io.micronaut.http.netty.channel.DefaultEventLoopGroupRegistry, Definition: io.micronaut.http.netty.channel.DefaultEventLoopGroupRegistry, Definition: io.micronaut.http.netty.channel.DefaultEventLoopGroupRegistry] 
    22:57:47.323 [Test worker] DEBUG io.micronaut.context.DefaultBeanContext -- Found concrete candidate [Definition: io.micronaut.http.netty.channel.DefaultEventLoopGroupRegistry] for type: eventLoopGroup 
    22:57:47.323 [Test worker] DEBUG io.micronaut.context.DefaultBeanContext -- Finding candidate beans for type: DefaultEventLoopGroupRegistry
    22:57:47.323 [Test worker] DEBUG io.micronaut.context.DefaultBeanContext --   class io.micronaut.http.netty.channel.DefaultEventLoopGroupRegistry null Definition: io.micronaut.http.netty.channel.DefaultEventLoopGroupRegistry
    22:57:47.323 [Test worker] DEBUG io.micronaut.context.DefaultBeanContext -- Found concrete candidate [Definition: io.micronaut.http.netty.channel.DefaultEventLoopGroupRegistry] for type: defaultEventLoopGroupRegistry 
    22:57:47.324 [Test worker] DEBUG io.micronaut.context.lifecycle -- Created bean [io.netty.channel.nio.NioEventLoopGroup@34986491] from definition [Definition: io.micronaut.http.netty.channel.DefaultEventLoopGroupRegistry] with qualifier [null]
    22:57:47.324 [Test worker] DEBUG io.micronaut.context.DefaultBeanContext -- Finding candidate beans for type: EventLoopGroup
    22:57:47.324 [Test worker] DEBUG io.micronaut.context.DefaultBeanContext -- Finding candidate beans for type: EventLoopGroupConfiguration
    22:57:47.324 [Test worker] DEBUG io.micronaut.context.DefaultBeanContext --   class io.micronaut.http.server.netty.configuration.NettyHttpServerConfiguration$Worker @Named('netty-server-worker-event-loop') Definition: io.micronaut.http.server.netty.configuration.NettyHttpServerConfiguration$Worker
    22:57:47.324 [Test worker] DEBUG io.micronaut.context.DefaultBeanContext --   class io.micronaut.http.server.netty.configuration.NettyHttpServerConfiguration$Parent @Named('netty-server-parent-event-loop') Definition: io.micronaut.http.server.netty.configuration.NettyHttpServerConfiguration$Parent
    22:57:47.324 [Test worker] DEBUG io.micronaut.context.DefaultBeanContext --   interface io.netty.channel.EventLoopGroup null Definition: io.micronaut.http.netty.channel.DefaultEventLoopGroupRegistry
    22:57:47.324 [Test worker] DEBUG io.micronaut.context.DefaultBeanContext --   interface io.netty.channel.EventLoopGroup @Named('netty-server-worker-event-loop') Definition: io.micronaut.http.netty.channel.DefaultEventLoopGroupRegistry
    22:57:47.324 [Test worker] DEBUG io.micronaut.context.DefaultBeanContext --   interface io.netty.channel.EventLoopGroup @Named('netty-server-parent-event-loop') Definition: io.micronaut.http.netty.channel.DefaultEventLoopGroupRegistry
    22:57:47.324 [Test worker] DEBUG io.micronaut.context.DefaultBeanContext -- Qualifying bean [eventLoopGroup] for qualifier: @Named('parent') 
    22:57:47.324 [Test worker] DEBUG io.micronaut.context.DefaultBeanContext -- No qualifying beans of type [eventLoopGroup] found for qualifier: @Named('parent') 
    22:57:47.325 [Test worker] DEBUG io.micronaut.context.DefaultBeanContext -- Finding candidate beans for type: ApplicationEventPublisher
    22:57:47.325 [Test worker] DEBUG io.micronaut.context.DefaultBeanContext --   interface io.micronaut.context.event.ApplicationEventPublisher null io.micronaut.context.event.ApplicationEventPublisherFactory@526c3eb8
    22:57:47.325 [Test worker] DEBUG io.micronaut.context.DefaultBeanContext -- Found concrete candidate [io.micronaut.context.event.ApplicationEventPublisherFactory@526c3eb8] for type: applicationEventPublisher 
    22:57:47.325 [Test worker] DEBUG io.micronaut.context.lifecycle -- Created bean [io.micronaut.context.event.ApplicationEventPublisherFactory$2@58178b69] from definition [io.micronaut.context.event.ApplicationEventPublisherFactory@526c3eb8] with qualifier [null]
    22:57:47.325 [Test worker] DEBUG io.micronaut.context.event.ApplicationEventPublisher -- Publishing event: io.micronaut.runtime.server.event.ServerStartupEvent[source=io.micronaut.http.server.netty.NettyHttpServer@174da9a0]
    22:57:47.325 [Test worker] DEBUG io.micronaut.context.DefaultBeanContext -- Resolving beans for type: <ServerStartupEvent> io.micronaut.context.event.ApplicationEventListener 
    22:57:47.326 [Test worker] DEBUG io.micronaut.context.DefaultBeanContext -- Resolving beans for type: @InterceptorBinding(NONE) io.micronaut.aop.Interceptor 
    22:57:47.326 [Test worker] DEBUG io.micronaut.context.DefaultBeanContext -- Finding candidate beans for type: Interceptor T
    22:57:47.326 [Test worker] DEBUG io.micronaut.context.DefaultBeanContext --   class io.micronaut.configuration.hibernate.jpa.TransactionalSessionInterceptor null Definition: io.micronaut.configuration.hibernate.jpa.TransactionalSessionInterceptor
    22:57:47.326 [Test worker] DEBUG io.micronaut.context.DefaultBeanContext --   class io.micronaut.http.client.interceptor.HttpClientIntroductionAdvice null Definition: io.micronaut.http.client.interceptor.HttpClientIntroductionAdvice
    22:57:47.326 [Test worker] DEBUG io.micronaut.context.DefaultBeanContext --   class io.micronaut.data.connection.interceptor.ConnectableInterceptor null Definition: io.micronaut.data.connection.interceptor.ConnectableInterceptor
    22:57:47.326 [Test worker] DEBUG io.micronaut.context.DefaultBeanContext --   class io.micronaut.data.connection.jdbc.advice.ContextualConnectionInterceptor null Definition: io.micronaut.data.connection.jdbc.advice.ContextualConnectionInterceptor
    22:57:47.326 [Test worker] DEBUG io.micronaut.context.DefaultBeanContext --   class io.micronaut.transaction.interceptor.TransactionalInterceptor null Definition: io.micronaut.transaction.interceptor.TransactionalInterceptor
    22:57:47.326 [Test worker] DEBUG io.micronaut.context.DefaultBeanContext --   class io.micronaut.data.runtime.intercept.DataIntroductionAdvice null Definition: io.micronaut.data.runtime.intercept.DataIntroductionAdvice
    22:57:47.326 [Test worker] DEBUG io.micronaut.context.DefaultBeanContext --   class io.micronaut.runtime.context.scope.refresh.RefreshInterceptor null Definition: io.micronaut.runtime.context.scope.refresh.RefreshInterceptor
    22:57:47.326 [Test worker] DEBUG io.micronaut.context.DefaultBeanContext --   class io.micronaut.runtime.context.env.ConfigurationIntroductionAdvice null Definition: io.micronaut.runtime.context.env.ConfigurationIntroductionAdvice
    22:57:47.326 [Test worker] DEBUG io.micronaut.context.DefaultBeanContext --   class io.micronaut.websocket.interceptor.ClientWebSocketInterceptor null Definition: io.micronaut.websocket.interceptor.ClientWebSocketInterceptor
    22:57:47.326 [Test worker] DEBUG io.micronaut.context.DefaultBeanContext --   class io.micronaut.validation.ValidatingInterceptor null Definition: io.micronaut.validation.ValidatingInterceptor
    22:57:47.326 [Test worker] DEBUG io.micronaut.context.DefaultBeanContext --   class io.micronaut.retry.intercept.DefaultRetryInterceptor null Definition: io.micronaut.retry.intercept.DefaultRetryInterceptor
    22:57:47.326 [Test worker] DEBUG io.micronaut.context.DefaultBeanContext --   class io.micronaut.retry.intercept.RecoveryInterceptor null Definition: io.micronaut.retry.intercept.RecoveryInterceptor
    22:57:47.326 [Test worker] DEBUG io.micronaut.context.DefaultBeanContext --   class io.micronaut.scheduling.async.AsyncInterceptor null Definition: io.micronaut.scheduling.async.AsyncInterceptor
    22:57:47.326 [Test worker] DEBUG io.micronaut.context.DefaultBeanContext --   class io.micronaut.transaction.interceptor.TransactionalEventInterceptor null Definition: io.micronaut.transaction.interceptor.TransactionalEventInterceptor
    22:57:47.326 [Test worker] DEBUG io.micronaut.context.DefaultBeanContext --   class io.micronaut.configuration.hibernate.jpa.proxy.IntroducedHibernateProxyAdvice null Definition: io.micronaut.configuration.hibernate.jpa.proxy.IntroducedHibernateProxyAdvice
    22:57:47.326 [Test worker] DEBUG io.micronaut.context.DefaultBeanContext --   class io.micronaut.runtime.beans.MapperIntroduction null Definition: io.micronaut.runtime.beans.MapperIntroduction
    22:57:47.326 [Test worker] DEBUG io.micronaut.context.DefaultBeanContext -- Finding candidate beans for type: InterceptorRegistry
    22:57:47.326 [Test worker] DEBUG io.micronaut.context.DefaultBeanContext --   interface io.micronaut.aop.InterceptorRegistry null io.micronaut.aop.internal.InterceptorRegistryBean@5eb89000
    22:57:47.326 [Test worker] DEBUG io.micronaut.context.DefaultBeanContext -- Found concrete candidate [io.micronaut.aop.internal.InterceptorRegistryBean@5eb89000] for type: interceptorRegistry 
    22:57:47.326 [Test worker] DEBUG io.micronaut.context.DefaultBeanContext -- Finding candidate beans for type: NettyServiceDiscovery
    22:57:47.326 [Test worker] DEBUG io.micronaut.context.DefaultBeanContext --   class io.micronaut.http.server.netty.discovery.NettyServiceDiscovery null Definition: io.micronaut.http.server.netty.discovery.NettyServiceDiscovery
    22:57:47.326 [Test worker] DEBUG io.micronaut.context.DefaultBeanContext -- Found concrete candidate [Definition: io.micronaut.http.server.netty.discovery.NettyServiceDiscovery] for type: nettyServiceDiscovery 
    22:57:47.326 [Test worker] DEBUG io.micronaut.context.lifecycle -- Created bean [io.micronaut.http.server.netty.discovery.NettyServiceDiscovery$ApplicationEventListener$onStart1$Intercepted@4a723adf] from definition [Definition: io.micronaut.http.server.netty.discovery.NettyServiceDiscovery$ApplicationEventListener$onStart1$Intercepted] with qualifier [null]
    22:57:47.326 [Test worker] DEBUG io.micronaut.context.DefaultBeanContext -- Found a registration BeanRegistration: io.micronaut.http.server.netty.discovery.NettyServiceDiscovery$ApplicationEventListener$onStart1$Intercepted@4a723adf for candidate: Definition: io.micronaut.http.server.netty.discovery.NettyServiceDiscovery$ApplicationEventListener$onStart1$Intercepted with qualifier: <ServerStartupEvent>
    22:57:47.326 [Test worker] DEBUG io.micronaut.context.DefaultBeanContext -- Resolving beans for type: @InterceptorBinding(NONE) io.micronaut.aop.Interceptor 
    22:57:47.327 [Test worker] DEBUG io.micronaut.context.DefaultBeanContext -- Finding candidate beans for type: ServiceReadyHealthIndicator
    22:57:47.327 [Test worker] DEBUG io.micronaut.context.DefaultBeanContext --   class io.micronaut.management.health.indicator.service.ServiceReadyHealthIndicator @Readiness Definition: io.micronaut.management.health.indicator.service.ServiceReadyHealthIndicator
    22:57:47.327 [Test worker] DEBUG io.micronaut.context.DefaultBeanContext -- Found concrete candidate [Definition: io.micronaut.management.health.indicator.service.ServiceReadyHealthIndicator] for type: serviceReadyHealthIndicator 
    22:57:47.327 [Test worker] DEBUG io.micronaut.context.lifecycle -- Created bean [io.micronaut.management.health.indicator.service.ServiceReadyHealthIndicator$ApplicationEventListener$onServerStarted2$Intercepted@7f289126] from definition [Definition: io.micronaut.management.health.indicator.service.ServiceReadyHealthIndicator$ApplicationEventListener$onServerStarted2$Intercepted] with qualifier [null]
    22:57:47.327 [Test worker] DEBUG io.micronaut.context.DefaultBeanContext -- Found a registration BeanRegistration: io.micronaut.management.health.indicator.service.ServiceReadyHealthIndicator$ApplicationEventListener$onServerStarted2$Intercepted@7f289126 for candidate: Definition: io.micronaut.management.health.indicator.service.ServiceReadyHealthIndicator$ApplicationEventListener$onServerStarted2$Intercepted with qualifier: <ServerStartupEvent>
    22:57:47.327 [Test worker] DEBUG io.micronaut.context.lifecycle -- Created bean [io.micronaut.management.health.indicator.service.ServiceReadyHealthIndicator@22cbbe87] from definition [Definition: io.micronaut.management.health.indicator.service.ServiceReadyHealthIndicator] with qualifier [@Readiness]
    22:57:47.327 [Test worker] DEBUG io.micronaut.context.DefaultBeanContext -- Finding candidate beans for type: ApplicationEventPublisher serviceReadyEventApplicationEventPublisher
    22:57:47.327 [Test worker] DEBUG io.micronaut.context.DefaultBeanContext --   interface io.micronaut.context.event.ApplicationEventPublisher null io.micronaut.context.event.ApplicationEventPublisherFactory@526c3eb8
    22:57:47.327 [Test worker] DEBUG io.micronaut.context.DefaultBeanContext -- Found concrete candidate [io.micronaut.context.event.ApplicationEventPublisherFactory@526c3eb8] for type: serviceReadyEventApplicationEventPublisher 
    22:57:47.327 [Test worker] DEBUG io.micronaut.context.lifecycle -- Created bean [io.micronaut.context.event.ApplicationEventPublisherFactory$2@46e32574] from definition [io.micronaut.context.event.ApplicationEventPublisherFactory@526c3eb8] with qualifier [null]
    22:57:47.327 [Test worker] DEBUG io.micronaut.context.DefaultBeanContext -- Finding candidate beans for type: ApplicationEventPublisher serviceStoppedEventApplicationEventPublisher
    22:57:47.327 [Test worker] DEBUG io.micronaut.context.DefaultBeanContext --   interface io.micronaut.context.event.ApplicationEventPublisher null io.micronaut.context.event.ApplicationEventPublisherFactory@526c3eb8
    22:57:47.327 [Test worker] DEBUG io.micronaut.context.DefaultBeanContext -- Found concrete candidate [io.micronaut.context.event.ApplicationEventPublisherFactory@526c3eb8] for type: serviceStoppedEventApplicationEventPublisher 
    22:57:47.327 [Test worker] DEBUG io.micronaut.context.lifecycle -- Created bean [io.micronaut.context.event.ApplicationEventPublisherFactory$2@1d1c5bb5] from definition [io.micronaut.context.event.ApplicationEventPublisherFactory@526c3eb8] with qualifier [null]
    22:57:47.327 [Test worker] DEBUG io.micronaut.context.lifecycle -- Created bean [io.micronaut.http.server.netty.discovery.NettyServiceDiscovery@26864891] from definition [Definition: io.micronaut.http.server.netty.discovery.NettyServiceDiscovery] with qualifier [null]
    22:57:47.327 [Test worker] DEBUG io.micronaut.context.DefaultBeanContext -- Finding candidate beans for type: NettyEmbeddedServerInstance
    22:57:47.328 [Test worker] DEBUG io.micronaut.context.DefaultBeanContext --   class io.micronaut.http.server.netty.discovery.NettyEmbeddedServerInstance null Definition: io.micronaut.http.server.netty.discovery.NettyEmbeddedServerInstance
    22:57:47.328 [Test worker] DEBUG io.micronaut.context.DefaultBeanContext -- Found concrete candidate [Definition: io.micronaut.http.server.netty.discovery.NettyEmbeddedServerInstance] for type: nettyEmbeddedServerInstance 
    22:57:47.328 [Test worker] DEBUG io.micronaut.context.DefaultBeanContext -- Finding candidate beans for type: Environment environment
    22:57:47.328 [Test worker] DEBUG io.micronaut.context.DefaultBeanContext --   class io.micronaut.context.env.DefaultEnvironment @Primary io.micronaut.context.DefaultRuntimeBeanDefinition@36a59d8
    22:57:47.328 [Test worker] DEBUG io.micronaut.context.DefaultBeanContext -- Found concrete candidate [io.micronaut.context.DefaultRuntimeBeanDefinition@36a59d8] for type: environment 
    22:57:47.328 [Test worker] DEBUG io.micronaut.context.DefaultBeanContext -- Resolving beans for type: io.micronaut.discovery.metadata.ServiceInstanceMetadataContributor
    22:57:47.328 [Test worker] DEBUG io.micronaut.context.DefaultBeanContext -- Finding candidate beans for type: ServiceInstanceMetadataContributor E
    22:57:47.328 [Test worker] DEBUG io.micronaut.context.DefaultBeanContext -- No bean candidates found for type: ServiceInstanceMetadataContributor E
    22:57:47.328 [Test worker] DEBUG io.micronaut.context.lifecycle -- Created bean [io.micronaut.http.server.netty.discovery.NettyEmbeddedServerInstance@5946e540] from definition [Definition: io.micronaut.http.server.netty.discovery.NettyEmbeddedServerInstance] with qualifier [null]
    22:57:47.328 [Test worker] DEBUG io.micronaut.context.event.ApplicationEventPublisher -- Publishing event: io.micronaut.discovery.event.ServiceReadyEvent[source=io.micronaut.http.server.netty.discovery.NettyEmbeddedServerInstance@5946e540]
    22:57:47.328 [Test worker] DEBUG io.micronaut.context.DefaultBeanContext -- Resolving beans for type: <ServiceReadyEvent> io.micronaut.context.event.ApplicationEventListener 
    22:57:47.328 [Test worker] DEBUG io.micronaut.context.DefaultBeanContext -- Resolving beans for type: @InterceptorBinding(NONE) io.micronaut.aop.Interceptor 
    22:57:47.328 [Test worker] DEBUG io.micronaut.context.lifecycle -- Created bean [io.micronaut.management.health.indicator.service.ServiceReadyHealthIndicator$ApplicationEventListener$onServiceStarted1$Intercepted@651a399] from definition [Definition: io.micronaut.management.health.indicator.service.ServiceReadyHealthIndicator$ApplicationEventListener$onServiceStarted1$Intercepted] with qualifier [null]
    22:57:47.328 [Test worker] DEBUG io.micronaut.context.DefaultBeanContext -- Found a registration BeanRegistration: io.micronaut.management.health.indicator.service.ServiceReadyHealthIndicator$ApplicationEventListener$onServiceStarted1$Intercepted@651a399 for candidate: Definition: io.micronaut.management.health.indicator.service.ServiceReadyHealthIndicator$ApplicationEventListener$onServiceStarted1$Intercepted with qualifier: <ServiceReadyEvent>
    22:57:47.329 [Test worker] DEBUG io.micronaut.context.DefaultBeanContext -- Finding candidate beans for type: RefreshScope
    22:57:47.329 [Test worker] DEBUG io.micronaut.context.DefaultBeanContext --   class io.micronaut.runtime.context.scope.refresh.RefreshScope null Definition: io.micronaut.runtime.context.scope.refresh.RefreshScope
    22:57:47.329 [Test worker] DEBUG io.micronaut.context.DefaultBeanContext -- Found concrete candidate [Definition: io.micronaut.runtime.context.scope.refresh.RefreshScope] for type: refreshScope 
    22:57:47.329 [Test worker] DEBUG io.micronaut.context.lifecycle -- Created bean [io.micronaut.runtime.context.scope.refresh.RefreshScope@79ef8115] from definition [Definition: io.micronaut.runtime.context.scope.refresh.RefreshScope] with qualifier [null]
    22:57:47.329 [Test worker] DEBUG io.micronaut.context.DefaultBeanContext -- Finding candidate beans for type: ResourceLoader
    22:57:47.329 [Test worker] DEBUG io.micronaut.context.DefaultBeanContext --   interface io.micronaut.core.io.scan.ClassPathResourceLoader null Definition: io.micronaut.http.resource.ResourceLoaderFactory
    22:57:47.329 [Test worker] DEBUG io.micronaut.context.DefaultBeanContext --   class io.micronaut.context.env.DefaultEnvironment @Primary io.micronaut.context.DefaultRuntimeBeanDefinition@36a59d8
    22:57:47.329 [Test worker] DEBUG io.micronaut.context.DefaultBeanContext --   interface io.micronaut.core.io.file.FileSystemResourceLoader null Definition: io.micronaut.http.resource.ResourceLoaderFactory
    22:57:47.329 [Test worker] DEBUG io.micronaut.context.DefaultBeanContext -- Finding candidate beans for type: ResourceLoader
    22:57:47.329 [Test worker] DEBUG io.micronaut.context.DefaultBeanContext --   interface io.micronaut.core.io.scan.ClassPathResourceLoader null Definition: io.micronaut.http.resource.ResourceLoaderFactory
    22:57:47.329 [Test worker] DEBUG io.micronaut.context.DefaultBeanContext --   class io.micronaut.context.env.DefaultEnvironment @Primary io.micronaut.context.DefaultRuntimeBeanDefinition@36a59d8
    22:57:47.329 [Test worker] DEBUG io.micronaut.context.DefaultBeanContext --   interface io.micronaut.core.io.file.FileSystemResourceLoader null Definition: io.micronaut.http.resource.ResourceLoaderFactory
    22:57:47.329 [Test worker] DEBUG io.micronaut.context.DefaultBeanContext -- Searching for @Primary for type [resourceLoader] from candidates: [Definition: io.micronaut.http.resource.ResourceLoaderFactory, io.micronaut.context.DefaultRuntimeBeanDefinition@36a59d8, Definition: io.micronaut.http.resource.ResourceLoaderFactory] 
    22:57:47.329 [Test worker] DEBUG io.micronaut.context.DefaultBeanContext -- Found concrete candidate [io.micronaut.context.DefaultRuntimeBeanDefinition@36a59d8] for type: resourceLoader 
    22:57:47.330 [Test worker] DEBUG io.micronaut.context.DefaultBeanContext -- Finding candidate beans for type: TaskServiceTest
    22:57:47.330 [Test worker] DEBUG io.micronaut.context.DefaultBeanContext --   class com.taskflow.service.TaskServiceTest null Definition: com.taskflow.service.TaskServiceTest

TaskServiceTest > delete should call repository deleteById() STANDARD_OUT
    22:57:47.331 [Test worker] DEBUG io.micronaut.context.DefaultBeanContext -- Finding candidate beans for instance: com.taskflow.service.TaskServiceTest@3bb186b
    22:57:47.331 [Test worker] DEBUG io.micronaut.context.DefaultBeanContext -- Resolved bean candidates [Definition: com.taskflow.service.TaskServiceTest] for instance: com.taskflow.service.TaskServiceTest@3bb186b
    22:57:47.331 [Test worker] DEBUG io.micronaut.context.DefaultBeanContext -- Finding candidate beans for type: TaskRepository taskRepository
    22:57:47.331 [Test worker] DEBUG io.micronaut.context.DefaultBeanContext -- Bean [class com.taskflow.service.$TaskServiceTest$TaskRepository0$Definition$Intercepted] replaces existing bean of type [interface com.taskflow.repository.TaskRepository]
    22:57:47.332 [Test worker] DEBUG io.micronaut.context.DefaultBeanContext --   class com.taskflow.service.$TaskServiceTest$TaskRepository0$Definition$Intercepted null Definition: com.taskflow.service.$TaskServiceTest$TaskRepository0$Definition$Intercepted
    22:57:47.332 [Test worker] DEBUG io.micronaut.context.DefaultBeanContext -- Found concrete candidate [Definition: com.taskflow.service.$TaskServiceTest$TaskRepository0$Definition$Intercepted] for type: taskRepository 
    22:57:47.332 [Test worker] DEBUG io.micronaut.context.DefaultBeanContext -- Resolving beans for type: @InterceptorBinding(io.micronaut.test.annotation.MockBean) @InterceptorBinding(io.micronaut.runtime.context.scope.ScopedProxy) io.micronaut.aop.Interceptor 
    22:57:47.332 [Test worker] DEBUG io.micronaut.context.DefaultBeanContext --   interface com.taskflow.repository.TaskRepository null Definition: com.taskflow.service.TaskServiceTest
    22:57:47.333 [Test worker] DEBUG io.micronaut.context.DefaultBeanContext -- Found concrete candidate [Definition: com.taskflow.service.TaskServiceTest] for type: taskRepository 
    22:57:47.333 [Test worker] DEBUG io.micronaut.context.lifecycle -- Created bean [com.taskflow.service.$TaskServiceTest$TaskRepository0$Definition$Intercepted@2c64ee53] from definition [Definition: com.taskflow.service.$TaskServiceTest$TaskRepository0$Definition$Intercepted] with qualifier [null]
    22:57:47.333 [Test worker] DEBUG io.micronaut.context.DefaultBeanContext -- Finding candidate beans for type: TaskService taskService
    22:57:47.333 [Test worker] DEBUG io.micronaut.context.condition.Condition -- Bean [Definition: com.taskflow.controller.$TaskControllerTest$TaskService0$Definition$Intercepted] will not be loaded due to failing conditions:
    22:57:47.333 [Test worker] DEBUG io.micronaut.context.condition.Condition -- * Custom condition [class io.micronaut.test.condition.TestActiveCondition] failed evaluation
    22:57:47.334 [Test worker] DEBUG io.micronaut.context.DefaultBeanContext --   class com.taskflow.service.TaskService null Definition: com.taskflow.service.TaskService
    22:57:47.334 [Test worker] DEBUG io.micronaut.context.DefaultBeanContext -- Found concrete candidate [Definition: com.taskflow.service.TaskService] for type: taskService 
    22:57:47.334 [Test worker] DEBUG io.micronaut.context.DefaultBeanContext -- Resolving beans for type: @InterceptorBinding(io.micronaut.test.annotation.MockBean) @InterceptorBinding(io.micronaut.runtime.context.scope.ScopedProxy) io.micronaut.aop.Interceptor 
    22:57:47.334 [Test worker] DEBUG io.micronaut.context.lifecycle -- Created bean [com.taskflow.service.$TaskServiceTest$TaskRepository0$Definition$Intercepted@77c7d3f4] from definition [Definition: com.taskflow.service.$TaskServiceTest$TaskRepository0$Definition$Intercepted] with qualifier [null]
    22:57:47.334 [Test worker] DEBUG io.micronaut.context.lifecycle -- Created bean [com.taskflow.service.TaskService@162c89ac] from definition [Definition: com.taskflow.service.TaskService] with qualifier [null]
    22:57:47.334 [Test worker] DEBUG io.micronaut.context.DefaultBeanContext -- Finding candidate beans for type: TaskRepository
    22:57:47.334 [Test worker] DEBUG io.micronaut.context.DefaultBeanContext -- Bean [class com.taskflow.service.$TaskServiceTest$TaskRepository0$Definition$Intercepted] replaces existing bean of type [interface com.taskflow.repository.TaskRepository]
    22:57:47.334 [Test worker] DEBUG io.micronaut.context.DefaultBeanContext --   class com.taskflow.service.$TaskServiceTest$TaskRepository0$Definition$Intercepted null Definition: com.taskflow.service.$TaskServiceTest$TaskRepository0$Definition$Intercepted
    22:57:47.334 [Test worker] DEBUG io.micronaut.context.DefaultBeanContext -- Found concrete candidate [Definition: com.taskflow.service.$TaskServiceTest$TaskRepository0$Definition$Intercepted] for type: taskRepository 
    22:57:47.334 [Test worker] DEBUG io.micronaut.core.reflect.ClassUtils -- Attempting to dynamically load class io.micronaut.runtime.context.scope.Refreshable
    22:57:47.335 [Test worker] DEBUG io.micronaut.core.reflect.ClassUtils -- Successfully loaded class io.micronaut.runtime.context.scope.Refreshable
    22:57:47.335 [Test worker] DEBUG io.micronaut.context.DefaultBeanContext -- Finding candidate beans for type: CustomScope
    22:57:47.335 [Test worker] DEBUG io.micronaut.context.DefaultBeanContext --   class io.micronaut.runtime.http.scope.RequestCustomScope null Definition: io.micronaut.runtime.http.scope.RequestCustomScope
    22:57:47.335 [Test worker] DEBUG io.micronaut.context.DefaultBeanContext --   class io.micronaut.runtime.context.scope.ThreadLocalCustomScope null Definition: io.micronaut.runtime.context.scope.ThreadLocalCustomScope
    22:57:47.335 [Test worker] DEBUG io.micronaut.context.DefaultBeanContext --   class io.micronaut.runtime.context.scope.refresh.RefreshScope null Definition: io.micronaut.runtime.context.scope.refresh.RefreshScope
    22:57:47.335 [Test worker] DEBUG io.micronaut.context.DefaultBeanContext -- Qualifying bean [customScope] for qualifier: <Refreshable> 
    22:57:47.335 [Test worker] DEBUG io.micronaut.context.DefaultBeanContext -- Found concrete candidate [Definition: io.micronaut.runtime.context.scope.refresh.RefreshScope] for type: <Refreshable> customScope 
    22:57:47.335 [Test worker] DEBUG io.mockk.impl.instantiation.AbstractMockFactory -- Creating mockk for TaskRepository name=#11
    22:57:47.340 [HikariPool-2 connection adder] DEBUG com.zaxxer.hikari.pool.HikariPool -- HikariPool-2 - After adding stats (total=6, active=0, idle=6, waiting=0)
    22:57:47.341 [HikariPool-2 connection adder] DEBUG com.zaxxer.hikari.pool.HikariPool -- HikariPool-2 - Added connection conn16: url=jdbc:h2:mem:devDb user=SA
    22:57:47.382 [HikariPool-2 connection adder] DEBUG com.zaxxer.hikari.pool.HikariPool -- HikariPool-2 - After adding stats (total=7, active=0, idle=7, waiting=0)
    22:57:47.386 [HikariPool-2 connection adder] DEBUG com.zaxxer.hikari.pool.HikariPool -- HikariPool-2 - Added connection conn17: url=jdbc:h2:mem:devDb user=SA
    22:57:47.416 [HikariPool-2 connection adder] DEBUG com.zaxxer.hikari.pool.HikariPool -- HikariPool-2 - After adding stats (total=8, active=0, idle=8, waiting=0)
    22:57:47.417 [HikariPool-2 connection adder] DEBUG com.zaxxer.hikari.pool.HikariPool -- HikariPool-2 - Added connection conn18: url=jdbc:h2:mem:devDb user=SA
    22:57:47.443 [Test worker] DEBUG io.micronaut.context.lifecycle -- Created bean [TaskRepository(#11)] from definition [Definition: com.taskflow.service.TaskServiceTest] with qualifier [null]
    22:57:47.444 [Test worker] DEBUG io.mockk.impl.recording.states.AnsweringState -- Answering 1621877792 on TaskRepository(#11).hashCode()
    22:57:47.444 [Test worker] DEBUG io.micronaut.context.DefaultBeanContext -- Finding candidate beans for type: TaskService
    22:57:47.444 [Test worker] DEBUG io.micronaut.context.DefaultBeanContext --   class com.taskflow.service.TaskService null Definition: com.taskflow.service.TaskService
    22:57:47.444 [Test worker] DEBUG io.micronaut.context.DefaultBeanContext -- Found concrete candidate [Definition: com.taskflow.service.TaskService] for type: taskService 
    22:57:47.445 [Test worker] DEBUG org.hibernate.stat.internal.StatisticsInitiator -- Statistics initialized [enabled=false]
    22:57:47.445 [Test worker] DEBUG org.hibernate.engine.transaction.internal.TransactionImpl -- On TransactionImpl creation, JpaCompliance#isJpaTransactionComplianceEnabled == false
    22:57:47.445 [Test worker] DEBUG org.hibernate.engine.transaction.internal.TransactionImpl -- begin
    22:57:47.447 [HikariPool-2 connection adder] DEBUG com.zaxxer.hikari.pool.HikariPool -- HikariPool-2 - After adding stats (total=9, active=1, idle=8, waiting=0)
    22:57:47.448 [HikariPool-2 connection adder] DEBUG com.zaxxer.hikari.pool.HikariPool -- HikariPool-2 - Added connection conn19: url=jdbc:h2:mem:devDb user=SA
    22:57:47.466 [Test worker] DEBUG io.mockk.impl.instantiation.AbstractMockFactory -- Creating mockk for Unit name=child of #11#12
    22:57:47.467 [Test worker] DEBUG io.micronaut.core.reflect.ClassUtils -- Attempting to dynamically load class io.micronaut.runtime.context.scope.Refreshable
    22:57:47.467 [Test worker] DEBUG io.micronaut.core.reflect.ClassUtils -- Successfully loaded class io.micronaut.runtime.context.scope.Refreshable
    22:57:47.468 [Test worker] DEBUG io.mockk.impl.recording.states.AnsweringState -- Answering kotlin.Unit on TaskRepository(#11).deleteById(1)
    22:57:47.469 [Test worker] DEBUG io.micronaut.transaction.hibernate.HibernateTransactionManager -- Rolling back Hibernate transaction on Session [SessionImpl(1132795252<open>)]
    22:57:47.469 [Test worker] DEBUG org.hibernate.engine.transaction.internal.TransactionImpl -- rolling back
    22:57:47.470 [Test worker] DEBUG org.hibernate.resource.jdbc.internal.LogicalConnectionManagedImpl -- Initiating JDBC connection release from afterTransaction
    22:57:47.470 [Test worker] DEBUG org.hibernate.resource.jdbc.internal.LogicalConnectionManagedImpl -- Initiating JDBC connection release from afterTransaction

TaskServiceTest > findById should return task when exists() STANDARD_OUT
    22:57:47.472 [Test worker] DEBUG io.mockk.impl.recording.states.AnsweringState -- Answering 1621877792 on TaskRepository(#11).hashCode()
    22:57:47.472 [Test worker] DEBUG io.mockk.impl.recording.states.AnsweringState -- Answering 1621877792 on TaskRepository(#11).hashCode()
    22:57:47.472 [Test worker] DEBUG io.micronaut.context.DefaultBeanContext -- Finding candidate beans for instance: com.taskflow.service.TaskServiceTest@35d31e1c
    22:57:47.473 [Test worker] DEBUG io.micronaut.context.DefaultBeanContext -- Resolving beans for type: @InterceptorBinding(io.micronaut.test.annotation.MockBean) @InterceptorBinding(io.micronaut.runtime.context.scope.ScopedProxy) io.micronaut.aop.Interceptor 
    22:57:47.473 [Test worker] DEBUG io.micronaut.context.lifecycle -- Created bean [com.taskflow.service.$TaskServiceTest$TaskRepository0$Definition$Intercepted@f8b6743] from definition [Definition: com.taskflow.service.$TaskServiceTest$TaskRepository0$Definition$Intercepted] with qualifier [null]
    22:57:47.473 [Test worker] DEBUG io.micronaut.core.reflect.ClassUtils -- Attempting to dynamically load class io.micronaut.runtime.context.scope.Refreshable
    22:57:47.473 [Test worker] DEBUG io.micronaut.core.reflect.ClassUtils -- Successfully loaded class io.micronaut.runtime.context.scope.Refreshable
    22:57:47.473 [Test worker] DEBUG io.mockk.impl.instantiation.AbstractMockFactory -- Creating mockk for TaskRepository name=#13
    22:57:47.473 [Test worker] DEBUG io.micronaut.context.lifecycle -- Created bean [TaskRepository(#13)] from definition [Definition: com.taskflow.service.TaskServiceTest] with qualifier [null]
    22:57:47.474 [Test worker] DEBUG io.mockk.impl.recording.states.AnsweringState -- Answering 1682894195 on TaskRepository(#13).hashCode()
    22:57:47.474 [Test worker] DEBUG org.hibernate.engine.transaction.internal.TransactionImpl -- On TransactionImpl creation, JpaCompliance#isJpaTransactionComplianceEnabled == false
    22:57:47.474 [Test worker] DEBUG org.hibernate.engine.transaction.internal.TransactionImpl -- begin
    22:57:47.478 [HikariPool-2 connection adder] DEBUG com.zaxxer.hikari.pool.HikariPool -- HikariPool-2 - After adding stats (total=10, active=1, idle=9, waiting=0)
    22:57:47.529 [Test worker] DEBUG io.mockk.impl.instantiation.AbstractMockFactory -- Creating mockk for Optional name=child of #13#14
    22:57:47.529 [Test worker] DEBUG io.micronaut.core.reflect.ClassUtils -- Attempting to dynamically load class io.micronaut.runtime.context.scope.Refreshable
    22:57:47.529 [Test worker] DEBUG io.micronaut.core.reflect.ClassUtils -- Successfully loaded class io.micronaut.runtime.context.scope.Refreshable
    22:57:47.530 [Test worker] DEBUG io.mockk.impl.recording.states.AnsweringState -- Answering Optional[Task(id=1, project=null, assignedTo=null, title=Task 1, description=null, status=pending, priority=0, dueDate=null, createdAt=2026-03-19T22:57:47.475108674, updatedAt=2026-03-19T22:57:47.475119170, comments=[], attachments=[], labels=[])] on TaskRepository(#13).findById(1)
    22:57:47.531 [Test worker] DEBUG io.micronaut.transaction.hibernate.HibernateTransactionManager -- Rolling back Hibernate transaction on Session [SessionImpl(1152203870<open>)]
    22:57:47.531 [Test worker] DEBUG org.hibernate.engine.transaction.internal.TransactionImpl -- rolling back
    22:57:47.531 [Test worker] DEBUG org.hibernate.resource.jdbc.internal.LogicalConnectionManagedImpl -- Initiating JDBC connection release from afterTransaction
    22:57:47.531 [Test worker] DEBUG org.hibernate.resource.jdbc.internal.LogicalConnectionManagedImpl -- Initiating JDBC connection release from afterTransaction

TaskServiceTest > save should only update updatedAt for existing task() STANDARD_OUT
    22:57:47.534 [Test worker] DEBUG io.mockk.impl.recording.states.AnsweringState -- Answering 1682894195 on TaskRepository(#13).hashCode()
    22:57:47.534 [Test worker] DEBUG io.mockk.impl.recording.states.AnsweringState -- Answering 1682894195 on TaskRepository(#13).hashCode()
    22:57:47.534 [Test worker] DEBUG io.micronaut.context.DefaultBeanContext -- Finding candidate beans for instance: com.taskflow.service.TaskServiceTest@7b381066
    22:57:47.535 [Test worker] DEBUG io.micronaut.context.DefaultBeanContext -- Resolving beans for type: @InterceptorBinding(io.micronaut.test.annotation.MockBean) @InterceptorBinding(io.micronaut.runtime.context.scope.ScopedProxy) io.micronaut.aop.Interceptor 
    22:57:47.535 [Test worker] DEBUG io.micronaut.context.lifecycle -- Created bean [com.taskflow.service.$TaskServiceTest$TaskRepository0$Definition$Intercepted@4bda93f1] from definition [Definition: com.taskflow.service.$TaskServiceTest$TaskRepository0$Definition$Intercepted] with qualifier [null]
    22:57:47.535 [Test worker] DEBUG io.micronaut.core.reflect.ClassUtils -- Attempting to dynamically load class io.micronaut.runtime.context.scope.Refreshable
    22:57:47.535 [Test worker] DEBUG io.micronaut.core.reflect.ClassUtils -- Successfully loaded class io.micronaut.runtime.context.scope.Refreshable
    22:57:47.535 [Test worker] DEBUG io.mockk.impl.instantiation.AbstractMockFactory -- Creating mockk for TaskRepository name=#15
    22:57:47.535 [Test worker] DEBUG io.micronaut.context.lifecycle -- Created bean [TaskRepository(#15)] from definition [Definition: com.taskflow.service.TaskServiceTest] with qualifier [null]
    22:57:47.536 [Test worker] DEBUG io.mockk.impl.recording.states.AnsweringState -- Answering 1681475537 on TaskRepository(#15).hashCode()
    22:57:47.537 [Test worker] DEBUG org.hibernate.engine.transaction.internal.TransactionImpl -- On TransactionImpl creation, JpaCompliance#isJpaTransactionComplianceEnabled == false
    22:57:47.537 [Test worker] DEBUG org.hibernate.engine.transaction.internal.TransactionImpl -- begin
    22:57:47.547 [Test worker] DEBUG io.mockk.impl.instantiation.AbstractMockFactory -- Creating mockk for Task name=child of #15#16
    22:57:47.548 [Test worker] DEBUG io.micronaut.core.reflect.ClassUtils -- Attempting to dynamically load class io.micronaut.runtime.context.scope.Refreshable
    22:57:47.548 [Test worker] DEBUG io.micronaut.core.reflect.ClassUtils -- Successfully loaded class io.micronaut.runtime.context.scope.Refreshable
    22:57:47.549 [Test worker] DEBUG io.mockk.impl.recording.states.AnsweringState -- Answering Task(id=1, project=null, assignedTo=null, title=Existing Task, description=null, status=pending, priority=0, dueDate=null, createdAt=2026-03-19T22:57:47.537508288, updatedAt=2026-03-19T22:57:47.548793158, comments=[], attachments=[], labels=[]) on TaskRepository(#15).save(Task(id=1, project=null, assignedTo=null, title=Existing Task, description=null, status=pending, priority=0, dueDate=null, createdAt=2026-03-19T22:57:47.537508288, updatedAt=2026-03-19T22:57:47.548793158, comments=[], attachments=[], labels=[]))
    22:57:47.550 [Test worker] DEBUG io.micronaut.transaction.hibernate.HibernateTransactionManager -- Rolling back Hibernate transaction on Session [SessionImpl(1194164020<open>)]
    22:57:47.550 [Test worker] DEBUG org.hibernate.engine.transaction.internal.TransactionImpl -- rolling back
    22:57:47.551 [Test worker] DEBUG org.hibernate.resource.jdbc.internal.LogicalConnectionManagedImpl -- Initiating JDBC connection release from afterTransaction
    22:57:47.551 [Test worker] DEBUG org.hibernate.resource.jdbc.internal.LogicalConnectionManagedImpl -- Initiating JDBC connection release from afterTransaction

TaskServiceTest > findAll should return all tasks() STANDARD_OUT
    22:57:47.552 [Test worker] DEBUG io.mockk.impl.recording.states.AnsweringState -- Answering 1681475537 on TaskRepository(#15).hashCode()
    22:57:47.552 [Test worker] DEBUG io.mockk.impl.recording.states.AnsweringState -- Answering 1681475537 on TaskRepository(#15).hashCode()
    22:57:47.553 [Test worker] DEBUG io.micronaut.context.DefaultBeanContext -- Finding candidate beans for instance: com.taskflow.service.TaskServiceTest@12939937
    22:57:47.554 [Test worker] DEBUG io.micronaut.context.DefaultBeanContext -- Resolving beans for type: @InterceptorBinding(io.micronaut.test.annotation.MockBean) @InterceptorBinding(io.micronaut.runtime.context.scope.ScopedProxy) io.micronaut.aop.Interceptor 
    22:57:47.554 [Test worker] DEBUG io.micronaut.context.lifecycle -- Created bean [com.taskflow.service.$TaskServiceTest$TaskRepository0$Definition$Intercepted@7fcc8d9f] from definition [Definition: com.taskflow.service.$TaskServiceTest$TaskRepository0$Definition$Intercepted] with qualifier [null]
    22:57:47.554 [Test worker] DEBUG io.micronaut.core.reflect.ClassUtils -- Attempting to dynamically load class io.micronaut.runtime.context.scope.Refreshable
    22:57:47.554 [Test worker] DEBUG io.micronaut.core.reflect.ClassUtils -- Successfully loaded class io.micronaut.runtime.context.scope.Refreshable
    22:57:47.554 [Test worker] DEBUG io.mockk.impl.instantiation.AbstractMockFactory -- Creating mockk for TaskRepository name=#17
    22:57:47.554 [Test worker] DEBUG io.micronaut.context.lifecycle -- Created bean [TaskRepository(#17)] from definition [Definition: com.taskflow.service.TaskServiceTest] with qualifier [null]
    22:57:47.555 [Test worker] DEBUG io.mockk.impl.recording.states.AnsweringState -- Answering 988138425 on TaskRepository(#17).hashCode()
    22:57:47.555 [Test worker] DEBUG org.hibernate.engine.transaction.internal.TransactionImpl -- On TransactionImpl creation, JpaCompliance#isJpaTransactionComplianceEnabled == false
    22:57:47.555 [Test worker] DEBUG org.hibernate.engine.transaction.internal.TransactionImpl -- begin
    22:57:47.702 [Test worker] DEBUG io.mockk.impl.instantiation.AbstractMockFactory -- Creating mockk for List name=child of #17#18
    22:57:47.703 [Test worker] DEBUG io.micronaut.core.reflect.ClassUtils -- Attempting to dynamically load class io.micronaut.runtime.context.scope.Refreshable
    22:57:47.703 [Test worker] DEBUG io.micronaut.core.reflect.ClassUtils -- Successfully loaded class io.micronaut.runtime.context.scope.Refreshable
    22:57:47.703 [Test worker] DEBUG io.mockk.impl.recording.states.AnsweringState -- Answering [Task(id=1, project=null, assignedTo=null, title=Task 1, description=null, status=pending, priority=0, dueDate=null, createdAt=2026-03-19T22:57:47.555729012, updatedAt=2026-03-19T22:57:47.555732744, comments=[], attachments=[], labels=[]), Task(id=2, project=null, assignedTo=null, title=Task 2, description=null, status=pending, priority=0, dueDate=null, createdAt=2026-03-19T22:57:47.555739814, updatedAt=2026-03-19T22:57:47.555740732, comments=[], attachments=[], labels=[])] on TaskRepository(#17).findAll()
    22:57:47.705 [Test worker] DEBUG io.micronaut.transaction.hibernate.HibernateTransactionManager -- Rolling back Hibernate transaction on Session [SessionImpl(1428418823<open>)]
    22:57:47.705 [Test worker] DEBUG org.hibernate.engine.transaction.internal.TransactionImpl -- rolling back
    22:57:47.705 [Test worker] DEBUG org.hibernate.resource.jdbc.internal.LogicalConnectionManagedImpl -- Initiating JDBC connection release from afterTransaction
    22:57:47.705 [Test worker] DEBUG org.hibernate.resource.jdbc.internal.LogicalConnectionManagedImpl -- Initiating JDBC connection release from afterTransaction

TaskServiceTest > findById should return null when not exists() STANDARD_OUT
    22:57:47.708 [Test worker] DEBUG io.mockk.impl.recording.states.AnsweringState -- Answering 988138425 on TaskRepository(#17).hashCode()
    22:57:47.708 [Test worker] DEBUG io.mockk.impl.recording.states.AnsweringState -- Answering 988138425 on TaskRepository(#17).hashCode()
    22:57:47.709 [Test worker] DEBUG io.micronaut.context.DefaultBeanContext -- Finding candidate beans for instance: com.taskflow.service.TaskServiceTest@7d2ccd7f
    22:57:47.710 [Test worker] DEBUG io.micronaut.context.DefaultBeanContext -- Resolving beans for type: @InterceptorBinding(io.micronaut.test.annotation.MockBean) @InterceptorBinding(io.micronaut.runtime.context.scope.ScopedProxy) io.micronaut.aop.Interceptor 
    22:57:47.710 [Test worker] DEBUG io.micronaut.context.lifecycle -- Created bean [com.taskflow.service.$TaskServiceTest$TaskRepository0$Definition$Intercepted@4086e003] from definition [Definition: com.taskflow.service.$TaskServiceTest$TaskRepository0$Definition$Intercepted] with qualifier [null]
    22:57:47.710 [Test worker] DEBUG io.micronaut.core.reflect.ClassUtils -- Attempting to dynamically load class io.micronaut.runtime.context.scope.Refreshable
    22:57:47.710 [Test worker] DEBUG io.micronaut.core.reflect.ClassUtils -- Successfully loaded class io.micronaut.runtime.context.scope.Refreshable
    22:57:47.710 [Test worker] DEBUG io.mockk.impl.instantiation.AbstractMockFactory -- Creating mockk for TaskRepository name=#19
    22:57:47.711 [Test worker] DEBUG io.micronaut.context.lifecycle -- Created bean [TaskRepository(#19)] from definition [Definition: com.taskflow.service.TaskServiceTest] with qualifier [null]
    22:57:47.711 [Test worker] DEBUG io.mockk.impl.recording.states.AnsweringState -- Answering 2090675927 on TaskRepository(#19).hashCode()
    22:57:47.711 [Test worker] DEBUG org.hibernate.engine.transaction.internal.TransactionImpl -- On TransactionImpl creation, JpaCompliance#isJpaTransactionComplianceEnabled == false
    22:57:47.711 [Test worker] DEBUG org.hibernate.engine.transaction.internal.TransactionImpl -- begin
    22:57:47.712 [Test worker] DEBUG io.mockk.impl.instantiation.AbstractMockFactory -- Creating mockk for Optional name=child of #19#20
    22:57:47.713 [Test worker] DEBUG io.micronaut.core.reflect.ClassUtils -- Attempting to dynamically load class io.micronaut.runtime.context.scope.Refreshable
    22:57:47.713 [Test worker] DEBUG io.micronaut.core.reflect.ClassUtils -- Successfully loaded class io.micronaut.runtime.context.scope.Refreshable
    22:57:47.713 [Test worker] DEBUG io.mockk.impl.recording.states.AnsweringState -- Answering Optional.empty on TaskRepository(#19).findById(1)
    22:57:47.714 [Test worker] DEBUG io.micronaut.transaction.hibernate.HibernateTransactionManager -- Rolling back Hibernate transaction on Session [SessionImpl(1565987193<open>)]
    22:57:47.714 [Test worker] DEBUG org.hibernate.engine.transaction.internal.TransactionImpl -- rolling back
    22:57:47.715 [Test worker] DEBUG org.hibernate.resource.jdbc.internal.LogicalConnectionManagedImpl -- Initiating JDBC connection release from afterTransaction
    22:57:47.715 [Test worker] DEBUG org.hibernate.resource.jdbc.internal.LogicalConnectionManagedImpl -- Initiating JDBC connection release from afterTransaction

TaskServiceTest > save should set createdAt and updatedAt for new task() STANDARD_OUT
    22:57:47.717 [Test worker] DEBUG io.mockk.impl.recording.states.AnsweringState -- Answering 2090675927 on TaskRepository(#19).hashCode()
    22:57:47.717 [Test worker] DEBUG io.mockk.impl.recording.states.AnsweringState -- Answering 2090675927 on TaskRepository(#19).hashCode()
    22:57:47.717 [Test worker] DEBUG io.micronaut.context.DefaultBeanContext -- Finding candidate beans for instance: com.taskflow.service.TaskServiceTest@4563d421
    22:57:47.718 [Test worker] DEBUG io.micronaut.context.DefaultBeanContext -- Resolving beans for type: @InterceptorBinding(io.micronaut.test.annotation.MockBean) @InterceptorBinding(io.micronaut.runtime.context.scope.ScopedProxy) io.micronaut.aop.Interceptor 
    22:57:47.718 [Test worker] DEBUG io.micronaut.context.lifecycle -- Created bean [com.taskflow.service.$TaskServiceTest$TaskRepository0$Definition$Intercepted@66fd9613] from definition [Definition: com.taskflow.service.$TaskServiceTest$TaskRepository0$Definition$Intercepted] with qualifier [null]
    22:57:47.718 [Test worker] DEBUG io.micronaut.core.reflect.ClassUtils -- Attempting to dynamically load class io.micronaut.runtime.context.scope.Refreshable
    22:57:47.718 [Test worker] DEBUG io.micronaut.core.reflect.ClassUtils -- Successfully loaded class io.micronaut.runtime.context.scope.Refreshable
    22:57:47.718 [Test worker] DEBUG io.mockk.impl.instantiation.AbstractMockFactory -- Creating mockk for TaskRepository name=#21
    22:57:47.718 [Test worker] DEBUG io.micronaut.context.lifecycle -- Created bean [TaskRepository(#21)] from definition [Definition: com.taskflow.service.TaskServiceTest] with qualifier [null]
    22:57:47.719 [Test worker] DEBUG io.mockk.impl.recording.states.AnsweringState -- Answering 1240284022 on TaskRepository(#21).hashCode()
    22:57:47.719 [Test worker] DEBUG org.hibernate.engine.transaction.internal.TransactionImpl -- On TransactionImpl creation, JpaCompliance#isJpaTransactionComplianceEnabled == false
    22:57:47.719 [Test worker] DEBUG org.hibernate.engine.transaction.internal.TransactionImpl -- begin
    22:57:47.723 [Test worker] DEBUG io.mockk.impl.instantiation.AbstractMockFactory -- Creating mockk for Task name=child of #21#22
    22:57:47.724 [Test worker] DEBUG io.micronaut.core.reflect.ClassUtils -- Attempting to dynamically load class io.micronaut.runtime.context.scope.Refreshable
    22:57:47.724 [Test worker] DEBUG io.micronaut.core.reflect.ClassUtils -- Successfully loaded class io.micronaut.runtime.context.scope.Refreshable
    22:57:47.724 [Test worker] DEBUG io.mockk.impl.recording.states.AnsweringState -- Answering Task(id=1, project=null, assignedTo=null, title=New Task, description=null, status=pending, priority=0, dueDate=null, createdAt=2026-03-19T22:57:47.724521425, updatedAt=2026-03-19T22:57:47.724526901, comments=[], attachments=[], labels=[]) on TaskRepository(#21).save(Task(id=null, project=null, assignedTo=null, title=New Task, description=null, status=pending, priority=0, dueDate=null, createdAt=2026-03-19T22:57:47.724521425, updatedAt=2026-03-19T22:57:47.724526901, comments=[], attachments=[], labels=[]))
    22:57:47.725 [Test worker] DEBUG io.micronaut.transaction.hibernate.HibernateTransactionManager -- Rolling back Hibernate transaction on Session [SessionImpl(1002973859<open>)]
    22:57:47.725 [Test worker] DEBUG org.hibernate.engine.transaction.internal.TransactionImpl -- rolling back
    22:57:47.726 [Test worker] DEBUG org.hibernate.resource.jdbc.internal.LogicalConnectionManagedImpl -- Initiating JDBC connection release from afterTransaction
    22:57:47.726 [Test worker] DEBUG org.hibernate.resource.jdbc.internal.LogicalConnectionManagedImpl -- Initiating JDBC connection release from afterTransaction

TaskServiceTest STANDARD_OUT
    22:57:47.728 [Test worker] DEBUG io.micronaut.context.DefaultBeanContext -- Finding candidate beans for type: ApplicationEventPublisher
    22:57:47.728 [Test worker] DEBUG io.micronaut.context.DefaultBeanContext --   interface io.micronaut.context.event.ApplicationEventPublisher null io.micronaut.context.event.ApplicationEventPublisherFactory@526c3eb8
    22:57:47.728 [Test worker] DEBUG io.micronaut.context.DefaultBeanContext -- Found concrete candidate [io.micronaut.context.event.ApplicationEventPublisherFactory@526c3eb8] for type: applicationEventPublisher 
    22:57:47.729 [Test worker] DEBUG io.micronaut.context.lifecycle -- Created bean [io.micronaut.context.event.ApplicationEventPublisherFactory$2@70376c6] from definition [io.micronaut.context.event.ApplicationEventPublisherFactory@526c3eb8] with qualifier [null]
    22:57:47.729 [Test worker] DEBUG io.micronaut.context.event.ApplicationEventPublisher -- Publishing event: io.micronaut.runtime.server.event.ServerShutdownEvent[source=io.micronaut.http.server.netty.NettyHttpServer@174da9a0]
    22:57:47.729 [Test worker] DEBUG io.micronaut.context.DefaultBeanContext -- Resolving beans for type: <ServerShutdownEvent> io.micronaut.context.event.ApplicationEventListener 
    22:57:47.729 [Test worker] DEBUG io.micronaut.context.DefaultBeanContext -- Resolving beans for type: @InterceptorBinding(NONE) io.micronaut.aop.Interceptor 
    22:57:47.730 [Test worker] DEBUG io.micronaut.context.lifecycle -- Created bean [io.micronaut.http.server.netty.discovery.NettyServiceDiscovery$ApplicationEventListener$onStop2$Intercepted@40fd9358] from definition [Definition: io.micronaut.http.server.netty.discovery.NettyServiceDiscovery$ApplicationEventListener$onStop2$Intercepted] with qualifier [null]
    22:57:47.730 [Test worker] DEBUG io.micronaut.context.DefaultBeanContext -- Found a registration BeanRegistration: io.micronaut.http.server.netty.discovery.NettyServiceDiscovery$ApplicationEventListener$onStop2$Intercepted@40fd9358 for candidate: Definition: io.micronaut.http.server.netty.discovery.NettyServiceDiscovery$ApplicationEventListener$onStop2$Intercepted with qualifier: <ServerShutdownEvent>
    22:57:47.730 [Test worker] DEBUG io.micronaut.context.event.ApplicationEventPublisher -- Publishing event: io.micronaut.discovery.event.ServiceStoppedEvent[source=io.micronaut.http.server.netty.discovery.NettyEmbeddedServerInstance@5946e540]
    22:57:47.730 [Test worker] DEBUG io.micronaut.context.DefaultBeanContext -- Resolving beans for type: <ServiceStoppedEvent> io.micronaut.context.event.ApplicationEventListener 
    22:57:47.730 [Test worker] DEBUG io.micronaut.context.DefaultBeanContext -- Stopping BeanContext
    22:57:47.730 [Test worker] DEBUG io.micronaut.context.DefaultBeanContext -- Finding candidate beans for type: ApplicationEventPublisher
    22:57:47.730 [Test worker] DEBUG io.micronaut.context.DefaultBeanContext --   interface io.micronaut.context.event.ApplicationEventPublisher null io.micronaut.context.event.ApplicationEventPublisherFactory@526c3eb8
    22:57:47.730 [Test worker] DEBUG io.micronaut.context.DefaultBeanContext -- Found concrete candidate [io.micronaut.context.event.ApplicationEventPublisherFactory@526c3eb8] for type: applicationEventPublisher 
    22:57:47.730 [Test worker] DEBUG io.micronaut.context.lifecycle -- Created bean [io.micronaut.context.event.ApplicationEventPublisherFactory$2@2cf29dce] from definition [io.micronaut.context.event.ApplicationEventPublisherFactory@526c3eb8] with qualifier [null]
    22:57:47.730 [Test worker] DEBUG io.micronaut.context.event.ApplicationEventPublisher -- Publishing event: io.micronaut.context.event.ShutdownEvent[source=io.micronaut.context.DefaultApplicationContext@3a3f1703]
    22:57:47.730 [Test worker] DEBUG io.micronaut.context.DefaultBeanContext -- Resolving beans for type: <ShutdownEvent> io.micronaut.context.event.ApplicationEventListener 
    22:57:47.733 [Test worker] DEBUG io.micronaut.context.lifecycle -- Destroying bean [io.micronaut.http.server.netty.DefaultNettyEmbeddedServerFactory@14cd8dfa] with identifier [defaultNettyEmbeddedServerFactory]
    22:57:47.733 [Test worker] DEBUG io.micronaut.context.lifecycle -- Destroying bean [io.micronaut.http.server.netty.DefaultNettyEmbeddedServerFactory@14cd8dfa] with identifier [defaultNettyEmbeddedServerFactory]
    22:57:47.733 [Test worker] DEBUG io.micronaut.context.DefaultBeanContext -- Finding candidate beans for type: BeanPreDestroyEventListener
    22:57:47.734 [Test worker] DEBUG io.micronaut.context.DefaultBeanContext -- No bean candidates found for type: BeanPreDestroyEventListener
    22:57:47.734 [Test worker] DEBUG io.micronaut.context.DefaultBeanContext -- Finding candidate beans for type: BeanDestroyedEventListener
    22:57:47.734 [Test worker] DEBUG io.micronaut.context.DefaultBeanContext -- No bean candidates found for type: BeanDestroyedEventListener
    22:57:47.734 [Test worker] DEBUG io.micronaut.context.lifecycle -- Destroying bean [io.micronaut.http.netty.channel.DefaultEventLoopGroupFactory@796687de] with identifier [eventLoopGroupFactory]
    22:57:47.734 [Test worker] DEBUG io.micronaut.context.lifecycle -- Destroying bean [io.micronaut.http.netty.channel.DefaultEventLoopGroupFactory@796687de] with identifier [eventLoopGroupFactory]
    22:57:47.734 [Test worker] DEBUG io.micronaut.context.lifecycle -- Destroying bean [io.micronaut.http.netty.channel.DefaultEventLoopGroupRegistry@225d93aa] with identifier [eventLoopGroupRegistry]
    22:57:47.734 [Test worker] DEBUG io.micronaut.context.lifecycle -- Destroying bean [io.micronaut.http.netty.channel.DefaultEventLoopGroupRegistry@225d93aa] with identifier [eventLoopGroupRegistry]
    22:57:47.736 [Test worker] DEBUG io.micronaut.context.lifecycle -- Destroying bean [io.micronaut.http.server.codec.TextStreamCodec@6860c000] with identifier [textStreamCodec]
    22:57:47.737 [Test worker] DEBUG io.micronaut.context.lifecycle -- Destroying bean [io.micronaut.http.server.codec.TextStreamCodec@6860c000] with identifier [textStreamCodec]
    22:57:47.737 [Test worker] DEBUG io.micronaut.context.lifecycle -- Destroying bean [io.micronaut.inject.provider.BeanProviderDefinition$1@3725242e] with identifier [codecRegistryProvider]
    22:57:47.737 [Test worker] DEBUG io.micronaut.context.lifecycle -- Destroying bean [io.micronaut.http.codec.DefaultMediaTypeCodecRegistry@47b72d3b] with identifier [mediaTypeCodecRegistry]
    22:57:47.737 [Test worker] DEBUG io.micronaut.context.lifecycle -- Destroying bean [io.micronaut.http.codec.DefaultMediaTypeCodecRegistry@47b72d3b] with identifier [mediaTypeCodecRegistry]
    22:57:47.737 [Test worker] DEBUG io.micronaut.context.lifecycle -- Destroying bean [io.micronaut.validation.validator.DefaultValidatorFactory@403ba39f] with identifier [validatorFactory]
    22:57:47.737 [Test worker] DEBUG io.micronaut.context.lifecycle -- Destroying bean [io.micronaut.validation.validator.DefaultValidatorFactory@403ba39f] with identifier [validatorFactory]
    22:57:47.737 [Test worker] DEBUG io.micronaut.context.lifecycle -- Destroying bean [io.micronaut.jackson.modules.BeanIntrospectionModule@3397c8c0] with identifier [beanIntrospectionModule]
    22:57:47.737 [Test worker] DEBUG io.micronaut.context.lifecycle -- Destroying bean [io.micronaut.jackson.modules.BeanIntrospectionModule@3397c8c0] with identifier [beanIntrospectionModule]
    22:57:47.737 [Test worker] DEBUG io.micronaut.context.lifecycle -- Destroying bean [io.micronaut.jackson.validation.ValidationJacksonDeserializationPreInstantiateCallback@49620576] with identifier [preInstantiateCallback]
    22:57:47.737 [Test worker] DEBUG io.micronaut.context.lifecycle -- Destroying bean [io.micronaut.jackson.validation.ValidationJacksonDeserializationPreInstantiateCallback@49620576] with identifier [preInstantiateCallback]
    22:57:47.737 [Test worker] DEBUG io.micronaut.context.lifecycle -- Destroying bean [io.micronaut.validation.validator.DefaultValidator@7320bccc] with identifier [validator]
    22:57:47.737 [Test worker] DEBUG io.micronaut.context.lifecycle -- Destroying bean [io.micronaut.validation.validator.DefaultValidator@7320bccc] with identifier [validator]
    22:57:47.737 [Test worker] DEBUG io.micronaut.context.lifecycle -- Destroying bean [io.micronaut.validation.validator.DefaultValidatorConfiguration@3299e315] with identifier [configuration]
    22:57:47.737 [Test worker] DEBUG io.micronaut.context.lifecycle -- Destroying bean [io.micronaut.validation.validator.DefaultValidatorConfiguration@3299e315] with identifier [configuration]
    22:57:47.737 [Test worker] DEBUG io.micronaut.context.lifecycle -- Destroying bean [io.micronaut.validation.validator.resolver.CompositeTraversableResolver@7a7f5c44] with identifier [traversableResolver]
    22:57:47.737 [Test worker] DEBUG io.micronaut.context.lifecycle -- Destroying bean [io.micronaut.validation.validator.resolver.CompositeTraversableResolver@7a7f5c44] with identifier [traversableResolver]
    22:57:47.737 [Test worker] DEBUG io.micronaut.context.lifecycle -- Destroying bean [io.micronaut.http.server.RouteExecutor@394c77e2] with identifier [routeExecutor]
    22:57:47.737 [Test worker] DEBUG io.micronaut.context.lifecycle -- Destroying bean [io.micronaut.http.server.RouteExecutor@394c77e2] with identifier [routeExecutor]
    22:57:47.737 [Test worker] DEBUG io.micronaut.context.lifecycle -- Destroying bean [io.micronaut.http.server.netty.NettyRequestArgumentSatisfier@53d94a6b] with identifier [requestArgumentSatisfier]
    22:57:47.737 [Test worker] DEBUG io.micronaut.context.lifecycle -- Destroying bean [io.micronaut.http.server.netty.NettyRequestArgumentSatisfier@53d94a6b] with identifier [requestArgumentSatisfier]
    22:57:47.737 [Test worker] DEBUG io.micronaut.context.lifecycle -- Destroying bean [io.micronaut.http.server.netty.binders.NettyServerRequestBinderRegistry@81f9b01] with identifier [requestBinderRegistry]
    22:57:47.737 [Test worker] DEBUG io.micronaut.context.lifecycle -- Destroying bean [io.micronaut.http.server.netty.binders.NettyServerRequestBinderRegistry@81f9b01] with identifier [requestBinderRegistry]
    22:57:47.737 [Test worker] DEBUG io.micronaut.context.lifecycle -- Destroying bean [io.micronaut.inject.provider.BeanProviderDefinition$1@27c9500c] with identifier [@Named('blocking') executorService]
    22:57:47.737 [Test worker] DEBUG io.micronaut.context.lifecycle -- Destroying bean [io.micronaut.inject.provider.BeanProviderDefinition$1@490b8f1e] with identifier [httpServerConfiguration]
    22:57:47.737 [Test worker] DEBUG io.micronaut.context.lifecycle -- Destroying bean [io.micronaut.scheduling.executor.DefaultExecutorSelector@5a0c0680] with identifier [executorSelector]
    22:57:47.737 [Test worker] DEBUG io.micronaut.context.lifecycle -- Destroying bean [io.micronaut.scheduling.executor.DefaultExecutorSelector@5a0c0680] with identifier [executorSelector]
    22:57:47.738 [Test worker] DEBUG io.micronaut.context.lifecycle -- Destroying bean [io.micronaut.inject.provider.BeanProviderDefinition$1@6e1a8e78] with identifier [@Named('blocking') blockingExecutor]
    22:57:47.738 [Test worker] DEBUG io.micronaut.context.lifecycle -- Destroying bean [io.micronaut.inject.provider.BeanProviderDefinition$1@2823bd30] with identifier [@Named('io') ioExecutor]
    22:57:47.738 [Test worker] DEBUG io.micronaut.context.lifecycle -- Destroying bean [io.micronaut.scheduling.ScheduledExecutorTaskScheduler@6077dd] with identifier [@Named('scheduled') taskScheduler]
    22:57:47.738 [Test worker] DEBUG io.micronaut.context.lifecycle -- Destroying bean [io.micronaut.scheduling.ScheduledExecutorTaskScheduler@6077dd] with identifier [@Named('scheduled') taskScheduler]
    22:57:47.738 [Test worker] DEBUG io.micronaut.context.lifecycle -- Destroying bean [io.micronaut.context.propagation.instrument.execution.ExecutorServiceInstrumenter$2@12830e23] with identifier [@Named('blocking') T]
    22:57:47.738 [Test worker] DEBUG io.micronaut.context.lifecycle -- Destroying bean [io.micronaut.context.propagation.instrument.execution.ExecutorServiceInstrumenter$2@12830e23] with identifier [@Named('blocking') T]
    22:57:47.738 [Test worker] DEBUG io.micronaut.context.lifecycle -- Destroying bean [io.micronaut.inject.provider.BeanProviderDefinition$1@505f6511] with identifier [@Named('virtual') virtual]
    22:57:47.738 [Test worker] DEBUG io.micronaut.context.lifecycle -- Destroying bean [io.micronaut.inject.provider.BeanProviderDefinition$1@453961d7] with identifier [@Named('io') io]
    22:57:47.738 [Test worker] DEBUG io.micronaut.context.lifecycle -- Destroying bean [io.micronaut.transaction.test.DefaultTestTransactionExecutionListener@56d189d0] with identifier [@Named('default') defaultTestTransactionExecutionListener]
    22:57:47.738 [Test worker] DEBUG io.micronaut.context.lifecycle -- Destroying bean [io.micronaut.transaction.test.DefaultTestTransactionExecutionListener@56d189d0] with identifier [@Named('default') defaultTestTransactionExecutionListener]
    22:57:47.738 [Test worker] DEBUG io.micronaut.context.lifecycle -- Destroying bean [io.micronaut.transaction.hibernate.HibernateTransactionManager@7f088b5c] with identifier [@Named('default') transactionManager]
    22:57:47.738 [Test worker] DEBUG io.micronaut.context.lifecycle -- Destroying bean [io.micronaut.transaction.hibernate.HibernateTransactionManager@7f088b5c] with identifier [@Named('default') transactionManager]
    22:57:47.738 [Test worker] DEBUG io.micronaut.context.lifecycle -- Destroying bean [io.micronaut.data.hibernate.connection.HibernateConnectionOperations@25d6ae3] with identifier [@Named('default') connectionOperations]
    22:57:47.738 [Test worker] DEBUG io.micronaut.context.lifecycle -- Destroying bean [io.micronaut.data.hibernate.connection.HibernateConnectionOperations@25d6ae3] with identifier [@Named('default') connectionOperations]
    22:57:47.738 [Test worker] DEBUG io.micronaut.context.lifecycle -- Destroying bean [org.hibernate.internal.SessionFactoryImpl@724e82d9] with identifier [sessionFactory]
    22:57:47.738 [Test worker] DEBUG io.micronaut.context.lifecycle -- Destroying bean [org.hibernate.internal.SessionFactoryImpl@724e82d9] with identifier [sessionFactory]
    22:57:47.738 [Test worker] DEBUG org.hibernate.internal.SessionFactoryImpl -- HHH000031: Closing
    22:57:47.738 [Test worker] DEBUG org.hibernate.type.spi.TypeConfiguration$Scope -- Un-scoping TypeConfiguration [org.hibernate.type.spi.TypeConfiguration$Scope@122bfaac] from SessionFactory [org.hibernate.internal.SessionFactoryImpl@724e82d9]
    22:57:47.739 [Test worker] DEBUG org.hibernate.service.internal.AbstractServiceRegistryImpl -- Implicitly destroying ServiceRegistry on de-registration of all child ServiceRegistries
    22:57:47.739 [Test worker] DEBUG org.hibernate.boot.registry.internal.BootstrapServiceRegistryImpl -- Implicitly destroying Boot-strap registry on de-registration of all child ServiceRegistries
    22:57:47.739 [Test worker] DEBUG io.micronaut.context.lifecycle -- Destroying bean [org.hibernate.boot.internal.SessionFactoryBuilderImpl@5d8c03cc] with identifier [@Named('default') sessionFactoryBuilder]
    22:57:47.739 [Test worker] DEBUG io.micronaut.context.lifecycle -- Destroying bean [org.hibernate.boot.internal.SessionFactoryBuilderImpl@5d8c03cc] with identifier [@Named('default') sessionFactoryBuilder]
    22:57:47.739 [Test worker] DEBUG io.micronaut.context.lifecycle -- Destroying bean [org.hibernate.boot.internal.MetadataImpl@7a087132] with identifier [@Named('default') metadata]
    22:57:47.739 [Test worker] DEBUG io.micronaut.context.lifecycle -- Destroying bean [org.hibernate.boot.internal.MetadataImpl@7a087132] with identifier [@Named('default') metadata]
    22:57:47.739 [Test worker] DEBUG io.micronaut.context.lifecycle -- Destroying bean [org.hibernate.boot.MetadataSources@33da0fad] with identifier [@Named('default') metadataSources]
    22:57:47.739 [Test worker] DEBUG io.micronaut.context.lifecycle -- Destroying bean [org.hibernate.boot.MetadataSources@33da0fad] with identifier [@Named('default') metadataSources]
    22:57:47.739 [Test worker] DEBUG io.micronaut.context.lifecycle -- Destroying bean [io.micronaut.configuration.hibernate.jpa.conf.SessionFactoryPerDataSourceFactory@39cf7f3c] with identifier [sessionFactoryPerDataSourceFactory]
    22:57:47.739 [Test worker] DEBUG io.micronaut.context.lifecycle -- Destroying bean [io.micronaut.configuration.hibernate.jpa.conf.SessionFactoryPerDataSourceFactory@39cf7f3c] with identifier [sessionFactoryPerDataSourceFactory]
    22:57:47.739 [Test worker] DEBUG io.micronaut.context.lifecycle -- Destroying bean [io.micronaut.configuration.hibernate.jpa.conf.serviceregistry.builder.configures.internal.SettingsConfigurer@77a13162] with identifier [settingsConfigurer]
    22:57:47.739 [Test worker] DEBUG io.micronaut.context.lifecycle -- Destroying bean [io.micronaut.configuration.hibernate.jpa.conf.settings.internal.MicronautContainerSettingsSupplier@6124a7c0] with identifier [micronautContainerSettingsSupplier]
    22:57:47.739 [Test worker] DEBUG io.micronaut.context.lifecycle -- Destroying bean [io.micronaut.configuration.hibernate.jpa.conf.settings.internal.DataSourceSettingSupplier@329b4b8b] with identifier [dataSourceSettingSupplier]
    22:57:47.739 [Test worker] DEBUG io.micronaut.context.lifecycle -- Destroying bean [io.micronaut.inject.provider.BeanProviderDefinition$1@2357f000] with identifier [dataSourceBeanProvider]
    22:57:47.739 [Test worker] DEBUG io.micronaut.context.lifecycle -- Destroying bean [io.micronaut.configuration.hibernate.jpa.conf.settings.internal.ValidatorFactorySettingSupplier@699fe19f] with identifier [validatorFactorySettingSupplier]
    22:57:47.739 [Test worker] DEBUG io.micronaut.context.lifecycle -- Destroying bean [io.micronaut.configuration.hibernate.jpa.conf.settings.internal.CurrentSessionContextClassSettingSupplier@10d8769e] with identifier [currentSessionContextClassSettingSupplier]
    22:57:47.739 [Test worker] DEBUG io.micronaut.context.lifecycle -- Destroying bean [io.micronaut.inject.provider.BeanProviderDefinition$1@5a097a83] with identifier [provider]
    22:57:47.739 [Test worker] DEBUG io.micronaut.context.lifecycle -- Destroying bean [io.micronaut.transaction.hibernate.BeanContextServiceConfigurer@72f71ea2] with identifier [beanContextServiceConfigurer]
    22:57:47.739 [Test worker] DEBUG io.micronaut.context.lifecycle -- Destroying bean [io.micronaut.configuration.hibernate.jpa.conf.serviceregistry.builder.configures.internal.CompileProxyConfigurer@44a7a331] with identifier [compileProxyConfigurer]
    22:57:47.739 [Test worker] DEBUG io.micronaut.context.lifecycle -- Destroying bean [io.micronaut.inject.provider.BeanProviderDefinition$1@267d9cc0] with identifier [bytecodeProviderBeanProvider]
    22:57:47.739 [Test worker] DEBUG io.micronaut.context.lifecycle -- Destroying bean [io.micronaut.configuration.hibernate.jpa.conf.serviceregistry.builder.supplier.internal.DefaultStandardServiceRegistryBuilderCreatorCreator@2df0a4c3] with identifier [serviceRegistryBuilderSupplier]
    22:57:47.739 [Test worker] DEBUG io.micronaut.context.lifecycle -- Destroying bean [io.micronaut.configuration.hibernate.jpa.conf.sessionfactory.configure.internal.ValidatorFactoryConfigurer@520e6089] with identifier [validatorFactoryConfigurer]
    22:57:47.739 [Test worker] DEBUG io.micronaut.context.lifecycle -- Destroying bean [org.hibernate.boot.registry.internal.StandardServiceRegistryImpl@2fb9695a] with identifier [@Named('default') serviceRegistry]
    22:57:47.739 [Test worker] DEBUG io.micronaut.context.lifecycle -- Destroying bean [org.hibernate.boot.registry.internal.StandardServiceRegistryImpl@2fb9695a] with identifier [@Named('default') serviceRegistry]
    22:57:47.739 [Test worker] DEBUG io.micronaut.context.lifecycle -- Destroying bean [io.micronaut.web.router.DefaultRouter@625d2b6d] with identifier [router]
    22:57:47.739 [Test worker] DEBUG io.micronaut.context.lifecycle -- Destroying bean [io.micronaut.web.router.DefaultRouter@625d2b6d] with identifier [router]
    22:57:47.740 [Test worker] DEBUG io.micronaut.context.lifecycle -- Destroying bean [io.micronaut.web.router.ServerFilterRouteBuilder@301434fb] with identifier [serverFilterRouteBuilder]
    22:57:47.740 [Test worker] DEBUG io.micronaut.context.lifecycle -- Destroying bean [io.micronaut.web.router.ServerFilterRouteBuilder@301434fb] with identifier [serverFilterRouteBuilder]
    22:57:47.740 [Test worker] DEBUG io.micronaut.context.lifecycle -- Destroying bean [io.micronaut.management.endpoint.processors.DeleteEndpointRouteBuilder@3fae1ec9] with identifier [deleteEndpointRouteBuilder]
    22:57:47.740 [Test worker] DEBUG io.micronaut.context.lifecycle -- Destroying bean [io.micronaut.management.endpoint.processors.DeleteEndpointRouteBuilder@3fae1ec9] with identifier [deleteEndpointRouteBuilder]
    22:57:47.740 [Test worker] DEBUG io.micronaut.context.lifecycle -- Destroying bean [io.micronaut.management.endpoint.processors.ReadEndpointRouteBuilder@331fe6d4] with identifier [readEndpointRouteBuilder]
    22:57:47.740 [Test worker] DEBUG io.micronaut.context.lifecycle -- Destroying bean [io.micronaut.management.endpoint.processors.ReadEndpointRouteBuilder@331fe6d4] with identifier [readEndpointRouteBuilder]
    22:57:47.740 [Test worker] DEBUG io.micronaut.context.lifecycle -- Destroying bean [io.micronaut.configuration.hibernate.jpa.JpaConfiguration@471b7c9c] with identifier [jpaConfiguration]
    22:57:47.740 [Test worker] DEBUG io.micronaut.context.lifecycle -- Destroying bean [io.micronaut.configuration.hibernate.jpa.JpaConfiguration@471b7c9c] with identifier [jpaConfiguration]
    22:57:47.740 [Test worker] DEBUG io.micronaut.context.lifecycle -- Destroying bean [io.micronaut.web.router.AnnotatedFilterRouteBuilder@5d04adc1] with identifier [annotatedFilterRouteBuilder]
    22:57:47.740 [Test worker] DEBUG io.micronaut.context.lifecycle -- Destroying bean [io.micronaut.web.router.AnnotatedFilterRouteBuilder@5d04adc1] with identifier [annotatedFilterRouteBuilder]
    22:57:47.740 [Test worker] DEBUG io.micronaut.context.lifecycle -- Destroying bean [io.micronaut.management.endpoint.processors.WriteEndpointRouteBuilder@346e76ad] with identifier [writeEndpointRouteBuilder]
    22:57:47.740 [Test worker] DEBUG io.micronaut.context.lifecycle -- Destroying bean [io.micronaut.management.endpoint.processors.WriteEndpointRouteBuilder@346e76ad] with identifier [writeEndpointRouteBuilder]
    22:57:47.740 [Test worker] DEBUG io.micronaut.context.lifecycle -- Destroying bean [io.micronaut.http.bind.DefaultRequestBinderRegistry@701153c1] with identifier [requestBinderRegistry]
    22:57:47.740 [Test worker] DEBUG io.micronaut.context.lifecycle -- Destroying bean [io.micronaut.http.bind.DefaultRequestBinderRegistry@701153c1] with identifier [requestBinderRegistry]
    22:57:47.740 [Test worker] DEBUG io.micronaut.context.lifecycle -- Destroying bean [io.micronaut.http.server.websocket.ServerWebSocketProcessor@74832504] with identifier [serverWebSocketProcessor]
    22:57:47.740 [Test worker] DEBUG io.micronaut.context.lifecycle -- Destroying bean [io.micronaut.http.server.websocket.ServerWebSocketProcessor@74832504] with identifier [serverWebSocketProcessor]
    22:57:47.740 [Test worker] DEBUG io.micronaut.context.lifecycle -- Destroying bean [io.micronaut.json.codec.JsonMediaTypeCodec@293988dc] with identifier [@Named('json') jsonMediaTypeCodec]
    22:57:47.740 [Test worker] DEBUG io.micronaut.context.lifecycle -- Destroying bean [io.micronaut.json.codec.JsonMediaTypeCodec@293988dc] with identifier [@Named('json') jsonMediaTypeCodec]
    22:57:47.740 [Test worker] DEBUG io.micronaut.context.lifecycle -- Destroying bean [io.micronaut.inject.provider.BeanProviderDefinition$1@3723de42] with identifier [jsonCodec]
    22:57:47.740 [Test worker] DEBUG io.micronaut.context.lifecycle -- Destroying bean [io.micronaut.json.codec.JsonStreamMediaTypeCodec@6d8cbd1a] with identifier [jsonStreamMediaTypeCodec]
    22:57:47.740 [Test worker] DEBUG io.micronaut.context.lifecycle -- Destroying bean [io.micronaut.json.codec.JsonStreamMediaTypeCodec@6d8cbd1a] with identifier [jsonStreamMediaTypeCodec]
    22:57:47.740 [Test worker] DEBUG io.micronaut.context.lifecycle -- Destroying bean [io.micronaut.inject.provider.BeanProviderDefinition$1@5911dd25] with identifier [jsonCodec]
    22:57:47.740 [Test worker] DEBUG io.micronaut.context.lifecycle -- Destroying bean [io.micronaut.scheduling.async.AsyncInterceptor@12e04531] with identifier [asyncInterceptor]
    22:57:47.740 [Test worker] DEBUG io.micronaut.context.lifecycle -- Destroying bean [io.micronaut.scheduling.async.AsyncInterceptor@12e04531] with identifier [asyncInterceptor]
    22:57:47.740 [Test worker] DEBUG io.micronaut.context.lifecycle -- Destroying bean [io.micronaut.inject.provider.BeanProviderDefinition$1@513cd96f] with identifier [@Named('scheduled') T]
    22:57:47.740 [Test worker] DEBUG io.micronaut.context.lifecycle -- Destroying bean [io.micronaut.runtime.http.codec.TextPlainCodec@3f4fd0dc] with identifier [textPlainCodec]
    22:57:47.740 [Test worker] DEBUG io.micronaut.context.lifecycle -- Destroying bean [io.micronaut.runtime.http.codec.TextPlainCodec@3f4fd0dc] with identifier [textPlainCodec]
    22:57:47.740 [Test worker] DEBUG io.micronaut.context.lifecycle -- Destroying bean [io.micronaut.web.router.AnnotatedMethodRouteBuilder@47bcd95a] with identifier [annotatedMethodRouteBuilder]
    22:57:47.740 [Test worker] DEBUG io.micronaut.context.lifecycle -- Destroying bean [io.micronaut.web.router.AnnotatedMethodRouteBuilder@47bcd95a] with identifier [annotatedMethodRouteBuilder]
    22:57:47.740 [Test worker] DEBUG io.micronaut.context.lifecycle -- Destroying bean [io.micronaut.scheduling.executor.ExecutorFactory@20f6de30] with identifier [executorFactory]
    22:57:47.740 [Test worker] DEBUG io.micronaut.context.lifecycle -- Destroying bean [io.micronaut.scheduling.executor.ExecutorFactory@20f6de30] with identifier [executorFactory]
    22:57:47.740 [Test worker] DEBUG io.micronaut.context.lifecycle -- Destroying bean [io.micronaut.http.server.netty.websocket.WebSocketUpgradeHandlerFactory@35ef158f] with identifier [webSocketUpgradeHandlerFactory]
    22:57:47.740 [Test worker] DEBUG io.micronaut.context.lifecycle -- Destroying bean [io.micronaut.http.server.netty.websocket.WebSocketUpgradeHandlerFactory@35ef158f] with identifier [webSocketUpgradeHandlerFactory]
    22:57:47.740 [Test worker] DEBUG io.micronaut.context.lifecycle -- Destroying bean [io.micronaut.http.netty.body.NettyJsonHandler@27b9d5b7] with identifier [nettyJsonHandler]
    22:57:47.740 [Test worker] DEBUG io.micronaut.context.lifecycle -- Destroying bean [io.micronaut.http.netty.body.NettyJsonHandler@27b9d5b7] with identifier [nettyJsonHandler]
    22:57:47.740 [Test worker] DEBUG io.micronaut.context.lifecycle -- Destroying bean [io.micronaut.data.hibernate.event.EventIntegrator@197c3101] with identifier [integrator]
    22:57:47.740 [Test worker] DEBUG io.micronaut.context.lifecycle -- Destroying bean [io.micronaut.data.hibernate.event.EventIntegrator@197c3101] with identifier [integrator]
    22:57:47.740 [Test worker] DEBUG io.micronaut.context.lifecycle -- Destroying bean [io.micronaut.http.server.netty.NettyHttpServer@174da9a0] with identifier [embeddedApplication]
    22:57:47.740 [Test worker] DEBUG io.micronaut.context.lifecycle -- Destroying bean [io.micronaut.http.server.netty.NettyHttpServer@174da9a0] with identifier [embeddedApplication]
    22:57:47.740 [Test worker] DEBUG io.micronaut.context.lifecycle -- Destroying bean [io.micronaut.http.server.netty.DefaultHttpCompressionStrategy@34fde3a3] with identifier [httpCompressionStrategy]
    22:57:47.740 [Test worker] DEBUG io.micronaut.context.lifecycle -- Destroying bean [io.micronaut.http.server.netty.DefaultHttpCompressionStrategy@34fde3a3] with identifier [httpCompressionStrategy]
    22:57:47.740 [Test worker] DEBUG io.micronaut.context.lifecycle -- Destroying bean [io.micronaut.http.bind.binders.DefaultBodyAnnotationBinder@4ce5013a] with identifier [defaultBodyAnnotationBinder]
    22:57:47.740 [Test worker] DEBUG io.micronaut.context.lifecycle -- Destroying bean [io.micronaut.http.bind.binders.DefaultBodyAnnotationBinder@4ce5013a] with identifier [defaultBodyAnnotationBinder]
    22:57:47.740 [Test worker] DEBUG io.micronaut.context.lifecycle -- Destroying bean [io.micronaut.reactor.instrument.ReactorInstrumentation@7955b4d4] with identifier [reactorInstrumentation]
    22:57:47.740 [Test worker] DEBUG io.micronaut.context.lifecycle -- Destroying bean [io.micronaut.reactor.instrument.ReactorInstrumentation@7955b4d4] with identifier [reactorInstrumentation]
    22:57:47.740 [Test worker] DEBUG io.micronaut.context.lifecycle -- Destroying bean [io.micronaut.jackson.databind.JacksonDatabindMapper@3bbab2c9] with identifier [jsonMapper]
    22:57:47.740 [Test worker] DEBUG io.micronaut.context.lifecycle -- Destroying bean [io.micronaut.jackson.databind.JacksonDatabindMapper@3bbab2c9] with identifier [jsonMapper]
    22:57:47.740 [Test worker] DEBUG io.micronaut.context.lifecycle -- Destroying bean [io.micronaut.http.server.binding.LocaleArgumentBinder@3b6098fd] with identifier [localeArgumentBinder]
    22:57:47.740 [Test worker] DEBUG io.micronaut.context.lifecycle -- Destroying bean [io.micronaut.http.server.binding.LocaleArgumentBinder@3b6098fd] with identifier [localeArgumentBinder]
    22:57:47.740 [Test worker] DEBUG io.micronaut.context.lifecycle -- Destroying bean [io.netty.channel.nio.NioEventLoopGroup@34986491] with identifier [eventLoopGroup]
    22:57:47.740 [Test worker] DEBUG io.micronaut.context.lifecycle -- Destroying bean [io.netty.channel.nio.NioEventLoopGroup@34986491] with identifier [eventLoopGroup]
    22:57:47.741 [Test worker] DEBUG io.micronaut.context.lifecycle -- Destroying bean [io.micronaut.flyway.$DataSourceMigrationRunner$Definition$Intercepted@b7b26c6] with identifier [$DataSourceMigrationRunner$Definition$Intercepted]
    22:57:47.741 [Test worker] DEBUG io.micronaut.context.lifecycle -- Destroying bean [io.micronaut.flyway.$DataSourceMigrationRunner$Definition$Intercepted@b7b26c6] with identifier [$DataSourceMigrationRunner$Definition$Intercepted]
    22:57:47.741 [Test worker] DEBUG io.micronaut.context.lifecycle -- Destroying bean [io.micronaut.context.event.ApplicationEventPublisherFactory$1@467625e3] with identifier [eventPublisher]
    22:57:47.741 [Test worker] DEBUG io.micronaut.context.lifecycle -- Destroying bean [io.micronaut.flyway.$AlternativeMigrationRunner$Definition$Intercepted@16baf8d0] with identifier [$AlternativeMigrationRunner$Definition$Intercepted]
    22:57:47.741 [Test worker] DEBUG io.micronaut.context.lifecycle -- Destroying bean [io.micronaut.flyway.$AlternativeMigrationRunner$Definition$Intercepted@16baf8d0] with identifier [$AlternativeMigrationRunner$Definition$Intercepted]
    22:57:47.741 [Test worker] DEBUG io.micronaut.context.lifecycle -- Destroying bean [io.micronaut.context.event.ApplicationEventPublisherFactory$1@467625e3] with identifier [eventPublisher]
    22:57:47.741 [Test worker] DEBUG io.micronaut.context.lifecycle -- Destroying bean [io.micronaut.http.server.netty.discovery.NettyServiceDiscovery$ApplicationEventListener$onStop2$Intercepted@40fd9358] with identifier [nettyServiceDiscovery$ApplicationEventListener$onStop2$Intercepted]
    22:57:47.741 [Test worker] DEBUG io.micronaut.context.lifecycle -- Destroying bean [io.micronaut.http.server.netty.discovery.NettyServiceDiscovery$ApplicationEventListener$onStop2$Intercepted@40fd9358] with identifier [nettyServiceDiscovery$ApplicationEventListener$onStop2$Intercepted]
    22:57:47.741 [Test worker] DEBUG io.micronaut.context.lifecycle -- Destroying bean [io.micronaut.http.server.netty.discovery.NettyServiceDiscovery$ApplicationEventListener$onStart1$Intercepted@4a723adf] with identifier [nettyServiceDiscovery$ApplicationEventListener$onStart1$Intercepted]
    22:57:47.741 [Test worker] DEBUG io.micronaut.context.lifecycle -- Destroying bean [io.micronaut.http.server.netty.discovery.NettyServiceDiscovery$ApplicationEventListener$onStart1$Intercepted@4a723adf] with identifier [nettyServiceDiscovery$ApplicationEventListener$onStart1$Intercepted]
    22:57:47.741 [Test worker] DEBUG io.micronaut.context.lifecycle -- Destroying bean [io.micronaut.data.runtime.support.DefaultRuntimeEntityRegistry@543b855] with identifier [entityRegistry]
    22:57:47.741 [Test worker] DEBUG io.micronaut.context.lifecycle -- Destroying bean [io.micronaut.data.runtime.support.DefaultRuntimeEntityRegistry@543b855] with identifier [entityRegistry]
    22:57:47.741 [Test worker] DEBUG io.micronaut.context.lifecycle -- Destroying bean [io.micronaut.management.health.indicator.service.ServiceReadyHealthIndicator$ApplicationEventListener$onServiceStarted1$Intercepted@651a399] with identifier [serviceReadyHealthIndicator$ApplicationEventListener$onServiceStarted1$Intercepted]
    22:57:47.741 [Test worker] DEBUG io.micronaut.context.lifecycle -- Destroying bean [io.micronaut.management.health.indicator.service.ServiceReadyHealthIndicator$ApplicationEventListener$onServiceStarted1$Intercepted@651a399] with identifier [serviceReadyHealthIndicator$ApplicationEventListener$onServiceStarted1$Intercepted]
    22:57:47.741 [Test worker] DEBUG io.micronaut.context.lifecycle -- Destroying bean [io.micronaut.management.health.indicator.service.ServiceReadyHealthIndicator$ApplicationEventListener$onServerStarted2$Intercepted@7f289126] with identifier [serviceReadyHealthIndicator$ApplicationEventListener$onServerStarted2$Intercepted]
    22:57:47.741 [Test worker] DEBUG io.micronaut.context.lifecycle -- Destroying bean [io.micronaut.management.health.indicator.service.ServiceReadyHealthIndicator$ApplicationEventListener$onServerStarted2$Intercepted@7f289126] with identifier [serviceReadyHealthIndicator$ApplicationEventListener$onServerStarted2$Intercepted]
    22:57:47.741 [Test worker] DEBUG io.micronaut.context.lifecycle -- Destroying bean [io.micronaut.http.server.netty.configuration.NettyHttpServerConfiguration@1cdbc986] with identifier [contextPathProvider]
    22:57:47.741 [Test worker] DEBUG io.micronaut.context.lifecycle -- Destroying bean [io.micronaut.http.server.netty.configuration.NettyHttpServerConfiguration@1cdbc986] with identifier [contextPathProvider]
    22:57:47.741 [Test worker] DEBUG io.micronaut.context.lifecycle -- Destroying bean [io.micronaut.http.body.DefaultMessageBodyHandlerRegistry@67629872] with identifier [messageBodyHandlerRegistry]
    22:57:47.741 [Test worker] DEBUG io.micronaut.context.lifecycle -- Destroying bean [io.micronaut.http.body.DefaultMessageBodyHandlerRegistry@67629872] with identifier [messageBodyHandlerRegistry]
    22:57:47.741 [Test worker] DEBUG io.micronaut.context.lifecycle -- Destroying bean [io.micronaut.scheduling.processor.ScheduledMethodProcessor@7421213d] with identifier [scheduledMethodProcessor]
    22:57:47.741 [Test worker] DEBUG io.micronaut.context.lifecycle -- Destroying bean [io.micronaut.scheduling.processor.ScheduledMethodProcessor@7421213d] with identifier [scheduledMethodProcessor]
    22:57:47.741 [Test worker] DEBUG io.micronaut.context.lifecycle -- Destroying bean [com.fasterxml.jackson.databind.ObjectMapper@3e92bded] with identifier [objectMapper]
    22:57:47.741 [Test worker] DEBUG io.micronaut.context.lifecycle -- Destroying bean [com.fasterxml.jackson.databind.ObjectMapper@3e92bded] with identifier [objectMapper]
    22:57:47.741 [Test worker] DEBUG io.micronaut.context.lifecycle -- Destroying bean [io.micronaut.data.runtime.support.convert.DefaultAttributeConverterRegistry@759862a2] with identifier [attributeConverterRegistry]
    22:57:47.741 [Test worker] DEBUG io.micronaut.context.lifecycle -- Destroying bean [io.micronaut.data.runtime.support.convert.DefaultAttributeConverterRegistry@759862a2] with identifier [attributeConverterRegistry]
    22:57:47.741 [Test worker] DEBUG io.micronaut.context.lifecycle -- Destroying bean [io.micronaut.http.server.util.locale.CompositeHttpLocaleResolver@56a63c28] with identifier [localeResolver]
    22:57:47.741 [Test worker] DEBUG io.micronaut.context.lifecycle -- Destroying bean [io.micronaut.http.server.util.locale.CompositeHttpLocaleResolver@56a63c28] with identifier [localeResolver]
    22:57:47.741 [Test worker] DEBUG io.micronaut.context.lifecycle -- Destroying bean [io.micronaut.data.runtime.event.listeners.AutoTimestampEntityEventListener@14f11a56] with identifier [autoTimestampEntityEventListener]
    22:57:47.741 [Test worker] DEBUG io.micronaut.context.lifecycle -- Destroying bean [io.micronaut.data.runtime.event.listeners.AutoTimestampEntityEventListener@14f11a56] with identifier [autoTimestampEntityEventListener]
    22:57:47.741 [Test worker] DEBUG io.micronaut.context.lifecycle -- Destroying bean [io.micronaut.http.server.netty.configuration.NettyHttpServerConfiguration$FileTypeHandlerConfiguration@461e479c] with identifier [fileTypeHandlerConfiguration]
    22:57:47.741 [Test worker] DEBUG io.micronaut.context.lifecycle -- Destroying bean [io.micronaut.http.server.netty.configuration.NettyHttpServerConfiguration$FileTypeHandlerConfiguration@461e479c] with identifier [fileTypeHandlerConfiguration]
    22:57:47.741 [Test worker] DEBUG io.micronaut.context.lifecycle -- Destroying bean [io.micronaut.data.runtime.event.listeners.VersionGeneratingEntityEventListener@6592a73b] with identifier [versionGeneratingEntityEventListener]
    22:57:47.741 [Test worker] DEBUG io.micronaut.context.lifecycle -- Destroying bean [io.micronaut.data.runtime.event.listeners.VersionGeneratingEntityEventListener@6592a73b] with identifier [versionGeneratingEntityEventListener]
    22:57:47.741 [Test worker] DEBUG io.micronaut.context.lifecycle -- Destroying bean [io.micronaut.http.netty.body.NettyWritableBodyWriter@7ee0dbd1] with identifier [nettyWritableBodyWriter]
    22:57:47.741 [Test worker] DEBUG io.micronaut.context.lifecycle -- Destroying bean [io.micronaut.http.netty.body.NettyWritableBodyWriter@7ee0dbd1] with identifier [nettyWritableBodyWriter]
    22:57:47.741 [Test worker] DEBUG io.micronaut.context.lifecycle -- Destroying bean [com.fasterxml.jackson.core.JsonFactory@9751c9] with identifier [jsonFactory]
    22:57:47.741 [Test worker] DEBUG io.micronaut.context.lifecycle -- Destroying bean [com.fasterxml.jackson.core.JsonFactory@9751c9] with identifier [jsonFactory]
    22:57:47.741 [Test worker] DEBUG io.micronaut.context.lifecycle -- Destroying bean [io.micronaut.http.server.netty.discovery.NettyServiceDiscovery@26864891] with identifier [nettyServiceDiscovery]
    22:57:47.741 [Test worker] DEBUG io.micronaut.context.lifecycle -- Destroying bean [io.micronaut.http.server.netty.discovery.NettyServiceDiscovery@26864891] with identifier [nettyServiceDiscovery]
    22:57:47.741 [Test worker] DEBUG io.micronaut.context.lifecycle -- Destroying bean [io.micronaut.context.event.ApplicationEventPublisherFactory$2@1d1c5bb5] with identifier [serviceStoppedEventApplicationEventPublisher]
    22:57:47.741 [Test worker] DEBUG io.micronaut.context.lifecycle -- Destroying bean [io.micronaut.context.event.ApplicationEventPublisherFactory$2@46e32574] with identifier [serviceReadyEventApplicationEventPublisher]
    22:57:47.741 [Test worker] DEBUG io.micronaut.context.lifecycle -- Destroying bean [io.micronaut.flyway.FlywayConfigurationProperties@217abcc9] with identifier [flywayConfigurationProperties]
    22:57:47.741 [Test worker] DEBUG io.micronaut.context.lifecycle -- Destroying bean [io.micronaut.flyway.FlywayConfigurationProperties@217abcc9] with identifier [flywayConfigurationProperties]
    22:57:47.741 [Test worker] DEBUG io.micronaut.context.lifecycle -- Destroying bean [com.taskflow.service.TaskService@162c89ac] with identifier [taskService]
    22:57:47.741 [Test worker] DEBUG io.micronaut.context.lifecycle -- Destroying bean [com.taskflow.service.TaskService@162c89ac] with identifier [taskService]
    22:57:47.741 [Test worker] DEBUG io.micronaut.context.lifecycle -- Destroying bean [com.taskflow.service.$TaskServiceTest$TaskRepository0$Definition$Intercepted@77c7d3f4] with identifier [taskRepository]
    22:57:47.741 [Test worker] DEBUG io.micronaut.context.lifecycle -- Destroying bean [io.micronaut.configuration.jdbc.hikari.DatasourceFactory@3123ac1a] with identifier [datasourceFactory]
    22:57:47.741 [Test worker] DEBUG io.micronaut.context.lifecycle -- Destroying bean [io.micronaut.configuration.jdbc.hikari.DatasourceFactory@3123ac1a] with identifier [datasourceFactory]
    22:57:47.741 [Test worker] INFO com.zaxxer.hikari.HikariDataSource -- HikariPool-2 - Shutdown initiated...
    22:57:47.741 [Test worker] DEBUG com.zaxxer.hikari.pool.HikariPool -- HikariPool-2 - Before shutdown stats (total=10, active=0, idle=10, waiting=0)
    22:57:47.742 [HikariPool-2 connection closer] DEBUG com.zaxxer.hikari.pool.PoolBase -- HikariPool-2 - Closing connection conn10: url=jdbc:h2:mem:devDb user=SA: (connection evicted)
    22:57:47.742 [HikariPool-2 connection closer] DEBUG com.zaxxer.hikari.pool.PoolBase -- HikariPool-2 - Closing connection conn11: url=jdbc:h2:mem:devDb user=SA: (connection evicted)
    22:57:47.742 [HikariPool-2 connection closer] DEBUG com.zaxxer.hikari.pool.PoolBase -- HikariPool-2 - Closing connection conn12: url=jdbc:h2:mem:devDb user=SA: (connection evicted)
    22:57:47.742 [HikariPool-2 connection closer] DEBUG com.zaxxer.hikari.pool.PoolBase -- HikariPool-2 - Closing connection conn13: url=jdbc:h2:mem:devDb user=SA: (connection evicted)
    22:57:47.742 [HikariPool-2 connection closer] DEBUG com.zaxxer.hikari.pool.PoolBase -- HikariPool-2 - Closing connection conn14: url=jdbc:h2:mem:devDb user=SA: (connection evicted)
    22:57:47.742 [HikariPool-2 connection closer] DEBUG com.zaxxer.hikari.pool.PoolBase -- HikariPool-2 - Closing connection conn15: url=jdbc:h2:mem:devDb user=SA: (connection evicted)
    22:57:47.742 [HikariPool-2 connection closer] DEBUG com.zaxxer.hikari.pool.PoolBase -- HikariPool-2 - Closing connection conn16: url=jdbc:h2:mem:devDb user=SA: (connection evicted)
    22:57:47.742 [HikariPool-2 connection closer] DEBUG com.zaxxer.hikari.pool.PoolBase -- HikariPool-2 - Closing connection conn17: url=jdbc:h2:mem:devDb user=SA: (connection evicted)
    22:57:47.742 [HikariPool-2 connection closer] DEBUG com.zaxxer.hikari.pool.PoolBase -- HikariPool-2 - Closing connection conn18: url=jdbc:h2:mem:devDb user=SA: (connection evicted)
    22:57:47.745 [HikariPool-2 connection closer] DEBUG com.zaxxer.hikari.pool.PoolBase -- HikariPool-2 - Closing connection conn19: url=jdbc:h2:mem:devDb user=SA: (connection evicted)
    22:57:47.745 [Test worker] DEBUG com.zaxxer.hikari.pool.HikariPool -- HikariPool-2 - After shutdown stats (total=0, active=0, idle=0, waiting=0)
    22:57:47.745 [Test worker] INFO com.zaxxer.hikari.HikariDataSource -- HikariPool-2 - Shutdown completed.
    22:57:47.745 [Test worker] DEBUG io.micronaut.context.lifecycle -- Destroying bean [io.micronaut.context.propagation.instrument.execution.ExecutorServiceInstrumenter$2@77ac7cd6] with identifier [@Named('virtual') T]
    22:57:47.745 [Test worker] DEBUG io.micronaut.context.lifecycle -- Destroying bean [io.micronaut.context.propagation.instrument.execution.ExecutorServiceInstrumenter$2@77ac7cd6] with identifier [@Named('virtual') T]
    22:57:47.745 [Test worker] DEBUG io.micronaut.context.lifecycle -- Destroying bean [io.micronaut.http.server.CoroutineHelper@4d7f3adf] with identifier [coroutineHelper]
    22:57:47.745 [Test worker] DEBUG io.micronaut.context.lifecycle -- Destroying bean [io.micronaut.http.server.CoroutineHelper@4d7f3adf] with identifier [coroutineHelper]
    22:57:47.745 [Test worker] DEBUG io.micronaut.context.lifecycle -- Destroying bean [io.micronaut.data.runtime.convert.DataConversionServiceImpl@bedebe9] with identifier [conversionService]
    22:57:47.745 [Test worker] DEBUG io.micronaut.context.lifecycle -- Destroying bean [io.micronaut.data.runtime.convert.DataConversionServiceImpl@bedebe9] with identifier [conversionService]
    22:57:47.745 [Test worker] DEBUG io.micronaut.context.lifecycle -- Destroying bean [io.micronaut.data.runtime.event.EntityEventRegistry@2ff2a096] with identifier [eventRegistry]
    22:57:47.745 [Test worker] DEBUG io.micronaut.context.lifecycle -- Destroying bean [io.micronaut.data.runtime.event.EntityEventRegistry@2ff2a096] with identifier [eventRegistry]
    22:57:47.745 [Test worker] DEBUG io.micronaut.context.lifecycle -- Destroying bean [io.micronaut.data.connection.jdbc.advice.ContextualAwareDataSource$DataSourceProxy@718b9d56] with identifier [dataSource]
    22:57:47.745 [Test worker] DEBUG io.micronaut.context.lifecycle -- Destroying bean [io.micronaut.data.connection.jdbc.advice.ContextualAwareDataSource$DataSourceProxy@718b9d56] with identifier [dataSource]
    22:57:47.745 [Test worker] DEBUG io.micronaut.context.lifecycle -- Destroying bean [io.micronaut.web.router.resource.StaticResourceResolver$1@60d32006] with identifier [staticResourceResolver]
    22:57:47.745 [Test worker] DEBUG io.micronaut.context.lifecycle -- Destroying bean [io.micronaut.web.router.resource.StaticResourceResolver$1@60d32006] with identifier [staticResourceResolver]
    22:57:47.745 [Test worker] DEBUG io.micronaut.context.lifecycle -- Destroying bean [io.micronaut.data.runtime.http.PageableRequestArgumentBinder@2b01be54] with identifier [pageableRequestArgumentBinder]
    22:57:47.745 [Test worker] DEBUG io.micronaut.context.lifecycle -- Destroying bean [io.micronaut.data.runtime.http.PageableRequestArgumentBinder@2b01be54] with identifier [pageableRequestArgumentBinder]
    22:57:47.746 [Test worker] DEBUG io.micronaut.context.lifecycle -- Destroying bean [io.micronaut.configuration.jdbc.hikari.DatasourceConfiguration@7473cfe2] with identifier [@Named('default') datasourceConfiguration]
    22:57:47.746 [Test worker] DEBUG io.micronaut.context.lifecycle -- Destroying bean [io.micronaut.configuration.jdbc.hikari.DatasourceConfiguration@7473cfe2] with identifier [@Named('default') datasourceConfiguration]
    22:57:47.746 [Test worker] DEBUG io.micronaut.context.lifecycle -- Destroying bean [io.micronaut.management.health.indicator.service.ServiceReadyHealthIndicator@22cbbe87] with identifier [serviceReadyHealthIndicator]
    22:57:47.746 [Test worker] DEBUG io.micronaut.context.lifecycle -- Destroying bean [io.micronaut.management.health.indicator.service.ServiceReadyHealthIndicator@22cbbe87] with identifier [serviceReadyHealthIndicator]
    22:57:47.746 [Test worker] DEBUG io.micronaut.context.lifecycle -- Destroying bean [ReactorConfiguration[enableAutomaticContextPropagation=null, enableScheduleHookContextPropagation=null]] with identifier [configuration]
    22:57:47.746 [Test worker] DEBUG io.micronaut.context.lifecycle -- Destroying bean [ReactorConfiguration[enableAutomaticContextPropagation=null, enableScheduleHookContextPropagation=null]] with identifier [configuration]
    22:57:47.746 [Test worker] DEBUG io.micronaut.context.lifecycle -- Destroying bean [io.micronaut.data.connection.jdbc.advice.ContextualAwareDataSource@2db07651] with identifier [contextualAwareDataSource]
    22:57:47.746 [Test worker] DEBUG io.micronaut.context.lifecycle -- Destroying bean [io.micronaut.data.connection.jdbc.advice.ContextualAwareDataSource@2db07651] with identifier [contextualAwareDataSource]
    22:57:47.746 [Test worker] DEBUG io.micronaut.context.lifecycle -- Destroying bean [io.micronaut.runtime.context.scope.refresh.RefreshScope@79ef8115] with identifier [refreshScope]
    22:57:47.746 [Test worker] DEBUG io.micronaut.context.lifecycle -- Destroying bean [io.micronaut.runtime.context.scope.refresh.RefreshScope@79ef8115] with identifier [refreshScope]
    22:57:47.746 [Test worker] DEBUG io.mockk.impl.recording.states.AnsweringState -- Answering 1240284022 on TaskRepository(#21).hashCode()
    22:57:47.746 [Test worker] DEBUG io.mockk.impl.recording.states.AnsweringState -- Answering 1240284022 on TaskRepository(#21).hashCode()
    22:57:47.746 [Test worker] DEBUG io.micronaut.context.lifecycle -- Destroying bean [java.lang.ThreadBuilders$VirtualThreadFactory@52c919f3] with identifier [@Named('virtual') threadFactory]
    22:57:47.746 [Test worker] DEBUG io.micronaut.context.lifecycle -- Destroying bean [java.lang.ThreadBuilders$VirtualThreadFactory@52c919f3] with identifier [@Named('virtual') threadFactory]
    22:57:47.746 [Test worker] DEBUG io.micronaut.context.lifecycle -- Destroying bean [io.micronaut.context.propagation.instrument.execution.ExecutorServiceInstrumenter$1@1fbcd70] with identifier [@Named('scheduled') executorService]
    22:57:47.746 [Test worker] DEBUG io.micronaut.context.lifecycle -- Destroying bean [io.micronaut.context.propagation.instrument.execution.ExecutorServiceInstrumenter$1@1fbcd70] with identifier [@Named('scheduled') executorService]
    22:57:47.746 [Test worker] DEBUG io.micronaut.context.lifecycle -- Destroying bean [io.micronaut.context.propagation.instrument.execution.ExecutorServiceInstrumenter@1cec4cf8] with identifier [executorServiceInstrumenter]
    22:57:47.746 [Test worker] DEBUG io.micronaut.context.lifecycle -- Destroying bean [io.micronaut.validation.validator.extractors.DefaultValueExtractors@7f59f4e4] with identifier [valueExtractorRegistry]
    22:57:47.746 [Test worker] DEBUG io.micronaut.context.lifecycle -- Destroying bean [io.micronaut.validation.validator.extractors.DefaultValueExtractors@7f59f4e4] with identifier [valueExtractorRegistry]
    22:57:47.746 [Test worker] DEBUG io.micronaut.context.lifecycle -- Destroying bean [io.micronaut.scheduling.executor.NamedThreadFactory@4a8ae01d] with identifier [@Named('scheduled') threadFactory]
    22:57:47.746 [Test worker] DEBUG io.micronaut.context.lifecycle -- Destroying bean [io.micronaut.scheduling.executor.NamedThreadFactory@4a8ae01d] with identifier [@Named('scheduled') threadFactory]
    22:57:47.746 [Test worker] DEBUG io.micronaut.context.lifecycle -- Destroying bean [io.micronaut.http.server.exceptions.response.HateoasErrorResponseProcessor@4707d60a] with identifier [errorResponseProcessor]
    22:57:47.746 [Test worker] DEBUG io.micronaut.context.lifecycle -- Destroying bean [io.micronaut.http.server.exceptions.response.HateoasErrorResponseProcessor@4707d60a] with identifier [errorResponseProcessor]
    22:57:47.746 [Test worker] DEBUG io.micronaut.context.lifecycle -- Destroying bean [io.micronaut.validation.validator.constraints.DefaultConstraintValidators@51751265] with identifier [constraintValidatorRegistry]
    22:57:47.746 [Test worker] DEBUG io.micronaut.context.lifecycle -- Destroying bean [io.micronaut.validation.validator.constraints.DefaultConstraintValidators@51751265] with identifier [constraintValidatorRegistry]
    22:57:47.746 [Test worker] DEBUG io.micronaut.context.lifecycle -- Destroying bean [io.micronaut.jackson.serialize.OptionalValuesSerializer@60eb9c29] with identifier [optionalValuesSerializer]
    22:57:47.746 [Test worker] DEBUG io.micronaut.context.lifecycle -- Destroying bean [io.micronaut.jackson.serialize.OptionalValuesSerializer@60eb9c29] with identifier [optionalValuesSerializer]
    22:57:47.746 [Test worker] DEBUG io.micronaut.context.lifecycle -- Destroying bean [io.micronaut.http.body.RawMessageBodyHandlerRegistry$RawByteBufferHandler@2d2697a8] with identifier [rawByteBufferHandler]
    22:57:47.746 [Test worker] DEBUG io.micronaut.context.lifecycle -- Destroying bean [io.micronaut.http.body.RawMessageBodyHandlerRegistry$RawByteBufferHandler@2d2697a8] with identifier [rawByteBufferHandler]
    22:57:47.746 [Test worker] DEBUG io.micronaut.context.lifecycle -- Destroying bean [io.micronaut.http.body.RawMessageBodyHandlerRegistry$RawStringHandler@18d963be] with identifier [rawStringHandler]
    22:57:47.746 [Test worker] DEBUG io.micronaut.context.lifecycle -- Destroying bean [io.micronaut.http.body.RawMessageBodyHandlerRegistry$RawStringHandler@18d963be] with identifier [rawStringHandler]
    22:57:47.746 [Test worker] DEBUG io.micronaut.context.lifecycle -- Destroying bean [io.micronaut.validation.validator.messages.DefaultMessageInterpolator@3204146d] with identifier [messageInterpolator]
    22:57:47.746 [Test worker] DEBUG io.micronaut.context.lifecycle -- Destroying bean [io.micronaut.validation.validator.messages.DefaultMessageInterpolator@3204146d] with identifier [messageInterpolator]
    22:57:47.746 [Test worker] DEBUG io.micronaut.context.lifecycle -- Destroying bean [io.micronaut.runtime.context.CompositeMessageSource@35e0d91e] with identifier [messageSource]
    22:57:47.746 [Test worker] DEBUG io.micronaut.context.lifecycle -- Destroying bean [io.micronaut.validation.validator.messages.DefaultMessages@4ab1693b] with identifier [defaultMessages]
    22:57:47.746 [Test worker] DEBUG io.micronaut.context.lifecycle -- Destroying bean [io.micronaut.data.hibernate.naming.PhysicalNamingStrategyConfiguration@3c5d183] with identifier [physicalNamingStrategyConfiguration]
    22:57:47.746 [Test worker] DEBUG io.micronaut.context.lifecycle -- Destroying bean [io.micronaut.data.hibernate.naming.PhysicalNamingStrategyConfiguration@3c5d183] with identifier [physicalNamingStrategyConfiguration]
    22:57:47.746 [Test worker] DEBUG io.micronaut.context.lifecycle -- Destroying bean [io.micronaut.http.server.util.locale.RequestLocaleResolver@1a4340f2] with identifier [requestLocaleResolver]
    22:57:47.746 [Test worker] DEBUG io.micronaut.context.lifecycle -- Destroying bean [io.micronaut.http.server.util.locale.RequestLocaleResolver@1a4340f2] with identifier [requestLocaleResolver]
    22:57:47.746 [Test worker] DEBUG io.micronaut.context.lifecycle -- Destroying bean [io.micronaut.web.router.resource.StaticResourceResolverFactory@63fcc21] with identifier [staticResourceResolverFactory]
    22:57:47.747 [Test worker] DEBUG io.micronaut.context.lifecycle -- Destroying bean [io.micronaut.web.router.resource.StaticResourceResolverFactory@63fcc21] with identifier [staticResourceResolverFactory]
    22:57:47.747 [Test worker] DEBUG io.micronaut.context.lifecycle -- Destroying bean [io.micronaut.scheduling.executor.UserExecutorConfiguration@3dfb1626] with identifier [@Named('virtual') executorConfiguration]
    22:57:47.747 [Test worker] DEBUG io.micronaut.context.lifecycle -- Destroying bean [io.micronaut.scheduling.executor.UserExecutorConfiguration@3dfb1626] with identifier [@Named('virtual') executorConfiguration]
    22:57:47.747 [Test worker] DEBUG io.micronaut.context.lifecycle -- Destroying bean [io.micronaut.configuration.hibernate.jpa.validation.JPATraversableResolver@3e09067] with identifier [JPATraversableResolver]
    22:57:47.747 [Test worker] DEBUG io.micronaut.context.lifecycle -- Destroying bean [io.micronaut.configuration.hibernate.jpa.validation.JPATraversableResolver@3e09067] with identifier [JPATraversableResolver]
    22:57:47.747 [Test worker] DEBUG io.micronaut.context.lifecycle -- Destroying bean [io.micronaut.jackson.JacksonConfiguration@6edd80fe] with identifier [jacksonConfiguration]
    22:57:47.747 [Test worker] DEBUG io.micronaut.context.lifecycle -- Destroying bean [io.micronaut.jackson.JacksonConfiguration@6edd80fe] with identifier [jacksonConfiguration]
    22:57:47.747 [Test worker] DEBUG io.micronaut.context.lifecycle -- Destroying bean [java.util.concurrent.Executors$DefaultThreadFactory@41a379a] with identifier [threadFactory]
    22:57:47.747 [Test worker] DEBUG io.micronaut.context.lifecycle -- Destroying bean [java.util.concurrent.Executors$DefaultThreadFactory@41a379a] with identifier [threadFactory]
    22:57:47.747 [Test worker] DEBUG io.micronaut.context.lifecycle -- Destroying bean [io.micronaut.jackson.serialize.ConvertibleValuesSerializer@51bba775] with identifier [convertibleValuesSerializer]
    22:57:47.747 [Test worker] DEBUG io.micronaut.context.lifecycle -- Destroying bean [io.micronaut.jackson.serialize.ConvertibleValuesSerializer@51bba775] with identifier [convertibleValuesSerializer]
    22:57:47.747 [Test worker] DEBUG io.micronaut.context.lifecycle -- Destroying bean [io.micronaut.data.connection.jdbc.DelegatingDataSourceResolver@155cf9f6] with identifier [dataSourceResolver]
    22:57:47.747 [Test worker] DEBUG io.micronaut.context.lifecycle -- Destroying bean [io.micronaut.data.connection.jdbc.DelegatingDataSourceResolver@155cf9f6] with identifier [dataSourceResolver]
    22:57:47.747 [Test worker] DEBUG io.micronaut.context.lifecycle -- Destroying bean [io.micronaut.data.hibernate.naming.DefaultPhysicalNamingStrategy@6bea0866] with identifier [physicalNamingStrategy]
    22:57:47.747 [Test worker] DEBUG io.micronaut.context.lifecycle -- Destroying bean [io.micronaut.data.hibernate.naming.DefaultPhysicalNamingStrategy@6bea0866] with identifier [physicalNamingStrategy]
    22:57:47.747 [Test worker] DEBUG io.micronaut.context.lifecycle -- Destroying bean [io.micronaut.jackson.serialize.JsonNodeDeserializer@3e7935f1] with identifier [jsonNodeDeserializer]
    22:57:47.747 [Test worker] DEBUG io.micronaut.context.lifecycle -- Destroying bean [io.micronaut.jackson.serialize.JsonNodeDeserializer@3e7935f1] with identifier [jsonNodeDeserializer]
    22:57:47.747 [Test worker] DEBUG io.micronaut.context.lifecycle -- Destroying bean [io.micronaut.scheduling.DefaultTaskExceptionHandler@489e1887] with identifier [taskExceptionHandler]
    22:57:47.747 [Test worker] DEBUG io.micronaut.context.lifecycle -- Destroying bean [io.micronaut.scheduling.DefaultTaskExceptionHandler@489e1887] with identifier [taskExceptionHandler]
    22:57:47.747 [Test worker] DEBUG io.micronaut.context.lifecycle -- Destroying bean [io.micronaut.jackson.serialize.JsonNodeSerializer@63019596] with identifier [jsonNodeSerializer]
    22:57:47.747 [Test worker] DEBUG io.micronaut.context.lifecycle -- Destroying bean [io.micronaut.jackson.serialize.JsonNodeSerializer@63019596] with identifier [jsonNodeSerializer]
    22:57:47.747 [Test worker] DEBUG io.micronaut.context.lifecycle -- Destroying bean [io.micronaut.http.netty.channel.NettyThreadFactory@2fc7c36a] with identifier [nettyThreadFactory]
    22:57:47.747 [Test worker] DEBUG io.micronaut.context.lifecycle -- Destroying bean [io.micronaut.http.netty.channel.NettyThreadFactory@2fc7c36a] with identifier [nettyThreadFactory]
    22:57:47.747 [Test worker] DEBUG io.micronaut.context.lifecycle -- Destroying bean [io.micronaut.http.netty.channel.NioEventLoopGroupFactory@4cdb7fd9] with identifier [nioEventLoopGroupFactory]
    22:57:47.747 [Test worker] DEBUG io.micronaut.context.lifecycle -- Destroying bean [io.micronaut.http.netty.channel.NioEventLoopGroupFactory@4cdb7fd9] with identifier [nioEventLoopGroupFactory]
    22:57:47.747 [Test worker] DEBUG io.micronaut.context.lifecycle -- Destroying bean [io.micronaut.http.netty.channel.converters.DefaultChannelOptionFactory@59d8a968] with identifier [channelOptionFactory]
    22:57:47.747 [Test worker] DEBUG io.micronaut.context.lifecycle -- Destroying bean [io.micronaut.http.netty.channel.converters.DefaultChannelOptionFactory@59d8a968] with identifier [channelOptionFactory]
    22:57:47.747 [Test worker] DEBUG io.micronaut.context.lifecycle -- Destroying bean [io.micronaut.scheduling.executor.IOExecutorServiceConfig@4eb43d2f] with identifier [IOExecutorServiceConfig]
    22:57:47.747 [Test worker] DEBUG io.micronaut.context.lifecycle -- Destroying bean [io.micronaut.scheduling.executor.IOExecutorServiceConfig@4eb43d2f] with identifier [IOExecutorServiceConfig]
    22:57:47.747 [Test worker] DEBUG io.micronaut.context.lifecycle -- Destroying bean [io.micronaut.data.runtime.support.convert.convert.jpa.JakartaAttributeConverterProvider@11ce61d1] with identifier [jakartaAttributeConverterProvider]
    22:57:47.747 [Test worker] DEBUG io.micronaut.context.lifecycle -- Destroying bean [io.micronaut.data.runtime.support.convert.convert.jpa.JakartaAttributeConverterProvider@11ce61d1] with identifier [jakartaAttributeConverterProvider]
    22:57:47.747 [Test worker] DEBUG io.micronaut.context.lifecycle -- Destroying bean [io.micronaut.web.router.naming.HyphenatedUriNamingStrategy@14941b06] with identifier [uriNamingStrategy]
    22:57:47.747 [Test worker] DEBUG io.micronaut.context.lifecycle -- Destroying bean [io.micronaut.web.router.naming.HyphenatedUriNamingStrategy@14941b06] with identifier [uriNamingStrategy]
    22:57:47.747 [Test worker] DEBUG io.micronaut.context.lifecycle -- Destroying bean [io.micronaut.runtime.ApplicationConfiguration@7d776105] with identifier [applicationConfiguration]
    22:57:47.747 [Test worker] DEBUG io.micronaut.context.lifecycle -- Destroying bean [io.micronaut.runtime.ApplicationConfiguration@7d776105] with identifier [applicationConfiguration]
    22:57:47.747 [Test worker] DEBUG io.micronaut.context.lifecycle -- Destroying bean [io.micronaut.data.runtime.date.CurrentDateTimeProvider@59c2bf78] with identifier [dateTimeProvider]
    22:57:47.747 [Test worker] DEBUG io.micronaut.context.lifecycle -- Destroying bean [io.micronaut.data.runtime.date.CurrentDateTimeProvider@59c2bf78] with identifier [dateTimeProvider]
    22:57:47.747 [Test worker] DEBUG io.micronaut.context.lifecycle -- Destroying bean [io.micronaut.data.runtime.config.DataConfiguration$PageableConfiguration@4c219c84] with identifier [configuration]
    22:57:47.747 [Test worker] DEBUG io.micronaut.context.lifecycle -- Destroying bean [io.micronaut.data.runtime.config.DataConfiguration$PageableConfiguration@4c219c84] with identifier [configuration]
    22:57:47.747 [Test worker] DEBUG io.micronaut.context.lifecycle -- Destroying bean [io.micronaut.http.netty.configuration.NettyGlobalConfiguration@5d9639bb] with identifier [nettyGlobalConfiguration]
    22:57:47.747 [Test worker] DEBUG io.micronaut.context.lifecycle -- Destroying bean [io.micronaut.http.netty.configuration.NettyGlobalConfiguration@5d9639bb] with identifier [nettyGlobalConfiguration]
    22:57:47.747 [Test worker] DEBUG io.micronaut.context.lifecycle -- Destroying bean [io.micronaut.jackson.serialize.ResourceModule@22b581a5] with identifier [resourceModule]
    22:57:47.747 [Test worker] DEBUG io.micronaut.context.lifecycle -- Destroying bean [io.micronaut.jackson.serialize.ResourceModule@22b581a5] with identifier [resourceModule]
    22:57:47.747 [Test worker] DEBUG io.micronaut.context.lifecycle -- Destroying bean [io.micronaut.flyway.ValidatePatternTypeConverter@508de524] with identifier [validatePatternTypeConverter]
    22:57:47.747 [Test worker] DEBUG io.micronaut.context.lifecycle -- Destroying bean [io.micronaut.flyway.ValidatePatternTypeConverter@508de524] with identifier [validatePatternTypeConverter]
    22:57:47.747 [Test worker] DEBUG io.micronaut.context.lifecycle -- Destroying bean [io.micronaut.management.endpoint.EndpointDefaultConfiguration@4c2812aa] with identifier [endpointDefaultConfiguration]
    22:57:47.747 [Test worker] DEBUG io.micronaut.context.lifecycle -- Destroying bean [io.micronaut.management.endpoint.EndpointDefaultConfiguration@4c2812aa] with identifier [endpointDefaultConfiguration]
    22:57:47.747 [Test worker] DEBUG io.micronaut.context.lifecycle -- Destroying bean [io.micronaut.http.server.HttpServerConfiguration$HttpLocaleResolutionConfigurationProperties@555454c7] with identifier [httpLocaleResolutionConfiguration]
    22:57:47.747 [Test worker] DEBUG io.micronaut.context.lifecycle -- Destroying bean [io.micronaut.http.server.HttpServerConfiguration$HttpLocaleResolutionConfigurationProperties@555454c7] with identifier [httpLocaleResolutionConfiguration]
    22:57:47.747 [Test worker] DEBUG io.micronaut.context.lifecycle -- Destroying bean [io.micronaut.context.DefaultApplicationContext$RuntimeConfiguredEnvironment@5d72dd86] with identifier [environment]
    22:57:47.747 [Test worker] DEBUG io.micronaut.context.lifecycle -- Destroying bean [io.micronaut.context.DefaultApplicationContext$RuntimeConfiguredEnvironment@5d72dd86] with identifier [environment]
    22:57:47.747 [Test worker] DEBUG io.micronaut.context.lifecycle -- Destroying bean [io.micronaut.http.server.cors.CorsOriginConverter@617d697] with identifier [corsOriginConverter]
    22:57:47.747 [Test worker] DEBUG io.micronaut.context.lifecycle -- Destroying bean [io.micronaut.http.server.cors.CorsOriginConverter@617d697] with identifier [corsOriginConverter]
    22:57:47.747 [Test worker] DEBUG io.micronaut.context.lifecycle -- Destroying bean [io.micronaut.http.server.binding.BasicAuthArgumentBinder@14997cb9] with identifier [basicAuthArgumentBinder]
    22:57:47.747 [Test worker] DEBUG io.micronaut.context.lifecycle -- Destroying bean [io.micronaut.http.server.binding.BasicAuthArgumentBinder@14997cb9] with identifier [basicAuthArgumentBinder]
    22:57:47.747 [Test worker] DEBUG io.micronaut.context.lifecycle -- Destroying bean [io.micronaut.http.cookie.SameSiteConverter@3a4d0ca2] with identifier [sameSiteConverter]
    22:57:47.747 [Test worker] DEBUG io.micronaut.context.lifecycle -- Destroying bean [io.micronaut.http.cookie.SameSiteConverter@3a4d0ca2] with identifier [sameSiteConverter]
    22:57:47.747 [Test worker] DEBUG io.micronaut.context.lifecycle -- Destroying bean [io.netty.util.concurrent.DefaultThreadFactory@4a5dc126] with identifier [@Named('netty') nettyThreadFactory]
    22:57:47.747 [Test worker] DEBUG io.micronaut.context.lifecycle -- Destroying bean [io.netty.util.concurrent.DefaultThreadFactory@4a5dc126] with identifier [@Named('netty') nettyThreadFactory]
    22:57:47.747 [Test worker] DEBUG io.micronaut.context.lifecycle -- Destroying bean [io.micronaut.jackson.ObjectMapperFactory@3c2188b0] with identifier [objectMapperFactory]
    22:57:47.747 [Test worker] DEBUG io.micronaut.context.lifecycle -- Destroying bean [io.micronaut.jackson.ObjectMapperFactory@3c2188b0] with identifier [objectMapperFactory]
    22:57:47.748 [Test worker] DEBUG io.micronaut.context.lifecycle -- Destroying bean [io.micronaut.runtime.http.codec.MediaTypeCodecRegistryFactory@20dfe8b2] with identifier [mediaTypeCodecRegistryFactory]
    22:57:47.748 [Test worker] DEBUG io.micronaut.context.lifecycle -- Destroying bean [io.micronaut.runtime.http.codec.MediaTypeCodecRegistryFactory@20dfe8b2] with identifier [mediaTypeCodecRegistryFactory]
    22:57:47.748 [Test worker] DEBUG io.micronaut.context.lifecycle -- Destroying bean [io.micronaut.scheduling.executor.UserExecutorConfiguration@1f79b28f] with identifier [@Named('scheduled') executorConfiguration]
    22:57:47.748 [Test worker] DEBUG io.micronaut.context.lifecycle -- Destroying bean [io.micronaut.scheduling.executor.UserExecutorConfiguration@1f79b28f] with identifier [@Named('scheduled') executorConfiguration]
    22:57:47.748 [Test worker] DEBUG io.micronaut.context.lifecycle -- Destroying bean [io.micronaut.jackson.serialize.ConvertibleMultiValuesSerializer@3a917e07] with identifier [convertibleMultiValuesSerializer]
    22:57:47.748 [Test worker] DEBUG io.micronaut.context.lifecycle -- Destroying bean [io.micronaut.jackson.serialize.ConvertibleMultiValuesSerializer@3a917e07] with identifier [convertibleMultiValuesSerializer]
    22:57:47.748 [Test worker] DEBUG io.micronaut.context.lifecycle -- Destroying bean [io.micronaut.http.netty.body.ByteBufRawMessageBodyHandler@17f5b53a] with identifier [byteBufRawMessageBodyHandler]
    22:57:47.748 [Test worker] DEBUG io.micronaut.context.lifecycle -- Destroying bean [io.micronaut.http.netty.body.ByteBufRawMessageBodyHandler@17f5b53a] with identifier [byteBufRawMessageBodyHandler]
    22:57:47.748 [Test worker] DEBUG io.micronaut.context.lifecycle -- Destroying bean [io.micronaut.aop.chain.DefaultInterceptorRegistry@6114902c] with identifier [interceptorRegistry]
    22:57:47.748 [Test worker] DEBUG io.micronaut.context.lifecycle -- Destroying bean [io.micronaut.aop.chain.DefaultInterceptorRegistry@6114902c] with identifier [interceptorRegistry]
    22:57:47.748 [Test worker] DEBUG io.micronaut.context.lifecycle -- Destroying bean [io.micronaut.scheduling.executor.ScheduledExecutorServiceConfig@1780bb45] with identifier [scheduledExecutorServiceConfig]
    22:57:47.748 [Test worker] DEBUG io.micronaut.context.lifecycle -- Destroying bean [io.micronaut.scheduling.executor.ScheduledExecutorServiceConfig@1780bb45] with identifier [scheduledExecutorServiceConfig]
    22:57:47.748 [Test worker] DEBUG io.micronaut.context.lifecycle -- Destroying bean [io.micronaut.validation.validator.DefaultClockProvider@5295a774] with identifier [clockProvider]
    22:57:47.748 [Test worker] DEBUG io.micronaut.context.lifecycle -- Destroying bean [io.micronaut.validation.validator.DefaultClockProvider@5295a774] with identifier [clockProvider]
    22:57:47.748 [Test worker] DEBUG io.micronaut.context.lifecycle -- Destroying bean [io.micronaut.data.runtime.convert.DataConversionServiceFactory@44f8d884] with identifier [dataConversionServiceFactory]
    22:57:47.748 [Test worker] DEBUG io.micronaut.context.lifecycle -- Destroying bean [io.micronaut.data.runtime.convert.DataConversionServiceFactory@44f8d884] with identifier [dataConversionServiceFactory]
    22:57:47.748 [Test worker] DEBUG io.micronaut.context.lifecycle -- Destroying bean [io.micronaut.scheduling.executor.DefaultThreadFactory@13a37a40] with identifier [defaultThreadFactory]
    22:57:47.748 [Test worker] DEBUG io.micronaut.context.lifecycle -- Destroying bean [io.micronaut.scheduling.executor.DefaultThreadFactory@13a37a40] with identifier [defaultThreadFactory]
    22:57:47.748 [Test worker] DEBUG io.micronaut.context.lifecycle -- Destroying bean [io.micronaut.http.body.RawMessageBodyHandlerRegistry$RawByteArrayHandler@2df79942] with identifier [rawByteArrayHandler]
    22:57:47.748 [Test worker] DEBUG io.micronaut.context.lifecycle -- Destroying bean [io.micronaut.http.body.RawMessageBodyHandlerRegistry$RawByteArrayHandler@2df79942] with identifier [rawByteArrayHandler]
    22:57:47.748 [Test worker] DEBUG io.micronaut.context.lifecycle -- Destroying bean [io.micronaut.buffer.netty.NettyByteBufferFactory@63541960] with identifier [nettyByteBufferFactory]
    22:57:47.748 [Test worker] DEBUG io.micronaut.context.lifecycle -- Destroying bean [io.micronaut.buffer.netty.NettyByteBufferFactory@63541960] with identifier [nettyByteBufferFactory]

Gradle Test Executor 28 finished executing tests.

> Task :backend:test FAILED

11 tests completed, 4 failed
Finished generating test XML results (0.017 secs) into: /home/colton/Repos/taskflow/backend/build/test-results/test
Generating HTML test report...
Finished generating test html results (0.018 secs) into: /home/colton/Repos/taskflow/backend/build/reports/tests/test

FAILURE: Build failed with an exception.

* What went wrong:
Execution failed for task ':backend:test'.
> There were failing tests. See the report at: file:///home/colton/Repos/taskflow/backend/build/reports/tests/test/index.html

* Try:
> Run with --scan to get full insights.

Deprecated Gradle features were used in this build, making it incompatible with Gradle 9.0.

You can use '--warning-mode all' to show the individual deprecation warnings and determine if they come from your own scripts or plugins.

For more on this, please refer to https://docs.gradle.org/8.9/userguide/command_line_interface.html#sec:command_line_warnings in the Gradle documentation.

BUILD FAILED in 7s
11 actionable tasks: 2 executed, 9 up-to-date
